Starting DRM at Thu 03 Sep 2026 13:52:24, capacity=2, cpu_pool=0,1
CPU pool (2 cores): 0–1
Listening on /tmp/omp-rm.sock (capacity=2, strategy=fair_share)
Accepted connection
Accepted connection
Handling client
Request from pid 200858: max_threads=65535, hint_threads=2
Handling client
[1788436344709] Granted 2 threads to pid 200858 (CPUs 0+2)
Request from pid 200857: max_threads=65535, hint_threads=2
[1788436344709] Granted 1 threads to pid 200857 (CPUs 0+0)
[1788436348721] Client pid 200858 disconnected — removed from state
[1788436348733] Client pid 200857 disconnected — removed from state
Accepted connection
Accepted connection
Handling client
Request from pid 200875: max_threads=65535, hint_threads=2
[1788436362836] Granted 2 threads to pid 200875 (CPUs 0+2)
Handling client
Request from pid 200876: max_threads=65535, hint_threads=2
[1788436362836] Granted 1 threads to pid 200876 (CPUs 0+0)
[1788436366852] Client pid 200876 disconnected — removed from state
[1788436366860] Client pid 200875 disconnected — removed from state
Accepted connection
Accepted connection
Handling client
Request from pid 200962: max_threads=65535, hint_threads=2
[1788436380987] Granted 2 threads to pid 200962 (CPUs 0+2)
Handling client
Request from pid 200963: max_threads=65535, hint_threads=2
[1788436380987] Granted 1 threads to pid 200963 (CPUs 0+0)
[1788436385004] Client pid 200962 disconnected — removed from state
[1788436385040] Client pid 200963 disconnected — removed from state
DRM stopped at Thu 03 Sep 2026 13:53:19, was capacity=2
Starting DRM at Thu 03 Sep 2026 13:53:19, capacity=4, cpu_pool=0,1,2,3
CPU pool (4 cores): 0–3
Listening on /tmp/omp-rm.sock (capacity=4, strategy=fair_share)
Accepted connection
Handling client
Request from pid 200995: max_threads=65535, hint_threads=4
[1788436399231] Granted 4 threads to pid 200995 (CPUs 0+4)
Accepted connection
Handling client
Request from pid 201000: max_threads=65535, hint_threads=4
[1788436399273] Granted 2 threads to pid 201000 (CPUs 0+0)
[1788436403242] Client pid 200995 disconnected — removed from state
[1788436403309] Client pid 201000 disconnected — removed from state
Accepted connection
Handling client
Request from pid 201021: max_threads=65535, hint_threads=4
[1788436417476] Granted 4 threads to pid 201021 (CPUs 0+4)
Accepted connection
Handling client
Request from pid 201022: max_threads=65535, hint_threads=4
[1788436417484] Granted 2 threads to pid 201022 (CPUs 0+0)
[1788436421505] Client pid 201021 disconnected — removed from state
[1788436421549] Client pid 201022 disconnected — removed from state
Accepted connection
Handling client
Request from pid 201057: max_threads=65535, hint_threads=4
[1788436435705] Granted 4 threads to pid 201057 (CPUs 0+4)
Accepted connection
Handling client
Request from pid 201058: max_threads=65535, hint_threads=4
[1788436435724] Granted 2 threads to pid 201058 (CPUs 0+0)
[1788436439729] Client pid 201057 disconnected — removed from state
[1788436439781] Client pid 201058 disconnected — removed from state
DRM stopped at Thu 03 Sep 2026 13:54:13, was capacity=4
Starting DRM at Thu 03 Sep 2026 13:54:13, capacity=8, cpu_pool=0,1,2,3,4,5,6,7
CPU pool (8 cores): 0–7
Listening on /tmp/omp-rm.sock (capacity=8, strategy=fair_share)
Accepted connection
Handling client
Request from pid 201079: max_threads=65535, hint_threads=8
[1788436453975] Granted 8 threads to pid 201079 (CPUs 0+8)
Accepted connection
Handling client
Request from pid 201080: max_threads=65535, hint_threads=8
[1788436453976] Granted 4 threads to pid 201080 (CPUs 0+0)
[1788436458020] Client pid 201079 disconnected — removed from state
[1788436458025] Client pid 201080 disconnected — removed from state
Accepted connection
Handling client
Request from pid 201139: max_threads=65535, hint_threads=8
[1788436472221] Granted 8 threads to pid 201139 (CPUs 0+8)
Accepted connection
Handling client
Request from pid 201140: max_threads=65535, hint_threads=8
[1788436472242] Granted 4 threads to pid 201140 (CPUs 0+0)
[1788436476260] Client pid 201139 disconnected — removed from state
[1788436476357] Client pid 201140 disconnected — removed from state
Accepted connection
Handling client
Accepted connection
Request from pid 201187: max_threads=65535, hint_threads=8
[1788436490571] Granted 8 threads to pid 201187 (CPUs 0+8)
Handling client
Request from pid 201186: max_threads=65535, hint_threads=8
[1788436490571] Granted 4 threads to pid 201186 (CPUs 0+0)
[1788436494620] Client pid 201186 disconnected — removed from state
[1788436494633] Client pid 201187 disconnected — removed from state
DRM stopped at Thu 03 Sep 2026 13:55:08, was capacity=8
Starting DRM at Thu 03 Sep 2026 13:55:08, capacity=16, cpu_pool=0,1,2,3,4,5,6,7,8,9,10,11,12,13,14,15
CPU pool (16 cores): 0–15
Listening on /tmp/omp-rm.sock (capacity=16, strategy=fair_share)
Accepted connection
Handling client
Request from pid 201231: max_threads=65535, hint_threads=16
Accepted connection
[1788436508922] Granted 16 threads to pid 201231 (CPUs 0+16)
Handling client
Request from pid 201232: max_threads=65535, hint_threads=16
[1788436508922] Granted 8 threads to pid 201232 (CPUs 0+0)
[1788436512985] Client pid 201232 disconnected — removed from state
[1788436513010] Client pid 201231 disconnected — removed from state
Accepted connection
Handling client
Request from pid 201319: max_threads=65535, hint_threads=16
[1788436527274] Granted 16 threads to pid 201319 (CPUs 0+16)
Accepted connection
Handling client
Request from pid 201320: max_threads=65535, hint_threads=16
[1788436527274] Granted 8 threads to pid 201320 (CPUs 0+0)
[1788436531348] Client pid 201319 disconnected — removed from state
[1788436531402] Client pid 201320 disconnected — removed from state
Accepted connection
Handling client
Request from pid 201407: max_threads=65535, hint_threads=16
[1788436545558] Granted 16 threads to pid 201407 (CPUs 0+16)
Accepted connection
Handling client
Request from pid 201424: max_threads=65535, hint_threads=16
[1788436545588] Granted 8 threads to pid 201424 (CPUs 0+0)
[1788436549606] Client pid 201407 disconnected — removed from state
[1788436549745] Client pid 201424 disconnected — removed from state
DRM stopped at Thu 03 Sep 2026 13:56:03, was capacity=16
Starting DRM at Thu 03 Sep 2026 13:56:03, capacity=32, cpu_pool=0,1,2,3,4,5,6,7,8,9,10,11,12,13,14,15,16,17,18,19,20,21,22,23,24,25,26,27,28,29,30,31
CPU pool (32 cores): 0–31
Listening on /tmp/omp-rm.sock (capacity=32, strategy=fair_share)
Accepted connection
Handling client
Accepted connection
Request from pid 201480: max_threads=65535, hint_threads=32
[1788436563960] Granted 32 threads to pid 201480 (CPUs 0+32)
Handling client
Request from pid 201481: max_threads=65535, hint_threads=32
[1788436563961] Granted 16 threads to pid 201481 (CPUs 0+0)
[1788436568065] Client pid 201480 disconnected — removed from state
[1788436568115] Client pid 201481 disconnected — removed from state
Accepted connection
Handling client
Request from pid 201630: max_threads=65535, hint_threads=32
[1788436582313] Granted 32 threads to pid 201630 (CPUs 0+32)
Accepted connection
Handling client
Request from pid 201631: max_threads=65535, hint_threads=32
[1788436582318] Granted 16 threads to pid 201631 (CPUs 0+0)
[1788436586392] Client pid 201630 disconnected — removed from state
[1788436586433] Client pid 201631 disconnected — removed from state
Accepted connection
Handling client
Request from pid 201769: max_threads=65535, hint_threads=32
[1788436600747] Granted 32 threads to pid 201769 (CPUs 0+32)
Accepted connection
Handling client
Request from pid 201770: max_threads=65535, hint_threads=32
[1788436600749] Granted 16 threads to pid 201770 (CPUs 0+0)
[1788436604804] Client pid 201769 disconnected — removed from state
[1788436604910] Client pid 201770 disconnected — removed from state
DRM stopped at Thu 03 Sep 2026 13:56:59, was capacity=32
Starting DRM at Thu 03 Sep 2026 13:56:59, capacity=64, cpu_pool=0,1,2,3,4,5,6,7,8,9,10,11,12,13,14,15,16,17,18,19,20,21,22,23,24,25,26,27,28,29,30,31,32,33,34,35,36,37,38,39,40,41,42,43,44,45,46,47,48,49,50,51,52,53,54,55,56,57,58,59,60,61,62,63
CPU pool (64 cores): 0–63
Listening on /tmp/omp-rm.sock (capacity=64, strategy=fair_share)
Accepted connection
Handling client
Request from pid 201922: max_threads=65535, hint_threads=64
[1788436619148] Granted 64 threads to pid 201922 (CPUs 0+64)
Accepted connection
Handling client
Request from pid 201923: max_threads=65535, hint_threads=64
[1788436619149] Granted 32 threads to pid 201923 (CPUs 0+0)
[1788436623323] Client pid 201923 disconnected — removed from state
[1788436623380] Client pid 201922 disconnected — removed from state
Accepted connection
Handling client
Request from pid 202210: max_threads=65535, hint_threads=64
[1788436637656] Granted 64 threads to pid 202210 (CPUs 0+64)
Accepted connection
Handling client
Request from pid 202211: max_threads=65535, hint_threads=64
[1788436637657] Granted 32 threads to pid 202211 (CPUs 0+0)
[1788436641750] Client pid 202210 disconnected — removed from state
[1788436641838] Client pid 202211 disconnected — removed from state
Accepted connection
Handling client
Request from pid 202474: max_threads=65535, hint_threads=64
[1788436656182] Granted 64 threads to pid 202474 (CPUs 0+64)
Accepted connection
Handling client
Request from pid 202475: max_threads=65535, hint_threads=64
[1788436656182] Granted 32 threads to pid 202475 (CPUs 0+0)
[1788436660324] Client pid 202475 disconnected — removed from state
[1788436660483] Client pid 202474 disconnected — removed from state
DRM stopped at Thu 03 Sep 2026 13:57:54, was capacity=64
