OMP: pid 52368 tid 52368 thread 0 bound to OS proc set {1-32}
OMP: pid 52368 tid 52379 thread 3 bound to OS proc set {1-32}
OMP: pid 52368 tid 52424 thread 15 bound to OS proc set {1-32}
OMP: pid 52368 tid 52373 thread 2 bound to OS proc set {1-32}
OMP: pid 52368 tid 52417 thread 12 bound to OS proc set {1-32}
OMP: pid 52368 tid 52372 thread 1 bound to OS proc set {1-32}
OMP: pid 52368 tid 52403 thread 8 bound to OS proc set {1-32}
OMP: pid 52368 tid 52397 thread 7 bound to OS proc set {1-32}
OMP: pid 52368 tid 52383 thread 4 bound to OS proc set {1-32}
OMP: pid 52368 tid 52422 thread 14 bound to OS proc set {1-32}
OMP: pid 52368 tid 52414 thread 11 bound to OS proc set {1-32}
OMP: pid 52368 tid 52420 thread 13 bound to OS proc set {1-32}
OMP: pid 52368 tid 52410 thread 10 bound to OS proc set {1-32}
OMP: pid 52368 tid 52389 thread 5 bound to OS proc set {1-32}
OMP: pid 52368 tid 52438 thread 19 bound to OS proc set {1-32}
OMP: pid 52368 tid 52408 thread 9 bound to OS proc set {1-32}
OMP: pid 52368 tid 52427 thread 16 bound to OS proc set {1-32}
OMP: pid 52368 tid 52394 thread 6 bound to OS proc set {1-32}
OMP: pid 52368 tid 52471 thread 28 bound to OS proc set {1-32}
OMP: pid 52368 tid 52432 thread 17 bound to OS proc set {1-32}
OMP: pid 52368 tid 52436 thread 18 bound to OS proc set {1-32}
OMP: pid 52368 tid 52482 thread 31 bound to OS proc set {1-32}
OMP: pid 52368 tid 52477 thread 30 bound to OS proc set {1-32}
OMP: pid 52368 tid 52455 thread 24 bound to OS proc set {1-32}
OMP: pid 52368 tid 52444 thread 21 bound to OS proc set {1-32}
OMP: pid 52368 tid 52475 thread 29 bound to OS proc set {1-32}
OMP: pid 52368 tid 52441 thread 20 bound to OS proc set {1-32}
OMP: pid 52368 tid 52467 thread 27 bound to OS proc set {1-32}
OMP: pid 52368 tid 52459 thread 25 bound to OS proc set {1-32}
OMP: pid 52368 tid 52452 thread 23 bound to OS proc set {1-32}
OMP: pid 52368 tid 52448 thread 22 bound to OS proc set {1-32}
OMP: pid 52368 tid 52464 thread 26 bound to OS proc set {1-32}


 NAS Parallel Benchmarks (NPB3.4-OMP) - EP Benchmark

 Number of random numbers generated:      8589934592
 Number of available threads:                     32

EP Benchmark Results:

CPU Time =     7.577
N = 2^   32
No. Gaussian Pairs =    3373275903.
Sums =     2.691444083863086D+09    2.691519118724447D+09
Counts:
  0    1572172634.
  1    1501108549.
  2     281805648.
  3      17761221.
  4        424017.
  5          3821.
  6            13.
  7             0.
  8             0.
  9             0.


 EP Benchmark Completed.
 Class           =                        C
 Size            =               8589934592
 Iterations      =                        0
 Time in seconds =                     7.58
 Total threads   =                       32
 Avail threads   =                       32
 Mop/s total     =                  1133.72
 Mop/s/thread    =                    35.43
 Operation type  = Random numbers generated
 Verification    =               SUCCESSFUL
 Version         =                    3.4.3
 Compile date    =              03 Sep 2026

 Compile options:
    FC           = gfortran
    FLINK        = $(FC)
    F_LIB        = -L$(LLVM_BUILD)/lib -lomp
    F_INC        = (none)
    FFLAGS       = -O3 -fopenmp
    FLINKFLAGS   = -O3 -fopenmp
    RAND         = randi8


 Please send all errors/feedbacks to:

 NPB Development Team
 npb@nas.nasa.gov


