OMP: pid 135687 tid 135687 thread 0 bound to OS proc set {64-67}
OMP: pid 135687 tid 135696 thread 2 bound to OS proc set {64-67}
OMP: pid 135687 tid 135698 thread 3 bound to OS proc set {64-67}
OMP: pid 135687 tid 135694 thread 1 bound to OS proc set {64-67}
[DRM-pin] pid=135687 tid=135696 assigned=64-67 running_on=64
[DRM-pin] pid=135687 tid=135698 assigned=64-67 running_on=66
[DRM-pin] pid=135687 tid=135694 assigned=64-67 running_on=65


 NAS Parallel Benchmarks (NPB3.4-OMP) - EP Benchmark

 Number of random numbers generated:      8589934592
 Number of available threads:                      4

EP Benchmark Results:

CPU Time =    45.201
N = 2^   32
No. Gaussian Pairs =    3373275903.
Sums =     2.691444083862026D+09    2.691519118723236D+09
Counts:
  0    1572172634.
  1    1501108549.
  2     281805648.
  3      17761221.
  4        424017.
  5          3821.
  6            13.
  7             0.
  8             0.
  9             0.


 EP Benchmark Completed.
 Class           =                        C
 Size            =               8589934592
 Iterations      =                        0
 Time in seconds =                    45.20
 Total threads   =                        4
 Avail threads   =                        4
 Mop/s total     =                   190.04
 Mop/s/thread    =                    47.51
 Operation type  = Random numbers generated
 Verification    =               SUCCESSFUL
 Version         =                    3.4.3
 Compile date    =              03 Sep 2026

 Compile options:
    FC           = gfortran
    FLINK        = $(FC)
    F_LIB        = -L$(LLVM_BUILD)/lib -lomp
    F_INC        = (none)
    FFLAGS       = -O3 -fopenmp
    FLINKFLAGS   = -O3 -fopenmp
    RAND         = randi8


 Please send all errors/feedbacks to:

 NPB Development Team
 npb@nas.nasa.gov


