OMP: pid 157393 tid 157393 thread 0 bound to OS proc set {1-16}
OMP: pid 157393 tid 157439 thread 8 bound to OS proc set {1-16}
OMP: pid 157393 tid 157421 thread 2 bound to OS proc set {1-16}
OMP: pid 157393 tid 157425 thread 3 bound to OS proc set {1-16}
OMP: pid 157393 tid 157416 thread 1 bound to OS proc set {1-16}
OMP: pid 157393 tid 157437 thread 7 bound to OS proc set {1-16}
OMP: pid 157393 tid 157446 thread 11 bound to OS proc set {1-16}
OMP: pid 157393 tid 157435 thread 6 bound to OS proc set {1-16}
OMP: pid 157393 tid 157441 thread 9 bound to OS proc set {1-16}
OMP: pid 157393 tid 157429 thread 4 bound to OS proc set {1-16}
OMP: pid 157393 tid 157448 thread 12 bound to OS proc set {1-16}
OMP: pid 157393 tid 157432 thread 5 bound to OS proc set {1-16}
OMP: pid 157393 tid 157444 thread 10 bound to OS proc set {1-16}
OMP: pid 157393 tid 157453 thread 15 bound to OS proc set {1-16}
OMP: pid 157393 tid 157449 thread 13 bound to OS proc set {1-16}
OMP: pid 157393 tid 157451 thread 14 bound to OS proc set {1-16}


 NAS Parallel Benchmarks (NPB3.4-OMP) - EP Benchmark

 Number of random numbers generated:      8589934592
 Number of available threads:                     16

EP Benchmark Results:

CPU Time =    14.944
N = 2^   32
No. Gaussian Pairs =    3373275903.
Sums =     2.691444083862576D+09    2.691519118725088D+09
Counts:
  0    1572172634.
  1    1501108549.
  2     281805648.
  3      17761221.
  4        424017.
  5          3821.
  6            13.
  7             0.
  8             0.
  9             0.


 EP Benchmark Completed.
 Class           =                        C
 Size            =               8589934592
 Iterations      =                        0
 Time in seconds =                    14.94
 Total threads   =                       16
 Avail threads   =                       16
 Mop/s total     =                   574.79
 Mop/s/thread    =                    35.92
 Operation type  = Random numbers generated
 Verification    =               SUCCESSFUL
 Version         =                    3.4.3
 Compile date    =              03 Sep 2026

 Compile options:
    FC           = gfortran
    FLINK        = $(FC)
    F_LIB        = -L$(LLVM_BUILD)/lib -lomp
    F_INC        = (none)
    FFLAGS       = -O3 -fopenmp
    FLINKFLAGS   = -O3 -fopenmp
    RAND         = randi8


 Please send all errors/feedbacks to:

 NPB Development Team
 npb@nas.nasa.gov


