OMP: pid 52369 tid 52369 thread 0 bound to OS proc set {1-32}
OMP: pid 52369 tid 52377 thread 2 bound to OS proc set {1-32}
OMP: pid 52369 tid 52380 thread 3 bound to OS proc set {1-32}
OMP: pid 52369 tid 52375 thread 1 bound to OS proc set {1-32}
OMP: pid 52369 tid 52392 thread 7 bound to OS proc set {1-32}
OMP: pid 52369 tid 52415 thread 12 bound to OS proc set {1-32}
OMP: pid 52369 tid 52390 thread 6 bound to OS proc set {1-32}
OMP: pid 52369 tid 52384 thread 4 bound to OS proc set {1-32}
OMP: pid 52369 tid 52395 thread 8 bound to OS proc set {1-32}
OMP: pid 52369 tid 52387 thread 5 bound to OS proc set {1-32}
OMP: pid 52369 tid 52404 thread 10 bound to OS proc set {1-32}
OMP: pid 52369 tid 52398 thread 9 bound to OS proc set {1-32}
OMP: pid 52369 tid 52421 thread 13 bound to OS proc set {1-32}
OMP: pid 52369 tid 52439 thread 17 bound to OS proc set {1-32}
OMP: pid 52369 tid 52435 thread 16 bound to OS proc set {1-32}
OMP: pid 52369 tid 52466 thread 23 bound to OS proc set {1-32}
OMP: pid 52369 tid 52454 thread 20 bound to OS proc set {1-32}
OMP: pid 52369 tid 52458 thread 21 bound to OS proc set {1-32}
OMP: pid 52369 tid 52463 thread 22 bound to OS proc set {1-32}
OMP: pid 52369 tid 52450 thread 19 bound to OS proc set {1-32}
OMP: pid 52369 tid 52484 thread 28 bound to OS proc set {1-32}
OMP: pid 52369 tid 52493 thread 31 bound to OS proc set {1-32}
OMP: pid 52369 tid 52490 thread 30 bound to OS proc set {1-32}
OMP: pid 52369 tid 52407 thread 11 bound to OS proc set {1-32}
OMP: pid 52369 tid 52487 thread 29 bound to OS proc set {1-32}
OMP: pid 52369 tid 52426 thread 14 bound to OS proc set {1-32}
OMP: pid 52369 tid 52430 thread 15 bound to OS proc set {1-32}
OMP: pid 52369 tid 52445 thread 18 bound to OS proc set {1-32}
OMP: pid 52369 tid 52481 thread 27 bound to OS proc set {1-32}
OMP: pid 52369 tid 52470 thread 24 bound to OS proc set {1-32}
OMP: pid 52369 tid 52478 thread 26 bound to OS proc set {1-32}
OMP: pid 52369 tid 52474 thread 25 bound to OS proc set {1-32}


 NAS Parallel Benchmarks (NPB3.4-OMP) - EP Benchmark

 Number of random numbers generated:      8589934592
 Number of available threads:                     32

EP Benchmark Results:

CPU Time =     7.602
N = 2^   32
No. Gaussian Pairs =    3373275903.
Sums =     2.691444083863085D+09    2.691519118724448D+09
Counts:
  0    1572172634.
  1    1501108549.
  2     281805648.
  3      17761221.
  4        424017.
  5          3821.
  6            13.
  7             0.
  8             0.
  9             0.


 EP Benchmark Completed.
 Class           =                        C
 Size            =               8589934592
 Iterations      =                        0
 Time in seconds =                     7.60
 Total threads   =                       32
 Avail threads   =                       32
 Mop/s total     =                  1129.93
 Mop/s/thread    =                    35.31
 Operation type  = Random numbers generated
 Verification    =               SUCCESSFUL
 Version         =                    3.4.3
 Compile date    =              03 Sep 2026

 Compile options:
    FC           = gfortran
    FLINK        = $(FC)
    F_LIB        = -L$(LLVM_BUILD)/lib -lomp
    F_INC        = (none)
    FFLAGS       = -O3 -fopenmp
    FLINKFLAGS   = -O3 -fopenmp
    RAND         = randi8


 Please send all errors/feedbacks to:

 NPB Development Team
 npb@nas.nasa.gov


