OMP: pid 52367 tid 52367 thread 0 bound to OS proc set {64-95}
OMP: pid 52367 tid 52388 thread 3 bound to OS proc set {64-95}
OMP: pid 52367 tid 52385 thread 2 bound to OS proc set {64-95}
OMP: pid 52367 tid 52381 thread 1 bound to OS proc set {64-95}
OMP: pid 52367 tid 52419 thread 11 bound to OS proc set {64-95}
OMP: pid 52367 tid 52423 thread 12 bound to OS proc set {64-95}
OMP: pid 52367 tid 52393 thread 4 bound to OS proc set {64-95}
OMP: pid 52367 tid 52428 thread 14 bound to OS proc set {64-95}
OMP: pid 52367 tid 52409 thread 8 bound to OS proc set {64-95}
OMP: pid 52367 tid 52405 thread 7 bound to OS proc set {64-95}
OMP: pid 52367 tid 52416 thread 10 bound to OS proc set {64-95}
OMP: pid 52367 tid 52431 thread 15 bound to OS proc set {64-95}
OMP: pid 52367 tid 52402 thread 6 bound to OS proc set {64-95}
OMP: pid 52367 tid 52425 thread 13 bound to OS proc set {64-95}
OMP: pid 52367 tid 52412 thread 9 bound to OS proc set {64-95}
OMP: pid 52367 tid 52400 thread 5 bound to OS proc set {64-95}
OMP: pid 52367 tid 52434 thread 16 bound to OS proc set {64-95}
OMP: pid 52367 tid 52476 thread 27 bound to OS proc set {64-95}
OMP: pid 52367 tid 52437 thread 17 bound to OS proc set {64-95}
OMP: pid 52367 tid 52443 thread 19 bound to OS proc set {64-95}
OMP: pid 52367 tid 52462 thread 24 bound to OS proc set {64-95}
OMP: pid 52367 tid 52440 thread 18 bound to OS proc set {64-95}
OMP: pid 52367 tid 52480 thread 28 bound to OS proc set {64-95}
OMP: pid 52367 tid 52492 thread 31 bound to OS proc set {64-95}
OMP: pid 52367 tid 52473 thread 26 bound to OS proc set {64-95}
OMP: pid 52367 tid 52460 thread 23 bound to OS proc set {64-95}
OMP: pid 52367 tid 52468 thread 25 bound to OS proc set {64-95}
OMP: pid 52367 tid 52447 thread 20 bound to OS proc set {64-95}
OMP: pid 52367 tid 52488 thread 30 bound to OS proc set {64-95}
OMP: pid 52367 tid 52456 thread 22 bound to OS proc set {64-95}
OMP: pid 52367 tid 52485 thread 29 bound to OS proc set {64-95}
OMP: pid 52367 tid 52451 thread 21 bound to OS proc set {64-95}
[DRM-pin] pid=52367 tid=52409 assigned=64-95 running_on=72
[DRM-pin] pid=52367 tid=52412 assigned=64-95 running_on=75
[DRM-pin] pid=52367 tid=52393 assigned=64-95 running_on=90
[DRM-pin] pid=52367 tid=52385 assigned=64-95 running_on=86
[DRM-pin] pid=52367 tid=52400 assigned=64-95 running_on=93
[DRM-pin] pid=52367 tid=52402 assigned=64-95 running_on=66
[DRM-pin] pid=52367 tid=52473 assigned=64-95 running_on=77
[DRM-pin] pid=52367 tid=52428 assigned=64-95 running_on=74
[DRM-pin] pid=52367 tid=52476 assigned=64-95 running_on=69
[DRM-pin] pid=52367 tid=52437 assigned=64-95 running_on=68
[DRM-pin] pid=52367 tid=52431 assigned=64-95 running_on=79
[DRM-pin] pid=52367 tid=52425 assigned=64-95 running_on=73
[DRM-pin] pid=52367 tid=52434 assigned=64-95 running_on=78
[DRM-pin] pid=52367 tid=52419 assigned=64-95 running_on=80
[DRM-pin] pid=52367 tid=52405 assigned=64-95 running_on=67
[DRM-pin] pid=52367 tid=52423 assigned=64-95 running_on=71
[DRM-pin] pid=52367 tid=52447 assigned=64-95 running_on=87
[DRM-pin] pid=52367 tid=52443 assigned=64-95 running_on=85
[DRM-pin] pid=52367 tid=52440 assigned=64-95 running_on=83
[DRM-pin] pid=52367 tid=52468 assigned=64-95 running_on=70
[DRM-pin] pid=52367 tid=52381 assigned=64-95 running_on=84
[DRM-pin] pid=52367 tid=52462 assigned=64-95 running_on=94
[DRM-pin] pid=52367 tid=52388 assigned=64-95 running_on=88
[DRM-pin] pid=52367 tid=52460 assigned=64-95 running_on=92
[DRM-pin] pid=52367 tid=52456 assigned=64-95 running_on=91
[DRM-pin] pid=52367 tid=52416 assigned=64-95 running_on=81
[DRM-pin] pid=52367 tid=52492 assigned=64-95 running_on=76
[DRM-pin] pid=52367 tid=52451 assigned=64-95 running_on=88
[DRM-pin] pid=52367 tid=52488 assigned=64-95 running_on=89
[DRM-pin] pid=52367 tid=52485 assigned=64-95 running_on=65
[DRM-pin] pid=52367 tid=52480 assigned=64-95 running_on=82


 NAS Parallel Benchmarks (NPB3.4-OMP) - EP Benchmark

 Number of random numbers generated:      8589934592
 Number of available threads:                     32

EP Benchmark Results:

CPU Time =     6.292
N = 2^   32
No. Gaussian Pairs =    3373275903.
Sums =     2.691444083863086D+09    2.691519118724447D+09
Counts:
  0    1572172634.
  1    1501108549.
  2     281805648.
  3      17761221.
  4        424017.
  5          3821.
  6            13.
  7             0.
  8             0.
  9             0.


 EP Benchmark Completed.
 Class           =                        C
 Size            =               8589934592
 Iterations      =                        0
 Time in seconds =                     6.29
 Total threads   =                       32
 Avail threads   =                       32
 Mop/s total     =                  1365.22
 Mop/s/thread    =                    42.66
 Operation type  = Random numbers generated
 Verification    =               SUCCESSFUL
 Version         =                    3.4.3
 Compile date    =              03 Sep 2026

 Compile options:
    FC           = gfortran
    FLINK        = $(FC)
    F_LIB        = -L$(LLVM_BUILD)/lib -lomp
    F_INC        = (none)
    FFLAGS       = -O3 -fopenmp
    FLINKFLAGS   = -O3 -fopenmp
    RAND         = randi8


 Please send all errors/feedbacks to:

 NPB Development Team
 npb@nas.nasa.gov


