OMP: pid 179331 tid 179343 thread 3 bound to OS proc set {13}
OMP: pid 179331 tid 179331 thread 0 bound to OS proc set {1}
OMP: pid 179331 tid 179341 thread 1 bound to OS proc set {5}
OMP: pid 179331 tid 179342 thread 2 bound to OS proc set {9}
OMP: pid 179331 tid 179347 thread 7 bound to OS proc set {29}
OMP: pid 179331 tid 179344 thread 4 bound to OS proc set {17}
OMP: pid 179331 tid 179346 thread 6 bound to OS proc set {25}
OMP: pid 179331 tid 179345 thread 5 bound to OS proc set {21}


 NAS Parallel Benchmarks (NPB3.4-OMP) - CG Benchmark

 Size:      150000
 Iterations:                     75
 Number of available threads:     8

 Initialization time =           1.574 seconds

   iteration           ||r||                 zeta
        1       0.35334636890566E-12   109.9994423237398
        5       0.89163026005800E-15    28.6471670038896
       10       0.91090250320823E-15    28.9496695449000
       15       0.90631215296137E-15    28.9716336228371
       20       0.91443347297068E-15    28.9734210663752
       25       0.90887387466946E-15    28.9735863059386
       30       0.90985155541566E-15    28.9736033967633
       35       0.91113185576662E-15    28.9736053266247
       40       0.90601125546054E-15    28.9736055590700
       45       0.90926916294935E-15    28.9736055884130
       50       0.90912859305455E-15    28.9736055922483
       55       0.90468729887175E-15    28.9736055927634
       60       0.90962791137676E-15    28.9736055928341
       65       0.90680024340864E-15    28.9736055928440
       70       0.90259360874460E-15    28.9736055928451
       75       0.90176094987928E-15    28.9736055928456
 Benchmark completed 
 VERIFICATION SUCCESSFUL 
 Zeta is     0.2897360559285E+02
 Error is    0.2023213007175E-13


 CG Benchmark Completed.
 Class           =                        C
 Size            =                   150000
 Iterations      =                       75
 Time in seconds =                    10.86
 Total threads   =                        8
 Avail threads   =                        8
 Mop/s total     =                 13199.40
 Mop/s/thread    =                  1649.93
 Operation type  =           floating point
 Verification    =               SUCCESSFUL
 Version         =                    3.4.3
 Compile date    =              18 Feb 2026

 Compile options:
    FC           = gfortran
    FLINK        = $(FC)
    F_LIB        = -L/dss/dsshome1/09/ga27qam2/llvm-project/bu...
    F_INC        = (none)
    FFLAGS       = -O3 -fopenmp
    FLINKFLAGS   = -O3 -fopenmp
    RAND         = randi8


 Please send all errors/feedbacks to:

 NPB Development Team
 npb@nas.nasa.gov


