OMP: pid 176770 tid 176770 thread 0 bound to OS proc set {1}
OMP: pid 176770 tid 176777 thread 2 bound to OS proc set {17}
OMP: pid 176770 tid 176778 thread 3 bound to OS proc set {25}
OMP: pid 176770 tid 176776 thread 1 bound to OS proc set {9}


 NAS Parallel Benchmarks (NPB3.4-OMP) - CG Benchmark

 Size:      150000
 Iterations:                     75
 Number of available threads:     4

 Initialization time =           3.013 seconds

   iteration           ||r||                 zeta
        1       0.35328997525708E-12   109.9994423237398
        5       0.89268584353591E-15    28.6471670038893
       10       0.91232901785789E-15    28.9496695449003
       15       0.90722214160942E-15    28.9716336228371
       20       0.91543099957009E-15    28.9734210663747
       25       0.90897988378797E-15    28.9735863059382
       30       0.91099979759915E-15    28.9736033967628
       35       0.91011543809574E-15    28.9736053266246
       40       0.90730213221729E-15    28.9736055590700
       45       0.91064088732929E-15    28.9736055884132
       50       0.91010430776646E-15    28.9736055922485
       55       0.90319935677572E-15    28.9736055927632
       60       0.90772541790772E-15    28.9736055928339
       65       0.90573205343453E-15    28.9736055928440
       70       0.90370034431810E-15    28.9736055928455
       75       0.90150032804962E-15    28.9736055928458
 Benchmark completed 
 VERIFICATION SUCCESSFUL 
 Zeta is     0.2897360559285E+02
 Error is    0.2807974416019E-13


 CG Benchmark Completed.
 Class           =                        C
 Size            =                   150000
 Iterations      =                       75
 Time in seconds =                    20.68
 Total threads   =                        4
 Avail threads   =                        4
 Mop/s total     =                  6931.24
 Mop/s/thread    =                  1732.81
 Operation type  =           floating point
 Verification    =               SUCCESSFUL
 Version         =                    3.4.3
 Compile date    =              18 Feb 2026

 Compile options:
    FC           = gfortran
    FLINK        = $(FC)
    F_LIB        = -L/dss/dsshome1/09/ga27qam2/llvm-project/bu...
    F_INC        = (none)
    FFLAGS       = -O3 -fopenmp
    FLINKFLAGS   = -O3 -fopenmp
    RAND         = randi8


 Please send all errors/feedbacks to:

 NPB Development Team
 npb@nas.nasa.gov


