OMP: pid 183947 tid 183947 thread 0 bound to OS proc set {1}
OMP: pid 183947 tid 183951 thread 2 bound to OS proc set {3}
OMP: pid 183947 tid 183949 thread 1 bound to OS proc set {2}
OMP: pid 183947 tid 183973 thread 14 bound to OS proc set {15}
OMP: pid 183947 tid 183994 thread 24 bound to OS proc set {25}
OMP: pid 183947 tid 183981 thread 18 bound to OS proc set {19}
OMP: pid 183947 tid 184005 thread 30 bound to OS proc set {31}
OMP: pid 183947 tid 183954 thread 4 bound to OS proc set {5}
OMP: pid 183947 tid 183952 thread 3 bound to OS proc set {4}
OMP: pid 183947 tid 183976 thread 15 bound to OS proc set {16}
OMP: pid 183947 tid 183970 thread 12 bound to OS proc set {13}
OMP: pid 183947 tid 183962 thread 8 bound to OS proc set {9}
OMP: pid 183947 tid 183960 thread 7 bound to OS proc set {8}
OMP: pid 183947 tid 183968 thread 11 bound to OS proc set {12}
OMP: pid 183947 tid 183997 thread 26 bound to OS proc set {27}
OMP: pid 183947 tid 184002 thread 28 bound to OS proc set {29}
OMP: pid 183947 tid 183971 thread 13 bound to OS proc set {14}
OMP: pid 183947 tid 183983 thread 19 bound to OS proc set {20}
OMP: pid 183947 tid 183998 thread 27 bound to OS proc set {28}
OMP: pid 183947 tid 183956 thread 5 bound to OS proc set {6}
OMP: pid 183947 tid 183958 thread 6 bound to OS proc set {7}
OMP: pid 183947 tid 183978 thread 16 bound to OS proc set {17}
OMP: pid 183947 tid 183965 thread 9 bound to OS proc set {10}
OMP: pid 183947 tid 183989 thread 22 bound to OS proc set {23}
OMP: pid 183947 tid 183990 thread 23 bound to OS proc set {24}
OMP: pid 183947 tid 183979 thread 17 bound to OS proc set {18}
OMP: pid 183947 tid 183985 thread 20 bound to OS proc set {21}
OMP: pid 183947 tid 184006 thread 31 bound to OS proc set {32}
OMP: pid 183947 tid 184003 thread 29 bound to OS proc set {30}
OMP: pid 183947 tid 183967 thread 10 bound to OS proc set {11}
OMP: pid 183947 tid 183987 thread 21 bound to OS proc set {22}
OMP: pid 183947 tid 183995 thread 25 bound to OS proc set {26}


 NAS Parallel Benchmarks (NPB3.4-OMP) - CG Benchmark

 Size:      150000
 Iterations:                     75
 Number of available threads:    32

 Initialization time =           0.519 seconds

   iteration           ||r||                 zeta
        1       0.35319080665839E-12   109.9994423237398
        5       0.89380153472159E-15    28.6471670038895
       10       0.91314405056741E-15    28.9496695449000
       15       0.90690706401012E-15    28.9716336228371
       20       0.91416654034169E-15    28.9734210663749
       25       0.91010932159787E-15    28.9735863059384
       30       0.91070256574959E-15    28.9736033967631
       35       0.91056701503956E-15    28.9736053266249
       40       0.90588502450145E-15    28.9736055590699
       45       0.91120894485728E-15    28.9736055884127
       50       0.90832904503942E-15    28.9736055922484
       55       0.90338304175765E-15    28.9736055927634
       60       0.90870524950385E-15    28.9736055928340
       65       0.90793855332116E-15    28.9736055928439
       70       0.90229827048448E-15    28.9736055928453
       75       0.90250735963609E-15    28.9736055928455
 Benchmark completed 
 VERIFICATION SUCCESSFUL 
 Zeta is     0.2897360559285E+02
 Error is    0.1679879890806E-13


 CG Benchmark Completed.
 Class           =                        C
 Size            =                   150000
 Iterations      =                       75
 Time in seconds =                     3.50
 Total threads   =                       32
 Avail threads   =                       32
 Mop/s total     =                 40899.35
 Mop/s/thread    =                  1278.10
 Operation type  =           floating point
 Verification    =               SUCCESSFUL
 Version         =                    3.4.3
 Compile date    =              18 Feb 2026

 Compile options:
    FC           = gfortran
    FLINK        = $(FC)
    F_LIB        = -L/dss/dsshome1/09/ga27qam2/llvm-project/bu...
    F_INC        = (none)
    FFLAGS       = -O3 -fopenmp
    FLINKFLAGS   = -O3 -fopenmp
    RAND         = randi8


 Please send all errors/feedbacks to:

 NPB Development Team
 npb@nas.nasa.gov


