OMP: pid 182592 tid 182592 thread 0 bound to OS proc set {1}
OMP: pid 182592 tid 182615 thread 15 bound to OS proc set {31}
OMP: pid 182592 tid 182602 thread 7 bound to OS proc set {15}
OMP: pid 182592 tid 182598 thread 3 bound to OS proc set {7}
OMP: pid 182592 tid 182611 thread 12 bound to OS proc set {25}
OMP: pid 182592 tid 182596 thread 1 bound to OS proc set {3}
OMP: pid 182592 tid 182597 thread 2 bound to OS proc set {5}
OMP: pid 182592 tid 182614 thread 14 bound to OS proc set {29}
OMP: pid 182592 tid 182612 thread 13 bound to OS proc set {27}
OMP: pid 182592 tid 182599 thread 4 bound to OS proc set {9}
OMP: pid 182592 tid 182601 thread 6 bound to OS proc set {13}
OMP: pid 182592 tid 182607 thread 10 bound to OS proc set {21}
OMP: pid 182592 tid 182609 thread 11 bound to OS proc set {23}
OMP: pid 182592 tid 182604 thread 8 bound to OS proc set {17}
OMP: pid 182592 tid 182606 thread 9 bound to OS proc set {19}
OMP: pid 182592 tid 182600 thread 5 bound to OS proc set {11}


 NAS Parallel Benchmarks (NPB3.4-OMP) - EP Benchmark

 Number of random numbers generated:      8589934592
 Number of available threads:                     16

EP Benchmark Results:

CPU Time =     3.515
N = 2^   32
No. Gaussian Pairs =    3373275903.
Sums =     2.691444083862575D+09    2.691519118725089D+09
Counts:
  0    1572172634.
  1    1501108549.
  2     281805648.
  3      17761221.
  4        424017.
  5          3821.
  6            13.
  7             0.
  8             0.
  9             0.


 EP Benchmark Completed.
 Class           =                        C
 Size            =               8589934592
 Iterations      =                        0
 Time in seconds =                     3.52
 Total threads   =                       16
 Avail threads   =                       16
 Mop/s total     =                  2443.62
 Mop/s/thread    =                   152.73
 Operation type  = Random numbers generated
 Verification    =               SUCCESSFUL
 Version         =                    3.4.3
 Compile date    =              18 Feb 2026

 Compile options:
    FC           = gfortran
    FLINK        = $(FC)
    F_LIB        = -L/dss/dsshome1/09/ga27qam2/llvm-project/bu...
    F_INC        = (none)
    FFLAGS       = -O3 -fopenmp
    FLINKFLAGS   = -O3 -fopenmp
    RAND         = randi8


 Please send all errors/feedbacks to:

 NPB Development Team
 npb@nas.nasa.gov


