OMP: pid 27829 tid 27838 thread 4 bound to OS proc set {1-8}
OMP: pid 27829 tid 27839 thread 5 bound to OS proc set {1-8}
OMP: pid 27829 tid 27837 thread 3 bound to OS proc set {1-8}
OMP: pid 27829 tid 27836 thread 2 bound to OS proc set {1-8}
OMP: pid 27829 tid 27840 thread 6 bound to OS proc set {1-8}
OMP: pid 27829 tid 27829 thread 0 bound to OS proc set {1-8}
OMP: pid 27829 tid 27834 thread 1 bound to OS proc set {1-8}
OMP: pid 27829 tid 27842 thread 7 bound to OS proc set {1-8}
OMP: pid 27829 tid 27829 thread 0 bound to OS proc set {1-8}
OMP: pid 27829 tid 27837 thread 3 bound to OS proc set {1-8}
OMP: pid 27829 tid 27836 thread 2 bound to OS proc set {1-8}
OMP: pid 27829 tid 27834 thread 1 bound to OS proc set {1-8}


 NAS Parallel Benchmarks (NPB3.4-OMP) - CG Benchmark

 Size:      150000
 Iterations:                     75
 Number of available threads:     8

 Initialization time =           3.382 seconds

   iteration           ||r||                 zeta
        1       0.35328997525708E-12   109.9994423237398
        5       0.89193276697472E-15    28.6471670038893
       10       0.91225462751997E-15    28.9496695449003
       15       0.90647299162790E-15    28.9716336228371
       20       0.91591496254436E-15    28.9734210663747
       25       0.90978589267128E-15    28.9735863059382
       30       0.91048269853775E-15    28.9736033967627
       35       0.91150301805217E-15    28.9736053266246
       40       0.90799252308544E-15    28.9736055590700
       45       0.90959858381108E-15    28.9736055884132
       50       0.90998506391827E-15    28.9736055922485
       55       0.90313971212361E-15    28.9736055927632
       60       0.90853838459346E-15    28.9736055928339
       65       0.90549223741992E-15    28.9736055928440
       70       0.90220794477065E-15    28.9736055928455
       75       0.90076633041436E-15    28.9736055928458
 Benchmark completed 
 VERIFICATION SUCCESSFUL 
 Zeta is     0.2897360559285E+02
 Error is    0.2758926827966E-13


 CG Benchmark Completed.
 Class           =                        C
 Size            =                   150000
 Iterations      =                       75
 Time in seconds =                    24.36
 Total threads   =                        4
 Avail threads   =                        8
 Warning: Threads used differ from threads available
 Mop/s total     =                  5883.99
 Mop/s/thread    =                  1471.00
 Operation type  =           floating point
 Verification    =               SUCCESSFUL
 Version         =                    3.4.3
 Compile date    =              18 Feb 2026

 Compile options:
    FC           = gfortran
    FLINK        = $(FC)
    F_LIB        = -L/dss/dsshome1/09/ga27qam2/llvm-project/bu...
    F_INC        = (none)
    FFLAGS       = -O3 -fopenmp
    FLINKFLAGS   = -O3 -fopenmp
    RAND         = randi8


 Please send all errors/feedbacks to:

 NPB Development Team
 npb@nas.nasa.gov


