OMP: pid 45007 tid 45007 thread 0 bound to OS proc set {1-32}
OMP: pid 45007 tid 45014 thread 2 bound to OS proc set {1-32}
OMP: pid 45007 tid 45017 thread 3 bound to OS proc set {1-32}
OMP: pid 45007 tid 45012 thread 1 bound to OS proc set {1-32}
OMP: pid 45007 tid 45053 thread 14 bound to OS proc set {1-32}
OMP: pid 45007 tid 45047 thread 11 bound to OS proc set {1-32}
OMP: pid 45007 tid 45049 thread 12 bound to OS proc set {1-32}
OMP: pid 45007 tid 45059 thread 15 bound to OS proc set {1-32}
OMP: pid 45007 tid 45038 thread 8 bound to OS proc set {1-32}
OMP: pid 45007 tid 45034 thread 7 bound to OS proc set {1-32}
OMP: pid 45007 tid 45044 thread 10 bound to OS proc set {1-32}
OMP: pid 45007 tid 45018 thread 4 bound to OS proc set {1-32}
OMP: pid 45007 tid 45029 thread 6 bound to OS proc set {1-32}
OMP: pid 45007 tid 45065 thread 16 bound to OS proc set {1-32}
OMP: pid 45007 tid 45080 thread 19 bound to OS proc set {1-32}
OMP: pid 45007 tid 45075 thread 18 bound to OS proc set {1-32}
OMP: pid 45007 tid 45051 thread 13 bound to OS proc set {1-32}
OMP: pid 45007 tid 45102 thread 27 bound to OS proc set {1-32}
OMP: pid 45007 tid 45087 thread 22 bound to OS proc set {1-32}
OMP: pid 45007 tid 45024 thread 5 bound to OS proc set {1-32}
OMP: pid 45007 tid 45105 thread 28 bound to OS proc set {1-32}
OMP: pid 45007 tid 45083 thread 20 bound to OS proc set {1-32}
OMP: pid 45007 tid 45113 thread 31 bound to OS proc set {1-32}
OMP: pid 45007 tid 45096 thread 25 bound to OS proc set {1-32}
OMP: pid 45007 tid 45041 thread 9 bound to OS proc set {1-32}
OMP: pid 45007 tid 45094 thread 24 bound to OS proc set {1-32}
OMP: pid 45007 tid 45091 thread 23 bound to OS proc set {1-32}
OMP: pid 45007 tid 45070 thread 17 bound to OS proc set {1-32}
OMP: pid 45007 tid 45110 thread 30 bound to OS proc set {1-32}
OMP: pid 45007 tid 45108 thread 29 bound to OS proc set {1-32}
OMP: pid 45007 tid 45084 thread 21 bound to OS proc set {1-32}
OMP: pid 45007 tid 45097 thread 26 bound to OS proc set {1-32}
OMP: pid 45007 tid 45014 thread 2 bound to OS proc set {1-32}
OMP: pid 45007 tid 45012 thread 1 bound to OS proc set {1-32}
OMP: pid 45007 tid 45053 thread 14 bound to OS proc set {1-32}
OMP: pid 45007 tid 45051 thread 13 bound to OS proc set {1-32}
OMP: pid 45007 tid 45049 thread 12 bound to OS proc set {1-32}
OMP: pid 45007 tid 45007 thread 0 bound to OS proc set {1-32}
OMP: pid 45007 tid 45059 thread 15 bound to OS proc set {1-32}
OMP: pid 45007 tid 45018 thread 4 bound to OS proc set {1-32}
OMP: pid 45007 tid 45024 thread 5 bound to OS proc set {1-32}
OMP: pid 45007 tid 45029 thread 6 bound to OS proc set {1-32}
OMP: pid 45007 tid 45038 thread 8 bound to OS proc set {1-32}
OMP: pid 45007 tid 45041 thread 9 bound to OS proc set {1-32}
OMP: pid 45007 tid 45034 thread 7 bound to OS proc set {1-32}
OMP: pid 45007 tid 45044 thread 10 bound to OS proc set {1-32}
OMP: pid 45007 tid 45047 thread 11 bound to OS proc set {1-32}
OMP: pid 45007 tid 45017 thread 3 bound to OS proc set {1-32}


 NAS Parallel Benchmarks (NPB3.4-OMP) - CG Benchmark

 Size:      150000
 Iterations:                     75
 Number of available threads:    32

 Initialization time =           1.333 seconds

   iteration           ||r||                 zeta
        1       0.35304062244182E-12   109.9994423237398
        5       0.89176965310354E-15    28.6471670038896
       10       0.91215655642902E-15    28.9496695449000
       15       0.90586806729040E-15    28.9716336228372
       20       0.91494338800585E-15    28.9734210663750
       25       0.90980926081959E-15    28.9735863059385
       30       0.90900932224021E-15    28.9736033967630
       35       0.90996557165873E-15    28.9736053266249
       40       0.90731464796485E-15    28.9736055590700
       45       0.90976916887107E-15    28.9736055884129
       50       0.91000961091179E-15    28.9736055922482
       55       0.90328887940355E-15    28.9736055927636
       60       0.90922191791255E-15    28.9736055928341
       65       0.90788829994913E-15    28.9736055928438
       70       0.90151272794201E-15    28.9736055928452
       75       0.90296779491819E-15    28.9736055928455
 Benchmark completed 
 VERIFICATION SUCCESSFUL 
 Zeta is     0.2897360559285E+02
 Error is    0.1581784714701E-13


 CG Benchmark Completed.
 Class           =                        C
 Size            =                   150000
 Iterations      =                       75
 Time in seconds =                     7.17
 Total threads   =                       16
 Avail threads   =                       32
 Warning: Threads used differ from threads available
 Mop/s total     =                 19993.34
 Mop/s/thread    =                  1249.58
 Operation type  =           floating point
 Verification    =               SUCCESSFUL
 Version         =                    3.4.3
 Compile date    =              18 Feb 2026

 Compile options:
    FC           = gfortran
    FLINK        = $(FC)
    F_LIB        = -L/dss/dsshome1/09/ga27qam2/llvm-project/bu...
    F_INC        = (none)
    FFLAGS       = -O3 -fopenmp
    FLINKFLAGS   = -O3 -fopenmp
    RAND         = randi8


 Please send all errors/feedbacks to:

 NPB Development Team
 npb@nas.nasa.gov


