OMP: pid 39861 tid 39861 thread 0 bound to OS proc set {56-71}
OMP: pid 39861 tid 39914 thread 15 bound to OS proc set {56-71}
OMP: pid 39861 tid 39907 thread 10 bound to OS proc set {56-71}
OMP: pid 39861 tid 39888 thread 1 bound to OS proc set {56-71}
OMP: pid 39861 tid 39892 thread 2 bound to OS proc set {56-71}
OMP: pid 39861 tid 39896 thread 3 bound to OS proc set {56-71}
OMP: pid 39861 tid 39902 thread 7 bound to OS proc set {56-71}
OMP: pid 39861 tid 39904 thread 8 bound to OS proc set {56-71}
OMP: pid 39861 tid 39912 thread 14 bound to OS proc set {56-71}
OMP: pid 39861 tid 39909 thread 12 bound to OS proc set {56-71}
OMP: pid 39861 tid 39898 thread 4 bound to OS proc set {56-71}
OMP: pid 39861 tid 39899 thread 5 bound to OS proc set {56-71}
OMP: pid 39861 tid 39905 thread 9 bound to OS proc set {56-71}
OMP: pid 39861 tid 39908 thread 11 bound to OS proc set {56-71}
OMP: pid 39861 tid 39900 thread 6 bound to OS proc set {56-71}
OMP: pid 39861 tid 39910 thread 13 bound to OS proc set {56-71}


 NAS Parallel Benchmarks (NPB3.4-OMP) - CG Benchmark

 Size:      150000
 Iterations:                     75
 Number of available threads:    16

 Initialization time =           1.947 seconds

   iteration           ||r||                 zeta
        1       0.35306115109601E-12   109.9994423237398
        5       0.89177844518190E-15    28.6471670038897
       10       0.91205733739376E-15    28.9496695449000
       15       0.90756842577589E-15    28.9716336228373
       20       0.91499240278158E-15    28.9734210663750
       25       0.90920674852767E-15    28.9735863059385
       30       0.90835382685448E-15    28.9736033967630
       35       0.91115578002565E-15    28.9736053266249
       40       0.90534854437520E-15    28.9736055590700
       45       0.90967534531247E-15    28.9736055884129
       50       0.91040592763833E-15    28.9736055922482
       55       0.90332529652294E-15    28.9736055927636
       60       0.90800678469841E-15    28.9736055928341
       65       0.90792290246856E-15    28.9736055928438
       70       0.90313224680838E-15    28.9736055928452
       75       0.90138375029046E-15    28.9736055928455
 Benchmark completed 
 VERIFICATION SUCCESSFUL 
 Zeta is     0.2897360559285E+02
 Error is    0.1679879890806E-13


 CG Benchmark Completed.
 Class           =                        C
 Size            =                   150000
 Iterations      =                       75
 Time in seconds =                    18.15
 Total threads   =                       16
 Avail threads   =                       16
 Mop/s total     =                  7899.58
 Mop/s/thread    =                   493.72
 Operation type  =           floating point
 Verification    =               SUCCESSFUL
 Version         =                    3.4.3
 Compile date    =              18 Feb 2026

 Compile options:
    FC           = gfortran
    FLINK        = $(FC)
    F_LIB        = -L/dss/dsshome1/09/ga27qam2/llvm-project/bu...
    F_INC        = (none)
    FFLAGS       = -O3 -fopenmp
    FLINKFLAGS   = -O3 -fopenmp
    RAND         = randi8


 Please send all errors/feedbacks to:

 NPB Development Team
 npb@nas.nasa.gov


