OMP: pid 43962 tid 43962 thread 0 bound to OS proc set {1-32}
OMP: pid 43962 tid 43971 thread 1 bound to OS proc set {1-32}
OMP: pid 43962 tid 43977 thread 3 bound to OS proc set {1-32}
OMP: pid 43962 tid 43974 thread 2 bound to OS proc set {1-32}
OMP: pid 43962 tid 43995 thread 8 bound to OS proc set {1-32}
OMP: pid 43962 tid 44006 thread 11 bound to OS proc set {1-32}
OMP: pid 43962 tid 44077 thread 31 bound to OS proc set {1-32}
OMP: pid 43962 tid 43991 thread 7 bound to OS proc set {1-32}
OMP: pid 43962 tid 43980 thread 4 bound to OS proc set {1-32}
OMP: pid 43962 tid 44022 thread 16 bound to OS proc set {1-32}
OMP: pid 43962 tid 44010 thread 12 bound to OS proc set {1-32}
OMP: pid 43962 tid 43987 thread 6 bound to OS proc set {1-32}
OMP: pid 43962 tid 43998 thread 9 bound to OS proc set {1-32}
OMP: pid 43962 tid 44018 thread 15 bound to OS proc set {1-32}
OMP: pid 43962 tid 44003 thread 10 bound to OS proc set {1-32}
OMP: pid 43962 tid 44029 thread 18 bound to OS proc set {1-32}
OMP: pid 43962 tid 44066 thread 28 bound to OS proc set {1-32}
OMP: pid 43962 tid 44031 thread 19 bound to OS proc set {1-32}
OMP: pid 43962 tid 44016 thread 14 bound to OS proc set {1-32}
OMP: pid 43962 tid 43983 thread 5 bound to OS proc set {1-32}
OMP: pid 43962 tid 44014 thread 13 bound to OS proc set {1-32}
OMP: pid 43962 tid 44026 thread 17 bound to OS proc set {1-32}
OMP: pid 43962 tid 44074 thread 30 bound to OS proc set {1-32}
OMP: pid 43962 tid 44071 thread 29 bound to OS proc set {1-32}
OMP: pid 43962 tid 44035 thread 20 bound to OS proc set {1-32}
OMP: pid 43962 tid 44046 thread 23 bound to OS proc set {1-32}
OMP: pid 43962 tid 44050 thread 24 bound to OS proc set {1-32}
OMP: pid 43962 tid 44059 thread 26 bound to OS proc set {1-32}
OMP: pid 43962 tid 44044 thread 22 bound to OS proc set {1-32}
OMP: pid 43962 tid 44055 thread 25 bound to OS proc set {1-32}
OMP: pid 43962 tid 44040 thread 21 bound to OS proc set {1-32}
OMP: pid 43962 tid 44061 thread 27 bound to OS proc set {1-32}


 NAS Parallel Benchmarks (NPB3.4-OMP) - EP Benchmark

 Number of random numbers generated:      8589934592
 Number of available threads:                     32

EP Benchmark Results:

CPU Time =     3.143
N = 2^   32
No. Gaussian Pairs =    3373275903.
Sums =     2.691444083863086D+09    2.691519118724447D+09
Counts:
  0    1572172634.
  1    1501108549.
  2     281805648.
  3      17761221.
  4        424017.
  5          3821.
  6            13.
  7             0.
  8             0.
  9             0.


 EP Benchmark Completed.
 Class           =                        C
 Size            =               8589934592
 Iterations      =                        0
 Time in seconds =                     3.14
 Total threads   =                       32
 Avail threads   =                       32
 Mop/s total     =                  2733.41
 Mop/s/thread    =                    85.42
 Operation type  = Random numbers generated
 Verification    =               SUCCESSFUL
 Version         =                    3.4.3
 Compile date    =              18 Feb 2026

 Compile options:
    FC           = gfortran
    FLINK        = $(FC)
    F_LIB        = -L/dss/dsshome1/09/ga27qam2/llvm-project/bu...
    F_INC        = (none)
    FFLAGS       = -O3 -fopenmp
    FLINKFLAGS   = -O3 -fopenmp
    RAND         = randi8


 Please send all errors/feedbacks to:

 NPB Development Team
 npb@nas.nasa.gov


