OMP: pid 43960 tid 43960 thread 0 bound to OS proc set {56-87}
OMP: pid 43960 tid 43965 thread 3 bound to OS proc set {56-87}
OMP: pid 43960 tid 43963 thread 1 bound to OS proc set {56-87}
OMP: pid 43960 tid 44000 thread 12 bound to OS proc set {56-87}
OMP: pid 43960 tid 43996 thread 11 bound to OS proc set {56-87}
OMP: pid 43960 tid 44011 thread 14 bound to OS proc set {56-87}
OMP: pid 43960 tid 43992 thread 10 bound to OS proc set {56-87}
OMP: pid 43960 tid 44004 thread 13 bound to OS proc set {56-87}
OMP: pid 43960 tid 43966 thread 4 bound to OS proc set {56-87}
OMP: pid 43960 tid 43985 thread 8 bound to OS proc set {56-87}
OMP: pid 43960 tid 43979 thread 7 bound to OS proc set {56-87}
OMP: pid 43960 tid 43964 thread 2 bound to OS proc set {56-87}
OMP: pid 43960 tid 43988 thread 9 bound to OS proc set {56-87}
OMP: pid 43960 tid 43969 thread 5 bound to OS proc set {56-87}
OMP: pid 43960 tid 43973 thread 6 bound to OS proc set {56-87}
OMP: pid 43960 tid 44076 thread 28 bound to OS proc set {56-87}
OMP: pid 43960 tid 44083 thread 31 bound to OS proc set {56-87}
OMP: pid 43960 tid 44062 thread 24 bound to OS proc set {56-87}
OMP: pid 43960 tid 44043 thread 20 bound to OS proc set {56-87}
OMP: pid 43960 tid 44065 thread 25 bound to OS proc set {56-87}
OMP: pid 43960 tid 44069 thread 26 bound to OS proc set {56-87}
OMP: pid 43960 tid 44053 thread 22 bound to OS proc set {56-87}
OMP: pid 43960 tid 44056 thread 23 bound to OS proc set {56-87}
OMP: pid 43960 tid 44049 thread 21 bound to OS proc set {56-87}
OMP: pid 43960 tid 44023 thread 16 bound to OS proc set {56-87}
OMP: pid 43960 tid 44038 thread 19 bound to OS proc set {56-87}
OMP: pid 43960 tid 44027 thread 17 bound to OS proc set {56-87}
OMP: pid 43960 tid 44033 thread 18 bound to OS proc set {56-87}
OMP: pid 43960 tid 44079 thread 29 bound to OS proc set {56-87}
OMP: pid 43960 tid 44019 thread 15 bound to OS proc set {56-87}
OMP: pid 43960 tid 44081 thread 30 bound to OS proc set {56-87}
OMP: pid 43960 tid 44073 thread 27 bound to OS proc set {56-87}


 NAS Parallel Benchmarks (NPB3.4-OMP) - EP Benchmark

 Number of random numbers generated:      8589934592
 Number of available threads:                     32

EP Benchmark Results:

CPU Time =     3.660
N = 2^   32
No. Gaussian Pairs =    3373275903.
Sums =     2.691444083863086D+09    2.691519118724447D+09
Counts:
  0    1572172634.
  1    1501108549.
  2     281805648.
  3      17761221.
  4        424017.
  5          3821.
  6            13.
  7             0.
  8             0.
  9             0.


 EP Benchmark Completed.
 Class           =                        C
 Size            =               8589934592
 Iterations      =                        0
 Time in seconds =                     3.66
 Total threads   =                       32
 Avail threads   =                       32
 Mop/s total     =                  2347.29
 Mop/s/thread    =                    73.35
 Operation type  = Random numbers generated
 Verification    =               SUCCESSFUL
 Version         =                    3.4.3
 Compile date    =              18 Feb 2026

 Compile options:
    FC           = gfortran
    FLINK        = $(FC)
    F_LIB        = -L/dss/dsshome1/09/ga27qam2/llvm-project/bu...
    F_INC        = (none)
    FFLAGS       = -O3 -fopenmp
    FLINKFLAGS   = -O3 -fopenmp
    RAND         = randi8


 Please send all errors/feedbacks to:

 NPB Development Team
 npb@nas.nasa.gov


