[DRM-pin] pid=109729 tid=109733 assigned=1-16 running_on=11
[DRM-pin] pid=109729 tid=109751 assigned=1-16 running_on=1
[DRM-pin] pid=109729 tid=109743 assigned=1-16 running_on=8
[DRM-pin] pid=109729 tid=109745 assigned=1-16 running_on=3
[DRM-pin] pid=109729 tid=109737 assigned=1-16 running_on=15
[DRM-pin] pid=109729 tid=109750 assigned=1-16 running_on=5
[DRM-pin] pid=109729 tid=109738 assigned=1-16 running_on=2
[DRM-pin] pid=109729 tid=109731 assigned=1-16 running_on=10
[DRM-pin] pid=109729 tid=109740 assigned=1-16 running_on=4
[DRM-pin] pid=109729 tid=109741 assigned=1-16 running_on=7
[DRM-pin] pid=109729 tid=109736 assigned=1-16 running_on=14
[DRM-pin] pid=109729 tid=109748 assigned=1-16 running_on=9
[DRM-pin] pid=109729 tid=109735 assigned=1-16 running_on=13
[DRM-pin] pid=109729 tid=109734 assigned=1-16 running_on=12
[DRM-pin] pid=109729 tid=109746 assigned=1-16 running_on=6


 NAS Parallel Benchmarks (NPB3.4-OMP) - FT Benchmark

 Size                :  512x 512x 512
 Iterations                  :     20
 Number of available threads :     16

 T =    1     Checksum =    5.195078707457D+02    5.149019699238D+02
 T =    2     Checksum =    5.155422171134D+02    5.127578201997D+02
 T =    3     Checksum =    5.144678022222D+02    5.122251847514D+02
 T =    4     Checksum =    5.140150594328D+02    5.121090289018D+02
 T =    5     Checksum =    5.137550426810D+02    5.121143685824D+02
 T =    6     Checksum =    5.135811056728D+02    5.121496764568D+02
 T =    7     Checksum =    5.134569343165D+02    5.121870921893D+02
 T =    8     Checksum =    5.133651975661D+02    5.122193250322D+02
 T =    9     Checksum =    5.132955192805D+02    5.122454735794D+02
 T =   10     Checksum =    5.132410471738D+02    5.122663649603D+02
 T =   11     Checksum =    5.131971141679D+02    5.122830879827D+02
 T =   12     Checksum =    5.131605205716D+02    5.122965869718D+02
 T =   13     Checksum =    5.131290734194D+02    5.123075927445D+02
 T =   14     Checksum =    5.131012720314D+02    5.123166486553D+02
 T =   15     Checksum =    5.130760908195D+02    5.123241541685D+02
 T =   16     Checksum =    5.130528295923D+02    5.123304037599D+02
 T =   17     Checksum =    5.130310107773D+02    5.123356167976D+02
 T =   18     Checksum =    5.130103090133D+02    5.123399592211D+02
 T =   19     Checksum =    5.129905029333D+02    5.123435588985D+02
 T =   20     Checksum =    5.129714421109D+02    5.123465164008D+02
 Result verification successful
 class = C


 FT Benchmark Completed.
 Class           =                        C
 Size            =            512x 512x 512
 Iterations      =                       20
 Time in seconds =                     7.47
 Total threads   =                       16
 Avail threads   =                       16
 Mop/s total     =                 53049.90
 Mop/s/thread    =                  3315.62
 Operation type  =           floating point
 Verification    =               SUCCESSFUL
 Version         =                    3.4.3
 Compile date    =              03 Sep 2026

 Compile options:
    FC           = gfortran
    FLINK        = $(FC)
    F_LIB        = -L$(LLVM_BUILD)/lib -lomp
    F_INC        = (none)
    FFLAGS       = -O3 -fopenmp
    FLINKFLAGS   = -O3 -fopenmp
    RAND         = randi8


 Please send all errors/feedbacks to:

 NPB Development Team
 npb@nas.nasa.gov


