OMP: pid 30015 tid 30039 thread 4 bound to OS proc set {56-63}
OMP: pid 30015 tid 30035 thread 2 bound to OS proc set {56-63}
OMP: pid 30015 tid 30015 thread 0 bound to OS proc set {56-63}
OMP: pid 30015 tid 30029 thread 1 bound to OS proc set {56-63}
OMP: pid 30015 tid 30041 thread 5 bound to OS proc set {56-63}
OMP: pid 30015 tid 30037 thread 3 bound to OS proc set {56-63}
OMP: pid 30015 tid 30045 thread 7 bound to OS proc set {56-63}
OMP: pid 30015 tid 30043 thread 6 bound to OS proc set {56-63}


 NAS Parallel Benchmarks (NPB3.4-OMP) - CG Benchmark

 Size:      150000
 Iterations:                     75
 Number of available threads:     8

 Initialization time =           3.579 seconds

   iteration           ||r||                 zeta
        1       0.35330658205462E-12   109.9994423237398
        5       0.89139598214182E-15    28.6471670038896
       10       0.91178727775020E-15    28.9496695449001
       15       0.90799594610335E-15    28.9716336228371
       20       0.91471234544851E-15    28.9734210663752
       25       0.90873608337641E-15    28.9735863059386
       30       0.90874557756981E-15    28.9736033967633
       35       0.90984590992450E-15    28.9736053266247
       40       0.90662640613966E-15    28.9736055590700
       45       0.90777324018381E-15    28.9736055884130
       50       0.90871847396607E-15    28.9736055922483
       55       0.90312926334951E-15    28.9736055927634
       60       0.90795824000567E-15    28.9736055928341
       65       0.90690478196003E-15    28.9736055928440
       70       0.90139157159496E-15    28.9736055928451
       75       0.90229630695160E-15    28.9736055928456
 Benchmark completed 
 VERIFICATION SUCCESSFUL 
 Zeta is     0.2897360559285E+02
 Error is    0.2023213007175E-13


 CG Benchmark Completed.
 Class           =                        C
 Size            =                   150000
 Iterations      =                       75
 Time in seconds =                    30.97
 Total threads   =                        8
 Avail threads   =                        8
 Mop/s total     =                  4628.57
 Mop/s/thread    =                   578.57
 Operation type  =           floating point
 Verification    =               SUCCESSFUL
 Version         =                    3.4.3
 Compile date    =              18 Feb 2026

 Compile options:
    FC           = gfortran
    FLINK        = $(FC)
    F_LIB        = -L/dss/dsshome1/09/ga27qam2/llvm-project/bu...
    F_INC        = (none)
    FFLAGS       = -O3 -fopenmp
    FLINKFLAGS   = -O3 -fopenmp
    RAND         = randi8


 Please send all errors/feedbacks to:

 NPB Development Team
 npb@nas.nasa.gov


