OMP: pid 30012 tid 30020 thread 4 bound to OS proc set {1-8}
OMP: pid 30012 tid 30019 thread 3 bound to OS proc set {1-8}
OMP: pid 30012 tid 30012 thread 0 bound to OS proc set {1-8}
OMP: pid 30012 tid 30021 thread 5 bound to OS proc set {1-8}
OMP: pid 30012 tid 30022 thread 6 bound to OS proc set {1-8}
OMP: pid 30012 tid 30018 thread 2 bound to OS proc set {1-8}
OMP: pid 30012 tid 30016 thread 1 bound to OS proc set {1-8}
OMP: pid 30012 tid 30027 thread 7 bound to OS proc set {1-8}
OMP: pid 30012 tid 30012 thread 0 bound to OS proc set {1-8}
OMP: pid 30012 tid 30018 thread 2 bound to OS proc set {1-8}
OMP: pid 30012 tid 30019 thread 3 bound to OS proc set {1-8}
OMP: pid 30012 tid 30016 thread 1 bound to OS proc set {1-8}


 NAS Parallel Benchmarks (NPB3.4-OMP) - CG Benchmark

 Size:      150000
 Iterations:                     75
 Number of available threads:     8

 Initialization time =           3.421 seconds

   iteration           ||r||                 zeta
        1       0.35328997525708E-12   109.9994423237398
        5       0.89206391654341E-15    28.6471670038893
       10       0.91200992624773E-15    28.9496695449003
       15       0.90763616612159E-15    28.9716336228371
       20       0.91479392380226E-15    28.9734210663748
       25       0.90901281336097E-15    28.9735863059382
       30       0.91097826972873E-15    28.9736033967627
       35       0.91070171183375E-15    28.9736053266246
       40       0.90755444708280E-15    28.9736055590699
       45       0.91084717898524E-15    28.9736055884132
       50       0.90974263158793E-15    28.9736055922485
       55       0.90322368514436E-15    28.9736055927632
       60       0.90825921361690E-15    28.9736055928339
       65       0.90514478599516E-15    28.9736055928441
       70       0.90333516802547E-15    28.9736055928455
       75       0.90144732902548E-15    28.9736055928458
 Benchmark completed 
 VERIFICATION SUCCESSFUL 
 Zeta is     0.2897360559285E+02
 Error is    0.2807974416019E-13


 CG Benchmark Completed.
 Class           =                        C
 Size            =                   150000
 Iterations      =                       75
 Time in seconds =                    21.94
 Total threads   =                        4
 Avail threads   =                        8
 Warning: Threads used differ from threads available
 Mop/s total     =                  6532.30
 Mop/s/thread    =                  1633.08
 Operation type  =           floating point
 Verification    =               SUCCESSFUL
 Version         =                    3.4.3
 Compile date    =              18 Feb 2026

 Compile options:
    FC           = gfortran
    FLINK        = $(FC)
    F_LIB        = -L/dss/dsshome1/09/ga27qam2/llvm-project/bu...
    F_INC        = (none)
    FFLAGS       = -O3 -fopenmp
    FLINKFLAGS   = -O3 -fopenmp
    RAND         = randi8


 Please send all errors/feedbacks to:

 NPB Development Team
 npb@nas.nasa.gov


