OMP: pid 25536 tid 25540 thread 1 bound to OS proc set {1-4}
OMP: pid 25536 tid 25545 thread 2 bound to OS proc set {1-4}
OMP: pid 25536 tid 25546 thread 3 bound to OS proc set {1-4}
OMP: pid 25536 tid 25536 thread 0 bound to OS proc set {1-4}
OMP: pid 25536 tid 25536 thread 0 bound to OS proc set {1-4}
OMP: pid 25536 tid 25540 thread 1 bound to OS proc set {1-4}


 NAS Parallel Benchmarks (NPB3.4-OMP) - CG Benchmark

 Size:      150000
 Iterations:                     75
 Number of available threads:     4

 Initialization time =           6.059 seconds

   iteration           ||r||                 zeta
        1       0.35328997525708E-12   109.9994423237398
        5       0.89078025418570E-15    28.6471670038882
       10       0.91274815082563E-15    28.9496695449005
       15       0.90640269420687E-15    28.9716336228368
       20       0.91844655862200E-15    28.9734210663758
       25       0.90836969067882E-15    28.9735863059383
       30       0.90994682380125E-15    28.9736033967627
       35       0.91185895636787E-15    28.9736053266252
       40       0.90646796497774E-15    28.9736055590703
       45       0.90748302391764E-15    28.9736055884132
       50       0.90909123416388E-15    28.9736055922487
       55       0.90276270246402E-15    28.9736055927623
       60       0.90732617891567E-15    28.9736055928346
       65       0.90365897564722E-15    28.9736055928435
       70       0.90218428975056E-15    28.9736055928450
       75       0.90123112672257E-15    28.9736055928458
 Benchmark completed 
 VERIFICATION SUCCESSFUL 
 Zeta is     0.2897360559285E+02
 Error is    0.2611784063808E-13


 CG Benchmark Completed.
 Class           =                        C
 Size            =                   150000
 Iterations      =                       75
 Time in seconds =                    43.40
 Total threads   =                        2
 Avail threads   =                        4
 Warning: Threads used differ from threads available
 Mop/s total     =                  3302.72
 Mop/s/thread    =                  1651.36
 Operation type  =           floating point
 Verification    =               SUCCESSFUL
 Version         =                    3.4.3
 Compile date    =              18 Feb 2026

 Compile options:
    FC           = gfortran
    FLINK        = $(FC)
    F_LIB        = -L/dss/dsshome1/09/ga27qam2/llvm-project/bu...
    F_INC        = (none)
    FFLAGS       = -O3 -fopenmp
    FLINKFLAGS   = -O3 -fopenmp
    RAND         = randi8


 Please send all errors/feedbacks to:

 NPB Development Team
 npb@nas.nasa.gov


