OMP: pid 182520 tid 182520 thread 0 bound to OS proc set {1}
OMP: pid 182520 tid 182534 thread 8 bound to OS proc set {17}
OMP: pid 182520 tid 182525 thread 3 bound to OS proc set {7}
OMP: pid 182520 tid 182545 thread 15 bound to OS proc set {31}
OMP: pid 182520 tid 182539 thread 11 bound to OS proc set {23}
OMP: pid 182520 tid 182522 thread 1 bound to OS proc set {3}
OMP: pid 182520 tid 182543 thread 14 bound to OS proc set {29}
OMP: pid 182520 tid 182526 thread 4 bound to OS proc set {9}
OMP: pid 182520 tid 182530 thread 7 bound to OS proc set {15}
OMP: pid 182520 tid 182536 thread 9 bound to OS proc set {19}
OMP: pid 182520 tid 182524 thread 2 bound to OS proc set {5}
OMP: pid 182520 tid 182540 thread 12 bound to OS proc set {25}
OMP: pid 182520 tid 182541 thread 13 bound to OS proc set {27}
OMP: pid 182520 tid 182537 thread 10 bound to OS proc set {21}
OMP: pid 182520 tid 182527 thread 5 bound to OS proc set {11}
OMP: pid 182520 tid 182528 thread 6 bound to OS proc set {13}


 NAS Parallel Benchmarks (NPB3.4-OMP) - CG Benchmark

 Size:      150000
 Iterations:                     75
 Number of available threads:    16

 Initialization time =           0.863 seconds

   iteration           ||r||                 zeta
        1       0.35303819593187E-12   109.9994423237398
        5       0.89193189714834E-15    28.6471670038896
       10       0.91193366014840E-15    28.9496695449000
       15       0.90564020071346E-15    28.9716336228373
       20       0.91537335984138E-15    28.9734210663750
       25       0.90929078582195E-15    28.9735863059385
       30       0.90866170694353E-15    28.9736033967630
       35       0.91061935944526E-15    28.9736053266249
       40       0.90505902921350E-15    28.9736055590700
       45       0.90972887447068E-15    28.9736055884129
       50       0.91065332935658E-15    28.9736055922482
       55       0.90377965001167E-15    28.9736055927636
       60       0.90812618152022E-15    28.9736055928341
       65       0.90721041416784E-15    28.9736055928438
       70       0.90288828039890E-15    28.9736055928452
       75       0.90217309170369E-15    28.9736055928454
 Benchmark completed 
 VERIFICATION SUCCESSFUL 
 Zeta is     0.2897360559285E+02
 Error is    0.1483689538595E-13


 CG Benchmark Completed.
 Class           =                        C
 Size            =                   150000
 Iterations      =                       75
 Time in seconds =                     6.29
 Total threads   =                       16
 Avail threads   =                       16
 Mop/s total     =                 22786.95
 Mop/s/thread    =                  1424.18
 Operation type  =           floating point
 Verification    =               SUCCESSFUL
 Version         =                    3.4.3
 Compile date    =              18 Feb 2026

 Compile options:
    FC           = gfortran
    FLINK        = $(FC)
    F_LIB        = -L/dss/dsshome1/09/ga27qam2/llvm-project/bu...
    F_INC        = (none)
    FFLAGS       = -O3 -fopenmp
    FLINKFLAGS   = -O3 -fopenmp
    RAND         = randi8


 Please send all errors/feedbacks to:

 NPB Development Team
 npb@nas.nasa.gov


