OMP: pid 185284 tid 185284 thread 0 bound to OS proc set {1}
OMP: pid 185284 tid 185294 thread 1 bound to OS proc set {2}
OMP: pid 185284 tid 185298 thread 3 bound to OS proc set {4}
OMP: pid 185284 tid 185325 thread 15 bound to OS proc set {16}
OMP: pid 185284 tid 185317 thread 11 bound to OS proc set {12}
OMP: pid 185284 tid 185332 thread 19 bound to OS proc set {20}
OMP: pid 185284 tid 185296 thread 2 bound to OS proc set {3}
OMP: pid 185284 tid 185323 thread 14 bound to OS proc set {15}
OMP: pid 185284 tid 185312 thread 9 bound to OS proc set {10}
OMP: pid 185284 tid 185310 thread 8 bound to OS proc set {9}
OMP: pid 185284 tid 185313 thread 10 bound to OS proc set {11}
OMP: pid 185284 tid 185340 thread 24 bound to OS proc set {25}
OMP: pid 185284 tid 185309 thread 7 bound to OS proc set {8}
OMP: pid 185284 tid 185306 thread 6 bound to OS proc set {7}
OMP: pid 185284 tid 185333 thread 20 bound to OS proc set {21}
OMP: pid 185284 tid 185346 thread 30 bound to OS proc set {31}
OMP: pid 185284 tid 185345 thread 29 bound to OS proc set {30}
OMP: pid 185284 tid 185326 thread 16 bound to OS proc set {17}
OMP: pid 185284 tid 185337 thread 22 bound to OS proc set {23}
OMP: pid 185284 tid 185319 thread 13 bound to OS proc set {14}
OMP: pid 185284 tid 185318 thread 12 bound to OS proc set {13}
OMP: pid 185284 tid 185339 thread 23 bound to OS proc set {24}
OMP: pid 185284 tid 185342 thread 26 bound to OS proc set {27}
OMP: pid 185284 tid 185304 thread 5 bound to OS proc set {6}
OMP: pid 185284 tid 185330 thread 18 bound to OS proc set {19}
OMP: pid 185284 tid 185341 thread 25 bound to OS proc set {26}
OMP: pid 185284 tid 185302 thread 4 bound to OS proc set {5}
OMP: pid 185284 tid 185344 thread 28 bound to OS proc set {29}
OMP: pid 185284 tid 185343 thread 27 bound to OS proc set {28}
OMP: pid 185284 tid 185327 thread 17 bound to OS proc set {18}
OMP: pid 185284 tid 185335 thread 21 bound to OS proc set {22}
OMP: pid 185284 tid 185347 thread 31 bound to OS proc set {32}


 NAS Parallel Benchmarks (NPB3.4-OMP) - CG Benchmark

 Size:      150000
 Iterations:                     75
 Number of available threads:    32

 Initialization time =           0.517 seconds

   iteration           ||r||                 zeta
        1       0.35318161069270E-12   109.9994423237398
        5       0.89275188551341E-15    28.6471670038895
       10       0.91104532953865E-15    28.9496695449000
       15       0.90604114593514E-15    28.9716336228371
       20       0.91331699439744E-15    28.9734210663748
       25       0.90863118386459E-15    28.9735863059384
       30       0.90953202799958E-15    28.9736033967630
       35       0.90885580150446E-15    28.9736053266249
       40       0.90592669700855E-15    28.9736055590699
       45       0.91206700644845E-15    28.9736055884127
       50       0.91048795760412E-15    28.9736055922484
       55       0.90304198539326E-15    28.9736055927634
       60       0.90896619352814E-15    28.9736055928340
       65       0.90706576500971E-15    28.9736055928439
       70       0.90136172173834E-15    28.9736055928453
       75       0.90206445993302E-15    28.9736055928455
 Benchmark completed 
 VERIFICATION SUCCESSFUL 
 Zeta is     0.2897360559285E+02
 Error is    0.1728927478859E-13


 CG Benchmark Completed.
 Class           =                        C
 Size            =                   150000
 Iterations      =                       75
 Time in seconds =                     3.69
 Total threads   =                       32
 Avail threads   =                       32
 Mop/s total     =                 38802.97
 Mop/s/thread    =                  1212.59
 Operation type  =           floating point
 Verification    =               SUCCESSFUL
 Version         =                    3.4.3
 Compile date    =              18 Feb 2026

 Compile options:
    FC           = gfortran
    FLINK        = $(FC)
    F_LIB        = -L/dss/dsshome1/09/ga27qam2/llvm-project/bu...
    F_INC        = (none)
    FFLAGS       = -O3 -fopenmp
    FLINKFLAGS   = -O3 -fopenmp
    RAND         = randi8


 Please send all errors/feedbacks to:

 NPB Development Team
 npb@nas.nasa.gov


