OMP: pid 177720 tid 177720 thread 0 bound to OS proc set {1}
OMP: pid 177720 tid 177727 thread 3 bound to OS proc set {25}
OMP: pid 177720 tid 177722 thread 1 bound to OS proc set {9}
OMP: pid 177720 tid 177725 thread 2 bound to OS proc set {17}


 NAS Parallel Benchmarks (NPB3.4-OMP) - CG Benchmark

 Size:      150000
 Iterations:                     75
 Number of available threads:     4

 Initialization time =           3.036 seconds

   iteration           ||r||                 zeta
        1       0.35339539423836E-12   109.9994423237398
        5       0.89248678606866E-15    28.6471670038893
       10       0.91200177227466E-15    28.9496695449003
       15       0.90719142553810E-15    28.9716336228371
       20       0.91416003022737E-15    28.9734210663747
       25       0.90872957276094E-15    28.9735863059382
       30       0.91083159343722E-15    28.9736033967627
       35       0.91190141612640E-15    28.9736053266246
       40       0.90725220030607E-15    28.9736055590700
       45       0.91097457040645E-15    28.9736055884132
       50       0.91024925253601E-15    28.9736055922485
       55       0.90269006593456E-15    28.9736055927632
       60       0.90745214261032E-15    28.9736055928339
       65       0.90482667337384E-15    28.9736055928440
       70       0.90237362856754E-15    28.9736055928455
       75       0.90059141328693E-15    28.9736055928458
 Benchmark completed 
 VERIFICATION SUCCESSFUL 
 Zeta is     0.2897360559285E+02
 Error is    0.2709879239913E-13


 CG Benchmark Completed.
 Class           =                        C
 Size            =                   150000
 Iterations      =                       75
 Time in seconds =                    22.57
 Total threads   =                        4
 Avail threads   =                        4
 Mop/s total     =                  6349.92
 Mop/s/thread    =                  1587.48
 Operation type  =           floating point
 Verification    =               SUCCESSFUL
 Version         =                    3.4.3
 Compile date    =              18 Feb 2026

 Compile options:
    FC           = gfortran
    FLINK        = $(FC)
    F_LIB        = -L/dss/dsshome1/09/ga27qam2/llvm-project/bu...
    F_INC        = (none)
    FFLAGS       = -O3 -fopenmp
    FLINKFLAGS   = -O3 -fopenmp
    RAND         = randi8


 Please send all errors/feedbacks to:

 NPB Development Team
 npb@nas.nasa.gov


