OMP: pid 182521 tid 182521 thread 0 bound to OS proc set {56}
OMP: pid 182521 tid 182535 thread 3 bound to OS proc set {62}
OMP: pid 182521 tid 182533 thread 2 bound to OS proc set {60}
OMP: pid 182521 tid 182529 thread 1 bound to OS proc set {58}
OMP: pid 182521 tid 182551 thread 12 bound to OS proc set {80}
OMP: pid 182521 tid 182546 thread 7 bound to OS proc set {70}
OMP: pid 182521 tid 182547 thread 8 bound to OS proc set {72}
OMP: pid 182521 tid 182550 thread 11 bound to OS proc set {78}
OMP: pid 182521 tid 182538 thread 4 bound to OS proc set {64}
OMP: pid 182521 tid 182553 thread 14 bound to OS proc set {84}
OMP: pid 182521 tid 182544 thread 6 bound to OS proc set {68}
OMP: pid 182521 tid 182554 thread 15 bound to OS proc set {86}
OMP: pid 182521 tid 182549 thread 10 bound to OS proc set {76}
OMP: pid 182521 tid 182552 thread 13 bound to OS proc set {82}
OMP: pid 182521 tid 182542 thread 5 bound to OS proc set {66}
OMP: pid 182521 tid 182548 thread 9 bound to OS proc set {74}


 NAS Parallel Benchmarks (NPB3.4-OMP) - CG Benchmark

 Size:      150000
 Iterations:                     75
 Number of available threads:    16

 Initialization time =           0.863 seconds

   iteration           ||r||                 zeta
        1       0.35313026942157E-12   109.9994423237398
        5       0.89191702430391E-15    28.6471670038897
       10       0.91197273412938E-15    28.9496695449000
       15       0.90556984959716E-15    28.9716336228373
       20       0.91553164409856E-15    28.9734210663751
       25       0.91047888746077E-15    28.9735863059385
       30       0.90919535253554E-15    28.9736033967630
       35       0.91028570233078E-15    28.9736053266248
       40       0.90643145446749E-15    28.9736055590700
       45       0.91166430124068E-15    28.9736055884129
       50       0.90946591282982E-15    28.9736055922483
       55       0.90378974253576E-15    28.9736055927636
       60       0.90939930651074E-15    28.9736055928342
       65       0.90867235163678E-15    28.9736055928438
       70       0.90222115046542E-15    28.9736055928453
       75       0.90222727931765E-15    28.9736055928455
 Benchmark completed 
 VERIFICATION SUCCESSFUL 
 Zeta is     0.2897360559285E+02
 Error is    0.1581784714701E-13


 CG Benchmark Completed.
 Class           =                        C
 Size            =                   150000
 Iterations      =                       75
 Time in seconds =                     6.27
 Total threads   =                       16
 Avail threads   =                       16
 Mop/s total     =                 22869.74
 Mop/s/thread    =                  1429.36
 Operation type  =           floating point
 Verification    =               SUCCESSFUL
 Version         =                    3.4.3
 Compile date    =              18 Feb 2026

 Compile options:
    FC           = gfortran
    FLINK        = $(FC)
    F_LIB        = -L/dss/dsshome1/09/ga27qam2/llvm-project/bu...
    F_INC        = (none)
    FFLAGS       = -O3 -fopenmp
    FLINKFLAGS   = -O3 -fopenmp
    RAND         = randi8


 Please send all errors/feedbacks to:

 NPB Development Team
 npb@nas.nasa.gov


