OMP: pid 221432 tid 221453 thread 2 bound to OS proc set {64-71}
OMP: pid 221432 tid 221432 thread 0 bound to OS proc set {64-71}
OMP: pid 221432 tid 221454 thread 3 bound to OS proc set {64-71}
OMP: pid 221432 tid 221452 thread 1 bound to OS proc set {64-71}
OMP: pid 221432 tid 221456 thread 4 bound to OS proc set {64-71}
OMP: pid 221432 tid 221458 thread 5 bound to OS proc set {64-71}
OMP: pid 221432 tid 221462 thread 7 bound to OS proc set {64-71}
OMP: pid 221432 tid 221460 thread 6 bound to OS proc set {64-71}


 NAS Parallel Benchmarks (NPB3.4-OMP) - CG Benchmark

 Size:      150000
 Iterations:                     75
 Number of available threads:     8

 Initialization time =           3.050 seconds

   iteration           ||r||                 zeta
        1       0.35330304096474E-12   109.9994423237398
        5       0.89273316171654E-15    28.6471670038896
       10       0.91112174901875E-15    28.9496695449000
       15       0.90768298174788E-15    28.9716336228371
       20       0.91331141296150E-15    28.9734210663752
       25       0.90885824154014E-15    28.9735863059386
       30       0.90926955078636E-15    28.9736033967633
       35       0.91000669278935E-15    28.9736053266247
       40       0.90715676110250E-15    28.9736055590700
       45       0.90879686964190E-15    28.9736055884130
       50       0.90987586579314E-15    28.9736055922483
       55       0.90232893165837E-15    28.9736055927634
       60       0.90741709991065E-15    28.9736055928341
       65       0.90645359931927E-15    28.9736055928440
       70       0.90140313145002E-15    28.9736055928451
       75       0.90263215468395E-15    28.9736055928456
 Benchmark completed 
 VERIFICATION SUCCESSFUL 
 Zeta is     0.2897360559285E+02
 Error is    0.2023213007175E-13


 CG Benchmark Completed.
 Class           =                        C
 Size            =                   150000
 Iterations      =                       75
 Time in seconds =                    31.30
 Total threads   =                        8
 Avail threads   =                        8
 Mop/s total     =                  4579.30
 Mop/s/thread    =                   572.41
 Operation type  =           floating point
 Verification    =               SUCCESSFUL
 Version         =                    3.4.3
 Compile date    =              03 Sep 2026

 Compile options:
    FC           = gfortran
    FLINK        = $(FC)
    F_LIB        = -L$(LLVM_BUILD)/lib -lomp
    F_INC        = (none)
    FFLAGS       = -O3 -fopenmp
    FLINKFLAGS   = -O3 -fopenmp
    RAND         = randi8


 Please send all errors/feedbacks to:

 NPB Development Team
 npb@nas.nasa.gov


