OMP: pid 221435 tid 221455 thread 3 bound to OS proc set {64-71}
OMP: pid 221435 tid 221435 thread 0 bound to OS proc set {64-71}
OMP: pid 221435 tid 221451 thread 2 bound to OS proc set {64-71}
OMP: pid 221435 tid 221450 thread 1 bound to OS proc set {64-71}
OMP: pid 221435 tid 221463 thread 7 bound to OS proc set {64-71}
OMP: pid 221435 tid 221457 thread 4 bound to OS proc set {64-71}
OMP: pid 221435 tid 221459 thread 5 bound to OS proc set {64-71}
OMP: pid 221435 tid 221461 thread 6 bound to OS proc set {64-71}


 NAS Parallel Benchmarks (NPB3.4-OMP) - CG Benchmark

 Size:      150000
 Iterations:                     75
 Number of available threads:     8

 Initialization time =           3.081 seconds

   iteration           ||r||                 zeta
        1       0.35332034486987E-12   109.9994423237398
        5       0.89192338334838E-15    28.6471670038896
       10       0.91240261945803E-15    28.9496695449000
       15       0.90634069601593E-15    28.9716336228371
       20       0.91492394918734E-15    28.9734210663752
       25       0.90849222562611E-15    28.9735863059386
       30       0.90764216370420E-15    28.9736033967633
       35       0.91093680129704E-15    28.9736053266247
       40       0.90610462774049E-15    28.9736055590700
       45       0.90887208418275E-15    28.9736055884130
       50       0.91028150988367E-15    28.9736055922483
       55       0.90321547625387E-15    28.9736055927634
       60       0.90695220319029E-15    28.9736055928341
       65       0.90713972845249E-15    28.9736055928440
       70       0.90162299232361E-15    28.9736055928452
       75       0.90193628817749E-15    28.9736055928456
 Benchmark completed 
 VERIFICATION SUCCESSFUL 
 Zeta is     0.2897360559285E+02
 Error is    0.2023213007175E-13


 CG Benchmark Completed.
 Class           =                        C
 Size            =                   150000
 Iterations      =                       75
 Time in seconds =                    32.54
 Total threads   =                        8
 Avail threads   =                        8
 Mop/s total     =                  4405.63
 Mop/s/thread    =                   550.70
 Operation type  =           floating point
 Verification    =               SUCCESSFUL
 Version         =                    3.4.3
 Compile date    =              03 Sep 2026

 Compile options:
    FC           = gfortran
    FLINK        = $(FC)
    F_LIB        = -L$(LLVM_BUILD)/lib -lomp
    F_INC        = (none)
    FFLAGS       = -O3 -fopenmp
    FLINKFLAGS   = -O3 -fopenmp
    RAND         = randi8


 Please send all errors/feedbacks to:

 NPB Development Team
 npb@nas.nasa.gov


