OMP: pid 69539 tid 69574 thread 1 bound to OS proc set {64-79}
OMP: pid 69539 tid 69539 thread 0 bound to OS proc set {64-79}
OMP: pid 69539 tid 69578 thread 3 bound to OS proc set {64-79}
OMP: pid 69539 tid 69577 thread 2 bound to OS proc set {64-79}
OMP: pid 69539 tid 69580 thread 4 bound to OS proc set {64-79}
OMP: pid 69539 tid 69582 thread 5 bound to OS proc set {64-79}
OMP: pid 69539 tid 69585 thread 6 bound to OS proc set {64-79}
OMP: pid 69539 tid 69597 thread 12 bound to OS proc set {64-79}
OMP: pid 69539 tid 69599 thread 14 bound to OS proc set {64-79}
OMP: pid 69539 tid 69598 thread 13 bound to OS proc set {64-79}
OMP: pid 69539 tid 69601 thread 15 bound to OS proc set {64-79}
OMP: pid 69539 tid 69587 thread 7 bound to OS proc set {64-79}
OMP: pid 69539 tid 69595 thread 11 bound to OS proc set {64-79}
OMP: pid 69539 tid 69589 thread 8 bound to OS proc set {64-79}
OMP: pid 69539 tid 69590 thread 9 bound to OS proc set {64-79}
OMP: pid 69539 tid 69591 thread 10 bound to OS proc set {64-79}


 NAS Parallel Benchmarks (NPB3.4-OMP) - CG Benchmark

 Size:      150000
 Iterations:                     75
 Number of available threads:    16

 Initialization time =           1.677 seconds

   iteration           ||r||                 zeta
        1       0.35335566523128E-12   109.9994423237398
        5       0.89205478466687E-15    28.6471670038896
       10       0.91266350212069E-15    28.9496695448999
       15       0.90625930522424E-15    28.9716336228373
       20       0.91433325676708E-15    28.9734210663751
       25       0.90950416266554E-15    28.9735863059385
       30       0.90932367303028E-15    28.9736033967630
       35       0.91052750674664E-15    28.9736053266248
       40       0.90690727220539E-15    28.9736055590700
       45       0.91112038507495E-15    28.9736055884129
       50       0.91013671312991E-15    28.9736055922482
       55       0.90369989271149E-15    28.9736055927636
       60       0.90717784636913E-15    28.9736055928341
       65       0.90881295693497E-15    28.9736055928438
       70       0.90258274055395E-15    28.9736055928452
       75       0.90198629444569E-15    28.9736055928454
 Benchmark completed 
 VERIFICATION SUCCESSFUL 
 Zeta is     0.2897360559285E+02
 Error is    0.1532737126648E-13


 CG Benchmark Completed.
 Class           =                        C
 Size            =                   150000
 Iterations      =                       75
 Time in seconds =                    20.75
 Total threads   =                       16
 Avail threads   =                       16
 Mop/s total     =                  6909.17
 Mop/s/thread    =                   431.82
 Operation type  =           floating point
 Verification    =               SUCCESSFUL
 Version         =                    3.4.3
 Compile date    =              03 Sep 2026

 Compile options:
    FC           = gfortran
    FLINK        = $(FC)
    F_LIB        = -L$(LLVM_BUILD)/lib -lomp
    F_INC        = (none)
    FFLAGS       = -O3 -fopenmp
    FLINKFLAGS   = -O3 -fopenmp
    RAND         = randi8


 Please send all errors/feedbacks to:

 NPB Development Team
 npb@nas.nasa.gov


