OMP: pid 69532 tid 69546 thread 1 bound to OS proc set {1-16}
OMP: pid 69532 tid 69532 thread 0 bound to OS proc set {1-16}
OMP: pid 69532 tid 69568 thread 12 bound to OS proc set {1-16}
OMP: pid 69532 tid 69569 thread 13 bound to OS proc set {1-16}
OMP: pid 69532 tid 69555 thread 4 bound to OS proc set {1-16}
OMP: pid 69532 tid 69570 thread 14 bound to OS proc set {1-16}
OMP: pid 69532 tid 69551 thread 3 bound to OS proc set {1-16}
OMP: pid 69532 tid 69571 thread 15 bound to OS proc set {1-16}
OMP: pid 69532 tid 69557 thread 5 bound to OS proc set {1-16}
OMP: pid 69532 tid 69549 thread 2 bound to OS proc set {1-16}
OMP: pid 69532 tid 69564 thread 8 bound to OS proc set {1-16}
OMP: pid 69532 tid 69567 thread 11 bound to OS proc set {1-16}
OMP: pid 69532 tid 69566 thread 10 bound to OS proc set {1-16}
OMP: pid 69532 tid 69565 thread 9 bound to OS proc set {1-16}
OMP: pid 69532 tid 69563 thread 7 bound to OS proc set {1-16}
OMP: pid 69532 tid 69562 thread 6 bound to OS proc set {1-16}
OMP: pid 69532 tid 69532 thread 0 bound to OS proc set {1-16}
[DRM-pin] pid=69532 tid=69555 assigned=1-8 running_on=8
[DRM-pin] pid=69532 tid=69549 assigned=1-8 running_on=1
OMP: pid 69532 tid 69555 thread 4 bound to OS proc set {1-16}
OMP: pid 69532 tid 69549 thread 2 bound to OS proc set {1-16}
[DRM-pin] pid=69532 tid=69551 assigned=1-8 running_on=4
OMP: pid 69532 tid 69551 thread 3 bound to OS proc set {1-16}
[DRM-pin] pid=69532 tid=69557 assigned=1-8 running_on=1
OMP: pid 69532 tid 69557 thread 5 bound to OS proc set {1-16}
[DRM-pin] pid=69532 tid=69546 assigned=1-8 running_on=5
OMP: pid 69532 tid 69546 thread 1 bound to OS proc set {1-16}
[DRM-pin] pid=69532 tid=69563 assigned=1-8 running_on=1
OMP: pid 69532 tid 69563 thread 7 bound to OS proc set {1-16}
[DRM-pin] pid=69532 tid=69562 assigned=1-8 running_on=6
OMP: pid 69532 tid 69562 thread 6 bound to OS proc set {1-16}
OMP: pid 69532 tid 69532 thread 0 bound to OS proc set {1-16}
[DRM-pin] pid=69532 tid=69555 assigned=1-16 running_on=8
OMP: pid 69532 tid 69555 thread 4 bound to OS proc set {1-16}
[DRM-pin] pid=69532 tid=69564 assigned=1-16 running_on=9
OMP: pid 69532 tid 69564 thread 8 bound to OS proc set {1-16}
[DRM-pin] pid=69532 tid=69563 assigned=1-16 running_on=5
OMP: pid 69532 tid 69563 thread 7 bound to OS proc set {1-16}
[DRM-pin] pid=69532 tid=69551 assigned=1-16 running_on=3
OMP: pid 69532 tid 69551 thread 3 bound to OS proc set {1-16}
[DRM-pin] pid=69532 tid=69562 assigned=1-16 running_on=6
OMP: pid 69532 tid 69562 thread 6 bound to OS proc set {1-16}
[DRM-pin] pid=69532 tid=69549 assigned=1-16 running_on=1
OMP: pid 69532 tid 69549 thread 2 bound to OS proc set {1-16}
[DRM-pin] pid=69532 tid=69557 assigned=1-16 running_on=4
OMP: pid 69532 tid 69557 thread 5 bound to OS proc set {1-16}
[DRM-pin] pid=69532 tid=69568 assigned=1-16 running_on=16
OMP: pid 69532 tid 69568 thread 12 bound to OS proc set {1-16}
[DRM-pin] pid=69532 tid=69571 assigned=1-16 running_on=13
OMP: pid 69532 tid 69571 thread 15 bound to OS proc set {1-16}
[DRM-pin] pid=69532 tid=69569 assigned=1-16 running_on=11
OMP: pid 69532 tid 69569 thread 13 bound to OS proc set {1-16}
[DRM-pin] pid=69532 tid=69546 assigned=1-16 running_on=7
OMP: pid 69532 tid 69546 thread 1 bound to OS proc set {1-16}
[DRM-pin] pid=69532 tid=69570 assigned=1-16 running_on=10
OMP: pid 69532 tid 69570 thread 14 bound to OS proc set {1-16}
[DRM-pin] pid=69532 tid=69566 assigned=1-16 running_on=12
OMP: pid 69532 tid 69566 thread 10 bound to OS proc set {1-16}
[DRM-pin] pid=69532 tid=69567 assigned=1-16 running_on=14
OMP: pid 69532 tid 69567 thread 11 bound to OS proc set {1-16}
[DRM-pin] pid=69532 tid=69565 assigned=1-16 running_on=15
OMP: pid 69532 tid 69565 thread 9 bound to OS proc set {1-16}


 NAS Parallel Benchmarks (NPB3.4-OMP) - CG Benchmark

 Size:      150000
 Iterations:                     75
 Number of available threads:    16

 Initialization time =           1.984 seconds

   iteration           ||r||                 zeta
        1       0.35331999600918E-12   109.9994423237398
        5       0.89167187328605E-15    28.6471670038896
       10       0.91234306029238E-15    28.9496695449001
       15       0.90652686710574E-15    28.9716336228371
       20       0.91557571813867E-15    28.9734210663752
       25       0.90880812875594E-15    28.9735863059386
       30       0.90824800108578E-15    28.9736033967633
       35       0.91083032907844E-15    28.9736053266247
       40       0.90702060394121E-15    28.9736055590700
       45       0.90839614877650E-15    28.9736055884130
       50       0.91140426392750E-15    28.9736055922482
       55       0.90311125053265E-15    28.9736055927634
       60       0.90906329510909E-15    28.9736055928341
       65       0.90590099724944E-15    28.9736055928440
       70       0.90236013729149E-15    28.9736055928452
       75       0.90184837502731E-15    28.9736055928455
 Benchmark completed 
 VERIFICATION SUCCESSFUL 
 Zeta is     0.2897360559285E+02
 Error is    0.1581784714701E-13


 CG Benchmark Completed.
 Class           =                        C
 Size            =                   150000
 Iterations      =                       75
 Time in seconds =                    13.65
 Total threads   =                       16
 Avail threads   =                       16
 Mop/s total     =                 10502.92
 Mop/s/thread    =                   656.43
 Operation type  =           floating point
 Verification    =               SUCCESSFUL
 Version         =                    3.4.3
 Compile date    =              03 Sep 2026

 Compile options:
    FC           = gfortran
    FLINK        = $(FC)
    F_LIB        = -L$(LLVM_BUILD)/lib -lomp
    F_INC        = (none)
    FFLAGS       = -O3 -fopenmp
    FLINKFLAGS   = -O3 -fopenmp
    RAND         = randi8


 Please send all errors/feedbacks to:

 NPB Development Team
 npb@nas.nasa.gov


