OMP: pid 69538 tid 69538 thread 0 bound to OS proc set {64-79}
OMP: pid 69538 tid 69600 thread 15 bound to OS proc set {64-79}
OMP: pid 69538 tid 69593 thread 12 bound to OS proc set {64-79}
OMP: pid 69538 tid 69573 thread 2 bound to OS proc set {64-79}
OMP: pid 69538 tid 69575 thread 3 bound to OS proc set {64-79}
OMP: pid 69538 tid 69572 thread 1 bound to OS proc set {64-79}
OMP: pid 69538 tid 69592 thread 11 bound to OS proc set {64-79}
OMP: pid 69538 tid 69581 thread 6 bound to OS proc set {64-79}
OMP: pid 69538 tid 69596 thread 14 bound to OS proc set {64-79}
OMP: pid 69538 tid 69583 thread 7 bound to OS proc set {64-79}
OMP: pid 69538 tid 69576 thread 4 bound to OS proc set {64-79}
OMP: pid 69538 tid 69594 thread 13 bound to OS proc set {64-79}
OMP: pid 69538 tid 69584 thread 8 bound to OS proc set {64-79}
OMP: pid 69538 tid 69588 thread 10 bound to OS proc set {64-79}
OMP: pid 69538 tid 69579 thread 5 bound to OS proc set {64-79}
OMP: pid 69538 tid 69586 thread 9 bound to OS proc set {64-79}


 NAS Parallel Benchmarks (NPB3.4-OMP) - CG Benchmark

 Size:      150000
 Iterations:                     75
 Number of available threads:    16

 Initialization time =           1.695 seconds

   iteration           ||r||                 zeta
        1       0.35326310966703E-12   109.9994423237398
        5       0.89227213222384E-15    28.6471670038896
       10       0.91229876605724E-15    28.9496695449000
       15       0.90665629578182E-15    28.9716336228373
       20       0.91565957368462E-15    28.9734210663751
       25       0.90909459243363E-15    28.9735863059385
       30       0.90837505418049E-15    28.9736033967630
       35       0.90959226675718E-15    28.9736053266249
       40       0.90506164670579E-15    28.9736055590700
       45       0.91013849346014E-15    28.9736055884129
       50       0.91005622371250E-15    28.9736055922482
       55       0.90396272740432E-15    28.9736055927635
       60       0.90837074372801E-15    28.9736055928341
       65       0.90856195908584E-15    28.9736055928438
       70       0.90269380978794E-15    28.9736055928452
       75       0.90181283025481E-15    28.9736055928455
 Benchmark completed 
 VERIFICATION SUCCESSFUL 
 Zeta is     0.2897360559285E+02
 Error is    0.1581784714701E-13


 CG Benchmark Completed.
 Class           =                        C
 Size            =                   150000
 Iterations      =                       75
 Time in seconds =                    21.88
 Total threads   =                       16
 Avail threads   =                       16
 Mop/s total     =                  6551.99
 Mop/s/thread    =                   409.50
 Operation type  =           floating point
 Verification    =               SUCCESSFUL
 Version         =                    3.4.3
 Compile date    =              03 Sep 2026

 Compile options:
    FC           = gfortran
    FLINK        = $(FC)
    F_LIB        = -L$(LLVM_BUILD)/lib -lomp
    F_INC        = (none)
    FFLAGS       = -O3 -fopenmp
    FLINKFLAGS   = -O3 -fopenmp
    RAND         = randi8


 Please send all errors/feedbacks to:

 NPB Development Team
 npb@nas.nasa.gov


