OMP: pid 221424 tid 221424 thread 0 bound to OS proc set {1-8}
OMP: pid 221424 tid 221445 thread 3 bound to OS proc set {1-8}
OMP: pid 221424 tid 221443 thread 1 bound to OS proc set {1-8}
OMP: pid 221424 tid 221446 thread 4 bound to OS proc set {1-8}
OMP: pid 221424 tid 221448 thread 6 bound to OS proc set {1-8}
OMP: pid 221424 tid 221444 thread 2 bound to OS proc set {1-8}
OMP: pid 221424 tid 221447 thread 5 bound to OS proc set {1-8}
OMP: pid 221424 tid 221449 thread 7 bound to OS proc set {1-8}
OMP: pid 221424 tid 221424 thread 0 bound to OS proc set {1-8}
[DRM-pin] pid=221424 tid=221445 assigned=5-8 running_on=6
OMP: pid 221424 tid 221445 thread 3 bound to OS proc set {1-8}
[DRM-pin] pid=221424 tid=221443 assigned=5-8 running_on=8
OMP: pid 221424 tid 221443 thread 1 bound to OS proc set {1-8}
[DRM-pin] pid=221424 tid=221444 assigned=5-8 running_on=5
OMP: pid 221424 tid 221444 thread 2 bound to OS proc set {1-8}
OMP: pid 221424 tid 221424 thread 0 bound to OS proc set {1-8}
[DRM-pin] pid=221424 tid=221444 assigned=1-8 running_on=5
OMP: pid 221424 tid 221444 thread 2 bound to OS proc set {1-8}
[DRM-pin] pid=221424 tid=221445 assigned=1-8 running_on=6
OMP: pid 221424 tid 221445 thread 3 bound to OS proc set {1-8}
[DRM-pin] pid=221424 tid=221443 assigned=1-8 running_on=7
OMP: pid 221424 tid 221443 thread 1 bound to OS proc set {1-8}
[DRM-pin] pid=221424 tid=221446 assigned=1-8 running_on=2
OMP: pid 221424 tid 221446 thread 4 bound to OS proc set {1-8}
[DRM-pin] pid=221424 tid=221448 assigned=1-8 running_on=1
OMP: pid 221424 tid 221448 thread 6 bound to OS proc set {1-8}
[DRM-pin] pid=221424 tid=221449 assigned=1-8 running_on=4
OMP: pid 221424 tid 221449 thread 7 bound to OS proc set {1-8}
[DRM-pin] pid=221424 tid=221447 assigned=1-8 running_on=3
OMP: pid 221424 tid 221447 thread 5 bound to OS proc set {1-8}


 NAS Parallel Benchmarks (NPB3.4-OMP) - CG Benchmark

 Size:      150000
 Iterations:                     75
 Number of available threads:     8

 Initialization time =           3.604 seconds

   iteration           ||r||                 zeta
        1       0.35328997525708E-12   109.9994423237398
        5       0.89193811770621E-15    28.6471670038893
       10       0.91221256474733E-15    28.9496695449003
       15       0.90650609533764E-15    28.9716336228371
       20       0.91473283167777E-15    28.9734210663747
       25       0.90916012692212E-15    28.9735863059382
       30       0.91019000528878E-15    28.9736033967627
       35       0.91092141447863E-15    28.9736053266246
       40       0.90694402764217E-15    28.9736055590699
       45       0.91042768611611E-15    28.9736055884132
       50       0.91044521606803E-15    28.9736055922486
       55       0.90369852772813E-15    28.9736055927632
       60       0.90810558993712E-15    28.9736055928339
       65       0.90596425775686E-15    28.9736055928440
       70       0.90201087340977E-15    28.9736055928451
       75       0.90342764097470E-15    28.9736055928456
 Benchmark completed 
 VERIFICATION SUCCESSFUL 
 Zeta is     0.2897360559285E+02
 Error is    0.1974165419122E-13


 CG Benchmark Completed.
 Class           =                        C
 Size            =                   150000
 Iterations      =                       75
 Time in seconds =                    24.88
 Total threads   =                        8
 Avail threads   =                        8
 Mop/s total     =                  5761.16
 Mop/s/thread    =                   720.15
 Operation type  =           floating point
 Verification    =               SUCCESSFUL
 Version         =                    3.4.3
 Compile date    =              03 Sep 2026

 Compile options:
    FC           = gfortran
    FLINK        = $(FC)
    F_LIB        = -L$(LLVM_BUILD)/lib -lomp
    F_INC        = (none)
    FFLAGS       = -O3 -fopenmp
    FLINKFLAGS   = -O3 -fopenmp
    RAND         = randi8


 Please send all errors/feedbacks to:

 NPB Development Team
 npb@nas.nasa.gov


