OMP: pid 20561 tid 20561 thread 0 bound to OS proc set {64-67}
OMP: pid 20561 tid 20575 thread 3 bound to OS proc set {64-67}
OMP: pid 20561 tid 20574 thread 2 bound to OS proc set {64-67}
OMP: pid 20561 tid 20573 thread 1 bound to OS proc set {64-67}


 NAS Parallel Benchmarks (NPB3.4-OMP) - CG Benchmark

 Size:      150000
 Iterations:                     75
 Number of available threads:     4

 Initialization time =           5.760 seconds

   iteration           ||r||                 zeta
        1       0.35342824839249E-12   109.9994423237398
        5       0.89325006816220E-15    28.6471670038893
       10       0.91239711979535E-15    28.9496695449003
       15       0.90721913272914E-15    28.9716336228371
       20       0.91471504294405E-15    28.9734210663747
       25       0.90871486003726E-15    28.9735863059382
       30       0.90995114535775E-15    28.9736033967627
       35       0.91009738433914E-15    28.9736053266246
       40       0.90758158747225E-15    28.9736055590700
       45       0.91066770056591E-15    28.9736055884132
       50       0.91051492905654E-15    28.9736055922485
       55       0.90345239215709E-15    28.9736055927632
       60       0.90822959473007E-15    28.9736055928339
       65       0.90491627532923E-15    28.9736055928440
       70       0.90391281828463E-15    28.9736055928455
       75       0.89974515926516E-15    28.9736055928458
 Benchmark completed 
 VERIFICATION SUCCESSFUL 
 Zeta is     0.2897360559285E+02
 Error is    0.2758926827966E-13


 CG Benchmark Completed.
 Class           =                        C
 Size            =                   150000
 Iterations      =                       75
 Time in seconds =                    50.42
 Total threads   =                        4
 Avail threads   =                        4
 Mop/s total     =                  2843.22
 Mop/s/thread    =                   710.81
 Operation type  =           floating point
 Verification    =               SUCCESSFUL
 Version         =                    3.4.3
 Compile date    =              03 Sep 2026

 Compile options:
    FC           = gfortran
    FLINK        = $(FC)
    F_LIB        = -L$(LLVM_BUILD)/lib -lomp
    F_INC        = (none)
    FFLAGS       = -O3 -fopenmp
    FLINKFLAGS   = -O3 -fopenmp
    RAND         = randi8


 Please send all errors/feedbacks to:

 NPB Development Team
 npb@nas.nasa.gov


