OMP: pid 221422 tid 221436 thread 2 bound to OS proc set {1-8}
OMP: pid 221422 tid 221440 thread 6 bound to OS proc set {1-8}
OMP: pid 221422 tid 221434 thread 1 bound to OS proc set {1-8}
OMP: pid 221422 tid 221439 thread 5 bound to OS proc set {1-8}
OMP: pid 221422 tid 221437 thread 3 bound to OS proc set {1-8}
OMP: pid 221422 tid 221438 thread 4 bound to OS proc set {1-8}
OMP: pid 221422 tid 221441 thread 7 bound to OS proc set {1-8}
OMP: pid 221422 tid 221422 thread 0 bound to OS proc set {1-8}
[DRM-pin] pid=221422 tid=221434 assigned=1-8 running_on=1
[DRM-pin] pid=221422 tid=221437 assigned=1-8 running_on=7
[DRM-pin] pid=221422 tid=221436 assigned=1-8 running_on=5
[DRM-pin] pid=221422 tid=221438 assigned=1-8 running_on=1
[DRM-pin] pid=221422 tid=221441 assigned=1-8 running_on=2
[DRM-pin] pid=221422 tid=221439 assigned=1-8 running_on=6
[DRM-pin] pid=221422 tid=221440 assigned=1-8 running_on=7
[DRM-pin] pid=221422 tid=221434 assigned=1-4 running_on=1
OMP: pid 221422 tid 221422 thread 0 bound to OS proc set {1-8}
[DRM-pin] pid=221422 tid=221436 assigned=1-4 running_on=1
OMP: pid 221422 tid 221436 thread 2 bound to OS proc set {1-8}
[DRM-pin] pid=221422 tid=221437 assigned=1-4 running_on=1
OMP: pid 221422 tid 221437 thread 3 bound to OS proc set {1-8}
OMP: pid 221422 tid 221434 thread 1 bound to OS proc set {1-8}


 NAS Parallel Benchmarks (NPB3.4-OMP) - CG Benchmark

 Size:      150000
 Iterations:                     75
 Number of available threads:     8

 Initialization time =           3.112 seconds

   iteration           ||r||                 zeta
        1       0.35329229537130E-12   109.9994423237398
        5       0.89328998735799E-15    28.6471670038893
       10       0.91327816979039E-15    28.9496695449003
       15       0.90672763498096E-15    28.9716336228371
       20       0.91446768401884E-15    28.9734210663747
       25       0.90865882613199E-15    28.9735863059382
       30       0.91024253199366E-15    28.9736033967627
       35       0.91103778586391E-15    28.9736053266246
       40       0.90777858414390E-15    28.9736055590700
       45       0.90942211545679E-15    28.9736055884132
       50       0.90843979221708E-15    28.9736055922486
       55       0.90327176853155E-15    28.9736055927632
       60       0.91003825031960E-15    28.9736055928339
       65       0.90590121662440E-15    28.9736055928440
       70       0.90375663118894E-15    28.9736055928455
       75       0.90106454876832E-15    28.9736055928458
 Benchmark completed 
 VERIFICATION SUCCESSFUL 
 Zeta is     0.2897360559285E+02
 Error is    0.2709879239913E-13


 CG Benchmark Completed.
 Class           =                        C
 Size            =                   150000
 Iterations      =                       75
 Time in seconds =                    23.50
 Total threads   =                        4
 Avail threads   =                        8
 Warning: Threads used differ from threads available
 Mop/s total     =                  6100.50
 Mop/s/thread    =                  1525.13
 Operation type  =           floating point
 Verification    =               SUCCESSFUL
 Version         =                    3.4.3
 Compile date    =              03 Sep 2026

 Compile options:
    FC           = gfortran
    FLINK        = $(FC)
    F_LIB        = -L$(LLVM_BUILD)/lib -lomp
    F_INC        = (none)
    FFLAGS       = -O3 -fopenmp
    FLINKFLAGS   = -O3 -fopenmp
    RAND         = randi8


 Please send all errors/feedbacks to:

 NPB Development Team
 npb@nas.nasa.gov


