OMP: pid 46802 tid 46802 thread 0 bound to OS proc set {56-87}
OMP: pid 46802 tid 46884 thread 14 bound to OS proc set {56-87}
OMP: pid 46802 tid 46829 thread 2 bound to OS proc set {56-87}
OMP: pid 46802 tid 46810 thread 1 bound to OS proc set {56-87}
OMP: pid 46802 tid 46836 thread 3 bound to OS proc set {56-87}
OMP: pid 46802 tid 46862 thread 8 bound to OS proc set {56-87}
OMP: pid 46802 tid 46889 thread 15 bound to OS proc set {56-87}
OMP: pid 46802 tid 46877 thread 11 bound to OS proc set {56-87}
OMP: pid 46802 tid 46840 thread 4 bound to OS proc set {56-87}
OMP: pid 46802 tid 46880 thread 12 bound to OS proc set {56-87}
OMP: pid 46802 tid 46855 thread 7 bound to OS proc set {56-87}
OMP: pid 46802 tid 46851 thread 6 bound to OS proc set {56-87}
OMP: pid 46802 tid 46870 thread 9 bound to OS proc set {56-87}
OMP: pid 46802 tid 46873 thread 10 bound to OS proc set {56-87}
OMP: pid 46802 tid 46901 thread 19 bound to OS proc set {56-87}
OMP: pid 46802 tid 46847 thread 5 bound to OS proc set {56-87}
OMP: pid 46802 tid 46927 thread 28 bound to OS proc set {56-87}
OMP: pid 46802 tid 46892 thread 16 bound to OS proc set {56-87}
OMP: pid 46802 tid 46898 thread 18 bound to OS proc set {56-87}
OMP: pid 46802 tid 46930 thread 30 bound to OS proc set {56-87}
OMP: pid 46802 tid 46895 thread 17 bound to OS proc set {56-87}
OMP: pid 46802 tid 46931 thread 31 bound to OS proc set {56-87}
OMP: pid 46802 tid 46883 thread 13 bound to OS proc set {56-87}
OMP: pid 46802 tid 46920 thread 24 bound to OS proc set {56-87}
OMP: pid 46802 tid 46926 thread 27 bound to OS proc set {56-87}
OMP: pid 46802 tid 46928 thread 29 bound to OS proc set {56-87}
OMP: pid 46802 tid 46924 thread 26 bound to OS proc set {56-87}
OMP: pid 46802 tid 46922 thread 25 bound to OS proc set {56-87}
OMP: pid 46802 tid 46918 thread 23 bound to OS proc set {56-87}
OMP: pid 46802 tid 46909 thread 20 bound to OS proc set {56-87}
OMP: pid 46802 tid 46916 thread 22 bound to OS proc set {56-87}
OMP: pid 46802 tid 46913 thread 21 bound to OS proc set {56-87}


 NAS Parallel Benchmarks (NPB3.4-OMP) - CG Benchmark

 Size:      150000
 Iterations:                     75
 Number of available threads:    32

 Initialization time =           1.296 seconds

   iteration           ||r||                 zeta
        1       0.35317012848669E-12   109.9994423237398
        5       0.89215144209000E-15    28.6471670038895
       10       0.91245951607243E-15    28.9496695448999
       15       0.90630739779236E-15    28.9716336228371
       20       0.91474307361641E-15    28.9734210663749
       25       0.90956235889747E-15    28.9735863059384
       30       0.90956491496647E-15    28.9736033967631
       35       0.90917059891099E-15    28.9736053266249
       40       0.90689097490796E-15    28.9736055590699
       45       0.91040337594804E-15    28.9736055884128
       50       0.91036564689565E-15    28.9736055922484
       55       0.90220686702043E-15    28.9736055927634
       60       0.90832728583202E-15    28.9736055928340
       65       0.90666248946046E-15    28.9736055928439
       70       0.90196467321654E-15    28.9736055928452
       75       0.90302507608580E-15    28.9736055928455
 Benchmark completed 
 VERIFICATION SUCCESSFUL 
 Zeta is     0.2897360559285E+02
 Error is    0.1630832302753E-13


 CG Benchmark Completed.
 Class           =                        C
 Size            =                   150000
 Iterations      =                       75
 Time in seconds =                    11.58
 Total threads   =                       32
 Avail threads   =                       32
 Mop/s total     =                 12373.74
 Mop/s/thread    =                   386.68
 Operation type  =           floating point
 Verification    =               SUCCESSFUL
 Version         =                    3.4.3
 Compile date    =              18 Feb 2026

 Compile options:
    FC           = gfortran
    FLINK        = $(FC)
    F_LIB        = -L/dss/dsshome1/09/ga27qam2/llvm-project/bu...
    F_INC        = (none)
    FFLAGS       = -O3 -fopenmp
    FLINKFLAGS   = -O3 -fopenmp
    RAND         = randi8


 Please send all errors/feedbacks to:

 NPB Development Team
 npb@nas.nasa.gov


