OMP: pid 29217 tid 29231 thread 1 bound to OS proc set {1-8}
OMP: pid 29217 tid 29237 thread 2 bound to OS proc set {1-8}
OMP: pid 29217 tid 29217 thread 0 bound to OS proc set {1-8}
OMP: pid 29217 tid 29245 thread 4 bound to OS proc set {1-8}
OMP: pid 29217 tid 29243 thread 3 bound to OS proc set {1-8}
OMP: pid 29217 tid 29249 thread 7 bound to OS proc set {1-8}
OMP: pid 29217 tid 29248 thread 6 bound to OS proc set {1-8}
OMP: pid 29217 tid 29247 thread 5 bound to OS proc set {1-8}
OMP: pid 29217 tid 29217 thread 0 bound to OS proc set {1-8}
OMP: pid 29217 tid 29237 thread 2 bound to OS proc set {1-8}
OMP: pid 29217 tid 29243 thread 3 bound to OS proc set {1-8}
OMP: pid 29217 tid 29231 thread 1 bound to OS proc set {1-8}


 NAS Parallel Benchmarks (NPB3.4-OMP) - CG Benchmark

 Size:      150000
 Iterations:                     75
 Number of available threads:     8

 Initialization time =           3.524 seconds

   iteration           ||r||                 zeta
        1       0.35329458058168E-12   109.9994423237398
        5       0.89205232049370E-15    28.6471670038893
       10       0.91198607957835E-15    28.9496695449003
       15       0.90767052531017E-15    28.9716336228371
       20       0.91428428620716E-15    28.9734210663747
       25       0.90945147981467E-15    28.9735863059382
       30       0.90991542418048E-15    28.9736033967627
       35       0.91067651268713E-15    28.9736053266246
       40       0.90755989433019E-15    28.9736055590700
       45       0.90931079630771E-15    28.9736055884132
       50       0.91041253278697E-15    28.9736055922486
       55       0.90338134285898E-15    28.9736055927632
       60       0.90927034746769E-15    28.9736055928339
       65       0.90546927389964E-15    28.9736055928440
       70       0.90261177270565E-15    28.9736055928455
       75       0.90175440030994E-15    28.9736055928458
 Benchmark completed 
 VERIFICATION SUCCESSFUL 
 Zeta is     0.2897360559285E+02
 Error is    0.2709879239913E-13


 CG Benchmark Completed.
 Class           =                        C
 Size            =                   150000
 Iterations      =                       75
 Time in seconds =                    23.66
 Total threads   =                        4
 Avail threads   =                        8
 Warning: Threads used differ from threads available
 Mop/s total     =                  6059.11
 Mop/s/thread    =                  1514.78
 Operation type  =           floating point
 Verification    =               SUCCESSFUL
 Version         =                    3.4.3
 Compile date    =              18 Feb 2026

 Compile options:
    FC           = gfortran
    FLINK        = $(FC)
    F_LIB        = -L/dss/dsshome1/09/ga27qam2/llvm-project/bu...
    F_INC        = (none)
    FFLAGS       = -O3 -fopenmp
    FLINKFLAGS   = -O3 -fopenmp
    RAND         = randi8


 Please send all errors/feedbacks to:

 NPB Development Team
 npb@nas.nasa.gov


