OMP: pid 29218 tid 29218 thread 0 bound to OS proc set {56-63}
OMP: pid 29218 tid 29224 thread 1 bound to OS proc set {56-63}
OMP: pid 29218 tid 29228 thread 3 bound to OS proc set {56-63}
OMP: pid 29218 tid 29226 thread 2 bound to OS proc set {56-63}
OMP: pid 29218 tid 29229 thread 4 bound to OS proc set {56-63}
OMP: pid 29218 tid 29239 thread 7 bound to OS proc set {56-63}
OMP: pid 29218 tid 29238 thread 6 bound to OS proc set {56-63}
OMP: pid 29218 tid 29236 thread 5 bound to OS proc set {56-63}


 NAS Parallel Benchmarks (NPB3.4-OMP) - CG Benchmark

 Size:      150000
 Iterations:                     75
 Number of available threads:     8

 Initialization time =           3.666 seconds

   iteration           ||r||                 zeta
        1       0.35334851423328E-12   109.9994423237398
        5       0.89180445182682E-15    28.6471670038896
       10       0.91195837019300E-15    28.9496695449000
       15       0.90708586021716E-15    28.9716336228371
       20       0.91378174475534E-15    28.9734210663752
       25       0.90941343174924E-15    28.9735863059386
       30       0.90855119342162E-15    28.9736033967633
       35       0.91050426192890E-15    28.9736053266247
       40       0.90599803608234E-15    28.9736055590700
       45       0.90890399715972E-15    28.9736055884130
       50       0.91108707486110E-15    28.9736055922483
       55       0.90476487372374E-15    28.9736055927634
       60       0.90863224227065E-15    28.9736055928341
       65       0.90593428567601E-15    28.9736055928440
       70       0.90210172419981E-15    28.9736055928451
       75       0.90331092846498E-15    28.9736055928456
 Benchmark completed 
 VERIFICATION SUCCESSFUL 
 Zeta is     0.2897360559285E+02
 Error is    0.1974165419122E-13


 CG Benchmark Completed.
 Class           =                        C
 Size            =                   150000
 Iterations      =                       75
 Time in seconds =                    32.72
 Total threads   =                        8
 Avail threads   =                        8
 Mop/s total     =                  4381.65
 Mop/s/thread    =                   547.71
 Operation type  =           floating point
 Verification    =               SUCCESSFUL
 Version         =                    3.4.3
 Compile date    =              18 Feb 2026

 Compile options:
    FC           = gfortran
    FLINK        = $(FC)
    F_LIB        = -L/dss/dsshome1/09/ga27qam2/llvm-project/bu...
    F_INC        = (none)
    FFLAGS       = -O3 -fopenmp
    FLINKFLAGS   = -O3 -fopenmp
    RAND         = randi8


 Please send all errors/feedbacks to:

 NPB Development Team
 npb@nas.nasa.gov


