OMP: pid 29219 tid 29220 thread 1 bound to OS proc set {56-63}
OMP: pid 29219 tid 29222 thread 3 bound to OS proc set {56-63}
OMP: pid 29219 tid 29221 thread 2 bound to OS proc set {56-63}
OMP: pid 29219 tid 29223 thread 4 bound to OS proc set {56-63}
OMP: pid 29219 tid 29219 thread 0 bound to OS proc set {56-63}
OMP: pid 29219 tid 29230 thread 7 bound to OS proc set {56-63}
OMP: pid 29219 tid 29225 thread 5 bound to OS proc set {56-63}
OMP: pid 29219 tid 29227 thread 6 bound to OS proc set {56-63}


 NAS Parallel Benchmarks (NPB3.4-OMP) - CG Benchmark

 Size:      150000
 Iterations:                     75
 Number of available threads:     8

 Initialization time =           3.330 seconds

   iteration           ||r||                 zeta
        1       0.35324088295273E-12   109.9994423237398
        5       0.89154693548077E-15    28.6471670038896
       10       0.91052081286802E-15    28.9496695449000
       15       0.90730724817598E-15    28.9716336228371
       20       0.91408534242568E-15    28.9734210663752
       25       0.90794126891872E-15    28.9735863059386
       30       0.90903366726467E-15    28.9736033967633
       35       0.91034721395154E-15    28.9736053266247
       40       0.90662318661663E-15    28.9736055590700
       45       0.90816277275004E-15    28.9736055884130
       50       0.90978929077230E-15    28.9736055922483
       55       0.90315354032429E-15    28.9736055927634
       60       0.90772278583894E-15    28.9736055928341
       65       0.90550315709893E-15    28.9736055928440
       70       0.90181996025836E-15    28.9736055928452
       75       0.90331179506071E-15    28.9736055928456
 Benchmark completed 
 VERIFICATION SUCCESSFUL 
 Zeta is     0.2897360559285E+02
 Error is    0.2072260595228E-13


 CG Benchmark Completed.
 Class           =                        C
 Size            =                   150000
 Iterations      =                       75
 Time in seconds =                    32.64
 Total threads   =                        8
 Avail threads   =                        8
 Mop/s total     =                  4391.97
 Mop/s/thread    =                   549.00
 Operation type  =           floating point
 Verification    =               SUCCESSFUL
 Version         =                    3.4.3
 Compile date    =              18 Feb 2026

 Compile options:
    FC           = gfortran
    FLINK        = $(FC)
    F_LIB        = -L/dss/dsshome1/09/ga27qam2/llvm-project/bu...
    F_INC        = (none)
    FFLAGS       = -O3 -fopenmp
    FLINKFLAGS   = -O3 -fopenmp
    RAND         = randi8


 Please send all errors/feedbacks to:

 NPB Development Team
 npb@nas.nasa.gov


