OMP: pid 41236 tid 41236 thread 0 bound to OS proc set {56-71}
OMP: pid 41236 tid 41252 thread 3 bound to OS proc set {56-71}
OMP: pid 41236 tid 41245 thread 1 bound to OS proc set {56-71}
OMP: pid 41236 tid 41247 thread 2 bound to OS proc set {56-71}
OMP: pid 41236 tid 41256 thread 4 bound to OS proc set {56-71}
OMP: pid 41236 tid 41261 thread 5 bound to OS proc set {56-71}
OMP: pid 41236 tid 41291 thread 12 bound to OS proc set {56-71}
OMP: pid 41236 tid 41270 thread 7 bound to OS proc set {56-71}
OMP: pid 41236 tid 41285 thread 10 bound to OS proc set {56-71}
OMP: pid 41236 tid 41296 thread 15 bound to OS proc set {56-71}
OMP: pid 41236 tid 41277 thread 8 bound to OS proc set {56-71}
OMP: pid 41236 tid 41295 thread 14 bound to OS proc set {56-71}
OMP: pid 41236 tid 41265 thread 6 bound to OS proc set {56-71}
OMP: pid 41236 tid 41293 thread 13 bound to OS proc set {56-71}
OMP: pid 41236 tid 41283 thread 9 bound to OS proc set {56-71}
OMP: pid 41236 tid 41290 thread 11 bound to OS proc set {56-71}


 NAS Parallel Benchmarks (NPB3.4-OMP) - CG Benchmark

 Size:      150000
 Iterations:                     75
 Number of available threads:    16

 Initialization time =           2.078 seconds

   iteration           ||r||                 zeta
        1       0.35322221422352E-12   109.9994423237398
        5       0.89235245810126E-15    28.6471670038896
       10       0.91266529402417E-15    28.9496695448999
       15       0.90570519588124E-15    28.9716336228373
       20       0.91517673802531E-15    28.9734210663750
       25       0.90949818826684E-15    28.9735863059385
       30       0.90920873430691E-15    28.9736033967630
       35       0.91084689466077E-15    28.9736053266248
       40       0.90451223596552E-15    28.9736055590700
       45       0.91126412658628E-15    28.9736055884129
       50       0.90910639335415E-15    28.9736055922482
       55       0.90399489780754E-15    28.9736055927636
       60       0.90823684827575E-15    28.9736055928341
       65       0.90742719772287E-15    28.9736055928438
       70       0.90287747637699E-15    28.9736055928452
       75       0.90084821015139E-15    28.9736055928455
 Benchmark completed 
 VERIFICATION SUCCESSFUL 
 Zeta is     0.2897360559285E+02
 Error is    0.1581784714701E-13


 CG Benchmark Completed.
 Class           =                        C
 Size            =                   150000
 Iterations      =                       75
 Time in seconds =                    20.09
 Total threads   =                       16
 Avail threads   =                       16
 Mop/s total     =                  7134.34
 Mop/s/thread    =                   445.90
 Operation type  =           floating point
 Verification    =               SUCCESSFUL
 Version         =                    3.4.3
 Compile date    =              18 Feb 2026

 Compile options:
    FC           = gfortran
    FLINK        = $(FC)
    F_LIB        = -L/dss/dsshome1/09/ga27qam2/llvm-project/bu...
    F_INC        = (none)
    FFLAGS       = -O3 -fopenmp
    FLINKFLAGS   = -O3 -fopenmp
    RAND         = randi8


 Please send all errors/feedbacks to:

 NPB Development Team
 npb@nas.nasa.gov


