OMP: pid 46804 tid 46804 thread 0 bound to OS proc set {1-32}
OMP: pid 46804 tid 46812 thread 3 bound to OS proc set {1-32}
OMP: pid 46804 tid 46809 thread 2 bound to OS proc set {1-32}
OMP: pid 46804 tid 46807 thread 1 bound to OS proc set {1-32}
OMP: pid 46804 tid 46827 thread 8 bound to OS proc set {1-32}
OMP: pid 46804 tid 46817 thread 4 bound to OS proc set {1-32}
OMP: pid 46804 tid 46838 thread 12 bound to OS proc set {1-32}
OMP: pid 46804 tid 46835 thread 11 bound to OS proc set {1-32}
OMP: pid 46804 tid 46831 thread 9 bound to OS proc set {1-32}
OMP: pid 46804 tid 46824 thread 7 bound to OS proc set {1-32}
OMP: pid 46804 tid 46832 thread 10 bound to OS proc set {1-32}
OMP: pid 46804 tid 46821 thread 5 bound to OS proc set {1-32}
OMP: pid 46804 tid 46844 thread 14 bound to OS proc set {1-32}
OMP: pid 46804 tid 46845 thread 15 bound to OS proc set {1-32}
OMP: pid 46804 tid 46823 thread 6 bound to OS proc set {1-32}
OMP: pid 46804 tid 46843 thread 13 bound to OS proc set {1-32}
OMP: pid 46804 tid 46849 thread 16 bound to OS proc set {1-32}
OMP: pid 46804 tid 46881 thread 28 bound to OS proc set {1-32}
OMP: pid 46804 tid 46890 thread 31 bound to OS proc set {1-32}
OMP: pid 46804 tid 46866 thread 23 bound to OS proc set {1-32}
OMP: pid 46804 tid 46879 thread 27 bound to OS proc set {1-32}
OMP: pid 46804 tid 46867 thread 24 bound to OS proc set {1-32}
OMP: pid 46804 tid 46859 thread 19 bound to OS proc set {1-32}
OMP: pid 46804 tid 46856 thread 18 bound to OS proc set {1-32}
OMP: pid 46804 tid 46886 thread 30 bound to OS proc set {1-32}
OMP: pid 46804 tid 46875 thread 26 bound to OS proc set {1-32}
OMP: pid 46804 tid 46853 thread 17 bound to OS proc set {1-32}
OMP: pid 46804 tid 46864 thread 22 bound to OS proc set {1-32}
OMP: pid 46804 tid 46861 thread 21 bound to OS proc set {1-32}
OMP: pid 46804 tid 46860 thread 20 bound to OS proc set {1-32}
OMP: pid 46804 tid 46868 thread 25 bound to OS proc set {1-32}
OMP: pid 46804 tid 46882 thread 29 bound to OS proc set {1-32}
OMP: pid 46804 tid 46809 thread 2 bound to OS proc set {1-32}
OMP: pid 46804 tid 46832 thread 10 bound to OS proc set {1-32}
OMP: pid 46804 tid 46838 thread 12 bound to OS proc set {1-32}
OMP: pid 46804 tid 46827 thread 8 bound to OS proc set {1-32}
OMP: pid 46804 tid 46807 thread 1 bound to OS proc set {1-32}
OMP: pid 46804 tid 46843 thread 13 bound to OS proc set {1-32}
OMP: pid 46804 tid 46831 thread 9 bound to OS proc set {1-32}
OMP: pid 46804 tid 46804 thread 0 bound to OS proc set {1-32}
OMP: pid 46804 tid 46835 thread 11 bound to OS proc set {1-32}
OMP: pid 46804 tid 46817 thread 4 bound to OS proc set {1-32}
OMP: pid 46804 tid 46823 thread 6 bound to OS proc set {1-32}
OMP: pid 46804 tid 46824 thread 7 bound to OS proc set {1-32}
OMP: pid 46804 tid 46812 thread 3 bound to OS proc set {1-32}
OMP: pid 46804 tid 46844 thread 14 bound to OS proc set {1-32}
OMP: pid 46804 tid 46821 thread 5 bound to OS proc set {1-32}
OMP: pid 46804 tid 46845 thread 15 bound to OS proc set {1-32}


 NAS Parallel Benchmarks (NPB3.4-OMP) - CG Benchmark

 Size:      150000
 Iterations:                     75
 Number of available threads:    32

 Initialization time =           1.284 seconds

   iteration           ||r||                 zeta
        1       0.35334790377553E-12   109.9994423237398
        5       0.89254486828893E-15    28.6471670038897
       10       0.91222716146112E-15    28.9496695449000
       15       0.90646798442952E-15    28.9716336228373
       20       0.91448712691227E-15    28.9734210663751
       25       0.90919514809645E-15    28.9735863059385
       30       0.90891936841962E-15    28.9736033967630
       35       0.90984051431544E-15    28.9736053266249
       40       0.90574012392906E-15    28.9736055590700
       45       0.91018224344660E-15    28.9736055884129
       50       0.91092005588057E-15    28.9736055922482
       55       0.90424350272468E-15    28.9736055927636
       60       0.90869482874753E-15    28.9736055928341
       65       0.90796900784555E-15    28.9736055928438
       70       0.90223742340696E-15    28.9736055928452
       75       0.90069854567753E-15    28.9736055928455
 Benchmark completed 
 VERIFICATION SUCCESSFUL 
 Zeta is     0.2897360559285E+02
 Error is    0.1581784714701E-13


 CG Benchmark Completed.
 Class           =                        C
 Size            =                   150000
 Iterations      =                       75
 Time in seconds =                     7.22
 Total threads   =                       16
 Avail threads   =                       32
 Warning: Threads used differ from threads available
 Mop/s total     =                 19863.00
 Mop/s/thread    =                  1241.44
 Operation type  =           floating point
 Verification    =               SUCCESSFUL
 Version         =                    3.4.3
 Compile date    =              18 Feb 2026

 Compile options:
    FC           = gfortran
    FLINK        = $(FC)
    F_LIB        = -L/dss/dsshome1/09/ga27qam2/llvm-project/bu...
    F_INC        = (none)
    FFLAGS       = -O3 -fopenmp
    FLINKFLAGS   = -O3 -fopenmp
    RAND         = randi8


 Please send all errors/feedbacks to:

 NPB Development Team
 npb@nas.nasa.gov


