OMP: pid 54753 tid 54753 thread 0 bound to OS proc set {1-32}
OMP: pid 54753 tid 54802 thread 12 bound to OS proc set {1-32}
OMP: pid 54753 tid 54757 thread 1 bound to OS proc set {1-32}
OMP: pid 54753 tid 54764 thread 3 bound to OS proc set {1-32}
OMP: pid 54753 tid 54762 thread 2 bound to OS proc set {1-32}
OMP: pid 54753 tid 54791 thread 10 bound to OS proc set {1-32}
OMP: pid 54753 tid 54767 thread 4 bound to OS proc set {1-32}
OMP: pid 54753 tid 54798 thread 11 bound to OS proc set {1-32}
OMP: pid 54753 tid 54812 thread 15 bound to OS proc set {1-32}
OMP: pid 54753 tid 54776 thread 6 bound to OS proc set {1-32}
OMP: pid 54753 tid 54806 thread 13 bound to OS proc set {1-32}
OMP: pid 54753 tid 54785 thread 8 bound to OS proc set {1-32}
OMP: pid 54753 tid 54779 thread 7 bound to OS proc set {1-32}
OMP: pid 54753 tid 54809 thread 14 bound to OS proc set {1-32}
OMP: pid 54753 tid 54838 thread 20 bound to OS proc set {1-32}
OMP: pid 54753 tid 54772 thread 5 bound to OS proc set {1-32}
OMP: pid 54753 tid 54818 thread 16 bound to OS proc set {1-32}
OMP: pid 54753 tid 54790 thread 9 bound to OS proc set {1-32}
OMP: pid 54753 tid 54844 thread 21 bound to OS proc set {1-32}
OMP: pid 54753 tid 54848 thread 23 bound to OS proc set {1-32}
OMP: pid 54753 tid 54850 thread 24 bound to OS proc set {1-32}
OMP: pid 54753 tid 54847 thread 22 bound to OS proc set {1-32}
OMP: pid 54753 tid 54866 thread 30 bound to OS proc set {1-32}
OMP: pid 54753 tid 54857 thread 27 bound to OS proc set {1-32}
OMP: pid 54753 tid 54861 thread 28 bound to OS proc set {1-32}
OMP: pid 54753 tid 54829 thread 18 bound to OS proc set {1-32}
OMP: pid 54753 tid 54820 thread 17 bound to OS proc set {1-32}
OMP: pid 54753 tid 54867 thread 31 bound to OS proc set {1-32}
OMP: pid 54753 tid 54854 thread 25 bound to OS proc set {1-32}
OMP: pid 54753 tid 54856 thread 26 bound to OS proc set {1-32}
OMP: pid 54753 tid 54863 thread 29 bound to OS proc set {1-32}
OMP: pid 54753 tid 54834 thread 19 bound to OS proc set {1-32}
[DRM-pin] pid=54753 tid=54850 assigned=1-32 running_on=12
[DRM-pin] pid=54753 tid=54847 assigned=1-32 running_on=9
[DRM-pin] pid=54753 tid=54856 assigned=1-32 running_on=31
[DRM-pin] pid=54753 tid=54802 assigned=1-32 running_on=29
[DRM-pin] pid=54753 tid=54764 assigned=1-32 running_on=22
[DRM-pin] pid=54753 tid=54812 assigned=1-32 running_on=6
[DRM-pin] pid=54753 tid=54762 assigned=1-32 running_on=16
[DRM-pin] pid=54753 tid=54767 assigned=1-32 running_on=27
[DRM-pin] pid=54753 tid=54798 assigned=1-32 running_on=20
[DRM-pin] pid=54753 tid=54776 assigned=1-32 running_on=14
[DRM-pin] pid=54753 tid=54809 assigned=1-32 running_on=9
[DRM-pin] pid=54753 tid=54854 assigned=1-32 running_on=26
[DRM-pin] pid=54753 tid=54757 assigned=1-32 running_on=2
[DRM-pin] pid=54753 tid=54785 assigned=1-32 running_on=21
[DRM-pin] pid=54753 tid=54857 assigned=1-32 running_on=28
[DRM-pin] pid=54753 tid=54820 assigned=1-32 running_on=17
[DRM-pin] pid=54753 tid=54779 assigned=1-32 running_on=18
[DRM-pin] pid=54753 tid=54790 assigned=1-32 running_on=15
[DRM-pin] pid=54753 tid=54818 assigned=1-32 running_on=4
[DRM-pin] pid=54753 tid=54838 assigned=1-32 running_on=25
[DRM-pin] pid=54753 tid=54806 assigned=1-32 running_on=8
[DRM-pin] pid=54753 tid=54844 assigned=1-32 running_on=3
[DRM-pin] pid=54753 tid=54772 assigned=1-32 running_on=13
[DRM-pin] pid=54753 tid=54861 assigned=1-32 running_on=30
[DRM-pin] pid=54753 tid=54863 assigned=1-32 running_on=1
[DRM-pin] pid=54753 tid=54867 assigned=1-32 running_on=10
[DRM-pin] pid=54753 tid=54866 assigned=1-32 running_on=5
[DRM-pin] pid=54753 tid=54829 assigned=1-32 running_on=16
[DRM-pin] pid=54753 tid=54834 assigned=1-32 running_on=9
[DRM-pin] pid=54753 tid=54791 assigned=1-32 running_on=26
[DRM-pin] pid=54753 tid=54848 assigned=1-32 running_on=13
[DRM-pin] pid=54753 tid=54785 assigned=17-32 running_on=21
OMP: pid 54753 tid 54753 thread 0 bound to OS proc set {1-32}
[DRM-pin] pid=54753 tid=54802 assigned=17-32 running_on=29
OMP: pid 54753 tid 54785 thread 8 bound to OS proc set {1-32}
OMP: pid 54753 tid 54802 thread 12 bound to OS proc set {1-32}
[DRM-pin] pid=54753 tid=54798 assigned=17-32 running_on=20
OMP: pid 54753 tid 54798 thread 11 bound to OS proc set {1-32}
[DRM-pin] pid=54753 tid=54767 assigned=17-32 running_on=27
OMP: pid 54753 tid 54767 thread 4 bound to OS proc set {1-32}
[DRM-pin] pid=54753 tid=54757 assigned=17-32 running_on=18
OMP: pid 54753 tid 54757 thread 1 bound to OS proc set {1-32}
[DRM-pin] pid=54753 tid=54791 assigned=17-32 running_on=26
OMP: pid 54753 tid 54791 thread 10 bound to OS proc set {1-32}
[DRM-pin] pid=54753 tid=54776 assigned=17-32 running_on=17
OMP: pid 54753 tid 54776 thread 6 bound to OS proc set {1-32}
[DRM-pin] pid=54753 tid=54762 assigned=17-32 running_on=17
OMP: pid 54753 tid 54762 thread 2 bound to OS proc set {1-32}
[DRM-pin] pid=54753 tid=54779 assigned=17-32 running_on=18
[DRM-pin] pid=54753 tid=54809 assigned=17-32 running_on=25
OMP: pid 54753 tid 54779 thread 7 bound to OS proc set {1-32}
OMP: pid 54753 tid 54809 thread 14 bound to OS proc set {1-32}
[DRM-pin] pid=54753 tid=54790 assigned=17-32 running_on=17
OMP: pid 54753 tid 54790 thread 9 bound to OS proc set {1-32}
[DRM-pin] pid=54753 tid=54806 assigned=17-32 running_on=17
OMP: pid 54753 tid 54806 thread 13 bound to OS proc set {1-32}
[DRM-pin] pid=54753 tid=54812 assigned=17-32 running_on=17
[DRM-pin] pid=54753 tid=54764 assigned=17-32 running_on=17
OMP: pid 54753 tid 54812 thread 15 bound to OS proc set {1-32}
OMP: pid 54753 tid 54764 thread 3 bound to OS proc set {1-32}
[DRM-pin] pid=54753 tid=54772 assigned=17-32 running_on=17
OMP: pid 54753 tid 54772 thread 5 bound to OS proc set {1-32}


 NAS Parallel Benchmarks (NPB3.4-OMP) - FT Benchmark

 Size                :  512x 512x 512
 Iterations                  :     20
 Number of available threads :     32

 T =    1     Checksum =    5.195078707457D+02    5.149019699238D+02
 T =    2     Checksum =    5.155422171134D+02    5.127578201997D+02
 T =    3     Checksum =    5.144678022222D+02    5.122251847514D+02
 T =    4     Checksum =    5.140150594328D+02    5.121090289018D+02
 T =    5     Checksum =    5.137550426810D+02    5.121143685824D+02
 T =    6     Checksum =    5.135811056728D+02    5.121496764568D+02
 T =    7     Checksum =    5.134569343165D+02    5.121870921893D+02
 T =    8     Checksum =    5.133651975661D+02    5.122193250322D+02
 T =    9     Checksum =    5.132955192805D+02    5.122454735794D+02
 T =   10     Checksum =    5.132410471738D+02    5.122663649603D+02
 T =   11     Checksum =    5.131971141679D+02    5.122830879827D+02
 T =   12     Checksum =    5.131605205716D+02    5.122965869718D+02
 T =   13     Checksum =    5.131290734194D+02    5.123075927445D+02
 T =   14     Checksum =    5.131012720314D+02    5.123166486553D+02
 T =   15     Checksum =    5.130760908195D+02    5.123241541685D+02
 T =   16     Checksum =    5.130528295923D+02    5.123304037599D+02
 T =   17     Checksum =    5.130310107773D+02    5.123356167976D+02
 T =   18     Checksum =    5.130103090133D+02    5.123399592211D+02
 T =   19     Checksum =    5.129905029333D+02    5.123435588985D+02
 T =   20     Checksum =    5.129714421109D+02    5.123465164008D+02
 Result verification successful
 class = C


 FT Benchmark Completed.
 Class           =                        C
 Size            =            512x 512x 512
 Iterations      =                       20
 Time in seconds =                     8.27
 Total threads   =                       16
 Avail threads   =                       32
 Warning: Threads used differ from threads available
 Mop/s total     =                 47914.41
 Mop/s/thread    =                  2994.65
 Operation type  =           floating point
 Verification    =               SUCCESSFUL
 Version         =                    3.4.3
 Compile date    =              03 Sep 2026

 Compile options:
    FC           = gfortran
    FLINK        = $(FC)
    F_LIB        = -L$(LLVM_BUILD)/lib -lomp
    F_INC        = (none)
    FFLAGS       = -O3 -fopenmp
    FLINKFLAGS   = -O3 -fopenmp
    RAND         = randi8


 Please send all errors/feedbacks to:

 NPB Development Team
 npb@nas.nasa.gov


