OMP: pid 54751 tid 54751 thread 0 bound to OS proc set {1-32}
OMP: pid 54751 tid 54766 thread 3 bound to OS proc set {1-32}
OMP: pid 54751 tid 54763 thread 2 bound to OS proc set {1-32}
OMP: pid 54751 tid 54760 thread 1 bound to OS proc set {1-32}
OMP: pid 54751 tid 54769 thread 4 bound to OS proc set {1-32}
OMP: pid 54751 tid 54782 thread 8 bound to OS proc set {1-32}
OMP: pid 54751 tid 54787 thread 10 bound to OS proc set {1-32}
OMP: pid 54751 tid 54774 thread 6 bound to OS proc set {1-32}
OMP: pid 54751 tid 54771 thread 5 bound to OS proc set {1-32}
OMP: pid 54751 tid 54786 thread 9 bound to OS proc set {1-32}
OMP: pid 54751 tid 54792 thread 11 bound to OS proc set {1-32}
OMP: pid 54751 tid 54813 thread 16 bound to OS proc set {1-32}
OMP: pid 54751 tid 54879 thread 28 bound to OS proc set {1-32}
OMP: pid 54751 tid 54876 thread 27 bound to OS proc set {1-32}
OMP: pid 54751 tid 54881 thread 30 bound to OS proc set {1-32}
OMP: pid 54751 tid 54880 thread 29 bound to OS proc set {1-32}
OMP: pid 54751 tid 54830 thread 19 bound to OS proc set {1-32}
OMP: pid 54751 tid 54821 thread 18 bound to OS proc set {1-32}
OMP: pid 54751 tid 54851 thread 23 bound to OS proc set {1-32}
OMP: pid 54751 tid 54860 thread 24 bound to OS proc set {1-32}
OMP: pid 54751 tid 54870 thread 26 bound to OS proc set {1-32}
OMP: pid 54751 tid 54804 thread 14 bound to OS proc set {1-32}
OMP: pid 54751 tid 54810 thread 15 bound to OS proc set {1-32}
OMP: pid 54751 tid 54793 thread 12 bound to OS proc set {1-32}
OMP: pid 54751 tid 54800 thread 13 bound to OS proc set {1-32}
OMP: pid 54751 tid 54864 thread 25 bound to OS proc set {1-32}
OMP: pid 54751 tid 54777 thread 7 bound to OS proc set {1-32}
OMP: pid 54751 tid 54816 thread 17 bound to OS proc set {1-32}
OMP: pid 54751 tid 54836 thread 20 bound to OS proc set {1-32}
OMP: pid 54751 tid 54840 thread 21 bound to OS proc set {1-32}
OMP: pid 54751 tid 54846 thread 22 bound to OS proc set {1-32}
OMP: pid 54751 tid 54882 thread 31 bound to OS proc set {1-32}
OMP: pid 54751 tid 54751 thread 0 bound to OS proc set {1-32}
[DRM-pin] pid=54751 tid=54760 assigned=1-16 running_on=4
[DRM-pin] pid=54751 tid=54763 assigned=1-16 running_on=7
OMP: pid 54751 tid 54760 thread 1 bound to OS proc set {1-32}
[DRM-pin] pid=54751 tid=54774 assigned=1-16 running_on=2
OMP: pid 54751 tid 54763 thread 2 bound to OS proc set {1-32}
OMP: pid 54751 tid 54774 thread 6 bound to OS proc set {1-32}
[DRM-pin] pid=54751 tid=54793 assigned=1-16 running_on=15
OMP: pid 54751 tid 54793 thread 12 bound to OS proc set {1-32}
[DRM-pin] pid=54751 tid=54769 assigned=1-16 running_on=1
OMP: pid 54751 tid 54769 thread 4 bound to OS proc set {1-32}
[DRM-pin] pid=54751 tid=54810 assigned=1-16 running_on=7
OMP: pid 54751 tid 54810 thread 15 bound to OS proc set {1-32}
[DRM-pin] pid=54751 tid=54804 assigned=1-16 running_on=6
[DRM-pin] pid=54751 tid=54777 assigned=1-16 running_on=8
OMP: pid 54751 tid 54804 thread 14 bound to OS proc set {1-32}
[DRM-pin] pid=54751 tid=54800 assigned=1-16 running_on=2
OMP: pid 54751 tid 54777 thread 7 bound to OS proc set {1-32}
OMP: pid 54751 tid 54800 thread 13 bound to OS proc set {1-32}
[DRM-pin] pid=54751 tid=54771 assigned=1-16 running_on=5
OMP: pid 54751 tid 54771 thread 5 bound to OS proc set {1-32}
[DRM-pin] pid=54751 tid=54782 assigned=1-16 running_on=16
OMP: pid 54751 tid 54782 thread 8 bound to OS proc set {1-32}
[DRM-pin] pid=54751 tid=54792 assigned=1-16 running_on=12
OMP: pid 54751 tid 54792 thread 11 bound to OS proc set {1-32}
[DRM-pin] pid=54751 tid=54786 assigned=1-16 running_on=10
OMP: pid 54751 tid 54786 thread 9 bound to OS proc set {1-32}
[DRM-pin] pid=54751 tid=54766 assigned=1-16 running_on=1
OMP: pid 54751 tid 54766 thread 3 bound to OS proc set {1-32}
[DRM-pin] pid=54751 tid=54787 assigned=1-16 running_on=1
OMP: pid 54751 tid 54787 thread 10 bound to OS proc set {1-32}


 NAS Parallel Benchmarks (NPB3.4-OMP) - FT Benchmark

 Size                :  512x 512x 512
 Iterations                  :     20
 Number of available threads :     32

 T =    1     Checksum =    5.195078707457D+02    5.149019699238D+02
 T =    2     Checksum =    5.155422171134D+02    5.127578201997D+02
 T =    3     Checksum =    5.144678022222D+02    5.122251847514D+02
 T =    4     Checksum =    5.140150594328D+02    5.121090289018D+02
 T =    5     Checksum =    5.137550426810D+02    5.121143685824D+02
 T =    6     Checksum =    5.135811056728D+02    5.121496764568D+02
 T =    7     Checksum =    5.134569343165D+02    5.121870921893D+02
 T =    8     Checksum =    5.133651975661D+02    5.122193250322D+02
 T =    9     Checksum =    5.132955192805D+02    5.122454735794D+02
 T =   10     Checksum =    5.132410471738D+02    5.122663649603D+02
 T =   11     Checksum =    5.131971141679D+02    5.122830879827D+02
 T =   12     Checksum =    5.131605205716D+02    5.122965869718D+02
 T =   13     Checksum =    5.131290734194D+02    5.123075927445D+02
 T =   14     Checksum =    5.131012720314D+02    5.123166486553D+02
 T =   15     Checksum =    5.130760908195D+02    5.123241541685D+02
 T =   16     Checksum =    5.130528295923D+02    5.123304037599D+02
 T =   17     Checksum =    5.130310107773D+02    5.123356167976D+02
 T =   18     Checksum =    5.130103090133D+02    5.123399592211D+02
 T =   19     Checksum =    5.129905029333D+02    5.123435588985D+02
 T =   20     Checksum =    5.129714421109D+02    5.123465164008D+02
 Result verification successful
 class = C


 FT Benchmark Completed.
 Class           =                        C
 Size            =            512x 512x 512
 Iterations      =                       20
 Time in seconds =                     8.07
 Total threads   =                       16
 Avail threads   =                       32
 Warning: Threads used differ from threads available
 Mop/s total     =                 49148.19
 Mop/s/thread    =                  3071.76
 Operation type  =           floating point
 Verification    =               SUCCESSFUL
 Version         =                    3.4.3
 Compile date    =              03 Sep 2026

 Compile options:
    FC           = gfortran
    FLINK        = $(FC)
    F_LIB        = -L$(LLVM_BUILD)/lib -lomp
    F_INC        = (none)
    FFLAGS       = -O3 -fopenmp
    FLINKFLAGS   = -O3 -fopenmp
    RAND         = randi8


 Please send all errors/feedbacks to:

 NPB Development Team
 npb@nas.nasa.gov


