OMP: pid 48285 tid 48285 thread 0 bound to OS proc set {1-32}
OMP: pid 48285 tid 48293 thread 1 bound to OS proc set {1-32}
OMP: pid 48285 tid 48297 thread 2 bound to OS proc set {1-32}
OMP: pid 48285 tid 48303 thread 3 bound to OS proc set {1-32}
OMP: pid 48285 tid 48318 thread 7 bound to OS proc set {1-32}
OMP: pid 48285 tid 48313 thread 6 bound to OS proc set {1-32}
OMP: pid 48285 tid 48323 thread 8 bound to OS proc set {1-32}
OMP: pid 48285 tid 48342 thread 12 bound to OS proc set {1-32}
OMP: pid 48285 tid 48331 thread 10 bound to OS proc set {1-32}
OMP: pid 48285 tid 48337 thread 11 bound to OS proc set {1-32}
OMP: pid 48285 tid 48310 thread 5 bound to OS proc set {1-32}
OMP: pid 48285 tid 48328 thread 9 bound to OS proc set {1-32}
OMP: pid 48285 tid 48308 thread 4 bound to OS proc set {1-32}
OMP: pid 48285 tid 48357 thread 15 bound to OS proc set {1-32}
OMP: pid 48285 tid 48353 thread 14 bound to OS proc set {1-32}
OMP: pid 48285 tid 48346 thread 13 bound to OS proc set {1-32}
OMP: pid 48285 tid 48363 thread 16 bound to OS proc set {1-32}
OMP: pid 48285 tid 48410 thread 28 bound to OS proc set {1-32}
OMP: pid 48285 tid 48378 thread 19 bound to OS proc set {1-32}
OMP: pid 48285 tid 48382 thread 20 bound to OS proc set {1-32}
OMP: pid 48285 tid 48367 thread 17 bound to OS proc set {1-32}
OMP: pid 48285 tid 48413 thread 31 bound to OS proc set {1-32}
OMP: pid 48285 tid 48388 thread 21 bound to OS proc set {1-32}
OMP: pid 48285 tid 48372 thread 18 bound to OS proc set {1-32}
OMP: pid 48285 tid 48394 thread 22 bound to OS proc set {1-32}
OMP: pid 48285 tid 48411 thread 29 bound to OS proc set {1-32}
OMP: pid 48285 tid 48412 thread 30 bound to OS proc set {1-32}
OMP: pid 48285 tid 48403 thread 24 bound to OS proc set {1-32}
OMP: pid 48285 tid 48409 thread 27 bound to OS proc set {1-32}
OMP: pid 48285 tid 48407 thread 26 bound to OS proc set {1-32}
OMP: pid 48285 tid 48405 thread 25 bound to OS proc set {1-32}
OMP: pid 48285 tid 48397 thread 23 bound to OS proc set {1-32}
OMP: pid 48285 tid 48285 thread 0 bound to OS proc set {1-32}
OMP: pid 48285 tid 48303 thread 3 bound to OS proc set {1-32}
OMP: pid 48285 tid 48337 thread 11 bound to OS proc set {1-32}
OMP: pid 48285 tid 48293 thread 1 bound to OS proc set {1-32}
OMP: pid 48285 tid 48308 thread 4 bound to OS proc set {1-32}
OMP: pid 48285 tid 48310 thread 5 bound to OS proc set {1-32}
OMP: pid 48285 tid 48297 thread 2 bound to OS proc set {1-32}
OMP: pid 48285 tid 48318 thread 7 bound to OS proc set {1-32}
OMP: pid 48285 tid 48323 thread 8 bound to OS proc set {1-32}
OMP: pid 48285 tid 48328 thread 9 bound to OS proc set {1-32}
OMP: pid 48285 tid 48331 thread 10 bound to OS proc set {1-32}
OMP: pid 48285 tid 48313 thread 6 bound to OS proc set {1-32}
OMP: pid 48285 tid 48357 thread 15 bound to OS proc set {1-32}
OMP: pid 48285 tid 48346 thread 13 bound to OS proc set {1-32}
OMP: pid 48285 tid 48342 thread 12 bound to OS proc set {1-32}
OMP: pid 48285 tid 48353 thread 14 bound to OS proc set {1-32}


 NAS Parallel Benchmarks (NPB3.4-OMP) - EP Benchmark

 Number of random numbers generated:      8589934592
 Number of available threads:                     32

EP Benchmark Results:

CPU Time =     4.964
N = 2^   32
No. Gaussian Pairs =    3373275903.
Sums =     2.691444083862575D+09    2.691519118725089D+09
Counts:
  0    1572172634.
  1    1501108549.
  2     281805648.
  3      17761221.
  4        424017.
  5          3821.
  6            13.
  7             0.
  8             0.
  9             0.


 EP Benchmark Completed.
 Class           =                        C
 Size            =               8589934592
 Iterations      =                        0
 Time in seconds =                     4.96
 Total threads   =                       16
 Avail threads   =                       32
 Warning: Threads used differ from threads available
 Mop/s total     =                  1730.32
 Mop/s/thread    =                   108.14
 Operation type  = Random numbers generated
 Verification    =               SUCCESSFUL
 Version         =                    3.4.3
 Compile date    =              18 Feb 2026

 Compile options:
    FC           = gfortran
    FLINK        = $(FC)
    F_LIB        = -L/dss/dsshome1/09/ga27qam2/llvm-project/bu...
    F_INC        = (none)
    FFLAGS       = -O3 -fopenmp
    FLINKFLAGS   = -O3 -fopenmp
    RAND         = randi8


 Please send all errors/feedbacks to:

 NPB Development Team
 npb@nas.nasa.gov


