OMP: pid 25018 tid 25018 thread 0 bound to OS proc set {56-59}
OMP: pid 25018 tid 25026 thread 2 bound to OS proc set {56-59}
OMP: pid 25018 tid 25028 thread 3 bound to OS proc set {56-59}
OMP: pid 25018 tid 25024 thread 1 bound to OS proc set {56-59}


 NAS Parallel Benchmarks (NPB3.4-OMP) - CG Benchmark

 Size:      150000
 Iterations:                     75
 Number of available threads:     4

 Initialization time =           6.257 seconds

   iteration           ||r||                 zeta
        1       0.35328997525708E-12   109.9994423237398
        5       0.89240957432643E-15    28.6471670038893
       10       0.91348450646781E-15    28.9496695449003
       15       0.90690512220216E-15    28.9716336228371
       20       0.91552855419400E-15    28.9734210663747
       25       0.90866474257971E-15    28.9735863059382
       30       0.91004071786260E-15    28.9736033967627
       35       0.91049034928916E-15    28.9736053266246
       40       0.90763580875038E-15    28.9736055590699
       45       0.90885830620888E-15    28.9736055884132
       50       0.90972415735077E-15    28.9736055922486
       55       0.90406915555324E-15    28.9736055927632
       60       0.90799454388531E-15    28.9736055928339
       65       0.90690244603239E-15    28.9736055928440
       70       0.90327157495216E-15    28.9736055928455
       75       0.90047464116414E-15    28.9736055928458
 Benchmark completed 
 VERIFICATION SUCCESSFUL 
 Zeta is     0.2897360559285E+02
 Error is    0.2709879239913E-13


 CG Benchmark Completed.
 Class           =                        C
 Size            =                   150000
 Iterations      =                       75
 Time in seconds =                    56.79
 Total threads   =                        4
 Avail threads   =                        4
 Mop/s total     =                  2524.01
 Mop/s/thread    =                   631.00
 Operation type  =           floating point
 Verification    =               SUCCESSFUL
 Version         =                    3.4.3
 Compile date    =              18 Feb 2026

 Compile options:
    FC           = gfortran
    FLINK        = $(FC)
    F_LIB        = -L/dss/dsshome1/09/ga27qam2/llvm-project/bu...
    F_INC        = (none)
    FFLAGS       = -O3 -fopenmp
    FLINKFLAGS   = -O3 -fopenmp
    RAND         = randi8


 Please send all errors/feedbacks to:

 NPB Development Team
 npb@nas.nasa.gov


