OMP: pid 41699 tid 41714 thread 11 bound to OS proc set {1-16}
OMP: pid 41699 tid 41705 thread 2 bound to OS proc set {1-16}
OMP: pid 41699 tid 41717 thread 14 bound to OS proc set {1-16}
OMP: pid 41699 tid 41715 thread 12 bound to OS proc set {1-16}
OMP: pid 41699 tid 41707 thread 4 bound to OS proc set {1-16}
OMP: pid 41699 tid 41709 thread 6 bound to OS proc set {1-16}
OMP: pid 41699 tid 41704 thread 1 bound to OS proc set {1-16}
OMP: pid 41699 tid 41710 thread 7 bound to OS proc set {1-16}
OMP: pid 41699 tid 41706 thread 3 bound to OS proc set {1-16}
OMP: pid 41699 tid 41718 thread 15 bound to OS proc set {1-16}
OMP: pid 41699 tid 41712 thread 9 bound to OS proc set {1-16}
OMP: pid 41699 tid 41713 thread 10 bound to OS proc set {1-16}
OMP: pid 41699 tid 41711 thread 8 bound to OS proc set {1-16}
OMP: pid 41699 tid 41716 thread 13 bound to OS proc set {1-16}
OMP: pid 41699 tid 41708 thread 5 bound to OS proc set {1-16}
OMP: pid 41699 tid 41699 thread 0 bound to OS proc set {1-16}
OMP: pid 41699 tid 41704 thread 1 bound to OS proc set {1-16}
OMP: pid 41699 tid 41699 thread 0 bound to OS proc set {1-16}
OMP: pid 41699 tid 41710 thread 7 bound to OS proc set {1-16}
OMP: pid 41699 tid 41705 thread 2 bound to OS proc set {1-16}
OMP: pid 41699 tid 41706 thread 3 bound to OS proc set {1-16}
OMP: pid 41699 tid 41709 thread 6 bound to OS proc set {1-16}
OMP: pid 41699 tid 41708 thread 5 bound to OS proc set {1-16}
OMP: pid 41699 tid 41707 thread 4 bound to OS proc set {1-16}


 NAS Parallel Benchmarks (NPB3.4-OMP) - CG Benchmark

 Size:      150000
 Iterations:                     75
 Number of available threads:    16

 Initialization time =           1.941 seconds

   iteration           ||r||                 zeta
        1       0.35331912385597E-12   109.9994423237398
        5       0.89180322598578E-15    28.6471670038896
       10       0.91074781407656E-15    28.9496695449001
       15       0.90687930556334E-15    28.9716336228371
       20       0.91398437023451E-15    28.9734210663752
       25       0.90737701521603E-15    28.9735863059386
       30       0.90945905199600E-15    28.9736033967633
       35       0.91041309444432E-15    28.9736053266247
       40       0.90637570008525E-15    28.9736055590700
       45       0.90908696549458E-15    28.9736055884130
       50       0.91101108876139E-15    28.9736055922483
       55       0.90312090757852E-15    28.9736055927634
       60       0.90842706794930E-15    28.9736055928341
       65       0.90631504447456E-15    28.9736055928440
       70       0.90213596027891E-15    28.9736055928451
       75       0.90283285283039E-15    28.9736055928456
 Benchmark completed 
 VERIFICATION SUCCESSFUL 
 Zeta is     0.2897360559285E+02
 Error is    0.1974165419122E-13


 CG Benchmark Completed.
 Class           =                        C
 Size            =                   150000
 Iterations      =                       75
 Time in seconds =                    12.94
 Total threads   =                        8
 Avail threads   =                       16
 Warning: Threads used differ from threads available
 Mop/s total     =                 11079.52
 Mop/s/thread    =                  1384.94
 Operation type  =           floating point
 Verification    =               SUCCESSFUL
 Version         =                    3.4.3
 Compile date    =              18 Feb 2026

 Compile options:
    FC           = gfortran
    FLINK        = $(FC)
    F_LIB        = -L/dss/dsshome1/09/ga27qam2/llvm-project/bu...
    F_INC        = (none)
    FFLAGS       = -O3 -fopenmp
    FLINKFLAGS   = -O3 -fopenmp
    RAND         = randi8


 Please send all errors/feedbacks to:

 NPB Development Team
 npb@nas.nasa.gov


