OMP: pid 29648 tid 29652 thread 1 bound to OS proc set {56-63}
OMP: pid 29648 tid 29653 thread 2 bound to OS proc set {56-63}
OMP: pid 29648 tid 29648 thread 0 bound to OS proc set {56-63}
OMP: pid 29648 tid 29654 thread 3 bound to OS proc set {56-63}
OMP: pid 29648 tid 29656 thread 5 bound to OS proc set {56-63}
OMP: pid 29648 tid 29662 thread 7 bound to OS proc set {56-63}
OMP: pid 29648 tid 29655 thread 4 bound to OS proc set {56-63}
OMP: pid 29648 tid 29659 thread 6 bound to OS proc set {56-63}


 NAS Parallel Benchmarks (NPB3.4-OMP) - CG Benchmark

 Size:      150000
 Iterations:                     75
 Number of available threads:     8

 Initialization time =           3.330 seconds

   iteration           ||r||                 zeta
        1       0.35330862296222E-12   109.9994423237398
        5       0.89246413166104E-15    28.6471670038896
       10       0.91164769772594E-15    28.9496695449000
       15       0.90716390134110E-15    28.9716336228371
       20       0.91340444879596E-15    28.9734210663752
       25       0.90857247597388E-15    28.9735863059386
       30       0.90857475019650E-15    28.9736033967633
       35       0.91037417625802E-15    28.9736053266247
       40       0.90612574438172E-15    28.9736055590700
       45       0.90882231734495E-15    28.9736055884130
       50       0.90967372721801E-15    28.9736055922483
       55       0.90276017637137E-15    28.9736055927634
       60       0.90926146717855E-15    28.9736055928341
       65       0.90628850738166E-15    28.9736055928440
       70       0.90297941392275E-15    28.9736055928451
       75       0.90252802033525E-15    28.9736055928456
 Benchmark completed 
 VERIFICATION SUCCESSFUL 
 Zeta is     0.2897360559285E+02
 Error is    0.2121308183281E-13


 CG Benchmark Completed.
 Class           =                        C
 Size            =                   150000
 Iterations      =                       75
 Time in seconds =                    30.42
 Total threads   =                        8
 Avail threads   =                        8
 Mop/s total     =                  4712.33
 Mop/s/thread    =                   589.04
 Operation type  =           floating point
 Verification    =               SUCCESSFUL
 Version         =                    3.4.3
 Compile date    =              18 Feb 2026

 Compile options:
    FC           = gfortran
    FLINK        = $(FC)
    F_LIB        = -L/dss/dsshome1/09/ga27qam2/llvm-project/bu...
    F_INC        = (none)
    FFLAGS       = -O3 -fopenmp
    FLINKFLAGS   = -O3 -fopenmp
    RAND         = randi8


 Please send all errors/feedbacks to:

 NPB Development Team
 npb@nas.nasa.gov


