OMP: pid 25016 tid 25025 thread 3 bound to OS proc set {56-59}
OMP: pid 25016 tid 25022 thread 2 bound to OS proc set {56-59}
OMP: pid 25016 tid 25016 thread 0 bound to OS proc set {56-59}
OMP: pid 25016 tid 25019 thread 1 bound to OS proc set {56-59}


 NAS Parallel Benchmarks (NPB3.4-OMP) - CG Benchmark

 Size:      150000
 Iterations:                     75
 Number of available threads:     4

 Initialization time =           6.858 seconds

   iteration           ||r||                 zeta
        1       0.35328997525708E-12   109.9994423237398
        5       0.89195625196634E-15    28.6471670038893
       10       0.91241228364587E-15    28.9496695449003
       15       0.90632559067799E-15    28.9716336228371
       20       0.91509638241677E-15    28.9734210663747
       25       0.90922473310533E-15    28.9735863059382
       30       0.91086383903421E-15    28.9736033967627
       35       0.91080682781782E-15    28.9736053266246
       40       0.90732207522411E-15    28.9736055590699
       45       0.90935526961393E-15    28.9736055884132
       50       0.91037113340970E-15    28.9736055922485
       55       0.90397253383596E-15    28.9736055927632
       60       0.90871573077713E-15    28.9736055928339
       65       0.90625502078386E-15    28.9736055928440
       70       0.90284004231957E-15    28.9736055928455
       75       0.90169409013817E-15    28.9736055928458
 Benchmark completed 
 VERIFICATION SUCCESSFUL 
 Zeta is     0.2897360559285E+02
 Error is    0.2709879239913E-13


 CG Benchmark Completed.
 Class           =                        C
 Size            =                   150000
 Iterations      =                       75
 Time in seconds =                    54.51
 Total threads   =                        4
 Avail threads   =                        4
 Mop/s total     =                  2629.56
 Mop/s/thread    =                   657.39
 Operation type  =           floating point
 Verification    =               SUCCESSFUL
 Version         =                    3.4.3
 Compile date    =              18 Feb 2026

 Compile options:
    FC           = gfortran
    FLINK        = $(FC)
    F_LIB        = -L/dss/dsshome1/09/ga27qam2/llvm-project/bu...
    F_INC        = (none)
    FFLAGS       = -O3 -fopenmp
    FLINKFLAGS   = -O3 -fopenmp
    RAND         = randi8


 Please send all errors/feedbacks to:

 NPB Development Team
 npb@nas.nasa.gov


