OMP: pid 41701 tid 41736 thread 1 bound to OS proc set {56-71}
OMP: pid 41701 tid 41747 thread 8 bound to OS proc set {56-71}
OMP: pid 41701 tid 41737 thread 2 bound to OS proc set {56-71}
OMP: pid 41701 tid 41740 thread 3 bound to OS proc set {56-71}
OMP: pid 41701 tid 41751 thread 11 bound to OS proc set {56-71}
OMP: pid 41701 tid 41753 thread 13 bound to OS proc set {56-71}
OMP: pid 41701 tid 41701 thread 0 bound to OS proc set {56-71}
OMP: pid 41701 tid 41748 thread 9 bound to OS proc set {56-71}
OMP: pid 41701 tid 41752 thread 12 bound to OS proc set {56-71}
OMP: pid 41701 tid 41745 thread 7 bound to OS proc set {56-71}
OMP: pid 41701 tid 41743 thread 5 bound to OS proc set {56-71}
OMP: pid 41701 tid 41749 thread 10 bound to OS proc set {56-71}
OMP: pid 41701 tid 41757 thread 15 bound to OS proc set {56-71}
OMP: pid 41701 tid 41755 thread 14 bound to OS proc set {56-71}
OMP: pid 41701 tid 41741 thread 4 bound to OS proc set {56-71}
OMP: pid 41701 tid 41744 thread 6 bound to OS proc set {56-71}


 NAS Parallel Benchmarks (NPB3.4-OMP) - CG Benchmark

 Size:      150000
 Iterations:                     75
 Number of available threads:    16

 Initialization time =           1.951 seconds

   iteration           ||r||                 zeta
        1       0.35335566523128E-12   109.9994423237398
        5       0.89310045564660E-15    28.6471670038897
       10       0.91189705466681E-15    28.9496695448999
       15       0.90675172648844E-15    28.9716336228373
       20       0.91589790787304E-15    28.9734210663750
       25       0.90931043919067E-15    28.9735863059385
       30       0.90904892682226E-15    28.9736033967630
       35       0.91051783425373E-15    28.9736053266248
       40       0.90631893385733E-15    28.9736055590700
       45       0.90999663772919E-15    28.9736055884129
       50       0.90963667905341E-15    28.9736055922483
       55       0.90373562828292E-15    28.9736055927636
       60       0.90861312083092E-15    28.9736055928341
       65       0.90832585258099E-15    28.9736055928438
       70       0.90247995715608E-15    28.9736055928452
       75       0.90321537986485E-15    28.9736055928454
 Benchmark completed 
 VERIFICATION SUCCESSFUL 
 Zeta is     0.2897360559285E+02
 Error is    0.1532737126648E-13


 CG Benchmark Completed.
 Class           =                        C
 Size            =                   150000
 Iterations      =                       75
 Time in seconds =                    16.40
 Total threads   =                       16
 Avail threads   =                       16
 Mop/s total     =                  8738.36
 Mop/s/thread    =                   546.15
 Operation type  =           floating point
 Verification    =               SUCCESSFUL
 Version         =                    3.4.3
 Compile date    =              18 Feb 2026

 Compile options:
    FC           = gfortran
    FLINK        = $(FC)
    F_LIB        = -L/dss/dsshome1/09/ga27qam2/llvm-project/bu...
    F_INC        = (none)
    FFLAGS       = -O3 -fopenmp
    FLINKFLAGS   = -O3 -fopenmp
    RAND         = randi8


 Please send all errors/feedbacks to:

 NPB Development Team
 npb@nas.nasa.gov


