OMP: pid 29650 tid 29672 thread 4 bound to OS proc set {1-8}
OMP: pid 29650 tid 29666 thread 1 bound to OS proc set {1-8}
OMP: pid 29650 tid 29677 thread 6 bound to OS proc set {1-8}
OMP: pid 29650 tid 29669 thread 3 bound to OS proc set {1-8}
OMP: pid 29650 tid 29668 thread 2 bound to OS proc set {1-8}
OMP: pid 29650 tid 29679 thread 7 bound to OS proc set {1-8}
OMP: pid 29650 tid 29650 thread 0 bound to OS proc set {1-8}
OMP: pid 29650 tid 29675 thread 5 bound to OS proc set {1-8}
OMP: pid 29650 tid 29650 thread 0 bound to OS proc set {1-8}
OMP: pid 29650 tid 29668 thread 2 bound to OS proc set {1-8}
OMP: pid 29650 tid 29669 thread 3 bound to OS proc set {1-8}
OMP: pid 29650 tid 29666 thread 1 bound to OS proc set {1-8}


 NAS Parallel Benchmarks (NPB3.4-OMP) - CG Benchmark

 Size:      150000
 Iterations:                     75
 Number of available threads:     8

 Initialization time =           3.504 seconds

   iteration           ||r||                 zeta
        1       0.35342824839249E-12   109.9994423237398
        5       0.89175867277000E-15    28.6471670038893
       10       0.91260855031551E-15    28.9496695449003
       15       0.90662054770129E-15    28.9716336228371
       20       0.91489019686702E-15    28.9734210663747
       25       0.91022777955726E-15    28.9735863059382
       30       0.91059049304048E-15    28.9736033967627
       35       0.90949900534654E-15    28.9736053266246
       40       0.90777304594568E-15    28.9736055590700
       45       0.91044277665424E-15    28.9736055884132
       50       0.91049020081766E-15    28.9736055922485
       55       0.90394386886427E-15    28.9736055927632
       60       0.90957207426388E-15    28.9736055928339
       65       0.90676404119984E-15    28.9736055928440
       70       0.90311354298200E-15    28.9736055928455
       75       0.90120663084063E-15    28.9736055928458
 Benchmark completed 
 VERIFICATION SUCCESSFUL 
 Zeta is     0.2897360559285E+02
 Error is    0.2758926827966E-13


 CG Benchmark Completed.
 Class           =                        C
 Size            =                   150000
 Iterations      =                       75
 Time in seconds =                    23.31
 Total threads   =                        4
 Avail threads   =                        8
 Warning: Threads used differ from threads available
 Mop/s total     =                  6149.09
 Mop/s/thread    =                  1537.27
 Operation type  =           floating point
 Verification    =               SUCCESSFUL
 Version         =                    3.4.3
 Compile date    =              18 Feb 2026

 Compile options:
    FC           = gfortran
    FLINK        = $(FC)
    F_LIB        = -L/dss/dsshome1/09/ga27qam2/llvm-project/bu...
    F_INC        = (none)
    FFLAGS       = -O3 -fopenmp
    FLINKFLAGS   = -O3 -fopenmp
    RAND         = randi8


 Please send all errors/feedbacks to:

 NPB Development Team
 npb@nas.nasa.gov


