OMP: pid 41700 tid 41742 thread 4 bound to OS proc set {56-71}
OMP: pid 41700 tid 41738 thread 2 bound to OS proc set {56-71}
OMP: pid 41700 tid 41758 thread 8 bound to OS proc set {56-71}
OMP: pid 41700 tid 41746 thread 5 bound to OS proc set {56-71}
OMP: pid 41700 tid 41739 thread 3 bound to OS proc set {56-71}
OMP: pid 41700 tid 41700 thread 0 bound to OS proc set {56-71}
OMP: pid 41700 tid 41735 thread 1 bound to OS proc set {56-71}
OMP: pid 41700 tid 41759 thread 9 bound to OS proc set {56-71}
OMP: pid 41700 tid 41750 thread 6 bound to OS proc set {56-71}
OMP: pid 41700 tid 41762 thread 12 bound to OS proc set {56-71}
OMP: pid 41700 tid 41764 thread 14 bound to OS proc set {56-71}
OMP: pid 41700 tid 41765 thread 15 bound to OS proc set {56-71}
OMP: pid 41700 tid 41763 thread 13 bound to OS proc set {56-71}
OMP: pid 41700 tid 41754 thread 7 bound to OS proc set {56-71}
OMP: pid 41700 tid 41761 thread 11 bound to OS proc set {56-71}
OMP: pid 41700 tid 41760 thread 10 bound to OS proc set {56-71}


 NAS Parallel Benchmarks (NPB3.4-OMP) - CG Benchmark

 Size:      150000
 Iterations:                     75
 Number of available threads:    16

 Initialization time =           1.956 seconds

   iteration           ||r||                 zeta
        1       0.35311883790507E-12   109.9994423237398
        5       0.89245541878081E-15    28.6471670038896
       10       0.91117536494722E-15    28.9496695449000
       15       0.90623743004565E-15    28.9716336228373
       20       0.91503248306099E-15    28.9734210663751
       25       0.90866029241203E-15    28.9735863059385
       30       0.90967831093658E-15    28.9736033967630
       35       0.91065392474955E-15    28.9736053266249
       40       0.90649738248065E-15    28.9736055590700
       45       0.90996195097580E-15    28.9736055884129
       50       0.91015611575672E-15    28.9736055922482
       55       0.90337872090472E-15    28.9736055927635
       60       0.90939544928759E-15    28.9736055928341
       65       0.90888174589821E-15    28.9736055928438
       70       0.90201825515401E-15    28.9736055928452
       75       0.90149927471713E-15    28.9736055928455
 Benchmark completed 
 VERIFICATION SUCCESSFUL 
 Zeta is     0.2897360559285E+02
 Error is    0.1630832302753E-13


 CG Benchmark Completed.
 Class           =                        C
 Size            =                   150000
 Iterations      =                       75
 Time in seconds =                    15.89
 Total threads   =                       16
 Avail threads   =                       16
 Mop/s total     =                  9019.96
 Mop/s/thread    =                   563.75
 Operation type  =           floating point
 Verification    =               SUCCESSFUL
 Version         =                    3.4.3
 Compile date    =              18 Feb 2026

 Compile options:
    FC           = gfortran
    FLINK        = $(FC)
    F_LIB        = -L/dss/dsshome1/09/ga27qam2/llvm-project/bu...
    F_INC        = (none)
    FFLAGS       = -O3 -fopenmp
    FLINKFLAGS   = -O3 -fopenmp
    RAND         = randi8


 Please send all errors/feedbacks to:

 NPB Development Team
 npb@nas.nasa.gov


