OMP: pid 65287 tid 65287 thread 0 bound to OS proc set {64-95}
OMP: pid 65287 tid 65304 thread 3 bound to OS proc set {64-95}
OMP: pid 65287 tid 65299 thread 2 bound to OS proc set {64-95}
OMP: pid 65287 tid 65328 thread 8 bound to OS proc set {64-95}
OMP: pid 65287 tid 65295 thread 1 bound to OS proc set {64-95}
OMP: pid 65287 tid 65307 thread 4 bound to OS proc set {64-95}
OMP: pid 65287 tid 65327 thread 7 bound to OS proc set {64-95}
OMP: pid 65287 tid 65346 thread 11 bound to OS proc set {64-95}
OMP: pid 65287 tid 65341 thread 10 bound to OS proc set {64-95}
OMP: pid 65287 tid 65320 thread 6 bound to OS proc set {64-95}
OMP: pid 65287 tid 65332 thread 9 bound to OS proc set {64-95}
OMP: pid 65287 tid 65350 thread 12 bound to OS proc set {64-95}
OMP: pid 65287 tid 65314 thread 5 bound to OS proc set {64-95}
OMP: pid 65287 tid 65354 thread 14 bound to OS proc set {64-95}
OMP: pid 65287 tid 65377 thread 19 bound to OS proc set {64-95}
OMP: pid 65287 tid 65357 thread 15 bound to OS proc set {64-95}
OMP: pid 65287 tid 65414 thread 31 bound to OS proc set {64-95}
OMP: pid 65287 tid 65365 thread 16 bound to OS proc set {64-95}
OMP: pid 65287 tid 65410 thread 28 bound to OS proc set {64-95}
OMP: pid 65287 tid 65352 thread 13 bound to OS proc set {64-95}
OMP: pid 65287 tid 65396 thread 23 bound to OS proc set {64-95}
OMP: pid 65287 tid 65412 thread 29 bound to OS proc set {64-95}
OMP: pid 65287 tid 65408 thread 27 bound to OS proc set {64-95}
OMP: pid 65287 tid 65413 thread 30 bound to OS proc set {64-95}
OMP: pid 65287 tid 65369 thread 17 bound to OS proc set {64-95}
OMP: pid 65287 tid 65373 thread 18 bound to OS proc set {64-95}
OMP: pid 65287 tid 65384 thread 20 bound to OS proc set {64-95}
OMP: pid 65287 tid 65398 thread 24 bound to OS proc set {64-95}
OMP: pid 65287 tid 65394 thread 22 bound to OS proc set {64-95}
OMP: pid 65287 tid 65404 thread 26 bound to OS proc set {64-95}
OMP: pid 65287 tid 65391 thread 21 bound to OS proc set {64-95}
OMP: pid 65287 tid 65400 thread 25 bound to OS proc set {64-95}
[DRM-pin] pid=65287 tid=65328 assigned=64-95 running_on=87
[DRM-pin] pid=65287 tid=65295 assigned=64-95 running_on=67
[DRM-pin] pid=65287 tid=65398 assigned=64-95 running_on=90
[DRM-pin] pid=65287 tid=65341 assigned=64-95 running_on=92
[DRM-pin] pid=65287 tid=65352 assigned=64-95 running_on=72
[DRM-pin] pid=65287 tid=65350 assigned=64-95 running_on=69
[DRM-pin] pid=65287 tid=65299 assigned=64-95 running_on=75
[DRM-pin] pid=65287 tid=65365 assigned=64-95 running_on=64
[DRM-pin] pid=65287 tid=65384 assigned=64-95 running_on=82
[DRM-pin] pid=65287 tid=65369 assigned=64-95 running_on=95
[DRM-pin] pid=65287 tid=65354 assigned=64-95 running_on=77
[DRM-pin] pid=65287 tid=65408 assigned=64-95 running_on=91
[DRM-pin] pid=65287 tid=65307 assigned=64-95 running_on=79
[DRM-pin] pid=65287 tid=65377 assigned=64-95 running_on=80
[DRM-pin] pid=65287 tid=65346 assigned=64-95 running_on=94
[DRM-pin] pid=65287 tid=65327 assigned=64-95 running_on=86
[DRM-pin] pid=65287 tid=65373 assigned=64-95 running_on=83
[DRM-pin] pid=65287 tid=65304 assigned=64-95 running_on=68
[DRM-pin] pid=65287 tid=65320 assigned=64-95 running_on=84
[DRM-pin] pid=65287 tid=65332 assigned=64-95 running_on=89
[DRM-pin] pid=65287 tid=65357 assigned=64-95 running_on=70
[DRM-pin] pid=65287 tid=65410 assigned=64-95 running_on=71
[DRM-pin] pid=65287 tid=65400 assigned=64-95 running_on=92
[DRM-pin] pid=65287 tid=65314 assigned=64-95 running_on=81
[DRM-pin] pid=65287 tid=65413 assigned=64-95 running_on=73
[DRM-pin] pid=65287 tid=65414 assigned=64-95 running_on=64
[DRM-pin] pid=65287 tid=65412 assigned=64-95 running_on=79
[DRM-pin] pid=65287 tid=65391 assigned=64-95 running_on=84
[DRM-pin] pid=65287 tid=65396 assigned=64-95 running_on=88
[DRM-pin] pid=65287 tid=65404 assigned=64-95 running_on=75
[DRM-pin] pid=65287 tid=65394 assigned=64-95 running_on=73
[DRM-pin] pid=65287 tid=65295 assigned=64-79 running_on=67
OMP: pid 65287 tid 65287 thread 0 bound to OS proc set {64-95}
[DRM-pin] pid=65287 tid=65354 assigned=64-79 running_on=77
OMP: pid 65287 tid 65295 thread 1 bound to OS proc set {64-95}
[DRM-pin] pid=65287 tid=65357 assigned=64-79 running_on=70
OMP: pid 65287 tid 65354 thread 14 bound to OS proc set {64-95}
[DRM-pin] pid=65287 tid=65304 assigned=64-79 running_on=68
OMP: pid 65287 tid 65357 thread 15 bound to OS proc set {64-95}
OMP: pid 65287 tid 65304 thread 3 bound to OS proc set {64-95}
[DRM-pin] pid=65287 tid=65350 assigned=64-79 running_on=75
[DRM-pin] pid=65287 tid=65352 assigned=64-79 running_on=74
OMP: pid 65287 tid 65350 thread 12 bound to OS proc set {64-95}
[DRM-pin] pid=65287 tid=65307 assigned=64-79 running_on=79
OMP: pid 65287 tid 65352 thread 13 bound to OS proc set {64-95}
OMP: pid 65287 tid 65307 thread 4 bound to OS proc set {64-95}
[DRM-pin] pid=65287 tid=65314 assigned=64-79 running_on=76
[DRM-pin] pid=65287 tid=65341 assigned=64-79 running_on=64
OMP: pid 65287 tid 65341 thread 10 bound to OS proc set {64-95}
[DRM-pin] pid=65287 tid=65332 assigned=64-79 running_on=64
OMP: pid 65287 tid 65332 thread 9 bound to OS proc set {64-95}
[DRM-pin] pid=65287 tid=65327 assigned=64-79 running_on=64
OMP: pid 65287 tid 65327 thread 7 bound to OS proc set {64-95}
[DRM-pin] pid=65287 tid=65299 assigned=64-79 running_on=64
OMP: pid 65287 tid 65299 thread 2 bound to OS proc set {64-95}
[DRM-pin] pid=65287 tid=65346 assigned=64-79 running_on=64
OMP: pid 65287 tid 65346 thread 11 bound to OS proc set {64-95}
OMP: pid 65287 tid 65314 thread 5 bound to OS proc set {64-95}
[DRM-pin] pid=65287 tid=65328 assigned=64-79 running_on=64
OMP: pid 65287 tid 65328 thread 8 bound to OS proc set {64-95}
[DRM-pin] pid=65287 tid=65320 assigned=64-79 running_on=65
OMP: pid 65287 tid 65320 thread 6 bound to OS proc set {64-95}


 NAS Parallel Benchmarks (NPB3.4-OMP) - FT Benchmark

 Size                :  512x 512x 512
 Iterations                  :     20
 Number of available threads :     32

 T =    1     Checksum =    5.195078707457D+02    5.149019699238D+02
 T =    2     Checksum =    5.155422171134D+02    5.127578201997D+02
 T =    3     Checksum =    5.144678022222D+02    5.122251847514D+02
 T =    4     Checksum =    5.140150594328D+02    5.121090289018D+02
 T =    5     Checksum =    5.137550426810D+02    5.121143685824D+02
 T =    6     Checksum =    5.135811056728D+02    5.121496764568D+02
 T =    7     Checksum =    5.134569343165D+02    5.121870921893D+02
 T =    8     Checksum =    5.133651975661D+02    5.122193250322D+02
 T =    9     Checksum =    5.132955192805D+02    5.122454735794D+02
 T =   10     Checksum =    5.132410471738D+02    5.122663649603D+02
 T =   11     Checksum =    5.131971141679D+02    5.122830879827D+02
 T =   12     Checksum =    5.131605205716D+02    5.122965869718D+02
 T =   13     Checksum =    5.131290734194D+02    5.123075927445D+02
 T =   14     Checksum =    5.131012720314D+02    5.123166486553D+02
 T =   15     Checksum =    5.130760908195D+02    5.123241541685D+02
 T =   16     Checksum =    5.130528295923D+02    5.123304037599D+02
 T =   17     Checksum =    5.130310107773D+02    5.123356167976D+02
 T =   18     Checksum =    5.130103090133D+02    5.123399592211D+02
 T =   19     Checksum =    5.129905029333D+02    5.123435588985D+02
 T =   20     Checksum =    5.129714421109D+02    5.123465164008D+02
 Result verification successful
 class = C


 FT Benchmark Completed.
 Class           =                        C
 Size            =            512x 512x 512
 Iterations      =                       20
 Time in seconds =                    13.06
 Total threads   =                       16
 Avail threads   =                       32
 Warning: Threads used differ from threads available
 Mop/s total     =                 30340.85
 Mop/s/thread    =                  1896.30
 Operation type  =           floating point
 Verification    =               SUCCESSFUL
 Version         =                    3.4.3
 Compile date    =              03 Sep 2026

 Compile options:
    FC           = gfortran
    FLINK        = $(FC)
    F_LIB        = -L$(LLVM_BUILD)/lib -lomp
    F_INC        = (none)
    FFLAGS       = -O3 -fopenmp
    FLINKFLAGS   = -O3 -fopenmp
    RAND         = randi8


 Please send all errors/feedbacks to:

 NPB Development Team
 npb@nas.nasa.gov


