OMP: pid 41238 tid 41242 thread 1 bound to OS proc set {1-16}
OMP: pid 41238 tid 41286 thread 12 bound to OS proc set {1-16}
OMP: pid 41238 tid 41238 thread 0 bound to OS proc set {1-16}
OMP: pid 41238 tid 41299 thread 15 bound to OS proc set {1-16}
OMP: pid 41238 tid 41297 thread 14 bound to OS proc set {1-16}
OMP: pid 41238 tid 41244 thread 2 bound to OS proc set {1-16}
OMP: pid 41238 tid 41250 thread 3 bound to OS proc set {1-16}
OMP: pid 41238 tid 41279 thread 10 bound to OS proc set {1-16}
OMP: pid 41238 tid 41275 thread 9 bound to OS proc set {1-16}
OMP: pid 41238 tid 41272 thread 8 bound to OS proc set {1-16}
OMP: pid 41238 tid 41268 thread 7 bound to OS proc set {1-16}
OMP: pid 41238 tid 41254 thread 4 bound to OS proc set {1-16}
OMP: pid 41238 tid 41264 thread 6 bound to OS proc set {1-16}
OMP: pid 41238 tid 41258 thread 5 bound to OS proc set {1-16}
OMP: pid 41238 tid 41281 thread 11 bound to OS proc set {1-16}
OMP: pid 41238 tid 41292 thread 13 bound to OS proc set {1-16}
OMP: pid 41238 tid 41264 thread 6 bound to OS proc set {1-16}
OMP: pid 41238 tid 41238 thread 0 bound to OS proc set {1-16}
OMP: pid 41238 tid 41242 thread 1 bound to OS proc set {1-16}
OMP: pid 41238 tid 41250 thread 3 bound to OS proc set {1-16}
OMP: pid 41238 tid 41268 thread 7 bound to OS proc set {1-16}
OMP: pid 41238 tid 41254 thread 4 bound to OS proc set {1-16}
OMP: pid 41238 tid 41258 thread 5 bound to OS proc set {1-16}
OMP: pid 41238 tid 41244 thread 2 bound to OS proc set {1-16}


 NAS Parallel Benchmarks (NPB3.4-OMP) - CG Benchmark

 Size:      150000
 Iterations:                     75
 Number of available threads:    16

 Initialization time =           1.923 seconds

   iteration           ||r||                 zeta
        1       0.35328376495158E-12   109.9994423237398
        5       0.89228277688858E-15    28.6471670038896
       10       0.91092703636733E-15    28.9496695449000
       15       0.90712782460186E-15    28.9716336228371
       20       0.91356686757310E-15    28.9734210663752
       25       0.90918788522676E-15    28.9735863059386
       30       0.90908701600432E-15    28.9736033967633
       35       0.90948265068832E-15    28.9736053266247
       40       0.90607495504419E-15    28.9736055590700
       45       0.90857754475346E-15    28.9736055884130
       50       0.91020317750652E-15    28.9736055922483
       55       0.90247830051735E-15    28.9736055927634
       60       0.90813643446184E-15    28.9736055928341
       65       0.90626826600297E-15    28.9736055928440
       70       0.90235018673044E-15    28.9736055928452
       75       0.90274234296527E-15    28.9736055928456
 Benchmark completed 
 VERIFICATION SUCCESSFUL 
 Zeta is     0.2897360559285E+02
 Error is    0.2072260595228E-13


 CG Benchmark Completed.
 Class           =                        C
 Size            =                   150000
 Iterations      =                       75
 Time in seconds =                    11.71
 Total threads   =                        8
 Avail threads   =                       16
 Warning: Threads used differ from threads available
 Mop/s total     =                 12240.86
 Mop/s/thread    =                  1530.11
 Operation type  =           floating point
 Verification    =               SUCCESSFUL
 Version         =                    3.4.3
 Compile date    =              18 Feb 2026

 Compile options:
    FC           = gfortran
    FLINK        = $(FC)
    F_LIB        = -L/dss/dsshome1/09/ga27qam2/llvm-project/bu...
    F_INC        = (none)
    FFLAGS       = -O3 -fopenmp
    FLINKFLAGS   = -O3 -fopenmp
    RAND         = randi8


 Please send all errors/feedbacks to:

 NPB Development Team
 npb@nas.nasa.gov


