OMP: pid 29216 tid 29216 thread 0 bound to OS proc set {1-8}
OMP: pid 29216 tid 29241 thread 4 bound to OS proc set {1-8}
OMP: pid 29216 tid 29244 thread 6 bound to OS proc set {1-8}
OMP: pid 29216 tid 29240 thread 3 bound to OS proc set {1-8}
OMP: pid 29216 tid 29233 thread 1 bound to OS proc set {1-8}
OMP: pid 29216 tid 29246 thread 7 bound to OS proc set {1-8}
OMP: pid 29216 tid 29235 thread 2 bound to OS proc set {1-8}
OMP: pid 29216 tid 29242 thread 5 bound to OS proc set {1-8}
OMP: pid 29216 tid 29233 thread 1 bound to OS proc set {1-8}
OMP: pid 29216 tid 29216 thread 0 bound to OS proc set {1-8}
OMP: pid 29216 tid 29235 thread 2 bound to OS proc set {1-8}
OMP: pid 29216 tid 29240 thread 3 bound to OS proc set {1-8}


 NAS Parallel Benchmarks (NPB3.4-OMP) - CG Benchmark

 Size:      150000
 Iterations:                     75
 Number of available threads:     8

 Initialization time =           3.666 seconds

   iteration           ||r||                 zeta
        1       0.35339539423836E-12   109.9994423237398
        5       0.89270490410374E-15    28.6471670038893
       10       0.91183157104886E-15    28.9496695449003
       15       0.90736654722277E-15    28.9716336228371
       20       0.91386934641525E-15    28.9734210663747
       25       0.90911082759984E-15    28.9735863059382
       30       0.91078882446841E-15    28.9736033967627
       35       0.91053257634256E-15    28.9736053266246
       40       0.90762153199940E-15    28.9736055590700
       45       0.91035305809189E-15    28.9736055884132
       50       0.90987380799132E-15    28.9736055922485
       55       0.90391774901252E-15    28.9736055927632
       60       0.90852315163740E-15    28.9736055928339
       65       0.90458156030195E-15    28.9736055928441
       70       0.90237586671332E-15    28.9736055928455
       75       0.90113592585316E-15    28.9736055928458
 Benchmark completed 
 VERIFICATION SUCCESSFUL 
 Zeta is     0.2897360559285E+02
 Error is    0.2709879239913E-13


 CG Benchmark Completed.
 Class           =                        C
 Size            =                   150000
 Iterations      =                       75
 Time in seconds =                    22.14
 Total threads   =                        4
 Avail threads   =                        8
 Warning: Threads used differ from threads available
 Mop/s total     =                  6475.95
 Mop/s/thread    =                  1618.99
 Operation type  =           floating point
 Verification    =               SUCCESSFUL
 Version         =                    3.4.3
 Compile date    =              18 Feb 2026

 Compile options:
    FC           = gfortran
    FLINK        = $(FC)
    F_LIB        = -L/dss/dsshome1/09/ga27qam2/llvm-project/bu...
    F_INC        = (none)
    FFLAGS       = -O3 -fopenmp
    FLINKFLAGS   = -O3 -fopenmp
    RAND         = randi8


 Please send all errors/feedbacks to:

 NPB Development Team
 npb@nas.nasa.gov


