OMP: pid 46803 tid 46929 thread 30 bound to OS proc set {56-87}
OMP: pid 46803 tid 46878 thread 15 bound to OS proc set {56-87}
OMP: pid 46803 tid 46923 thread 28 bound to OS proc set {56-87}
OMP: pid 46803 tid 46869 thread 12 bound to OS proc set {56-87}
OMP: pid 46803 tid 46887 thread 16 bound to OS proc set {56-87}
OMP: pid 46803 tid 46874 thread 14 bound to OS proc set {56-87}
OMP: pid 46803 tid 46872 thread 13 bound to OS proc set {56-87}
OMP: pid 46803 tid 46925 thread 29 bound to OS proc set {56-87}
OMP: pid 46803 tid 46915 thread 24 bound to OS proc set {56-87}
OMP: pid 46803 tid 46917 thread 25 bound to OS proc set {56-87}
OMP: pid 46803 tid 46818 thread 2 bound to OS proc set {56-87}
OMP: pid 46803 tid 46803 thread 0 bound to OS proc set {56-87}
OMP: pid 46803 tid 46863 thread 11 bound to OS proc set {56-87}
OMP: pid 46803 tid 46825 thread 3 bound to OS proc set {56-87}
OMP: pid 46803 tid 46814 thread 1 bound to OS proc set {56-87}
OMP: pid 46803 tid 46857 thread 10 bound to OS proc set {56-87}
OMP: pid 46803 tid 46850 thread 8 bound to OS proc set {56-87}
OMP: pid 46803 tid 46839 thread 6 bound to OS proc set {56-87}
OMP: pid 46803 tid 46846 thread 7 bound to OS proc set {56-87}
OMP: pid 46803 tid 46854 thread 9 bound to OS proc set {56-87}
OMP: pid 46803 tid 46828 thread 4 bound to OS proc set {56-87}
OMP: pid 46803 tid 46834 thread 5 bound to OS proc set {56-87}
OMP: pid 46803 tid 46896 thread 19 bound to OS proc set {56-87}
OMP: pid 46803 tid 46899 thread 20 bound to OS proc set {56-87}
OMP: pid 46803 tid 46888 thread 17 bound to OS proc set {56-87}
OMP: pid 46803 tid 46919 thread 26 bound to OS proc set {56-87}
OMP: pid 46803 tid 46893 thread 18 bound to OS proc set {56-87}
OMP: pid 46803 tid 46914 thread 23 bound to OS proc set {56-87}
OMP: pid 46803 tid 46912 thread 22 bound to OS proc set {56-87}
OMP: pid 46803 tid 46921 thread 27 bound to OS proc set {56-87}
OMP: pid 46803 tid 46905 thread 21 bound to OS proc set {56-87}
OMP: pid 46803 tid 46932 thread 31 bound to OS proc set {56-87}


 NAS Parallel Benchmarks (NPB3.4-OMP) - CG Benchmark

 Size:      150000
 Iterations:                     75
 Number of available threads:    32

 Initialization time =           1.268 seconds

   iteration           ||r||                 zeta
        1       0.35321872463197E-12   109.9994423237398
        5       0.89231697596689E-15    28.6471670038895
       10       0.91248732134947E-15    28.9496695448999
       15       0.90667662938071E-15    28.9716336228371
       20       0.91543557291985E-15    28.9734210663748
       25       0.90974810126627E-15    28.9735863059384
       30       0.90953284343336E-15    28.9736033967631
       35       0.90969102779790E-15    28.9736053266249
       40       0.90580715707277E-15    28.9736055590700
       45       0.91088625319547E-15    28.9736055884128
       50       0.91047258054925E-15    28.9736055922484
       55       0.90222927190835E-15    28.9736055927634
       60       0.90865418875816E-15    28.9736055928340
       65       0.90751660444650E-15    28.9736055928439
       70       0.90148835584486E-15    28.9736055928453
       75       0.90280080662372E-15    28.9736055928455
 Benchmark completed 
 VERIFICATION SUCCESSFUL 
 Zeta is     0.2897360559285E+02
 Error is    0.1777975066912E-13


 CG Benchmark Completed.
 Class           =                        C
 Size            =                   150000
 Iterations      =                       75
 Time in seconds =                    11.32
 Total threads   =                       32
 Avail threads   =                       32
 Mop/s total     =                 12660.21
 Mop/s/thread    =                   395.63
 Operation type  =           floating point
 Verification    =               SUCCESSFUL
 Version         =                    3.4.3
 Compile date    =              18 Feb 2026

 Compile options:
    FC           = gfortran
    FLINK        = $(FC)
    F_LIB        = -L/dss/dsshome1/09/ga27qam2/llvm-project/bu...
    F_INC        = (none)
    FFLAGS       = -O3 -fopenmp
    FLINKFLAGS   = -O3 -fopenmp
    RAND         = randi8


 Please send all errors/feedbacks to:

 NPB Development Team
 npb@nas.nasa.gov


