OMP: pid 47534 tid 47534 thread 0 bound to OS proc set {56-87}
OMP: pid 47534 tid 47549 thread 2 bound to OS proc set {56-87}
OMP: pid 47534 tid 47553 thread 3 bound to OS proc set {56-87}
OMP: pid 47534 tid 47543 thread 1 bound to OS proc set {56-87}
OMP: pid 47534 tid 47570 thread 7 bound to OS proc set {56-87}
OMP: pid 47534 tid 47596 thread 12 bound to OS proc set {56-87}
OMP: pid 47534 tid 47557 thread 4 bound to OS proc set {56-87}
OMP: pid 47534 tid 47565 thread 6 bound to OS proc set {56-87}
OMP: pid 47534 tid 47561 thread 5 bound to OS proc set {56-87}
OMP: pid 47534 tid 47600 thread 13 bound to OS proc set {56-87}
OMP: pid 47534 tid 47583 thread 10 bound to OS proc set {56-87}
OMP: pid 47534 tid 47576 thread 8 bound to OS proc set {56-87}
OMP: pid 47534 tid 47588 thread 11 bound to OS proc set {56-87}
OMP: pid 47534 tid 47579 thread 9 bound to OS proc set {56-87}
OMP: pid 47534 tid 47603 thread 14 bound to OS proc set {56-87}
OMP: pid 47534 tid 47607 thread 15 bound to OS proc set {56-87}
OMP: pid 47534 tid 47661 thread 31 bound to OS proc set {56-87}
OMP: pid 47534 tid 47612 thread 16 bound to OS proc set {56-87}
OMP: pid 47534 tid 47655 thread 28 bound to OS proc set {56-87}
OMP: pid 47534 tid 47643 thread 24 bound to OS proc set {56-87}
OMP: pid 47534 tid 47619 thread 18 bound to OS proc set {56-87}
OMP: pid 47534 tid 47659 thread 30 bound to OS proc set {56-87}
OMP: pid 47534 tid 47653 thread 27 bound to OS proc set {56-87}
OMP: pid 47534 tid 47649 thread 26 bound to OS proc set {56-87}
OMP: pid 47534 tid 47623 thread 19 bound to OS proc set {56-87}
OMP: pid 47534 tid 47646 thread 25 bound to OS proc set {56-87}
OMP: pid 47534 tid 47633 thread 22 bound to OS proc set {56-87}
OMP: pid 47534 tid 47638 thread 23 bound to OS proc set {56-87}
OMP: pid 47534 tid 47616 thread 17 bound to OS proc set {56-87}
OMP: pid 47534 tid 47627 thread 20 bound to OS proc set {56-87}
OMP: pid 47534 tid 47630 thread 21 bound to OS proc set {56-87}
OMP: pid 47534 tid 47657 thread 29 bound to OS proc set {56-87}


 NAS Parallel Benchmarks (NPB3.4-OMP) - EP Benchmark

 Number of random numbers generated:      8589934592
 Number of available threads:                     32

EP Benchmark Results:

CPU Time =     3.675
N = 2^   32
No. Gaussian Pairs =    3373275903.
Sums =     2.691444083863085D+09    2.691519118724447D+09
Counts:
  0    1572172634.
  1    1501108549.
  2     281805648.
  3      17761221.
  4        424017.
  5          3821.
  6            13.
  7             0.
  8             0.
  9             0.


 EP Benchmark Completed.
 Class           =                        C
 Size            =               8589934592
 Iterations      =                        0
 Time in seconds =                     3.68
 Total threads   =                       32
 Avail threads   =                       32
 Mop/s total     =                  2337.36
 Mop/s/thread    =                    73.04
 Operation type  = Random numbers generated
 Verification    =               SUCCESSFUL
 Version         =                    3.4.3
 Compile date    =              18 Feb 2026

 Compile options:
    FC           = gfortran
    FLINK        = $(FC)
    F_LIB        = -L/dss/dsshome1/09/ga27qam2/llvm-project/bu...
    F_INC        = (none)
    FFLAGS       = -O3 -fopenmp
    FLINKFLAGS   = -O3 -fopenmp
    RAND         = randi8


 Please send all errors/feedbacks to:

 NPB Development Team
 npb@nas.nasa.gov


