OMP: pid 177769 tid 177769 thread 0 bound to OS proc set {1}
OMP: pid 177769 tid 177772 thread 1 bound to OS proc set {9}
OMP: pid 177769 tid 177775 thread 3 bound to OS proc set {25}
OMP: pid 177769 tid 177773 thread 2 bound to OS proc set {17}


 NAS Parallel Benchmarks (NPB3.4-OMP) - EP Benchmark

 Number of random numbers generated:      8589934592
 Number of available threads:                      4

EP Benchmark Results:

CPU Time =    14.006
N = 2^   32
No. Gaussian Pairs =    3373275903.
Sums =     2.691444083862026D+09    2.691519118723237D+09
Counts:
  0    1572172634.
  1    1501108549.
  2     281805648.
  3      17761221.
  4        424017.
  5          3821.
  6            13.
  7             0.
  8             0.
  9             0.


 EP Benchmark Completed.
 Class           =                        C
 Size            =               8589934592
 Iterations      =                        0
 Time in seconds =                    14.01
 Total threads   =                        4
 Avail threads   =                        4
 Mop/s total     =                   613.28
 Mop/s/thread    =                   153.32
 Operation type  = Random numbers generated
 Verification    =               SUCCESSFUL
 Version         =                    3.4.3
 Compile date    =              18 Feb 2026

 Compile options:
    FC           = gfortran
    FLINK        = $(FC)
    F_LIB        = -L/dss/dsshome1/09/ga27qam2/llvm-project/bu...
    F_INC        = (none)
    FFLAGS       = -O3 -fopenmp
    FLINKFLAGS   = -O3 -fopenmp
    RAND         = randi8


 Please send all errors/feedbacks to:

 NPB Development Team
 npb@nas.nasa.gov


