OMP: pid 43174 tid 43174 thread 0 bound to OS proc set {56-87}
OMP: pid 43174 tid 43233 thread 7 bound to OS proc set {56-87}
OMP: pid 43174 tid 43213 thread 3 bound to OS proc set {56-87}
OMP: pid 43174 tid 43190 thread 1 bound to OS proc set {56-87}
OMP: pid 43174 tid 43236 thread 8 bound to OS proc set {56-87}
OMP: pid 43174 tid 43217 thread 4 bound to OS proc set {56-87}
OMP: pid 43174 tid 43253 thread 12 bound to OS proc set {56-87}
OMP: pid 43174 tid 43228 thread 6 bound to OS proc set {56-87}
OMP: pid 43174 tid 43244 thread 10 bound to OS proc set {56-87}
OMP: pid 43174 tid 43223 thread 5 bound to OS proc set {56-87}
OMP: pid 43174 tid 43241 thread 9 bound to OS proc set {56-87}
OMP: pid 43174 tid 43258 thread 14 bound to OS proc set {56-87}
OMP: pid 43174 tid 43207 thread 2 bound to OS proc set {56-87}
OMP: pid 43174 tid 43265 thread 15 bound to OS proc set {56-87}
OMP: pid 43174 tid 43251 thread 11 bound to OS proc set {56-87}
OMP: pid 43174 tid 43254 thread 13 bound to OS proc set {56-87}
OMP: pid 43174 tid 43293 thread 23 bound to OS proc set {56-87}
OMP: pid 43174 tid 43291 thread 22 bound to OS proc set {56-87}
OMP: pid 43174 tid 43284 thread 20 bound to OS proc set {56-87}
OMP: pid 43174 tid 43269 thread 16 bound to OS proc set {56-87}
OMP: pid 43174 tid 43288 thread 21 bound to OS proc set {56-87}
OMP: pid 43174 tid 43294 thread 24 bound to OS proc set {56-87}
OMP: pid 43174 tid 43301 thread 31 bound to OS proc set {56-87}
OMP: pid 43174 tid 43298 thread 28 bound to OS proc set {56-87}
OMP: pid 43174 tid 43300 thread 30 bound to OS proc set {56-87}
OMP: pid 43174 tid 43299 thread 29 bound to OS proc set {56-87}
OMP: pid 43174 tid 43296 thread 26 bound to OS proc set {56-87}
OMP: pid 43174 tid 43278 thread 18 bound to OS proc set {56-87}
OMP: pid 43174 tid 43282 thread 19 bound to OS proc set {56-87}
OMP: pid 43174 tid 43274 thread 17 bound to OS proc set {56-87}
OMP: pid 43174 tid 43297 thread 27 bound to OS proc set {56-87}
OMP: pid 43174 tid 43295 thread 25 bound to OS proc set {56-87}


 NAS Parallel Benchmarks (NPB3.4-OMP) - CG Benchmark

 Size:      150000
 Iterations:                     75
 Number of available threads:    32

 Initialization time =           1.161 seconds

   iteration           ||r||                 zeta
        1       0.35313592395859E-12   109.9994423237398
        5       0.89401053565378E-15    28.6471670038895
       10       0.91211066312704E-15    28.9496695448999
       15       0.90603972528517E-15    28.9716336228371
       20       0.91536113888256E-15    28.9734210663749
       25       0.90897899511548E-15    28.9735863059384
       30       0.90935721790471E-15    28.9736033967631
       35       0.91051225905878E-15    28.9736053266249
       40       0.90746455711285E-15    28.9736055590700
       45       0.91119720180572E-15    28.9736055884128
       50       0.90911950894497E-15    28.9736055922484
       55       0.90335290433341E-15    28.9736055927634
       60       0.90955061074200E-15    28.9736055928340
       65       0.90676637221757E-15    28.9736055928439
       70       0.90168209850671E-15    28.9736055928453
       75       0.90264255101677E-15    28.9736055928455
 Benchmark completed 
 VERIFICATION SUCCESSFUL 
 Zeta is     0.2897360559285E+02
 Error is    0.1777975066912E-13


 CG Benchmark Completed.
 Class           =                        C
 Size            =                   150000
 Iterations      =                       75
 Time in seconds =                    12.47
 Total threads   =                       32
 Avail threads   =                       32
 Mop/s total     =                 11494.33
 Mop/s/thread    =                   359.20
 Operation type  =           floating point
 Verification    =               SUCCESSFUL
 Version         =                    3.4.3
 Compile date    =              18 Feb 2026

 Compile options:
    FC           = gfortran
    FLINK        = $(FC)
    F_LIB        = -L/dss/dsshome1/09/ga27qam2/llvm-project/bu...
    F_INC        = (none)
    FFLAGS       = -O3 -fopenmp
    FLINKFLAGS   = -O3 -fopenmp
    RAND         = randi8


 Please send all errors/feedbacks to:

 NPB Development Team
 npb@nas.nasa.gov


