OMP: pid 26614 tid 26614 thread 0 bound to OS proc set {56-63}
OMP: pid 26614 tid 26622 thread 2 bound to OS proc set {56-63}
OMP: pid 26614 tid 26621 thread 1 bound to OS proc set {56-63}
OMP: pid 26614 tid 26624 thread 3 bound to OS proc set {56-63}
OMP: pid 26614 tid 26626 thread 4 bound to OS proc set {56-63}
OMP: pid 26614 tid 26629 thread 6 bound to OS proc set {56-63}
OMP: pid 26614 tid 26630 thread 7 bound to OS proc set {56-63}
OMP: pid 26614 tid 26628 thread 5 bound to OS proc set {56-63}


 NAS Parallel Benchmarks (NPB3.4-OMP) - CG Benchmark

 Size:      150000
 Iterations:                     75
 Number of available threads:     8

 Initialization time =           3.340 seconds

   iteration           ||r||                 zeta
        1       0.35328125288689E-12   109.9994423237398
        5       0.89167390347148E-15    28.6471670038896
       10       0.91052713074175E-15    28.9496695449001
       15       0.90732532425137E-15    28.9716336228371
       20       0.91440525002154E-15    28.9734210663752
       25       0.90930327702535E-15    28.9735863059386
       30       0.90957180973395E-15    28.9736033967633
       35       0.91062709819868E-15    28.9736053266247
       40       0.90591642554553E-15    28.9736055590700
       45       0.90808786474266E-15    28.9736055884130
       50       0.91023625290490E-15    28.9736055922483
       55       0.90375313764836E-15    28.9736055927634
       60       0.90832937989507E-15    28.9736055928341
       65       0.90609574520961E-15    28.9736055928440
       70       0.90174743803052E-15    28.9736055928451
       75       0.90275891372930E-15    28.9736055928456
 Benchmark completed 
 VERIFICATION SUCCESSFUL 
 Zeta is     0.2897360559285E+02
 Error is    0.2023213007175E-13


 CG Benchmark Completed.
 Class           =                        C
 Size            =                   150000
 Iterations      =                       75
 Time in seconds =                    31.31
 Total threads   =                        8
 Avail threads   =                        8
 Mop/s total     =                  4577.84
 Mop/s/thread    =                   572.23
 Operation type  =           floating point
 Verification    =               SUCCESSFUL
 Version         =                    3.4.3
 Compile date    =              18 Feb 2026

 Compile options:
    FC           = gfortran
    FLINK        = $(FC)
    F_LIB        = -L/dss/dsshome1/09/ga27qam2/llvm-project/bu...
    F_INC        = (none)
    FFLAGS       = -O3 -fopenmp
    FLINKFLAGS   = -O3 -fopenmp
    RAND         = randi8


 Please send all errors/feedbacks to:

 NPB Development Team
 npb@nas.nasa.gov


