OMP: pid 30905 tid 30909 thread 2 bound to OS proc set {1-16}
OMP: pid 30905 tid 30934 thread 14 bound to OS proc set {1-16}
OMP: pid 30905 tid 30905 thread 0 bound to OS proc set {1-16}
OMP: pid 30905 tid 30928 thread 12 bound to OS proc set {1-16}
OMP: pid 30905 tid 30926 thread 11 bound to OS proc set {1-16}
OMP: pid 30905 tid 30932 thread 13 bound to OS proc set {1-16}
OMP: pid 30905 tid 30941 thread 15 bound to OS proc set {1-16}
OMP: pid 30905 tid 30910 thread 3 bound to OS proc set {1-16}
OMP: pid 30905 tid 30915 thread 8 bound to OS proc set {1-16}
OMP: pid 30905 tid 30922 thread 10 bound to OS proc set {1-16}
OMP: pid 30905 tid 30918 thread 9 bound to OS proc set {1-16}
OMP: pid 30905 tid 30911 thread 4 bound to OS proc set {1-16}
OMP: pid 30905 tid 30914 thread 7 bound to OS proc set {1-16}
OMP: pid 30905 tid 30913 thread 6 bound to OS proc set {1-16}
OMP: pid 30905 tid 30908 thread 1 bound to OS proc set {1-16}
OMP: pid 30905 tid 30912 thread 5 bound to OS proc set {1-16}
OMP: pid 30905 tid 30913 thread 6 bound to OS proc set {1-16}
OMP: pid 30905 tid 30909 thread 2 bound to OS proc set {1-16}
OMP: pid 30905 tid 30914 thread 7 bound to OS proc set {1-16}
OMP: pid 30905 tid 30911 thread 4 bound to OS proc set {1-16}
OMP: pid 30905 tid 30905 thread 0 bound to OS proc set {1-16}
OMP: pid 30905 tid 30908 thread 1 bound to OS proc set {1-16}
OMP: pid 30905 tid 30910 thread 3 bound to OS proc set {1-16}
OMP: pid 30905 tid 30912 thread 5 bound to OS proc set {1-16}


 NAS Parallel Benchmarks (NPB3.4-OMP) - CG Benchmark

 Size:      150000
 Iterations:                     75
 Number of available threads:    16

 Initialization time =           1.990 seconds

   iteration           ||r||                 zeta
        1       0.35334790377553E-12   109.9994423237398
        5       0.89185628490739E-15    28.6471670038896
       10       0.91135397593899E-15    28.9496695449001
       15       0.90734835982457E-15    28.9716336228371
       20       0.91290083511286E-15    28.9734210663752
       25       0.90849944108872E-15    28.9735863059386
       30       0.90836839337229E-15    28.9736033967633
       35       0.91002997171040E-15    28.9736053266247
       40       0.90541842542315E-15    28.9736055590700
       45       0.90803973418765E-15    28.9736055884130
       50       0.90959235520109E-15    28.9736055922483
       55       0.90351411854521E-15    28.9736055927634
       60       0.90784282817312E-15    28.9736055928340
       65       0.90534675219122E-15    28.9736055928440
       70       0.90262804674428E-15    28.9736055928451
       75       0.90186983571266E-15    28.9736055928456
 Benchmark completed 
 VERIFICATION SUCCESSFUL 
 Zeta is     0.2897360559285E+02
 Error is    0.1974165419122E-13


 CG Benchmark Completed.
 Class           =                        C
 Size            =                   150000
 Iterations      =                       75
 Time in seconds =                    11.49
 Total threads   =                        8
 Avail threads   =                       16
 Warning: Threads used differ from threads available
 Mop/s total     =                 12471.87
 Mop/s/thread    =                  1558.98
 Operation type  =           floating point
 Verification    =               SUCCESSFUL
 Version         =                    3.4.3
 Compile date    =              18 Feb 2026

 Compile options:
    FC           = gfortran
    FLINK        = $(FC)
    F_LIB        = -L/dss/dsshome1/09/ga27qam2/llvm-project/bu...
    F_INC        = (none)
    FFLAGS       = -O3 -fopenmp
    FLINKFLAGS   = -O3 -fopenmp
    RAND         = randi8


 Please send all errors/feedbacks to:

 NPB Development Team
 npb@nas.nasa.gov


