OMP: pid 43172 tid 43172 thread 0 bound to OS proc set {1-32}
OMP: pid 43172 tid 43194 thread 6 bound to OS proc set {1-32}
OMP: pid 43172 tid 43220 thread 13 bound to OS proc set {1-32}
OMP: pid 43172 tid 43177 thread 1 bound to OS proc set {1-32}
OMP: pid 43172 tid 43180 thread 2 bound to OS proc set {1-32}
OMP: pid 43172 tid 43216 thread 12 bound to OS proc set {1-32}
OMP: pid 43172 tid 43183 thread 3 bound to OS proc set {1-32}
OMP: pid 43172 tid 43201 thread 8 bound to OS proc set {1-32}
OMP: pid 43172 tid 43229 thread 15 bound to OS proc set {1-32}
OMP: pid 43172 tid 43187 thread 4 bound to OS proc set {1-32}
OMP: pid 43172 tid 43246 thread 20 bound to OS proc set {1-32}
OMP: pid 43172 tid 43212 thread 11 bound to OS proc set {1-32}
OMP: pid 43172 tid 43224 thread 14 bound to OS proc set {1-32}
OMP: pid 43172 tid 43273 thread 31 bound to OS proc set {1-32}
OMP: pid 43172 tid 43205 thread 9 bound to OS proc set {1-32}
OMP: pid 43172 tid 43197 thread 7 bound to OS proc set {1-32}
OMP: pid 43172 tid 43189 thread 5 bound to OS proc set {1-32}
OMP: pid 43172 tid 43208 thread 10 bound to OS proc set {1-32}
OMP: pid 43172 tid 43232 thread 16 bound to OS proc set {1-32}
OMP: pid 43172 tid 43247 thread 21 bound to OS proc set {1-32}
OMP: pid 43172 tid 43252 thread 23 bound to OS proc set {1-32}
OMP: pid 43172 tid 43248 thread 22 bound to OS proc set {1-32}
OMP: pid 43172 tid 43264 thread 28 bound to OS proc set {1-32}
OMP: pid 43172 tid 43237 thread 17 bound to OS proc set {1-32}
OMP: pid 43172 tid 43240 thread 18 bound to OS proc set {1-32}
OMP: pid 43172 tid 43268 thread 29 bound to OS proc set {1-32}
OMP: pid 43172 tid 43245 thread 19 bound to OS proc set {1-32}
OMP: pid 43172 tid 43270 thread 30 bound to OS proc set {1-32}
OMP: pid 43172 tid 43259 thread 25 bound to OS proc set {1-32}
OMP: pid 43172 tid 43261 thread 27 bound to OS proc set {1-32}
OMP: pid 43172 tid 43257 thread 24 bound to OS proc set {1-32}
OMP: pid 43172 tid 43260 thread 26 bound to OS proc set {1-32}
OMP: pid 43172 tid 43180 thread 2 bound to OS proc set {1-32}
OMP: pid 43172 tid 43189 thread 5 bound to OS proc set {1-32}
OMP: pid 43172 tid 43194 thread 6 bound to OS proc set {1-32}
OMP: pid 43172 tid 43216 thread 12 bound to OS proc set {1-32}
OMP: pid 43172 tid 43197 thread 7 bound to OS proc set {1-32}
OMP: pid 43172 tid 43212 thread 11 bound to OS proc set {1-32}
OMP: pid 43172 tid 43201 thread 8 bound to OS proc set {1-32}
OMP: pid 43172 tid 43177 thread 1 bound to OS proc set {1-32}
OMP: pid 43172 tid 43220 thread 13 bound to OS proc set {1-32}
OMP: pid 43172 tid 43183 thread 3 bound to OS proc set {1-32}
OMP: pid 43172 tid 43205 thread 9 bound to OS proc set {1-32}
OMP: pid 43172 tid 43172 thread 0 bound to OS proc set {1-32}
OMP: pid 43172 tid 43187 thread 4 bound to OS proc set {1-32}
OMP: pid 43172 tid 43229 thread 15 bound to OS proc set {1-32}
OMP: pid 43172 tid 43224 thread 14 bound to OS proc set {1-32}
OMP: pid 43172 tid 43208 thread 10 bound to OS proc set {1-32}


 NAS Parallel Benchmarks (NPB3.4-OMP) - CG Benchmark

 Size:      150000
 Iterations:                     75
 Number of available threads:    32

 Initialization time =           1.334 seconds

   iteration           ||r||                 zeta
        1       0.35326307477532E-12   109.9994423237398
        5       0.89243211157273E-15    28.6471670038897
       10       0.91221114726544E-15    28.9496695449000
       15       0.90675699949673E-15    28.9716336228373
       20       0.91490514674817E-15    28.9734210663751
       25       0.90880061744074E-15    28.9735863059385
       30       0.90860308309653E-15    28.9736033967630
       35       0.91111814542883E-15    28.9736053266248
       40       0.90545904146862E-15    28.9736055590700
       45       0.91076812973560E-15    28.9736055884129
       50       0.91039372594267E-15    28.9736055922482
       55       0.90309531955731E-15    28.9736055927636
       60       0.90788419879840E-15    28.9736055928341
       65       0.90903760643880E-15    28.9736055928438
       70       0.90239872007037E-15    28.9736055928452
       75       0.90090423321953E-15    28.9736055928455
 Benchmark completed 
 VERIFICATION SUCCESSFUL 
 Zeta is     0.2897360559285E+02
 Error is    0.1581784714701E-13


 CG Benchmark Completed.
 Class           =                        C
 Size            =                   150000
 Iterations      =                       75
 Time in seconds =                     6.84
 Total threads   =                       16
 Avail threads   =                       32
 Warning: Threads used differ from threads available
 Mop/s total     =                 20964.98
 Mop/s/thread    =                  1310.31
 Operation type  =           floating point
 Verification    =               SUCCESSFUL
 Version         =                    3.4.3
 Compile date    =              18 Feb 2026

 Compile options:
    FC           = gfortran
    FLINK        = $(FC)
    F_LIB        = -L/dss/dsshome1/09/ga27qam2/llvm-project/bu...
    F_INC        = (none)
    FFLAGS       = -O3 -fopenmp
    FLINKFLAGS   = -O3 -fopenmp
    RAND         = randi8


 Please send all errors/feedbacks to:

 NPB Development Team
 npb@nas.nasa.gov


