OMP: pid 26617 tid 26637 thread 2 bound to OS proc set {1-8}
OMP: pid 26617 tid 26632 thread 1 bound to OS proc set {1-8}
OMP: pid 26617 tid 26617 thread 0 bound to OS proc set {1-8}
OMP: pid 26617 tid 26640 thread 3 bound to OS proc set {1-8}
OMP: pid 26617 tid 26642 thread 4 bound to OS proc set {1-8}
OMP: pid 26617 tid 26647 thread 7 bound to OS proc set {1-8}
OMP: pid 26617 tid 26646 thread 6 bound to OS proc set {1-8}
OMP: pid 26617 tid 26644 thread 5 bound to OS proc set {1-8}
OMP: pid 26617 tid 26637 thread 2 bound to OS proc set {1-8}
OMP: pid 26617 tid 26632 thread 1 bound to OS proc set {1-8}
OMP: pid 26617 tid 26617 thread 0 bound to OS proc set {1-8}
OMP: pid 26617 tid 26640 thread 3 bound to OS proc set {1-8}


 NAS Parallel Benchmarks (NPB3.4-OMP) - CG Benchmark

 Size:      150000
 Iterations:                     75
 Number of available threads:     8

 Initialization time =           3.289 seconds

   iteration           ||r||                 zeta
        1       0.35328997525708E-12   109.9994423237398
        5       0.89183789159325E-15    28.6471670038893
       10       0.91255738392732E-15    28.9496695449003
       15       0.90645261536728E-15    28.9716336228371
       20       0.91495233560146E-15    28.9734210663747
       25       0.90892462198206E-15    28.9735863059382
       30       0.91025716917682E-15    28.9736033967627
       35       0.90972758919724E-15    28.9736053266246
       40       0.90702068858589E-15    28.9736055590700
       45       0.90943308973814E-15    28.9736055884132
       50       0.90994567932209E-15    28.9736055922485
       55       0.90359865030895E-15    28.9736055927632
       60       0.90928657505194E-15    28.9736055928339
       65       0.90507817013608E-15    28.9736055928440
       70       0.90243721856743E-15    28.9736055928455
       75       0.90129541643134E-15    28.9736055928458
 Benchmark completed 
 VERIFICATION SUCCESSFUL 
 Zeta is     0.2897360559285E+02
 Error is    0.2807974416019E-13


 CG Benchmark Completed.
 Class           =                        C
 Size            =                   150000
 Iterations      =                       75
 Time in seconds =                    21.85
 Total threads   =                        4
 Avail threads   =                        8
 Warning: Threads used differ from threads available
 Mop/s total     =                  6561.88
 Mop/s/thread    =                  1640.47
 Operation type  =           floating point
 Verification    =               SUCCESSFUL
 Version         =                    3.4.3
 Compile date    =              18 Feb 2026

 Compile options:
    FC           = gfortran
    FLINK        = $(FC)
    F_LIB        = -L/dss/dsshome1/09/ga27qam2/llvm-project/bu...
    F_INC        = (none)
    FFLAGS       = -O3 -fopenmp
    FLINKFLAGS   = -O3 -fopenmp
    RAND         = randi8


 Please send all errors/feedbacks to:

 NPB Development Team
 npb@nas.nasa.gov


