OMP: pid 45005 tid 45005 thread 0 bound to OS proc set {56-87}
OMP: pid 45005 tid 45061 thread 12 bound to OS proc set {56-87}
OMP: pid 45005 tid 45010 thread 1 bound to OS proc set {56-87}
OMP: pid 45005 tid 45068 thread 15 bound to OS proc set {56-87}
OMP: pid 45005 tid 45016 thread 3 bound to OS proc set {56-87}
OMP: pid 45005 tid 45013 thread 2 bound to OS proc set {56-87}
OMP: pid 45005 tid 45064 thread 14 bound to OS proc set {56-87}
OMP: pid 45005 tid 45043 thread 8 bound to OS proc set {56-87}
OMP: pid 45005 tid 45020 thread 4 bound to OS proc set {56-87}
OMP: pid 45005 tid 45056 thread 11 bound to OS proc set {56-87}
OMP: pid 45005 tid 45074 thread 16 bound to OS proc set {56-87}
OMP: pid 45005 tid 45085 thread 19 bound to OS proc set {56-87}
OMP: pid 45005 tid 45036 thread 7 bound to OS proc set {56-87}
OMP: pid 45005 tid 45062 thread 13 bound to OS proc set {56-87}
OMP: pid 45005 tid 45112 thread 28 bound to OS proc set {56-87}
OMP: pid 45005 tid 45048 thread 9 bound to OS proc set {56-87}
OMP: pid 45005 tid 45032 thread 6 bound to OS proc set {56-87}
OMP: pid 45005 tid 45121 thread 30 bound to OS proc set {56-87}
OMP: pid 45005 tid 45076 thread 17 bound to OS proc set {56-87}
OMP: pid 45005 tid 45050 thread 10 bound to OS proc set {56-87}
OMP: pid 45005 tid 45079 thread 18 bound to OS proc set {56-87}
OMP: pid 45005 tid 45115 thread 29 bound to OS proc set {56-87}
OMP: pid 45005 tid 45099 thread 23 bound to OS proc set {56-87}
OMP: pid 45005 tid 45125 thread 31 bound to OS proc set {56-87}
OMP: pid 45005 tid 45026 thread 5 bound to OS proc set {56-87}
OMP: pid 45005 tid 45109 thread 27 bound to OS proc set {56-87}
OMP: pid 45005 tid 45095 thread 22 bound to OS proc set {56-87}
OMP: pid 45005 tid 45101 thread 24 bound to OS proc set {56-87}
OMP: pid 45005 tid 45086 thread 20 bound to OS proc set {56-87}
OMP: pid 45005 tid 45107 thread 26 bound to OS proc set {56-87}
OMP: pid 45005 tid 45103 thread 25 bound to OS proc set {56-87}
OMP: pid 45005 tid 45090 thread 21 bound to OS proc set {56-87}


 NAS Parallel Benchmarks (NPB3.4-OMP) - CG Benchmark

 Size:      150000
 Iterations:                     75
 Number of available threads:    32

 Initialization time =           1.226 seconds

   iteration           ||r||                 zeta
        1       0.35316674308418E-12   109.9994423237398
        5       0.89349212862133E-15    28.6471670038895
       10       0.91280117542467E-15    28.9496695449000
       15       0.90615623064413E-15    28.9716336228371
       20       0.91454809125218E-15    28.9734210663749
       25       0.90973192996580E-15    28.9735863059384
       30       0.90998650505165E-15    28.9736033967631
       35       0.90958352086460E-15    28.9736053266249
       40       0.90620382522109E-15    28.9736055590700
       45       0.91166569781433E-15    28.9736055884127
       50       0.91064093452573E-15    28.9736055922484
       55       0.90376170543603E-15    28.9736055927634
       60       0.90847380400104E-15    28.9736055928340
       65       0.90785427917794E-15    28.9736055928439
       70       0.90227620889042E-15    28.9736055928453
       75       0.90168418111438E-15    28.9736055928455
 Benchmark completed 
 VERIFICATION SUCCESSFUL 
 Zeta is     0.2897360559285E+02
 Error is    0.1777975066912E-13


 CG Benchmark Completed.
 Class           =                        C
 Size            =                   150000
 Iterations      =                       75
 Time in seconds =                    11.78
 Total threads   =                       32
 Avail threads   =                       32
 Mop/s total     =                 12166.38
 Mop/s/thread    =                   380.20
 Operation type  =           floating point
 Verification    =               SUCCESSFUL
 Version         =                    3.4.3
 Compile date    =              18 Feb 2026

 Compile options:
    FC           = gfortran
    FLINK        = $(FC)
    F_LIB        = -L/dss/dsshome1/09/ga27qam2/llvm-project/bu...
    F_INC        = (none)
    FFLAGS       = -O3 -fopenmp
    FLINKFLAGS   = -O3 -fopenmp
    RAND         = randi8


 Please send all errors/feedbacks to:

 NPB Development Team
 npb@nas.nasa.gov


