OMP: pid 27831 tid 27844 thread 1 bound to OS proc set {56-63}
OMP: pid 27831 tid 27831 thread 0 bound to OS proc set {56-63}
OMP: pid 27831 tid 27846 thread 2 bound to OS proc set {56-63}
OMP: pid 27831 tid 27850 thread 4 bound to OS proc set {56-63}
OMP: pid 27831 tid 27852 thread 5 bound to OS proc set {56-63}
OMP: pid 27831 tid 27855 thread 7 bound to OS proc set {56-63}
OMP: pid 27831 tid 27848 thread 3 bound to OS proc set {56-63}
OMP: pid 27831 tid 27854 thread 6 bound to OS proc set {56-63}


 NAS Parallel Benchmarks (NPB3.4-OMP) - CG Benchmark

 Size:      150000
 Iterations:                     75
 Number of available threads:     8

 Initialization time =           3.470 seconds

   iteration           ||r||                 zeta
        1       0.35328547454095E-12   109.9994423237398
        5       0.89222117308451E-15    28.6471670038896
       10       0.91160254282413E-15    28.9496695449000
       15       0.90635917923436E-15    28.9716336228371
       20       0.91404139224065E-15    28.9734210663752
       25       0.90823560174102E-15    28.9735863059386
       30       0.90779888896303E-15    28.9736033967633
       35       0.90997685668074E-15    28.9736053266247
       40       0.90747202564887E-15    28.9736055590699
       45       0.90649767424783E-15    28.9736055884130
       50       0.91131174623418E-15    28.9736055922482
       55       0.90347374806088E-15    28.9736055927634
       60       0.90889948188103E-15    28.9736055928341
       65       0.90583449499343E-15    28.9736055928440
       70       0.90258485364261E-15    28.9736055928452
       75       0.90226557830638E-15    28.9736055928456
 Benchmark completed 
 VERIFICATION SUCCESSFUL 
 Zeta is     0.2897360559285E+02
 Error is    0.2072260595228E-13


 CG Benchmark Completed.
 Class           =                        C
 Size            =                   150000
 Iterations      =                       75
 Time in seconds =                    34.42
 Total threads   =                        8
 Avail threads   =                        8
 Mop/s total     =                  4164.77
 Mop/s/thread    =                   520.60
 Operation type  =           floating point
 Verification    =               SUCCESSFUL
 Version         =                    3.4.3
 Compile date    =              18 Feb 2026

 Compile options:
    FC           = gfortran
    FLINK        = $(FC)
    F_LIB        = -L/dss/dsshome1/09/ga27qam2/llvm-project/bu...
    F_INC        = (none)
    FFLAGS       = -O3 -fopenmp
    FLINKFLAGS   = -O3 -fopenmp
    RAND         = randi8


 Please send all errors/feedbacks to:

 NPB Development Team
 npb@nas.nasa.gov


