OMP: pid 22908 tid 22908 thread 0 bound to OS proc set {56-59}
OMP: pid 22908 tid 22923 thread 3 bound to OS proc set {56-59}
OMP: pid 22908 tid 22922 thread 2 bound to OS proc set {56-59}
OMP: pid 22908 tid 22921 thread 1 bound to OS proc set {56-59}


 NAS Parallel Benchmarks (NPB3.4-OMP) - CG Benchmark

 Size:      150000
 Iterations:                     75
 Number of available threads:     4

 Initialization time =           6.295 seconds

   iteration           ||r||                 zeta
        1       0.35328997525708E-12   109.9994423237398
        5       0.89278841685434E-15    28.6471670038893
       10       0.91192906641672E-15    28.9496695449003
       15       0.90833381550745E-15    28.9716336228371
       20       0.91431836744232E-15    28.9734210663747
       25       0.90972041900981E-15    28.9735863059382
       30       0.90933120709085E-15    28.9736033967627
       35       0.90994266047384E-15    28.9736053266246
       40       0.90770249631458E-15    28.9736055590700
       45       0.91136623450913E-15    28.9736055884132
       50       0.91016450097964E-15    28.9736055922485
       55       0.90359730468623E-15    28.9736055927632
       60       0.90886460290102E-15    28.9736055928339
       65       0.90498316532349E-15    28.9736055928441
       70       0.90232768754679E-15    28.9736055928455
       75       0.90172840850356E-15    28.9736055928458
 Benchmark completed 
 VERIFICATION SUCCESSFUL 
 Zeta is     0.2897360559285E+02
 Error is    0.2807974416019E-13


 CG Benchmark Completed.
 Class           =                        C
 Size            =                   150000
 Iterations      =                       75
 Time in seconds =                    52.41
 Total threads   =                        4
 Avail threads   =                        4
 Mop/s total     =                  2735.08
 Mop/s/thread    =                   683.77
 Operation type  =           floating point
 Verification    =               SUCCESSFUL
 Version         =                    3.4.3
 Compile date    =              18 Feb 2026

 Compile options:
    FC           = gfortran
    FLINK        = $(FC)
    F_LIB        = -L/dss/dsshome1/09/ga27qam2/llvm-project/bu...
    F_INC        = (none)
    FFLAGS       = -O3 -fopenmp
    FLINKFLAGS   = -O3 -fopenmp
    RAND         = randi8


 Please send all errors/feedbacks to:

 NPB Development Team
 npb@nas.nasa.gov


