OMP: pid 27832 tid 27841 thread 1 bound to OS proc set {56-63}
OMP: pid 27832 tid 27832 thread 0 bound to OS proc set {56-63}
OMP: pid 27832 tid 27843 thread 2 bound to OS proc set {56-63}
OMP: pid 27832 tid 27845 thread 3 bound to OS proc set {56-63}
OMP: pid 27832 tid 27847 thread 4 bound to OS proc set {56-63}
OMP: pid 27832 tid 27851 thread 6 bound to OS proc set {56-63}
OMP: pid 27832 tid 27853 thread 7 bound to OS proc set {56-63}
OMP: pid 27832 tid 27849 thread 5 bound to OS proc set {56-63}


 NAS Parallel Benchmarks (NPB3.4-OMP) - CG Benchmark

 Size:      150000
 Iterations:                     75
 Number of available threads:     8

 Initialization time =           3.483 seconds

   iteration           ||r||                 zeta
        1       0.35328373006192E-12   109.9994423237398
        5       0.89174624888026E-15    28.6471670038896
       10       0.91206634955045E-15    28.9496695449001
       15       0.90740536203428E-15    28.9716336228371
       20       0.91321225624588E-15    28.9734210663752
       25       0.90829473543174E-15    28.9735863059386
       30       0.90804799938757E-15    28.9736033967633
       35       0.90961946870798E-15    28.9736053266247
       40       0.90660064153158E-15    28.9736055590700
       45       0.90902324501984E-15    28.9736055884130
       50       0.90966756736812E-15    28.9736055922483
       55       0.90330062807130E-15    28.9736055927634
       60       0.90831384213963E-15    28.9736055928341
       65       0.90623673000852E-15    28.9736055928440
       70       0.90249622624513E-15    28.9736055928452
       75       0.90204338830620E-15    28.9736055928456
 Benchmark completed 
 VERIFICATION SUCCESSFUL 
 Zeta is     0.2897360559285E+02
 Error is    0.2023213007175E-13


 CG Benchmark Completed.
 Class           =                        C
 Size            =                   150000
 Iterations      =                       75
 Time in seconds =                    34.07
 Total threads   =                        8
 Avail threads   =                        8
 Mop/s total     =                  4207.47
 Mop/s/thread    =                   525.93
 Operation type  =           floating point
 Verification    =               SUCCESSFUL
 Version         =                    3.4.3
 Compile date    =              18 Feb 2026

 Compile options:
    FC           = gfortran
    FLINK        = $(FC)
    F_LIB        = -L/dss/dsshome1/09/ga27qam2/llvm-project/bu...
    F_INC        = (none)
    FFLAGS       = -O3 -fopenmp
    FLINKFLAGS   = -O3 -fopenmp
    RAND         = randi8


 Please send all errors/feedbacks to:

 NPB Development Team
 npb@nas.nasa.gov


