OMP: pid 27833 tid 27833 thread 0 bound to OS proc set {1-8}
OMP: pid 27833 tid 27860 thread 4 bound to OS proc set {1-8}
OMP: pid 27833 tid 27863 thread 7 bound to OS proc set {1-8}
OMP: pid 27833 tid 27862 thread 6 bound to OS proc set {1-8}
OMP: pid 27833 tid 27861 thread 5 bound to OS proc set {1-8}
OMP: pid 27833 tid 27859 thread 3 bound to OS proc set {1-8}
OMP: pid 27833 tid 27858 thread 2 bound to OS proc set {1-8}
OMP: pid 27833 tid 27857 thread 1 bound to OS proc set {1-8}
OMP: pid 27833 tid 27833 thread 0 bound to OS proc set {1-8}
OMP: pid 27833 tid 27857 thread 1 bound to OS proc set {1-8}
OMP: pid 27833 tid 27859 thread 3 bound to OS proc set {1-8}
OMP: pid 27833 tid 27858 thread 2 bound to OS proc set {1-8}


 NAS Parallel Benchmarks (NPB3.4-OMP) - CG Benchmark

 Size:      150000
 Iterations:                     75
 Number of available threads:     8

 Initialization time =           3.706 seconds

   iteration           ||r||                 zeta
        1       0.35328997525708E-12   109.9994423237398
        5       0.89139300844188E-15    28.6471670038893
       10       0.91156712653470E-15    28.9496695449003
       15       0.90771279734367E-15    28.9716336228371
       20       0.91375233141198E-15    28.9734210663747
       25       0.90856330786776E-15    28.9735863059382
       30       0.90994344122534E-15    28.9736033967627
       35       0.90994248244303E-15    28.9736053266246
       40       0.90743877298725E-15    28.9736055590700
       45       0.90882961506726E-15    28.9736055884132
       50       0.91098465257681E-15    28.9736055922486
       55       0.90329723646743E-15    28.9736055927632
       60       0.90941666603404E-15    28.9736055928339
       65       0.90585633245661E-15    28.9736055928440
       70       0.90426710956439E-15    28.9736055928455
       75       0.90100876071917E-15    28.9736055928458
 Benchmark completed 
 VERIFICATION SUCCESSFUL 
 Zeta is     0.2897360559285E+02
 Error is    0.2758926827966E-13


 CG Benchmark Completed.
 Class           =                        C
 Size            =                   150000
 Iterations      =                       75
 Time in seconds =                    22.44
 Total threads   =                        4
 Avail threads   =                        8
 Warning: Threads used differ from threads available
 Mop/s total     =                  6387.20
 Mop/s/thread    =                  1596.80
 Operation type  =           floating point
 Verification    =               SUCCESSFUL
 Version         =                    3.4.3
 Compile date    =              18 Feb 2026

 Compile options:
    FC           = gfortran
    FLINK        = $(FC)
    F_LIB        = -L/dss/dsshome1/09/ga27qam2/llvm-project/bu...
    F_INC        = (none)
    FFLAGS       = -O3 -fopenmp
    FLINKFLAGS   = -O3 -fopenmp
    RAND         = randi8


 Please send all errors/feedbacks to:

 NPB Development Team
 npb@nas.nasa.gov


