OMP: pid 22905 tid 22910 thread 1 bound to OS proc set {56-59}
OMP: pid 22905 tid 22905 thread 0 bound to OS proc set {56-59}
OMP: pid 22905 tid 22914 thread 2 bound to OS proc set {56-59}
OMP: pid 22905 tid 22916 thread 3 bound to OS proc set {56-59}


 NAS Parallel Benchmarks (NPB3.4-OMP) - CG Benchmark

 Size:      150000
 Iterations:                     75
 Number of available threads:     4

 Initialization time =           6.349 seconds

   iteration           ||r||                 zeta
        1       0.35339539423836E-12   109.9994423237398
        5       0.89266376700515E-15    28.6471670038893
       10       0.91215142417471E-15    28.9496695449003
       15       0.90812062562095E-15    28.9716336228371
       20       0.91431776439144E-15    28.9734210663748
       25       0.90917961826825E-15    28.9735863059382
       30       0.91067935282942E-15    28.9736033967628
       35       0.91026343883952E-15    28.9736053266246
       40       0.90735728191361E-15    28.9736055590700
       45       0.90932464337230E-15    28.9736055884132
       50       0.90977565306960E-15    28.9736055922485
       55       0.90369290477166E-15    28.9736055927632
       60       0.90863605988015E-15    28.9736055928339
       65       0.90541531561108E-15    28.9736055928440
       70       0.90191818066651E-15    28.9736055928455
       75       0.90255642746474E-15    28.9736055928458
 Benchmark completed 
 VERIFICATION SUCCESSFUL 
 Zeta is     0.2897360559285E+02
 Error is    0.2709879239913E-13


 CG Benchmark Completed.
 Class           =                        C
 Size            =                   150000
 Iterations      =                       75
 Time in seconds =                    53.17
 Total threads   =                        4
 Avail threads   =                        4
 Mop/s total     =                  2695.98
 Mop/s/thread    =                   673.99
 Operation type  =           floating point
 Verification    =               SUCCESSFUL
 Version         =                    3.4.3
 Compile date    =              18 Feb 2026

 Compile options:
    FC           = gfortran
    FLINK        = $(FC)
    F_LIB        = -L/dss/dsshome1/09/ga27qam2/llvm-project/bu...
    F_INC        = (none)
    FFLAGS       = -O3 -fopenmp
    FLINKFLAGS   = -O3 -fopenmp
    RAND         = randi8


 Please send all errors/feedbacks to:

 NPB Development Team
 npb@nas.nasa.gov


