OMP: pid 39860 tid 39860 thread 0 bound to OS proc set {56-71}
OMP: pid 39860 tid 39897 thread 1 bound to OS proc set {56-71}
OMP: pid 39860 tid 39901 thread 2 bound to OS proc set {56-71}
OMP: pid 39860 tid 39903 thread 3 bound to OS proc set {56-71}
OMP: pid 39860 tid 39918 thread 8 bound to OS proc set {56-71}
OMP: pid 39860 tid 39919 thread 9 bound to OS proc set {56-71}
OMP: pid 39860 tid 39922 thread 12 bound to OS proc set {56-71}
OMP: pid 39860 tid 39917 thread 7 bound to OS proc set {56-71}
OMP: pid 39860 tid 39906 thread 4 bound to OS proc set {56-71}
OMP: pid 39860 tid 39913 thread 6 bound to OS proc set {56-71}
OMP: pid 39860 tid 39911 thread 5 bound to OS proc set {56-71}
OMP: pid 39860 tid 39925 thread 15 bound to OS proc set {56-71}
OMP: pid 39860 tid 39924 thread 14 bound to OS proc set {56-71}
OMP: pid 39860 tid 39923 thread 13 bound to OS proc set {56-71}
OMP: pid 39860 tid 39920 thread 10 bound to OS proc set {56-71}
OMP: pid 39860 tid 39921 thread 11 bound to OS proc set {56-71}


 NAS Parallel Benchmarks (NPB3.4-OMP) - CG Benchmark

 Size:      150000
 Iterations:                     75
 Number of available threads:    16

 Initialization time =           1.936 seconds

   iteration           ||r||                 zeta
        1       0.35310686495818E-12   109.9994423237398
        5       0.89231847774537E-15    28.6471670038896
       10       0.91256038526990E-15    28.9496695449000
       15       0.90596266749928E-15    28.9716336228373
       20       0.91495925200158E-15    28.9734210663751
       25       0.91006254521517E-15    28.9735863059385
       30       0.90855106040157E-15    28.9736033967630
       35       0.90975796889306E-15    28.9736053266248
       40       0.90697328146691E-15    28.9736055590700
       45       0.91068196102501E-15    28.9736055884130
       50       0.91065701465533E-15    28.9736055922482
       55       0.90494550458850E-15    28.9736055927636
       60       0.90878858659592E-15    28.9736055928341
       65       0.90827434786749E-15    28.9736055928438
       70       0.90287814728386E-15    28.9736055928452
       75       0.90178172910991E-15    28.9736055928455
 Benchmark completed 
 VERIFICATION SUCCESSFUL 
 Zeta is     0.2897360559285E+02
 Error is    0.1581784714701E-13


 CG Benchmark Completed.
 Class           =                        C
 Size            =                   150000
 Iterations      =                       75
 Time in seconds =                    17.79
 Total threads   =                       16
 Avail threads   =                       16
 Mop/s total     =                  8058.67
 Mop/s/thread    =                   503.67
 Operation type  =           floating point
 Verification    =               SUCCESSFUL
 Version         =                    3.4.3
 Compile date    =              18 Feb 2026

 Compile options:
    FC           = gfortran
    FLINK        = $(FC)
    F_LIB        = -L/dss/dsshome1/09/ga27qam2/llvm-project/bu...
    F_INC        = (none)
    FFLAGS       = -O3 -fopenmp
    FLINKFLAGS   = -O3 -fopenmp
    RAND         = randi8


 Please send all errors/feedbacks to:

 NPB Development Team
 npb@nas.nasa.gov


