OMP: pid 39858 tid 39868 thread 3 bound to OS proc set {1-16}
OMP: pid 39858 tid 39878 thread 10 bound to OS proc set {1-16}
OMP: pid 39858 tid 39880 thread 11 bound to OS proc set {1-16}
OMP: pid 39858 tid 39866 thread 2 bound to OS proc set {1-16}
OMP: pid 39858 tid 39864 thread 1 bound to OS proc set {1-16}
OMP: pid 39858 tid 39858 thread 0 bound to OS proc set {1-16}
OMP: pid 39858 tid 39870 thread 4 bound to OS proc set {1-16}
OMP: pid 39858 tid 39876 thread 8 bound to OS proc set {1-16}
OMP: pid 39858 tid 39889 thread 15 bound to OS proc set {1-16}
OMP: pid 39858 tid 39874 thread 7 bound to OS proc set {1-16}
OMP: pid 39858 tid 39882 thread 12 bound to OS proc set {1-16}
OMP: pid 39858 tid 39872 thread 5 bound to OS proc set {1-16}
OMP: pid 39858 tid 39873 thread 6 bound to OS proc set {1-16}
OMP: pid 39858 tid 39885 thread 14 bound to OS proc set {1-16}
OMP: pid 39858 tid 39877 thread 9 bound to OS proc set {1-16}
OMP: pid 39858 tid 39883 thread 13 bound to OS proc set {1-16}
OMP: pid 39858 tid 39870 thread 4 bound to OS proc set {1-16}
OMP: pid 39858 tid 39864 thread 1 bound to OS proc set {1-16}
OMP: pid 39858 tid 39866 thread 2 bound to OS proc set {1-16}
OMP: pid 39858 tid 39873 thread 6 bound to OS proc set {1-16}
OMP: pid 39858 tid 39872 thread 5 bound to OS proc set {1-16}
OMP: pid 39858 tid 39858 thread 0 bound to OS proc set {1-16}
OMP: pid 39858 tid 39874 thread 7 bound to OS proc set {1-16}
OMP: pid 39858 tid 39868 thread 3 bound to OS proc set {1-16}


 NAS Parallel Benchmarks (NPB3.4-OMP) - CG Benchmark

 Size:      150000
 Iterations:                     75
 Number of available threads:    16

 Initialization time =           2.032 seconds

   iteration           ||r||                 zeta
        1       0.35328111332721E-12   109.9994423237398
        5       0.89095472428638E-15    28.6471670038896
       10       0.91099702700511E-15    28.9496695449000
       15       0.90668023320191E-15    28.9716336228370
       20       0.91528474626650E-15    28.9734210663752
       25       0.90891168827826E-15    28.9735863059386
       30       0.90849098186784E-15    28.9736033967633
       35       0.91041397606811E-15    28.9736053266247
       40       0.90581961196384E-15    28.9736055590700
       45       0.90856334708591E-15    28.9736055884130
       50       0.91050318270233E-15    28.9736055922483
       55       0.90319534007943E-15    28.9736055927634
       60       0.90827982638786E-15    28.9736055928341
       65       0.90656794728545E-15    28.9736055928440
       70       0.90210335628331E-15    28.9736055928451
       75       0.90132130212432E-15    28.9736055928456
 Benchmark completed 
 VERIFICATION SUCCESSFUL 
 Zeta is     0.2897360559285E+02
 Error is    0.2023213007175E-13


 CG Benchmark Completed.
 Class           =                        C
 Size            =                   150000
 Iterations      =                       75
 Time in seconds =                    12.81
 Total threads   =                        8
 Avail threads   =                       16
 Warning: Threads used differ from threads available
 Mop/s total     =                 11186.40
 Mop/s/thread    =                  1398.30
 Operation type  =           floating point
 Verification    =               SUCCESSFUL
 Version         =                    3.4.3
 Compile date    =              18 Feb 2026

 Compile options:
    FC           = gfortran
    FLINK        = $(FC)
    F_LIB        = -L/dss/dsshome1/09/ga27qam2/llvm-project/bu...
    F_INC        = (none)
    FFLAGS       = -O3 -fopenmp
    FLINKFLAGS   = -O3 -fopenmp
    RAND         = randi8


 Please send all errors/feedbacks to:

 NPB Development Team
 npb@nas.nasa.gov


