OMP: pid 39859 tid 39865 thread 1 bound to OS proc set {1-16}
OMP: pid 39859 tid 39859 thread 0 bound to OS proc set {1-16}
OMP: pid 39859 tid 39871 thread 4 bound to OS proc set {1-16}
OMP: pid 39859 tid 39875 thread 5 bound to OS proc set {1-16}
OMP: pid 39859 tid 39869 thread 3 bound to OS proc set {1-16}
OMP: pid 39859 tid 39867 thread 2 bound to OS proc set {1-16}
OMP: pid 39859 tid 39891 thread 12 bound to OS proc set {1-16}
OMP: pid 39859 tid 39895 thread 15 bound to OS proc set {1-16}
OMP: pid 39859 tid 39887 thread 10 bound to OS proc set {1-16}
OMP: pid 39859 tid 39884 thread 8 bound to OS proc set {1-16}
OMP: pid 39859 tid 39886 thread 9 bound to OS proc set {1-16}
OMP: pid 39859 tid 39894 thread 14 bound to OS proc set {1-16}
OMP: pid 39859 tid 39879 thread 6 bound to OS proc set {1-16}
OMP: pid 39859 tid 39881 thread 7 bound to OS proc set {1-16}
OMP: pid 39859 tid 39893 thread 13 bound to OS proc set {1-16}
OMP: pid 39859 tid 39890 thread 11 bound to OS proc set {1-16}
OMP: pid 39859 tid 39859 thread 0 bound to OS proc set {1-16}
OMP: pid 39859 tid 39867 thread 2 bound to OS proc set {1-16}
OMP: pid 39859 tid 39869 thread 3 bound to OS proc set {1-16}
OMP: pid 39859 tid 39871 thread 4 bound to OS proc set {1-16}
OMP: pid 39859 tid 39865 thread 1 bound to OS proc set {1-16}
OMP: pid 39859 tid 39881 thread 7 bound to OS proc set {1-16}
OMP: pid 39859 tid 39879 thread 6 bound to OS proc set {1-16}
OMP: pid 39859 tid 39875 thread 5 bound to OS proc set {1-16}


 NAS Parallel Benchmarks (NPB3.4-OMP) - CG Benchmark

 Size:      150000
 Iterations:                     75
 Number of available threads:    16

 Initialization time =           2.242 seconds

   iteration           ||r||                 zeta
        1       0.35331071618853E-12   109.9994423237398
        5       0.89129972417434E-15    28.6471670038896
       10       0.91322757349335E-15    28.9496695449000
       15       0.90751143947537E-15    28.9716336228371
       20       0.91359877216218E-15    28.9734210663752
       25       0.90949635215725E-15    28.9735863059386
       30       0.90864224774515E-15    28.9736033967633
       35       0.91108534960576E-15    28.9736053266247
       40       0.90743075039019E-15    28.9736055590700
       45       0.90741531828932E-15    28.9736055884130
       50       0.91100262665287E-15    28.9736055922483
       55       0.90243621476814E-15    28.9736055927634
       60       0.90844501499076E-15    28.9736055928341
       65       0.90594204944757E-15    28.9736055928440
       70       0.90199121371305E-15    28.9736055928451
       75       0.90124982111170E-15    28.9736055928456
 Benchmark completed 
 VERIFICATION SUCCESSFUL 
 Zeta is     0.2897360559285E+02
 Error is    0.2121308183281E-13


 CG Benchmark Completed.
 Class           =                        C
 Size            =                   150000
 Iterations      =                       75
 Time in seconds =                    12.12
 Total threads   =                        8
 Avail threads   =                       16
 Warning: Threads used differ from threads available
 Mop/s total     =                 11830.09
 Mop/s/thread    =                  1478.76
 Operation type  =           floating point
 Verification    =               SUCCESSFUL
 Version         =                    3.4.3
 Compile date    =              18 Feb 2026

 Compile options:
    FC           = gfortran
    FLINK        = $(FC)
    F_LIB        = -L/dss/dsshome1/09/ga27qam2/llvm-project/bu...
    F_INC        = (none)
    FFLAGS       = -O3 -fopenmp
    FLINKFLAGS   = -O3 -fopenmp
    RAND         = randi8


 Please send all errors/feedbacks to:

 NPB Development Team
 npb@nas.nasa.gov


