OMP: pid 185087 tid 185087 thread 0 bound to OS proc set {56}
OMP: pid 185087 tid 185092 thread 1 bound to OS proc set {57}
OMP: pid 185087 tid 185094 thread 2 bound to OS proc set {58}
OMP: pid 185087 tid 185114 thread 12 bound to OS proc set {68}
OMP: pid 185087 tid 185135 thread 19 bound to OS proc set {75}
OMP: pid 185087 tid 185127 thread 16 bound to OS proc set {72}
OMP: pid 185087 tid 185124 thread 15 bound to OS proc set {71}
OMP: pid 185087 tid 185096 thread 3 bound to OS proc set {59}
OMP: pid 185087 tid 185132 thread 18 bound to OS proc set {74}
OMP: pid 185087 tid 185148 thread 28 bound to OS proc set {84}
OMP: pid 185087 tid 185122 thread 14 bound to OS proc set {70}
OMP: pid 185087 tid 185100 thread 5 bound to OS proc set {61}
OMP: pid 185087 tid 185101 thread 6 bound to OS proc set {62}
OMP: pid 185087 tid 185103 thread 7 bound to OS proc set {63}
OMP: pid 185087 tid 185108 thread 10 bound to OS proc set {66}
OMP: pid 185087 tid 185129 thread 17 bound to OS proc set {73}
OMP: pid 185087 tid 185106 thread 9 bound to OS proc set {65}
OMP: pid 185087 tid 185138 thread 20 bound to OS proc set {76}
OMP: pid 185087 tid 185104 thread 8 bound to OS proc set {64}
OMP: pid 185087 tid 185119 thread 13 bound to OS proc set {69}
OMP: pid 185087 tid 185147 thread 27 bound to OS proc set {83}
OMP: pid 185087 tid 185150 thread 30 bound to OS proc set {86}
OMP: pid 185087 tid 185151 thread 31 bound to OS proc set {87}
OMP: pid 185087 tid 185143 thread 23 bound to OS proc set {79}
OMP: pid 185087 tid 185144 thread 24 bound to OS proc set {80}
OMP: pid 185087 tid 185149 thread 29 bound to OS proc set {85}
OMP: pid 185087 tid 185145 thread 25 bound to OS proc set {81}
OMP: pid 185087 tid 185098 thread 4 bound to OS proc set {60}
OMP: pid 185087 tid 185110 thread 11 bound to OS proc set {67}
OMP: pid 185087 tid 185141 thread 21 bound to OS proc set {77}
OMP: pid 185087 tid 185146 thread 26 bound to OS proc set {82}
OMP: pid 185087 tid 185142 thread 22 bound to OS proc set {78}


 NAS Parallel Benchmarks (NPB3.4-OMP) - EP Benchmark

 Number of random numbers generated:      8589934592
 Number of available threads:                     32

EP Benchmark Results:

CPU Time =     1.897
N = 2^   32
No. Gaussian Pairs =    3373275903.
Sums =     2.691444083863086D+09    2.691519118724447D+09
Counts:
  0    1572172634.
  1    1501108549.
  2     281805648.
  3      17761221.
  4        424017.
  5          3821.
  6            13.
  7             0.
  8             0.
  9             0.


 EP Benchmark Completed.
 Class           =                        C
 Size            =               8589934592
 Iterations      =                        0
 Time in seconds =                     1.90
 Total threads   =                       32
 Avail threads   =                       32
 Mop/s total     =                  4529.01
 Mop/s/thread    =                   141.53
 Operation type  = Random numbers generated
 Verification    =               SUCCESSFUL
 Version         =                    3.4.3
 Compile date    =              18 Feb 2026

 Compile options:
    FC           = gfortran
    FLINK        = $(FC)
    F_LIB        = -L/dss/dsshome1/09/ga27qam2/llvm-project/bu...
    F_INC        = (none)
    FFLAGS       = -O3 -fopenmp
    FLINKFLAGS   = -O3 -fopenmp
    RAND         = randi8


 Please send all errors/feedbacks to:

 NPB Development Team
 npb@nas.nasa.gov


