OMP: pid 43350 tid 43350 thread 0 bound to OS proc set {56-87}
OMP: pid 43350 tid 43393 thread 12 bound to OS proc set {56-87}
OMP: pid 43350 tid 43396 thread 13 bound to OS proc set {56-87}
OMP: pid 43350 tid 43352 thread 1 bound to OS proc set {56-87}
OMP: pid 43350 tid 43355 thread 3 bound to OS proc set {56-87}
OMP: pid 43350 tid 43353 thread 2 bound to OS proc set {56-87}
OMP: pid 43350 tid 43397 thread 14 bound to OS proc set {56-87}
OMP: pid 43350 tid 43400 thread 15 bound to OS proc set {56-87}
OMP: pid 43350 tid 43387 thread 11 bound to OS proc set {56-87}
OMP: pid 43350 tid 43374 thread 8 bound to OS proc set {56-87}
OMP: pid 43350 tid 43384 thread 10 bound to OS proc set {56-87}
OMP: pid 43350 tid 43356 thread 4 bound to OS proc set {56-87}
OMP: pid 43350 tid 43368 thread 7 bound to OS proc set {56-87}
OMP: pid 43350 tid 43443 thread 31 bound to OS proc set {56-87}
OMP: pid 43350 tid 43433 thread 28 bound to OS proc set {56-87}
OMP: pid 43350 tid 43402 thread 16 bound to OS proc set {56-87}
OMP: pid 43350 tid 43441 thread 30 bound to OS proc set {56-87}
OMP: pid 43350 tid 43380 thread 9 bound to OS proc set {56-87}
OMP: pid 43350 tid 43363 thread 6 bound to OS proc set {56-87}
OMP: pid 43350 tid 43407 thread 18 bound to OS proc set {56-87}
OMP: pid 43350 tid 43360 thread 5 bound to OS proc set {56-87}
OMP: pid 43350 tid 43408 thread 19 bound to OS proc set {56-87}
OMP: pid 43350 tid 43403 thread 17 bound to OS proc set {56-87}
OMP: pid 43350 tid 43421 thread 24 bound to OS proc set {56-87}
OMP: pid 43350 tid 43429 thread 27 bound to OS proc set {56-87}
OMP: pid 43350 tid 43424 thread 25 bound to OS proc set {56-87}
OMP: pid 43350 tid 43427 thread 26 bound to OS proc set {56-87}
OMP: pid 43350 tid 43418 thread 23 bound to OS proc set {56-87}
OMP: pid 43350 tid 43409 thread 20 bound to OS proc set {56-87}
OMP: pid 43350 tid 43415 thread 22 bound to OS proc set {56-87}
OMP: pid 43350 tid 43437 thread 29 bound to OS proc set {56-87}
OMP: pid 43350 tid 43411 thread 21 bound to OS proc set {56-87}


 NAS Parallel Benchmarks (NPB3.4-OMP) - EP Benchmark

 Number of random numbers generated:      8589934592
 Number of available threads:                     32

EP Benchmark Results:

CPU Time =     3.829
N = 2^   32
No. Gaussian Pairs =    3373275903.
Sums =     2.691444083863086D+09    2.691519118724448D+09
Counts:
  0    1572172634.
  1    1501108549.
  2     281805648.
  3      17761221.
  4        424017.
  5          3821.
  6            13.
  7             0.
  8             0.
  9             0.


 EP Benchmark Completed.
 Class           =                        C
 Size            =               8589934592
 Iterations      =                        0
 Time in seconds =                     3.83
 Total threads   =                       32
 Avail threads   =                       32
 Mop/s total     =                  2243.20
 Mop/s/thread    =                    70.10
 Operation type  = Random numbers generated
 Verification    =               SUCCESSFUL
 Version         =                    3.4.3
 Compile date    =              18 Feb 2026

 Compile options:
    FC           = gfortran
    FLINK        = $(FC)
    F_LIB        = -L/dss/dsshome1/09/ga27qam2/llvm-project/bu...
    F_INC        = (none)
    FFLAGS       = -O3 -fopenmp
    FLINKFLAGS   = -O3 -fopenmp
    RAND         = randi8


 Please send all errors/feedbacks to:

 NPB Development Team
 npb@nas.nasa.gov


