OMP: pid 117326 tid 117326 thread 0 bound to OS proc set {1-8}
OMP: pid 117326 tid 117344 thread 3 bound to OS proc set {1-8}
OMP: pid 117326 tid 117348 thread 4 bound to OS proc set {1-8}
OMP: pid 117326 tid 117354 thread 7 bound to OS proc set {1-8}
OMP: pid 117326 tid 117339 thread 2 bound to OS proc set {1-8}
OMP: pid 117326 tid 117338 thread 1 bound to OS proc set {1-8}
OMP: pid 117326 tid 117351 thread 6 bound to OS proc set {1-8}
OMP: pid 117326 tid 117349 thread 5 bound to OS proc set {1-8}
OMP: pid 117326 tid 117326 thread 0 bound to OS proc set {1-8}
[DRM-pin] pid=117326 tid=117339 assigned=1-4 running_on=1
OMP: pid 117326 tid 117339 thread 2 bound to OS proc set {1-8}
[DRM-pin] pid=117326 tid=117338 assigned=1-4 running_on=3
OMP: pid 117326 tid 117338 thread 1 bound to OS proc set {1-8}
[DRM-pin] pid=117326 tid=117344 assigned=1-4 running_on=1
OMP: pid 117326 tid 117344 thread 3 bound to OS proc set {1-8}


 NAS Parallel Benchmarks (NPB3.4-OMP) - CG Benchmark

 Size:      150000
 Iterations:                     75
 Number of available threads:     8

 Initialization time =           3.516 seconds

   iteration           ||r||                 zeta
        1       0.35328997525708E-12   109.9994423237398
        5       0.89179216697806E-15    28.6471670038893
       10       0.91359115065854E-15    28.9496695449003
       15       0.90778879285739E-15    28.9716336228371
       20       0.91394475484438E-15    28.9734210663747
       25       0.90860520199435E-15    28.9735863059382
       30       0.90972587266993E-15    28.9736033967627
       35       0.91060180218693E-15    28.9736053266246
       40       0.90709465570415E-15    28.9736055590699
       45       0.90991467489435E-15    28.9736055884132
       50       0.91046054637928E-15    28.9736055922486
       55       0.90350043694527E-15    28.9736055927632
       60       0.90825720756155E-15    28.9736055928339
       65       0.90525090960996E-15    28.9736055928440
       70       0.90253397697270E-15    28.9736055928455
       75       0.90204148856149E-15    28.9736055928458
 Benchmark completed 
 VERIFICATION SUCCESSFUL 
 Zeta is     0.2897360559285E+02
 Error is    0.2857022004072E-13


 CG Benchmark Completed.
 Class           =                        C
 Size            =                   150000
 Iterations      =                       75
 Time in seconds =                    27.16
 Total threads   =                        4
 Avail threads   =                        8
 Warning: Threads used differ from threads available
 Mop/s total     =                  5277.19
 Mop/s/thread    =                  1319.30
 Operation type  =           floating point
 Verification    =               SUCCESSFUL
 Version         =                    3.4.3
 Compile date    =              03 Sep 2026

 Compile options:
    FC           = gfortran
    FLINK        = $(FC)
    F_LIB        = -L$(LLVM_BUILD)/lib -lomp
    F_INC        = (none)
    FFLAGS       = -O3 -fopenmp
    FLINKFLAGS   = -O3 -fopenmp
    RAND         = randi8


 Please send all errors/feedbacks to:

 NPB Development Team
 npb@nas.nasa.gov


