OMP: pid 38901 tid 38905 thread 2 bound to OS proc set {1-32}
OMP: pid 38901 tid 38901 thread 0 bound to OS proc set {1-32}
OMP: pid 38901 tid 38907 thread 3 bound to OS proc set {1-32}
OMP: pid 38901 tid 38909 thread 4 bound to OS proc set {1-32}
OMP: pid 38901 tid 38925 thread 12 bound to OS proc set {1-32}
OMP: pid 38901 tid 38931 thread 15 bound to OS proc set {1-32}
OMP: pid 38901 tid 38915 thread 7 bound to OS proc set {1-32}
OMP: pid 38901 tid 38902 thread 1 bound to OS proc set {1-32}
OMP: pid 38901 tid 38912 thread 6 bound to OS proc set {1-32}
OMP: pid 38901 tid 38923 thread 11 bound to OS proc set {1-32}
OMP: pid 38901 tid 38933 thread 16 bound to OS proc set {1-32}
OMP: pid 38901 tid 38917 thread 8 bound to OS proc set {1-32}
OMP: pid 38901 tid 38941 thread 20 bound to OS proc set {1-32}
OMP: pid 38901 tid 38937 thread 18 bound to OS proc set {1-32}
OMP: pid 38901 tid 38948 thread 24 bound to OS proc set {1-32}
OMP: pid 38901 tid 38910 thread 5 bound to OS proc set {1-32}
OMP: pid 38901 tid 38929 thread 14 bound to OS proc set {1-32}
OMP: pid 38901 tid 38951 thread 27 bound to OS proc set {1-32}
OMP: pid 38901 tid 38946 thread 23 bound to OS proc set {1-32}
OMP: pid 38901 tid 38919 thread 10 bound to OS proc set {1-32}
OMP: pid 38901 tid 38939 thread 19 bound to OS proc set {1-32}
OMP: pid 38901 tid 38957 thread 31 bound to OS proc set {1-32}
OMP: pid 38901 tid 38927 thread 13 bound to OS proc set {1-32}
OMP: pid 38901 tid 38935 thread 17 bound to OS proc set {1-32}
OMP: pid 38901 tid 38918 thread 9 bound to OS proc set {1-32}
OMP: pid 38901 tid 38953 thread 28 bound to OS proc set {1-32}
OMP: pid 38901 tid 38950 thread 26 bound to OS proc set {1-32}
OMP: pid 38901 tid 38943 thread 22 bound to OS proc set {1-32}
OMP: pid 38901 tid 38949 thread 25 bound to OS proc set {1-32}
OMP: pid 38901 tid 38942 thread 21 bound to OS proc set {1-32}
OMP: pid 38901 tid 38954 thread 29 bound to OS proc set {1-32}
OMP: pid 38901 tid 38956 thread 30 bound to OS proc set {1-32}
[DRM-pin] pid=38901 tid=38953 assigned=1-32 running_on=20
[DRM-pin] pid=38901 tid=38939 assigned=1-32 running_on=9
[DRM-pin] pid=38901 tid=38909 assigned=1-32 running_on=20
[DRM-pin] pid=38901 tid=38949 assigned=1-32 running_on=13
[DRM-pin] pid=38901 tid=38917 assigned=1-32 running_on=24
[DRM-pin] pid=38901 tid=38948 assigned=1-32 running_on=23
[DRM-pin] pid=38901 tid=38929 assigned=1-32 running_on=31
[DRM-pin] pid=38901 tid=38935 assigned=1-32 running_on=7
[DRM-pin] pid=38901 tid=38954 assigned=1-32 running_on=1
[DRM-pin] pid=38901 tid=38907 assigned=1-32 running_on=19
[DRM-pin] pid=38901 tid=38941 assigned=1-32 running_on=10
[DRM-pin] pid=38901 tid=38918 assigned=1-32 running_on=25
[DRM-pin] pid=38901 tid=38933 assigned=1-32 running_on=5
[DRM-pin] pid=38901 tid=38951 assigned=1-32 running_on=27
[DRM-pin] pid=38901 tid=38942 assigned=1-32 running_on=12
[DRM-pin] pid=38901 tid=38902 assigned=1-32 running_on=21
[DRM-pin] pid=38901 tid=38943 assigned=1-32 running_on=18
[DRM-pin] pid=38901 tid=38946 assigned=1-32 running_on=16
[DRM-pin] pid=38901 tid=38925 assigned=1-32 running_on=2
[DRM-pin] pid=38901 tid=38923 assigned=1-32 running_on=8
[DRM-pin] pid=38901 tid=38957 assigned=1-32 running_on=24
[DRM-pin] pid=38901 tid=38919 assigned=1-32 running_on=31
[DRM-pin] pid=38901 tid=38927 assigned=1-32 running_on=30
[DRM-pin] pid=38901 tid=38905 assigned=1-32 running_on=16
[DRM-pin] pid=38901 tid=38931 assigned=1-32 running_on=4
[DRM-pin] pid=38901 tid=38910 assigned=1-32 running_on=21
[DRM-pin] pid=38901 tid=38915 assigned=1-32 running_on=31
[DRM-pin] pid=38901 tid=38937 assigned=1-32 running_on=8
[DRM-pin] pid=38901 tid=38956 assigned=1-32 running_on=29
[DRM-pin] pid=38901 tid=38912 assigned=1-32 running_on=22
[DRM-pin] pid=38901 tid=38950 assigned=1-32 running_on=30
OMP: pid 38901 tid 38901 thread 0 bound to OS proc set {1-32}
[DRM-pin] pid=38901 tid=38909 assigned=17-32 running_on=20
[DRM-pin] pid=38901 tid=38923 assigned=17-32 running_on=17
OMP: pid 38901 tid 38909 thread 4 bound to OS proc set {1-32}
[DRM-pin] pid=38901 tid=38902 assigned=17-32 running_on=21
OMP: pid 38901 tid 38923 thread 11 bound to OS proc set {1-32}
OMP: pid 38901 tid 38902 thread 1 bound to OS proc set {1-32}
[DRM-pin] pid=38901 tid=38905 assigned=17-32 running_on=30
[DRM-pin] pid=38901 tid=38912 assigned=17-32 running_on=22
OMP: pid 38901 tid 38905 thread 2 bound to OS proc set {1-32}
[DRM-pin] pid=38901 tid=38929 assigned=17-32 running_on=31
[DRM-pin] pid=38901 tid=38907 assigned=17-32 running_on=19
OMP: pid 38901 tid 38929 thread 14 bound to OS proc set {1-32}
OMP: pid 38901 tid 38907 thread 3 bound to OS proc set {1-32}
[DRM-pin] pid=38901 tid=38917 assigned=17-32 running_on=21
[DRM-pin] pid=38901 tid=38919 assigned=17-32 running_on=31
OMP: pid 38901 tid 38919 thread 10 bound to OS proc set {1-32}
[DRM-pin] pid=38901 tid=38910 assigned=17-32 running_on=17
OMP: pid 38901 tid 38910 thread 5 bound to OS proc set {1-32}
[DRM-pin] pid=38901 tid=38927 assigned=17-32 running_on=31
OMP: pid 38901 tid 38927 thread 13 bound to OS proc set {1-32}
[DRM-pin] pid=38901 tid=38931 assigned=17-32 running_on=17
OMP: pid 38901 tid 38931 thread 15 bound to OS proc set {1-32}
[DRM-pin] pid=38901 tid=38915 assigned=17-32 running_on=23
OMP: pid 38901 tid 38915 thread 7 bound to OS proc set {1-32}
OMP: pid 38901 tid 38917 thread 8 bound to OS proc set {1-32}
[DRM-pin] pid=38901 tid=38925 assigned=17-32 running_on=31
OMP: pid 38901 tid 38925 thread 12 bound to OS proc set {1-32}
[DRM-pin] pid=38901 tid=38918 assigned=17-32 running_on=25
OMP: pid 38901 tid 38918 thread 9 bound to OS proc set {1-32}
OMP: pid 38901 tid 38912 thread 6 bound to OS proc set {1-32}


 NAS Parallel Benchmarks (NPB3.4-OMP) - CG Benchmark

 Size:      150000
 Iterations:                     75
 Number of available threads:    32

 Initialization time =           1.209 seconds

   iteration           ||r||                 zeta
        1       0.35325318283794E-12   109.9994423237398
        5       0.89283893547815E-15    28.6471670038897
       10       0.91302806190217E-15    28.9496695449000
       15       0.90644534673333E-15    28.9716336228373
       20       0.91566583363635E-15    28.9734210663751
       25       0.91004217505399E-15    28.9735863059385
       30       0.90850586439937E-15    28.9736033967630
       35       0.91019781710928E-15    28.9736053266248
       40       0.90459517438376E-15    28.9736055590700
       45       0.91024131161243E-15    28.9736055884129
       50       0.91049206276140E-15    28.9736055922482
       55       0.90310452080165E-15    28.9736055927635
       60       0.90773307247396E-15    28.9736055928342
       65       0.90803135644826E-15    28.9736055928438
       70       0.90239572319535E-15    28.9736055928452
       75       0.90280570721178E-15    28.9736055928455
 Benchmark completed 
 VERIFICATION SUCCESSFUL 
 Zeta is     0.2897360559285E+02
 Error is    0.1630832302753E-13


 CG Benchmark Completed.
 Class           =                        C
 Size            =                   150000
 Iterations      =                       75
 Time in seconds =                     7.74
 Total threads   =                       16
 Avail threads   =                       32
 Warning: Threads used differ from threads available
 Mop/s total     =                 18510.02
 Mop/s/thread    =                  1156.88
 Operation type  =           floating point
 Verification    =               SUCCESSFUL
 Version         =                    3.4.3
 Compile date    =              03 Sep 2026

 Compile options:
    FC           = gfortran
    FLINK        = $(FC)
    F_LIB        = -L$(LLVM_BUILD)/lib -lomp
    F_INC        = (none)
    FFLAGS       = -O3 -fopenmp
    FLINKFLAGS   = -O3 -fopenmp
    RAND         = randi8


 Please send all errors/feedbacks to:

 NPB Development Team
 npb@nas.nasa.gov


