OMP: pid 137296 tid 137307 thread 3 bound to OS proc set {1-16}
OMP: pid 137296 tid 137325 thread 8 bound to OS proc set {1-16}
OMP: pid 137296 tid 137302 thread 2 bound to OS proc set {1-16}
OMP: pid 137296 tid 137296 thread 0 bound to OS proc set {1-16}
OMP: pid 137296 tid 137318 thread 6 bound to OS proc set {1-16}
OMP: pid 137296 tid 137311 thread 4 bound to OS proc set {1-16}
OMP: pid 137296 tid 137322 thread 7 bound to OS proc set {1-16}
OMP: pid 137296 tid 137315 thread 5 bound to OS proc set {1-16}
OMP: pid 137296 tid 137300 thread 1 bound to OS proc set {1-16}
OMP: pid 137296 tid 137338 thread 12 bound to OS proc set {1-16}
OMP: pid 137296 tid 137350 thread 13 bound to OS proc set {1-16}
OMP: pid 137296 tid 137362 thread 15 bound to OS proc set {1-16}
OMP: pid 137296 tid 137331 thread 9 bound to OS proc set {1-16}
OMP: pid 137296 tid 137337 thread 11 bound to OS proc set {1-16}
OMP: pid 137296 tid 137361 thread 14 bound to OS proc set {1-16}
OMP: pid 137296 tid 137332 thread 10 bound to OS proc set {1-16}
[DRM-pin] pid=137296 tid=137337 assigned=1-16 running_on=8
[DRM-pin] pid=137296 tid=137315 assigned=1-16 running_on=5
[DRM-pin] pid=137296 tid=137318 assigned=1-16 running_on=11
[DRM-pin] pid=137296 tid=137300 assigned=1-16 running_on=1
[DRM-pin] pid=137296 tid=137322 assigned=1-16 running_on=2
[DRM-pin] pid=137296 tid=137331 assigned=1-16 running_on=13
[DRM-pin] pid=137296 tid=137338 assigned=1-16 running_on=2
[DRM-pin] pid=137296 tid=137325 assigned=1-16 running_on=6
[DRM-pin] pid=137296 tid=137361 assigned=1-16 running_on=4
[DRM-pin] pid=137296 tid=137362 assigned=1-16 running_on=9
[DRM-pin] pid=137296 tid=137350 assigned=1-16 running_on=16
[DRM-pin] pid=137296 tid=137307 assigned=1-16 running_on=14
[DRM-pin] pid=137296 tid=137302 assigned=1-16 running_on=11
[DRM-pin] pid=137296 tid=137311 assigned=1-16 running_on=7
[DRM-pin] pid=137296 tid=137332 assigned=1-16 running_on=10
[DRM-pin] pid=137296 tid=137322 assigned=1-8 running_on=2
OMP: pid 137296 tid 137296 thread 0 bound to OS proc set {1-16}
[DRM-pin] pid=137296 tid=137300 assigned=1-8 running_on=1
OMP: pid 137296 tid 137322 thread 7 bound to OS proc set {1-16}
OMP: pid 137296 tid 137300 thread 1 bound to OS proc set {1-16}
[DRM-pin] pid=137296 tid=137307 assigned=1-8 running_on=4
OMP: pid 137296 tid 137307 thread 3 bound to OS proc set {1-16}
[DRM-pin] pid=137296 tid=137311 assigned=1-8 running_on=6
OMP: pid 137296 tid 137311 thread 4 bound to OS proc set {1-16}
[DRM-pin] pid=137296 tid=137318 assigned=1-8 running_on=3
OMP: pid 137296 tid 137318 thread 6 bound to OS proc set {1-16}
[DRM-pin] pid=137296 tid=137302 assigned=1-8 running_on=1
OMP: pid 137296 tid 137302 thread 2 bound to OS proc set {1-16}
[DRM-pin] pid=137296 tid=137315 assigned=1-8 running_on=2
OMP: pid 137296 tid 137315 thread 5 bound to OS proc set {1-16}


 NAS Parallel Benchmarks (NPB3.4-OMP) - CG Benchmark

 Size:      150000
 Iterations:                     75
 Number of available threads:    16

 Initialization time =           1.788 seconds

   iteration           ||r||                 zeta
        1       0.35334790377553E-12   109.9994423237398
        5       0.89197189510529E-15    28.6471670038896
       10       0.91088367018497E-15    28.9496695449000
       15       0.90605435333232E-15    28.9716336228371
       20       0.91414839982750E-15    28.9734210663752
       25       0.90917020254691E-15    28.9735863059386
       30       0.90890346003188E-15    28.9736033967633
       35       0.91106208152302E-15    28.9736053266247
       40       0.90650074347080E-15    28.9736055590700
       45       0.90787034433008E-15    28.9736055884130
       50       0.91101557542927E-15    28.9736055922483
       55       0.90259165317996E-15    28.9736055927634
       60       0.90913654652566E-15    28.9736055928341
       65       0.90727895619058E-15    28.9736055928440
       70       0.90125055273858E-15    28.9736055928451
       75       0.90195617062771E-15    28.9736055928456
 Benchmark completed 
 VERIFICATION SUCCESSFUL 
 Zeta is     0.2897360559285E+02
 Error is    0.2072260595228E-13


 CG Benchmark Completed.
 Class           =                        C
 Size            =                   150000
 Iterations      =                       75
 Time in seconds =                    12.35
 Total threads   =                        8
 Avail threads   =                       16
 Warning: Threads used differ from threads available
 Mop/s total     =                 11610.96
 Mop/s/thread    =                  1451.37
 Operation type  =           floating point
 Verification    =               SUCCESSFUL
 Version         =                    3.4.3
 Compile date    =              03 Sep 2026

 Compile options:
    FC           = gfortran
    FLINK        = $(FC)
    F_LIB        = -L$(LLVM_BUILD)/lib -lomp
    F_INC        = (none)
    FFLAGS       = -O3 -fopenmp
    FLINKFLAGS   = -O3 -fopenmp
    RAND         = randi8


 Please send all errors/feedbacks to:

 NPB Development Team
 npb@nas.nasa.gov


