OMP: pid 46905 tid 46914 thread 2 bound to OS proc set {64-67}
OMP: pid 46905 tid 46905 thread 0 bound to OS proc set {64-67}
OMP: pid 46905 tid 46912 thread 1 bound to OS proc set {64-67}
OMP: pid 46905 tid 46922 thread 3 bound to OS proc set {64-67}


 NAS Parallel Benchmarks (NPB3.4-OMP) - CG Benchmark

 Size:      150000
 Iterations:                     75
 Number of available threads:     4

 Initialization time =           5.494 seconds

   iteration           ||r||                 zeta
        1       0.35328997525708E-12   109.9994423237398
        5       0.89280919342880E-15    28.6471670038893
       10       0.91332352500020E-15    28.9496695449003
       15       0.90703358648023E-15    28.9716336228371
       20       0.91475325761358E-15    28.9734210663747
       25       0.90938135406581E-15    28.9735863059382
       30       0.91007246352035E-15    28.9736033967628
       35       0.91150576776394E-15    28.9736053266246
       40       0.90743619271274E-15    28.9736055590699
       45       0.90963935727484E-15    28.9736055884132
       50       0.91089371948624E-15    28.9736055922485
       55       0.90441121122316E-15    28.9736055927632
       60       0.90735851386592E-15    28.9736055928339
       65       0.90592849291107E-15    28.9736055928440
       70       0.90308144978863E-15    28.9736055928455
       75       0.90150177826437E-15    28.9736055928458
 Benchmark completed 
 VERIFICATION SUCCESSFUL 
 Zeta is     0.2897360559285E+02
 Error is    0.2807974416019E-13


 CG Benchmark Completed.
 Class           =                        C
 Size            =                   150000
 Iterations      =                       75
 Time in seconds =                    52.96
 Total threads   =                        4
 Avail threads   =                        4
 Mop/s total     =                  2706.48
 Mop/s/thread    =                   676.62
 Operation type  =           floating point
 Verification    =               SUCCESSFUL
 Version         =                    3.4.3
 Compile date    =              03 Sep 2026

 Compile options:
    FC           = gfortran
    FLINK        = $(FC)
    F_LIB        = -L$(LLVM_BUILD)/lib -lomp
    F_INC        = (none)
    FFLAGS       = -O3 -fopenmp
    FLINKFLAGS   = -O3 -fopenmp
    RAND         = randi8


 Please send all errors/feedbacks to:

 NPB Development Team
 npb@nas.nasa.gov


