OMP: pid 117327 tid 117331 thread 1 bound to OS proc set {1-8}
OMP: pid 117327 tid 117335 thread 2 bound to OS proc set {1-8}
OMP: pid 117327 tid 117336 thread 3 bound to OS proc set {1-8}
OMP: pid 117327 tid 117343 thread 4 bound to OS proc set {1-8}
OMP: pid 117327 tid 117327 thread 0 bound to OS proc set {1-8}
OMP: pid 117327 tid 117356 thread 7 bound to OS proc set {1-8}
OMP: pid 117327 tid 117350 thread 5 bound to OS proc set {1-8}
OMP: pid 117327 tid 117355 thread 6 bound to OS proc set {1-8}
[DRM-pin] pid=117327 tid=117331 assigned=1-8 running_on=5
[DRM-pin] pid=117327 tid=117336 assigned=1-8 running_on=4
[DRM-pin] pid=117327 tid=117355 assigned=1-8 running_on=3
[DRM-pin] pid=117327 tid=117343 assigned=1-8 running_on=8
[DRM-pin] pid=117327 tid=117335 assigned=1-8 running_on=6
[DRM-pin] pid=117327 tid=117356 assigned=1-8 running_on=8
[DRM-pin] pid=117327 tid=117350 assigned=1-8 running_on=4
[DRM-pin] pid=117327 tid=117335 assigned=5-8 running_on=6
OMP: pid 117327 tid 117327 thread 0 bound to OS proc set {1-8}
[DRM-pin] pid=117327 tid=117336 assigned=5-8 running_on=8
OMP: pid 117327 tid 117335 thread 2 bound to OS proc set {1-8}
OMP: pid 117327 tid 117336 thread 3 bound to OS proc set {1-8}
[DRM-pin] pid=117327 tid=117331 assigned=5-8 running_on=5
OMP: pid 117327 tid 117331 thread 1 bound to OS proc set {1-8}
[DRM-pin] pid=117327 tid=117335 assigned=1-8 running_on=6
OMP: pid 117327 tid 117327 thread 0 bound to OS proc set {1-8}
[DRM-pin] pid=117327 tid=117336 assigned=1-8 running_on=8
OMP: pid 117327 tid 117335 thread 2 bound to OS proc set {1-8}
OMP: pid 117327 tid 117336 thread 3 bound to OS proc set {1-8}
[DRM-pin] pid=117327 tid=117331 assigned=1-8 running_on=5
OMP: pid 117327 tid 117331 thread 1 bound to OS proc set {1-8}
OMP: pid 117327 tid 117343 thread 4 bound to OS proc set {1-8}
OMP: pid 117327 tid 117350 thread 5 bound to OS proc set {1-8}
OMP: pid 117327 tid 117356 thread 7 bound to OS proc set {1-8}
OMP: pid 117327 tid 117355 thread 6 bound to OS proc set {1-8}


 NAS Parallel Benchmarks (NPB3.4-OMP) - CG Benchmark

 Size:      150000
 Iterations:                     75
 Number of available threads:     8

 Initialization time =           3.304 seconds

   iteration           ||r||                 zeta
        1       0.35332004833831E-12   109.9994423237398
        5       0.89387971771877E-15    28.6471670038893
       10       0.91149038974420E-15    28.9496695449003
       15       0.90740136921904E-15    28.9716336228371
       20       0.91503511859219E-15    28.9734210663747
       25       0.90875890128845E-15    28.9735863059382
       30       0.91043865473213E-15    28.9736033967627
       35       0.91081931476552E-15    28.9736053266246
       40       0.90798763714092E-15    28.9736055590700
       45       0.91110553275187E-15    28.9736055884132
       50       0.90957589640985E-15    28.9736055922485
       55       0.90360707321121E-15    28.9736055927632
       60       0.90873877395366E-15    28.9736055928339
       65       0.90450249874088E-15    28.9736055928440
       70       0.90229453923910E-15    28.9736055928455
       75       0.90093456590516E-15    28.9736055928456
 Benchmark completed 
 VERIFICATION SUCCESSFUL 
 Zeta is     0.2897360559285E+02
 Error is    0.2072260595228E-13


 CG Benchmark Completed.
 Class           =                        C
 Size            =                   150000
 Iterations      =                       75
 Time in seconds =                    27.92
 Total threads   =                        8
 Avail threads   =                        8
 Mop/s total     =                  5134.08
 Mop/s/thread    =                   641.76
 Operation type  =           floating point
 Verification    =               SUCCESSFUL
 Version         =                    3.4.3
 Compile date    =              03 Sep 2026

 Compile options:
    FC           = gfortran
    FLINK        = $(FC)
    F_LIB        = -L$(LLVM_BUILD)/lib -lomp
    F_INC        = (none)
    FFLAGS       = -O3 -fopenmp
    FLINKFLAGS   = -O3 -fopenmp
    RAND         = randi8


 Please send all errors/feedbacks to:

 NPB Development Team
 npb@nas.nasa.gov


