OMP: pid 137298 tid 137323 thread 10 bound to OS proc set {64-79}
OMP: pid 137298 tid 137298 thread 0 bound to OS proc set {64-79}
OMP: pid 137298 tid 137329 thread 12 bound to OS proc set {64-79}
OMP: pid 137298 tid 137308 thread 3 bound to OS proc set {64-79}
OMP: pid 137298 tid 137304 thread 2 bound to OS proc set {64-79}
OMP: pid 137298 tid 137340 thread 15 bound to OS proc set {64-79}
OMP: pid 137298 tid 137303 thread 1 bound to OS proc set {64-79}
OMP: pid 137298 tid 137309 thread 4 bound to OS proc set {64-79}
OMP: pid 137298 tid 137327 thread 11 bound to OS proc set {64-79}
OMP: pid 137298 tid 137333 thread 13 bound to OS proc set {64-79}
OMP: pid 137298 tid 137312 thread 5 bound to OS proc set {64-79}
OMP: pid 137298 tid 137316 thread 7 bound to OS proc set {64-79}
OMP: pid 137298 tid 137319 thread 8 bound to OS proc set {64-79}
OMP: pid 137298 tid 137335 thread 14 bound to OS proc set {64-79}
OMP: pid 137298 tid 137314 thread 6 bound to OS proc set {64-79}
OMP: pid 137298 tid 137320 thread 9 bound to OS proc set {64-79}


 NAS Parallel Benchmarks (NPB3.4-OMP) - CG Benchmark

 Size:      150000
 Iterations:                     75
 Number of available threads:    16

 Initialization time =           1.791 seconds

   iteration           ||r||                 zeta
        1       0.35304226338154E-12   109.9994423237398
        5       0.89273713166830E-15    28.6471670038896
       10       0.91100135124106E-15    28.9496695448999
       15       0.90593968305932E-15    28.9716336228373
       20       0.91415547983045E-15    28.9734210663751
       25       0.90917627566602E-15    28.9735863059385
       30       0.90818120391994E-15    28.9736033967630
       35       0.91043405749197E-15    28.9736053266248
       40       0.90571897882931E-15    28.9736055590700
       45       0.90938821710159E-15    28.9736055884129
       50       0.90922132764211E-15    28.9736055922482
       55       0.90345040998941E-15    28.9736055927636
       60       0.90872825616055E-15    28.9736055928341
       65       0.90838397750834E-15    28.9736055928438
       70       0.90279076529916E-15    28.9736055928452
       75       0.90191592712979E-15    28.9736055928455
 Benchmark completed 
 VERIFICATION SUCCESSFUL 
 Zeta is     0.2897360559285E+02
 Error is    0.1581784714701E-13


 CG Benchmark Completed.
 Class           =                        C
 Size            =                   150000
 Iterations      =                       75
 Time in seconds =                    20.16
 Total threads   =                       16
 Avail threads   =                       16
 Mop/s total     =                  7109.79
 Mop/s/thread    =                   444.36
 Operation type  =           floating point
 Verification    =               SUCCESSFUL
 Version         =                    3.4.3
 Compile date    =              03 Sep 2026

 Compile options:
    FC           = gfortran
    FLINK        = $(FC)
    F_LIB        = -L$(LLVM_BUILD)/lib -lomp
    F_INC        = (none)
    FFLAGS       = -O3 -fopenmp
    FLINKFLAGS   = -O3 -fopenmp
    RAND         = randi8


 Please send all errors/feedbacks to:

 NPB Development Team
 npb@nas.nasa.gov


