OMP: pid 46907 tid 46907 thread 0 bound to OS proc set {1-4}
OMP: pid 46907 tid 46911 thread 2 bound to OS proc set {1-4}
OMP: pid 46907 tid 46913 thread 3 bound to OS proc set {1-4}
OMP: pid 46907 tid 46909 thread 1 bound to OS proc set {1-4}
[DRM-pin] pid=46907 tid=46909 assigned=1-4 running_on=3
[DRM-pin] pid=46907 tid=46911 assigned=1-4 running_on=4
[DRM-pin] pid=46907 tid=46913 assigned=1-4 running_on=3
OMP: pid 46907 tid 46907 thread 0 bound to OS proc set {1-4}
[DRM-pin] pid=46907 tid=46909 assigned=3-4 running_on=3
OMP: pid 46907 tid 46909 thread 1 bound to OS proc set {1-4}
OMP: pid 46907 tid 46907 thread 0 bound to OS proc set {1-4}
[DRM-pin] pid=46907 tid=46909 assigned=1-4 running_on=4
OMP: pid 46907 tid 46909 thread 1 bound to OS proc set {1-4}
OMP: pid 46907 tid 46911 thread 2 bound to OS proc set {1-4}
OMP: pid 46907 tid 46913 thread 3 bound to OS proc set {1-4}


 NAS Parallel Benchmarks (NPB3.4-OMP) - CG Benchmark

 Size:      150000
 Iterations:                     75
 Number of available threads:     4

 Initialization time =           5.491 seconds

   iteration           ||r||                 zeta
        1       0.35328997525708E-12   109.9994423237398
        5       0.89085100957530E-15    28.6471670038882
       10       0.91153370933019E-15    28.9496695449005
       15       0.90532579550727E-15    28.9716336228368
       20       0.91781532664240E-15    28.9734210663758
       25       0.90899902297196E-15    28.9735863059383
       30       0.91037120119903E-15    28.9736033967627
       35       0.91206277989964E-15    28.9736053266252
       40       0.90632748225345E-15    28.9736055590703
       45       0.90844087227750E-15    28.9736055884132
       50       0.90948896123339E-15    28.9736055922487
       55       0.90350283655619E-15    28.9736055927623
       60       0.90669696495447E-15    28.9736055928346
       65       0.90330398550258E-15    28.9736055928435
       70       0.90238070162660E-15    28.9736055928450
       75       0.90126476004042E-15    28.9736055928458
 Benchmark completed 
 VERIFICATION SUCCESSFUL 
 Zeta is     0.2897360559285E+02
 Error is    0.2611784063808E-13


 CG Benchmark Completed.
 Class           =                        C
 Size            =                   150000
 Iterations      =                       75
 Time in seconds =                    44.01
 Total threads   =                        4
 Avail threads   =                        4
 Mop/s total     =                  3257.21
 Mop/s/thread    =                   814.30
 Operation type  =           floating point
 Verification    =               SUCCESSFUL
 Version         =                    3.4.3
 Compile date    =              03 Sep 2026

 Compile options:
    FC           = gfortran
    FLINK        = $(FC)
    F_LIB        = -L$(LLVM_BUILD)/lib -lomp
    F_INC        = (none)
    FFLAGS       = -O3 -fopenmp
    FLINKFLAGS   = -O3 -fopenmp
    RAND         = randi8


 Please send all errors/feedbacks to:

 NPB Development Team
 npb@nas.nasa.gov


