OMP: pid 46908 tid 46921 thread 3 bound to OS proc set {64-67}
OMP: pid 46908 tid 46919 thread 1 bound to OS proc set {64-67}
OMP: pid 46908 tid 46920 thread 2 bound to OS proc set {64-67}
OMP: pid 46908 tid 46908 thread 0 bound to OS proc set {64-67}


 NAS Parallel Benchmarks (NPB3.4-OMP) - CG Benchmark

 Size:      150000
 Iterations:                     75
 Number of available threads:     4

 Initialization time =           5.384 seconds

   iteration           ||r||                 zeta
        1       0.35342824839249E-12   109.9994423237398
        5       0.89283744115801E-15    28.6471670038893
       10       0.91208417061067E-15    28.9496695449003
       15       0.90698881707690E-15    28.9716336228371
       20       0.91382855868580E-15    28.9734210663747
       25       0.90888135142901E-15    28.9735863059382
       30       0.91086938586356E-15    28.9736033967627
       35       0.90988859039014E-15    28.9736053266246
       40       0.90740760396218E-15    28.9736055590699
       45       0.90983304543803E-15    28.9736055884132
       50       0.91016266863583E-15    28.9736055922485
       55       0.90393997129420E-15    28.9736055927632
       60       0.90878268793141E-15    28.9736055928339
       65       0.90525022544735E-15    28.9736055928440
       70       0.90326122856109E-15    28.9736055928454
       75       0.90070589086777E-15    28.9736055928458
 Benchmark completed 
 VERIFICATION SUCCESSFUL 
 Zeta is     0.2897360559285E+02
 Error is    0.2758926827966E-13


 CG Benchmark Completed.
 Class           =                        C
 Size            =                   150000
 Iterations      =                       75
 Time in seconds =                    52.24
 Total threads   =                        4
 Avail threads   =                        4
 Mop/s total     =                  2744.18
 Mop/s/thread    =                   686.05
 Operation type  =           floating point
 Verification    =               SUCCESSFUL
 Version         =                    3.4.3
 Compile date    =              03 Sep 2026

 Compile options:
    FC           = gfortran
    FLINK        = $(FC)
    F_LIB        = -L$(LLVM_BUILD)/lib -lomp
    F_INC        = (none)
    FFLAGS       = -O3 -fopenmp
    FLINKFLAGS   = -O3 -fopenmp
    RAND         = randi8


 Please send all errors/feedbacks to:

 NPB Development Team
 npb@nas.nasa.gov


