OMP: pid 117322 tid 117358 thread 7 bound to OS proc set {64-71}
OMP: pid 117322 tid 117340 thread 4 bound to OS proc set {64-71}
OMP: pid 117322 tid 117352 thread 6 bound to OS proc set {64-71}
OMP: pid 117322 tid 117333 thread 3 bound to OS proc set {64-71}
OMP: pid 117322 tid 117330 thread 2 bound to OS proc set {64-71}
OMP: pid 117322 tid 117322 thread 0 bound to OS proc set {64-71}
OMP: pid 117322 tid 117329 thread 1 bound to OS proc set {64-71}
OMP: pid 117322 tid 117345 thread 5 bound to OS proc set {64-71}


 NAS Parallel Benchmarks (NPB3.4-OMP) - CG Benchmark

 Size:      150000
 Iterations:                     75
 Number of available threads:     8

 Initialization time =           3.248 seconds

   iteration           ||r||                 zeta
        1       0.35328693989668E-12   109.9994423237398
        5       0.89206952344293E-15    28.6471670038896
       10       0.91151423326155E-15    28.9496695449000
       15       0.90745810942972E-15    28.9716336228370
       20       0.91356572039124E-15    28.9734210663752
       25       0.90790652063288E-15    28.9735863059386
       30       0.90932097893202E-15    28.9736033967633
       35       0.91124006649749E-15    28.9736053266247
       40       0.90630501979317E-15    28.9736055590700
       45       0.90810076244685E-15    28.9736055884130
       50       0.91074687187137E-15    28.9736055922483
       55       0.90372231180070E-15    28.9736055927634
       60       0.90884700123522E-15    28.9736055928341
       65       0.90504666329665E-15    28.9736055928440
       70       0.90181413414050E-15    28.9736055928451
       75       0.90189964431453E-15    28.9736055928456
 Benchmark completed 
 VERIFICATION SUCCESSFUL 
 Zeta is     0.2897360559285E+02
 Error is    0.1974165419122E-13


 CG Benchmark Completed.
 Class           =                        C
 Size            =                   150000
 Iterations      =                       75
 Time in seconds =                    29.73
 Total threads   =                        8
 Avail threads   =                        8
 Mop/s total     =                  4822.15
 Mop/s/thread    =                   602.77
 Operation type  =           floating point
 Verification    =               SUCCESSFUL
 Version         =                    3.4.3
 Compile date    =              03 Sep 2026

 Compile options:
    FC           = gfortran
    FLINK        = $(FC)
    F_LIB        = -L$(LLVM_BUILD)/lib -lomp
    F_INC        = (none)
    FFLAGS       = -O3 -fopenmp
    FLINKFLAGS   = -O3 -fopenmp
    RAND         = randi8


 Please send all errors/feedbacks to:

 NPB Development Team
 npb@nas.nasa.gov


