OMP: pid 42586 tid 42601 thread 7 bound to OS proc set {56-71}
OMP: pid 42586 tid 42597 thread 5 bound to OS proc set {56-71}
OMP: pid 42586 tid 42599 thread 6 bound to OS proc set {56-71}
OMP: pid 42586 tid 42590 thread 1 bound to OS proc set {56-71}
OMP: pid 42586 tid 42595 thread 4 bound to OS proc set {56-71}
OMP: pid 42586 tid 42586 thread 0 bound to OS proc set {56-71}
OMP: pid 42586 tid 42591 thread 2 bound to OS proc set {56-71}
OMP: pid 42586 tid 42592 thread 3 bound to OS proc set {56-71}
OMP: pid 42586 tid 42617 thread 11 bound to OS proc set {56-71}
OMP: pid 42586 tid 42605 thread 8 bound to OS proc set {56-71}
OMP: pid 42586 tid 42610 thread 9 bound to OS proc set {56-71}
OMP: pid 42586 tid 42612 thread 10 bound to OS proc set {56-71}
OMP: pid 42586 tid 42626 thread 14 bound to OS proc set {56-71}
OMP: pid 42586 tid 42618 thread 12 bound to OS proc set {56-71}
OMP: pid 42586 tid 42630 thread 15 bound to OS proc set {56-71}
OMP: pid 42586 tid 42622 thread 13 bound to OS proc set {56-71}


 NAS Parallel Benchmarks (NPB3.4-OMP) - CG Benchmark

 Size:      150000
 Iterations:                     75
 Number of available threads:    16

 Initialization time =           1.843 seconds

   iteration           ||r||                 zeta
        1       0.35326438321191E-12   109.9994423237398
        5       0.89215014425790E-15    28.6471670038896
       10       0.91171732682689E-15    28.9496695448999
       15       0.90517768504580E-15    28.9716336228373
       20       0.91473372439836E-15    28.9734210663751
       25       0.91026147352122E-15    28.9735863059385
       30       0.90891757640591E-15    28.9736033967631
       35       0.91059365416155E-15    28.9736053266249
       40       0.90540344751257E-15    28.9736055590700
       45       0.91165525730671E-15    28.9736055884130
       50       0.90982521110557E-15    28.9736055922482
       55       0.90345855169002E-15    28.9736055927635
       60       0.90900540840271E-15    28.9736055928341
       65       0.90773240515537E-15    28.9736055928438
       70       0.90222515439844E-15    28.9736055928452
       75       0.90085089248117E-15    28.9736055928455
 Benchmark completed 
 VERIFICATION SUCCESSFUL 
 Zeta is     0.2897360559285E+02
 Error is    0.1581784714701E-13


 CG Benchmark Completed.
 Class           =                        C
 Size            =                   150000
 Iterations      =                       75
 Time in seconds =                    16.98
 Total threads   =                       16
 Avail threads   =                       16
 Mop/s total     =                  8443.45
 Mop/s/thread    =                   527.72
 Operation type  =           floating point
 Verification    =               SUCCESSFUL
 Version         =                    3.4.3
 Compile date    =              18 Feb 2026

 Compile options:
    FC           = gfortran
    FLINK        = $(FC)
    F_LIB        = -L/dss/dsshome1/09/ga27qam2/llvm-project/bu...
    F_INC        = (none)
    FFLAGS       = -O3 -fopenmp
    FLINKFLAGS   = -O3 -fopenmp
    RAND         = randi8


 Please send all errors/feedbacks to:

 NPB Development Team
 npb@nas.nasa.gov


