OMP: pid 48648 tid 48667 thread 9 bound to OS proc set {1-32}
OMP: pid 48648 tid 48671 thread 10 bound to OS proc set {1-32}
OMP: pid 48648 tid 48654 thread 1 bound to OS proc set {1-32}
OMP: pid 48648 tid 48690 thread 16 bound to OS proc set {1-32}
OMP: pid 48648 tid 48676 thread 12 bound to OS proc set {1-32}
OMP: pid 48648 tid 48662 thread 6 bound to OS proc set {1-32}
OMP: pid 48648 tid 48663 thread 7 bound to OS proc set {1-32}
OMP: pid 48648 tid 48696 thread 17 bound to OS proc set {1-32}
OMP: pid 48648 tid 48679 thread 13 bound to OS proc set {1-32}
OMP: pid 48648 tid 48657 thread 3 bound to OS proc set {1-32}
OMP: pid 48648 tid 48664 thread 8 bound to OS proc set {1-32}
OMP: pid 48648 tid 48688 thread 15 bound to OS proc set {1-32}
OMP: pid 48648 tid 48658 thread 4 bound to OS proc set {1-32}
OMP: pid 48648 tid 48675 thread 11 bound to OS proc set {1-32}
OMP: pid 48648 tid 48660 thread 5 bound to OS proc set {1-32}
OMP: pid 48648 tid 48682 thread 14 bound to OS proc set {1-32}
OMP: pid 48648 tid 48648 thread 0 bound to OS proc set {1-32}
OMP: pid 48648 tid 48656 thread 2 bound to OS proc set {1-32}
OMP: pid 48648 tid 48709 thread 19 bound to OS proc set {1-32}
OMP: pid 48648 tid 48771 thread 31 bound to OS proc set {1-32}
OMP: pid 48648 tid 48760 thread 28 bound to OS proc set {1-32}
OMP: pid 48648 tid 48716 thread 20 bound to OS proc set {1-32}
OMP: pid 48648 tid 48722 thread 21 bound to OS proc set {1-32}
OMP: pid 48648 tid 48769 thread 30 bound to OS proc set {1-32}
OMP: pid 48648 tid 48702 thread 18 bound to OS proc set {1-32}
OMP: pid 48648 tid 48726 thread 22 bound to OS proc set {1-32}
OMP: pid 48648 tid 48731 thread 23 bound to OS proc set {1-32}
OMP: pid 48648 tid 48753 thread 27 bound to OS proc set {1-32}
OMP: pid 48648 tid 48737 thread 24 bound to OS proc set {1-32}
OMP: pid 48648 tid 48741 thread 25 bound to OS proc set {1-32}
OMP: pid 48648 tid 48746 thread 26 bound to OS proc set {1-32}
OMP: pid 48648 tid 48767 thread 29 bound to OS proc set {1-32}
OMP: pid 48648 tid 48657 thread 3 bound to OS proc set {1-32}
OMP: pid 48648 tid 48648 thread 0 bound to OS proc set {1-32}
OMP: pid 48648 tid 48664 thread 8 bound to OS proc set {1-32}
OMP: pid 48648 tid 48667 thread 9 bound to OS proc set {1-32}
OMP: pid 48648 tid 48654 thread 1 bound to OS proc set {1-32}
OMP: pid 48648 tid 48656 thread 2 bound to OS proc set {1-32}
OMP: pid 48648 tid 48662 thread 6 bound to OS proc set {1-32}
OMP: pid 48648 tid 48658 thread 4 bound to OS proc set {1-32}
OMP: pid 48648 tid 48676 thread 12 bound to OS proc set {1-32}
OMP: pid 48648 tid 48660 thread 5 bound to OS proc set {1-32}
OMP: pid 48648 tid 48663 thread 7 bound to OS proc set {1-32}
OMP: pid 48648 tid 48688 thread 15 bound to OS proc set {1-32}
OMP: pid 48648 tid 48675 thread 11 bound to OS proc set {1-32}
OMP: pid 48648 tid 48671 thread 10 bound to OS proc set {1-32}
OMP: pid 48648 tid 48682 thread 14 bound to OS proc set {1-32}
OMP: pid 48648 tid 48679 thread 13 bound to OS proc set {1-32}


 NAS Parallel Benchmarks (NPB3.4-OMP) - CG Benchmark

 Size:      150000
 Iterations:                     75
 Number of available threads:    32

 Initialization time =           1.306 seconds

   iteration           ||r||                 zeta
        1       0.35326375516295E-12   109.9994423237398
        5       0.89271311417802E-15    28.6471670038896
       10       0.91191261837955E-15    28.9496695449000
       15       0.90749128811610E-15    28.9716336228373
       20       0.91557852222046E-15    28.9734210663750
       25       0.90883969112269E-15    28.9735863059385
       30       0.90891759418865E-15    28.9736033967630
       35       0.91112974476057E-15    28.9736053266248
       40       0.90506439691128E-15    28.9736055590700
       45       0.91041402932865E-15    28.9736055884129
       50       0.90959398313277E-15    28.9736055922482
       55       0.90367634300433E-15    28.9736055927635
       60       0.90788578569021E-15    28.9736055928342
       65       0.90639254526365E-15    28.9736055928438
       70       0.90157487315572E-15    28.9736055928452
       75       0.90178917179531E-15    28.9736055928455
 Benchmark completed 
 VERIFICATION SUCCESSFUL 
 Zeta is     0.2897360559285E+02
 Error is    0.1581784714701E-13


 CG Benchmark Completed.
 Class           =                        C
 Size            =                   150000
 Iterations      =                       75
 Time in seconds =                     7.17
 Total threads   =                       16
 Avail threads   =                       32
 Warning: Threads used differ from threads available
 Mop/s total     =                 19997.86
 Mop/s/thread    =                  1249.87
 Operation type  =           floating point
 Verification    =               SUCCESSFUL
 Version         =                    3.4.3
 Compile date    =              18 Feb 2026

 Compile options:
    FC           = gfortran
    FLINK        = $(FC)
    F_LIB        = -L/dss/dsshome1/09/ga27qam2/llvm-project/bu...
    F_INC        = (none)
    FFLAGS       = -O3 -fopenmp
    FLINKFLAGS   = -O3 -fopenmp
    RAND         = randi8


 Please send all errors/feedbacks to:

 NPB Development Team
 npb@nas.nasa.gov


