OMP: pid 42589 tid 42620 thread 13 bound to OS proc set {56-71}
OMP: pid 42589 tid 42604 thread 8 bound to OS proc set {56-71}
OMP: pid 42589 tid 42596 thread 3 bound to OS proc set {56-71}
OMP: pid 42589 tid 42589 thread 0 bound to OS proc set {56-71}
OMP: pid 42589 tid 42623 thread 14 bound to OS proc set {56-71}
OMP: pid 42589 tid 42627 thread 15 bound to OS proc set {56-71}
OMP: pid 42589 tid 42593 thread 1 bound to OS proc set {56-71}
OMP: pid 42589 tid 42609 thread 10 bound to OS proc set {56-71}
OMP: pid 42589 tid 42615 thread 12 bound to OS proc set {56-71}
OMP: pid 42589 tid 42613 thread 11 bound to OS proc set {56-71}
OMP: pid 42589 tid 42594 thread 2 bound to OS proc set {56-71}
OMP: pid 42589 tid 42608 thread 9 bound to OS proc set {56-71}
OMP: pid 42589 tid 42603 thread 7 bound to OS proc set {56-71}
OMP: pid 42589 tid 42598 thread 4 bound to OS proc set {56-71}
OMP: pid 42589 tid 42602 thread 6 bound to OS proc set {56-71}
OMP: pid 42589 tid 42600 thread 5 bound to OS proc set {56-71}


 NAS Parallel Benchmarks (NPB3.4-OMP) - CG Benchmark

 Size:      150000
 Iterations:                     75
 Number of available threads:    16

 Initialization time =           1.873 seconds

   iteration           ||r||                 zeta
        1       0.35311133304415E-12   109.9994423237398
        5       0.89248228816080E-15    28.6471670038896
       10       0.91378410892538E-15    28.9496695449000
       15       0.90686282467217E-15    28.9716336228373
       20       0.91489153872861E-15    28.9734210663751
       25       0.90948778184658E-15    28.9735863059385
       30       0.90887610529572E-15    28.9736033967630
       35       0.91018195043899E-15    28.9736053266249
       40       0.90624417258755E-15    28.9736055590700
       45       0.91082905140884E-15    28.9736055884130
       50       0.91051698137497E-15    28.9736055922482
       55       0.90336318542567E-15    28.9736055927636
       60       0.90842982899347E-15    28.9736055928341
       65       0.90855855720310E-15    28.9736055928438
       70       0.90231878981915E-15    28.9736055928452
       75       0.90336596113379E-15    28.9736055928455
 Benchmark completed 
 VERIFICATION SUCCESSFUL 
 Zeta is     0.2897360559285E+02
 Error is    0.1581784714701E-13


 CG Benchmark Completed.
 Class           =                        C
 Size            =                   150000
 Iterations      =                       75
 Time in seconds =                    16.54
 Total threads   =                       16
 Avail threads   =                       16
 Mop/s total     =                  8665.40
 Mop/s/thread    =                   541.59
 Operation type  =           floating point
 Verification    =               SUCCESSFUL
 Version         =                    3.4.3
 Compile date    =              18 Feb 2026

 Compile options:
    FC           = gfortran
    FLINK        = $(FC)
    F_LIB        = -L/dss/dsshome1/09/ga27qam2/llvm-project/bu...
    F_INC        = (none)
    FFLAGS       = -O3 -fopenmp
    FLINKFLAGS   = -O3 -fopenmp
    RAND         = randi8


 Please send all errors/feedbacks to:

 NPB Development Team
 npb@nas.nasa.gov


