OMP: pid 42588 tid 42607 thread 1 bound to OS proc set {1-16}
OMP: pid 42588 tid 42588 thread 0 bound to OS proc set {1-16}
OMP: pid 42588 tid 42616 thread 3 bound to OS proc set {1-16}
OMP: pid 42588 tid 42643 thread 14 bound to OS proc set {1-16}
OMP: pid 42588 tid 42646 thread 15 bound to OS proc set {1-16}
OMP: pid 42588 tid 42611 thread 2 bound to OS proc set {1-16}
OMP: pid 42588 tid 42631 thread 7 bound to OS proc set {1-16}
OMP: pid 42588 tid 42639 thread 12 bound to OS proc set {1-16}
OMP: pid 42588 tid 42621 thread 4 bound to OS proc set {1-16}
OMP: pid 42588 tid 42625 thread 5 bound to OS proc set {1-16}
OMP: pid 42588 tid 42641 thread 13 bound to OS proc set {1-16}
OMP: pid 42588 tid 42638 thread 11 bound to OS proc set {1-16}
OMP: pid 42588 tid 42633 thread 8 bound to OS proc set {1-16}
OMP: pid 42588 tid 42629 thread 6 bound to OS proc set {1-16}
OMP: pid 42588 tid 42634 thread 9 bound to OS proc set {1-16}
OMP: pid 42588 tid 42636 thread 10 bound to OS proc set {1-16}
OMP: pid 42588 tid 42588 thread 0 bound to OS proc set {1-16}
OMP: pid 42588 tid 42611 thread 2 bound to OS proc set {1-16}
OMP: pid 42588 tid 42607 thread 1 bound to OS proc set {1-16}
OMP: pid 42588 tid 42621 thread 4 bound to OS proc set {1-16}
OMP: pid 42588 tid 42629 thread 6 bound to OS proc set {1-16}
OMP: pid 42588 tid 42631 thread 7 bound to OS proc set {1-16}
OMP: pid 42588 tid 42616 thread 3 bound to OS proc set {1-16}
OMP: pid 42588 tid 42625 thread 5 bound to OS proc set {1-16}


 NAS Parallel Benchmarks (NPB3.4-OMP) - CG Benchmark

 Size:      150000
 Iterations:                     75
 Number of available threads:    16

 Initialization time =           1.878 seconds

   iteration           ||r||                 zeta
        1       0.35317890595134E-12   109.9994423237398
        5       0.89164940910763E-15    28.6471670038896
       10       0.91175556561094E-15    28.9496695449000
       15       0.90718697138252E-15    28.9716336228371
       20       0.91393410524014E-15    28.9734210663752
       25       0.90873574099018E-15    28.9735863059386
       30       0.90859239473617E-15    28.9736033967633
       35       0.91047299208140E-15    28.9736053266247
       40       0.90595558712938E-15    28.9736055590700
       45       0.90819389684754E-15    28.9736055884130
       50       0.91095533804352E-15    28.9736055922483
       55       0.90368689195394E-15    28.9736055927634
       60       0.90792664335558E-15    28.9736055928341
       65       0.90723061306615E-15    28.9736055928440
       70       0.90226710057494E-15    28.9736055928452
       75       0.90150808355420E-15    28.9736055928456
 Benchmark completed 
 VERIFICATION SUCCESSFUL 
 Zeta is     0.2897360559285E+02
 Error is    0.2072260595228E-13


 CG Benchmark Completed.
 Class           =                        C
 Size            =                   150000
 Iterations      =                       75
 Time in seconds =                    11.56
 Total threads   =                        8
 Avail threads   =                       16
 Warning: Threads used differ from threads available
 Mop/s total     =                 12404.06
 Mop/s/thread    =                  1550.51
 Operation type  =           floating point
 Verification    =               SUCCESSFUL
 Version         =                    3.4.3
 Compile date    =              18 Feb 2026

 Compile options:
    FC           = gfortran
    FLINK        = $(FC)
    F_LIB        = -L/dss/dsshome1/09/ga27qam2/llvm-project/bu...
    F_INC        = (none)
    FFLAGS       = -O3 -fopenmp
    FLINKFLAGS   = -O3 -fopenmp
    RAND         = randi8


 Please send all errors/feedbacks to:

 NPB Development Team
 npb@nas.nasa.gov


