OMP: pid 48649 tid 48649 thread 0 bound to OS proc set {1-32}
OMP: pid 48649 tid 48655 thread 2 bound to OS proc set {1-32}
OMP: pid 48649 tid 48659 thread 3 bound to OS proc set {1-32}
OMP: pid 48649 tid 48651 thread 1 bound to OS proc set {1-32}
OMP: pid 48649 tid 48661 thread 4 bound to OS proc set {1-32}
OMP: pid 48649 tid 48674 thread 7 bound to OS proc set {1-32}
OMP: pid 48649 tid 48680 thread 8 bound to OS proc set {1-32}
OMP: pid 48649 tid 48670 thread 6 bound to OS proc set {1-32}
OMP: pid 48649 tid 48693 thread 12 bound to OS proc set {1-32}
OMP: pid 48649 tid 48692 thread 11 bound to OS proc set {1-32}
OMP: pid 48649 tid 48706 thread 15 bound to OS proc set {1-32}
OMP: pid 48649 tid 48666 thread 5 bound to OS proc set {1-32}
OMP: pid 48649 tid 48684 thread 9 bound to OS proc set {1-32}
OMP: pid 48649 tid 48694 thread 13 bound to OS proc set {1-32}
OMP: pid 48649 tid 48700 thread 14 bound to OS proc set {1-32}
OMP: pid 48649 tid 48764 thread 31 bound to OS proc set {1-32}
OMP: pid 48649 tid 48708 thread 16 bound to OS proc set {1-32}
OMP: pid 48649 tid 48756 thread 28 bound to OS proc set {1-32}
OMP: pid 48649 tid 48742 thread 24 bound to OS proc set {1-32}
OMP: pid 48649 tid 48686 thread 10 bound to OS proc set {1-32}
OMP: pid 48649 tid 48714 thread 19 bound to OS proc set {1-32}
OMP: pid 48649 tid 48710 thread 17 bound to OS proc set {1-32}
OMP: pid 48649 tid 48747 thread 25 bound to OS proc set {1-32}
OMP: pid 48649 tid 48712 thread 18 bound to OS proc set {1-32}
OMP: pid 48649 tid 48732 thread 22 bound to OS proc set {1-32}
OMP: pid 48649 tid 48721 thread 20 bound to OS proc set {1-32}
OMP: pid 48649 tid 48759 thread 30 bound to OS proc set {1-32}
OMP: pid 48649 tid 48738 thread 23 bound to OS proc set {1-32}
OMP: pid 48649 tid 48749 thread 26 bound to OS proc set {1-32}
OMP: pid 48649 tid 48757 thread 29 bound to OS proc set {1-32}
OMP: pid 48649 tid 48725 thread 21 bound to OS proc set {1-32}
OMP: pid 48649 tid 48752 thread 27 bound to OS proc set {1-32}
OMP: pid 48649 tid 48661 thread 4 bound to OS proc set {1-32}
OMP: pid 48649 tid 48686 thread 10 bound to OS proc set {1-32}
OMP: pid 48649 tid 48680 thread 8 bound to OS proc set {1-32}
OMP: pid 48649 tid 48666 thread 5 bound to OS proc set {1-32}
OMP: pid 48649 tid 48684 thread 9 bound to OS proc set {1-32}
OMP: pid 48649 tid 48655 thread 2 bound to OS proc set {1-32}
OMP: pid 48649 tid 48692 thread 11 bound to OS proc set {1-32}
OMP: pid 48649 tid 48649 thread 0 bound to OS proc set {1-32}
OMP: pid 48649 tid 48674 thread 7 bound to OS proc set {1-32}
OMP: pid 48649 tid 48693 thread 12 bound to OS proc set {1-32}
OMP: pid 48649 tid 48706 thread 15 bound to OS proc set {1-32}
OMP: pid 48649 tid 48700 thread 14 bound to OS proc set {1-32}
OMP: pid 48649 tid 48694 thread 13 bound to OS proc set {1-32}
OMP: pid 48649 tid 48670 thread 6 bound to OS proc set {1-32}
OMP: pid 48649 tid 48659 thread 3 bound to OS proc set {1-32}
OMP: pid 48649 tid 48651 thread 1 bound to OS proc set {1-32}


 NAS Parallel Benchmarks (NPB3.4-OMP) - CG Benchmark

 Size:      150000
 Iterations:                     75
 Number of available threads:    32

 Initialization time =           1.162 seconds

   iteration           ||r||                 zeta
        1       0.35304170476462E-12   109.9994423237398
        5       0.89214231769741E-15    28.6471670038896
       10       0.91165293435708E-15    28.9496695449000
       15       0.90648835426613E-15    28.9716336228373
       20       0.91478528064666E-15    28.9734210663750
       25       0.90985885376491E-15    28.9735863059385
       30       0.90877955689035E-15    28.9736033967630
       35       0.91103884026445E-15    28.9736053266248
       40       0.90685950755636E-15    28.9736055590700
       45       0.90958052504589E-15    28.9736055884129
       50       0.91064538993965E-15    28.9736055922482
       55       0.90337679265746E-15    28.9736055927635
       60       0.90853284172734E-15    28.9736055928341
       65       0.90759002400384E-15    28.9736055928438
       70       0.90300279549074E-15    28.9736055928452
       75       0.90287490991964E-15    28.9736055928455
 Benchmark completed 
 VERIFICATION SUCCESSFUL 
 Zeta is     0.2897360559285E+02
 Error is    0.1581784714701E-13


 CG Benchmark Completed.
 Class           =                        C
 Size            =                   150000
 Iterations      =                       75
 Time in seconds =                     7.11
 Total threads   =                       16
 Avail threads   =                       32
 Warning: Threads used differ from threads available
 Mop/s total     =                 20148.48
 Mop/s/thread    =                  1259.28
 Operation type  =           floating point
 Verification    =               SUCCESSFUL
 Version         =                    3.4.3
 Compile date    =              18 Feb 2026

 Compile options:
    FC           = gfortran
    FLINK        = $(FC)
    F_LIB        = -L/dss/dsshome1/09/ga27qam2/llvm-project/bu...
    F_INC        = (none)
    FFLAGS       = -O3 -fopenmp
    FLINKFLAGS   = -O3 -fopenmp
    RAND         = randi8


 Please send all errors/feedbacks to:

 NPB Development Team
 npb@nas.nasa.gov


