# arm=drm repeat=1 job=J01_ft alg=ft threads=32 start_offset=0.000 window=48.123
=== iteration 1 start_epoch_ms=1788485109385 ===
[DRM-pin] pid=75644 tid=75670 assigned=1-32 running_on=27
[DRM-pin] pid=75644 tid=75651 assigned=1-32 running_on=6
[DRM-pin] pid=75644 tid=75677 assigned=1-32 running_on=11
[DRM-pin] pid=75644 tid=75655 assigned=1-32 running_on=12
[DRM-pin] pid=75644 tid=75653 assigned=1-32 running_on=8
[DRM-pin] pid=75644 tid=75649 assigned=1-32 running_on=4
[DRM-pin] pid=75644 tid=75665 assigned=1-32 running_on=22
[DRM-pin] pid=75644 tid=75660 assigned=1-32 running_on=17
[DRM-pin] pid=75644 tid=75656 assigned=1-32 running_on=13
[DRM-pin] pid=75644 tid=75672 assigned=1-32 running_on=29
[DRM-pin] pid=75644 tid=75675 assigned=1-32 running_on=10
[DRM-pin] pid=75644 tid=75668 assigned=1-32 running_on=25
[DRM-pin] pid=75644 tid=75663 assigned=1-32 running_on=20
[DRM-pin] pid=75644 tid=75648 assigned=1-32 running_on=3
[DRM-pin] pid=75644 tid=75650 assigned=1-32 running_on=5
[DRM-pin] pid=75644 tid=75671 assigned=1-32 running_on=28
[DRM-pin] pid=75644 tid=75658 assigned=1-32 running_on=15
[DRM-pin] pid=75644 tid=75676 assigned=1-32 running_on=2
[DRM-pin] pid=75644 tid=75659 assigned=1-32 running_on=16
[DRM-pin] pid=75644 tid=75661 assigned=1-32 running_on=18
[DRM-pin] pid=75644 tid=75657 assigned=1-32 running_on=14
[DRM-pin] pid=75644 tid=75669 assigned=1-32 running_on=26
[DRM-pin] pid=75644 tid=75646 assigned=1-32 running_on=1
[DRM-pin] pid=75644 tid=75664 assigned=1-32 running_on=21
[DRM-pin] pid=75644 tid=75673 assigned=1-32 running_on=30
[DRM-pin] pid=75644 tid=75666 assigned=1-32 running_on=23
[DRM-pin] pid=75644 tid=75662 assigned=1-32 running_on=19
[DRM-pin] pid=75644 tid=75667 assigned=1-32 running_on=24
[DRM-pin] pid=75644 tid=75674 assigned=1-32 running_on=31
[DRM-pin] pid=75644 tid=75652 assigned=1-32 running_on=7
[DRM-pin] pid=75644 tid=75654 assigned=1-32 running_on=9


 NAS Parallel Benchmarks (NPB3.4-OMP) - FT Benchmark

 Size                :  512x 512x 512
 Iterations                  :     20
 Number of available threads :     32

 T =    1     Checksum =    5.195078707457D+02    5.149019699238D+02
 T =    2     Checksum =    5.155422171134D+02    5.127578201997D+02
 T =    3     Checksum =    5.144678022222D+02    5.122251847514D+02
 T =    4     Checksum =    5.140150594328D+02    5.121090289018D+02
 T =    5     Checksum =    5.137550426810D+02    5.121143685824D+02
 T =    6     Checksum =    5.135811056728D+02    5.121496764568D+02
 T =    7     Checksum =    5.134569343165D+02    5.121870921893D+02
 T =    8     Checksum =    5.133651975661D+02    5.122193250322D+02
 T =    9     Checksum =    5.132955192805D+02    5.122454735794D+02
 T =   10     Checksum =    5.132410471738D+02    5.122663649603D+02
 T =   11     Checksum =    5.131971141679D+02    5.122830879827D+02
 T =   12     Checksum =    5.131605205716D+02    5.122965869718D+02
 T =   13     Checksum =    5.131290734194D+02    5.123075927445D+02
 T =   14     Checksum =    5.131012720314D+02    5.123166486553D+02
 T =   15     Checksum =    5.130760908195D+02    5.123241541685D+02
 T =   16     Checksum =    5.130528295923D+02    5.123304037599D+02
 T =   17     Checksum =    5.130310107773D+02    5.123356167976D+02
 T =   18     Checksum =    5.130103090133D+02    5.123399592211D+02
 T =   19     Checksum =    5.129905029333D+02    5.123435588985D+02
 T =   20     Checksum =    5.129714421109D+02    5.123465164008D+02
 Result verification successful
 class = C


 FT Benchmark Completed.
 Class           =                        C
 Size            =            512x 512x 512
 Iterations      =                       20
 Time in seconds =                     4.24
 Total threads   =                       32
 Avail threads   =                       32
 Mop/s total     =                 93434.76
 Mop/s/thread    =                  2919.84
 Operation type  =           floating point
 Verification    =               SUCCESSFUL
 Version         =                    3.4.3
 Compile date    =              03 Sep 2026

 Compile options:
    FC           = gfortran
    FLINK        = $(FC)
    F_LIB        = -L$(LLVM_BUILD)/lib -lomp
    F_INC        = (none)
    FFLAGS       = -O3 -fopenmp
    FLINKFLAGS   = -O3 -fopenmp
    RAND         = randi8


 Please send all errors/feedbacks to:

 NPB Development Team
 npb@nas.nasa.gov


=== iteration 2 start_epoch_ms=1788485114570 ===
[DRM-pin] pid=75678 tid=75683 assigned=17-32 running_on=17
[DRM-pin] pid=75678 tid=75692 assigned=17-32 running_on=17
[DRM-pin] pid=75678 tid=75687 assigned=17-32 running_on=17
[DRM-pin] pid=75678 tid=75685 assigned=17-32 running_on=17
[DRM-pin] pid=75678 tid=75682 assigned=17-32 running_on=17
[DRM-pin] pid=75678 tid=75686 assigned=17-32 running_on=17
[DRM-pin] pid=75678 tid=75684 assigned=17-32 running_on=17
[DRM-pin] pid=75678 tid=75681 assigned=17-32 running_on=17
[DRM-pin] pid=75678 tid=75694 assigned=17-32 running_on=17
[DRM-pin] pid=75678 tid=75690 assigned=17-32 running_on=17
[DRM-pin] pid=75678 tid=75693 assigned=17-32 running_on=17
[DRM-pin] pid=75678 tid=75691 assigned=17-32 running_on=17
[DRM-pin] pid=75678 tid=75680 assigned=17-32 running_on=17
[DRM-pin] pid=75678 tid=75688 assigned=17-32 running_on=32
[DRM-pin] pid=75678 tid=75689 assigned=17-32 running_on=32
[DRM-pin] pid=75678 tid=75682 assigned=11-20 running_on=20
[DRM-pin] pid=75678 tid=75688 assigned=11-20 running_on=11
[DRM-pin] pid=75678 tid=75684 assigned=11-20 running_on=17
[DRM-pin] pid=75678 tid=75683 assigned=11-20 running_on=11
[DRM-pin] pid=75678 tid=75680 assigned=11-20 running_on=18
[DRM-pin] pid=75678 tid=75687 assigned=11-20 running_on=11
[DRM-pin] pid=75678 tid=75686 assigned=11-20 running_on=17
[DRM-pin] pid=75678 tid=75685 assigned=11-20 running_on=18
[DRM-pin] pid=75678 tid=75681 assigned=11-20 running_on=11
[DRM-pin] pid=75678 tid=75684 assigned=1-16 running_on=15
[DRM-pin] pid=75678 tid=75690 assigned=1-16 running_on=3
[DRM-pin] pid=75678 tid=75685 assigned=1-16 running_on=13
[DRM-pin] pid=75678 tid=75681 assigned=1-16 running_on=16
[DRM-pin] pid=75678 tid=75688 assigned=1-16 running_on=14
[DRM-pin] pid=75678 tid=75682 assigned=1-16 running_on=3
[DRM-pin] pid=75678 tid=75687 assigned=1-16 running_on=4
[DRM-pin] pid=75678 tid=75686 assigned=1-16 running_on=1
[DRM-pin] pid=75678 tid=75683 assigned=1-16 running_on=2
[DRM-pin] pid=75678 tid=75691 assigned=1-16 running_on=6
[DRM-pin] pid=75678 tid=75694 assigned=1-16 running_on=7
[DRM-pin] pid=75678 tid=75689 assigned=1-16 running_on=6
[DRM-pin] pid=75678 tid=75693 assigned=1-16 running_on=5
[DRM-pin] pid=75678 tid=75680 assigned=1-16 running_on=12
[DRM-pin] pid=75678 tid=75692 assigned=1-16 running_on=4
[DRM-pin] pid=75678 tid=75683 assigned=1-10 running_on=2
[DRM-pin] pid=75678 tid=75686 assigned=1-10 running_on=9
[DRM-pin] pid=75678 tid=75680 assigned=1-10 running_on=9
[DRM-pin] pid=75678 tid=75687 assigned=1-10 running_on=4
[DRM-pin] pid=75678 tid=75688 assigned=1-10 running_on=9
[DRM-pin] pid=75678 tid=75684 assigned=1-10 running_on=4
[DRM-pin] pid=75678 tid=75681 assigned=1-10 running_on=9
[DRM-pin] pid=75678 tid=75682 assigned=1-10 running_on=4
[DRM-pin] pid=75678 tid=75685 assigned=1-10 running_on=9
[DRM-pin] pid=75678 tid=75683 assigned=1-8 running_on=2
[DRM-pin] pid=75678 tid=75685 assigned=1-8 running_on=6
[DRM-pin] pid=75678 tid=75686 assigned=1-8 running_on=6
[DRM-pin] pid=75678 tid=75680 assigned=1-8 running_on=4
[DRM-pin] pid=75678 tid=75684 assigned=1-8 running_on=7
[DRM-pin] pid=75678 tid=75681 assigned=1-8 running_on=7
[DRM-pin] pid=75678 tid=75682 assigned=1-8 running_on=7
[DRM-pin] pid=75678 tid=75681 assigned=1-10 running_on=7
[DRM-pin] pid=75678 tid=75680 assigned=1-10 running_on=3
[DRM-pin] pid=75678 tid=75686 assigned=1-10 running_on=3
[DRM-pin] pid=75678 tid=75685 assigned=1-10 running_on=6
[DRM-pin] pid=75678 tid=75683 assigned=1-10 running_on=8
[DRM-pin] pid=75678 tid=75682 assigned=1-10 running_on=7
[DRM-pin] pid=75678 tid=75684 assigned=1-10 running_on=2


 NAS Parallel Benchmarks (NPB3.4-OMP) - FT Benchmark

 Size                :  512x 512x 512
 Iterations                  :     20
 Number of available threads :     32

 T =    1     Checksum =    5.195078707457D+02    5.149019699238D+02
 T =    2     Checksum =    5.155422171134D+02    5.127578201997D+02
 T =    3     Checksum =    5.144678022222D+02    5.122251847514D+02
 T =    4     Checksum =    5.140150594328D+02    5.121090289018D+02
 T =    5     Checksum =    5.137550426810D+02    5.121143685824D+02
 T =    6     Checksum =    5.135811056728D+02    5.121496764568D+02
 T =    7     Checksum =    5.134569343165D+02    5.121870921893D+02
 T =    8     Checksum =    5.133651975661D+02    5.122193250322D+02
 T =    9     Checksum =    5.132955192805D+02    5.122454735794D+02
 T =   10     Checksum =    5.132410471738D+02    5.122663649603D+02
 T =   11     Checksum =    5.131971141679D+02    5.122830879827D+02
 T =   12     Checksum =    5.131605205716D+02    5.122965869718D+02
 T =   13     Checksum =    5.131290734194D+02    5.123075927445D+02
 T =   14     Checksum =    5.131012720314D+02    5.123166486553D+02
 T =   15     Checksum =    5.130760908195D+02    5.123241541685D+02
 T =   16     Checksum =    5.130528295923D+02    5.123304037599D+02
 T =   17     Checksum =    5.130310107773D+02    5.123356167976D+02
 T =   18     Checksum =    5.130103090133D+02    5.123399592211D+02
 T =   19     Checksum =    5.129905029333D+02    5.123435588985D+02
 T =   20     Checksum =    5.129714421109D+02    5.123465164008D+02
 Result verification successful
 class = C


 FT Benchmark Completed.
 Class           =                        C
 Size            =            512x 512x 512
 Iterations      =                       20
 Time in seconds =                     9.31
 Total threads   =                       10
 Avail threads   =                       32
 Warning: Threads used differ from threads available
 Mop/s total     =                 42569.87
 Mop/s/thread    =                  4256.99
 Operation type  =           floating point
 Verification    =               SUCCESSFUL
 Version         =                    3.4.3
 Compile date    =              03 Sep 2026

 Compile options:
    FC           = gfortran
    FLINK        = $(FC)
    F_LIB        = -L$(LLVM_BUILD)/lib -lomp
    F_INC        = (none)
    FFLAGS       = -O3 -fopenmp
    FLINKFLAGS   = -O3 -fopenmp
    RAND         = randi8


 Please send all errors/feedbacks to:

 NPB Development Team
 npb@nas.nasa.gov


=== iteration 3 start_epoch_ms=1788485125155 ===
[DRM-pin] pid=75820 tid=75825 assigned=25-32 running_on=25
[DRM-pin] pid=75820 tid=75827 assigned=25-32 running_on=32
[DRM-pin] pid=75820 tid=75826 assigned=25-32 running_on=26
[DRM-pin] pid=75820 tid=75828 assigned=25-32 running_on=25
[DRM-pin] pid=75820 tid=75824 assigned=25-32 running_on=25
[DRM-pin] pid=75820 tid=75823 assigned=25-32 running_on=32
[DRM-pin] pid=75820 tid=75822 assigned=25-32 running_on=32
[DRM-pin] pid=75820 tid=75828 assigned=17-24 running_on=17
[DRM-pin] pid=75820 tid=75826 assigned=17-24 running_on=18
[DRM-pin] pid=75820 tid=75827 assigned=17-24 running_on=17
[DRM-pin] pid=75820 tid=75825 assigned=17-24 running_on=17
[DRM-pin] pid=75820 tid=75824 assigned=17-24 running_on=18
[DRM-pin] pid=75820 tid=75822 assigned=17-24 running_on=18
[DRM-pin] pid=75820 tid=75823 assigned=17-24 running_on=18
[DRM-pin] pid=75820 tid=75822 assigned=13-18 running_on=18
[DRM-pin] pid=75820 tid=75825 assigned=13-18 running_on=17
[DRM-pin] pid=75820 tid=75823 assigned=13-18 running_on=18
[DRM-pin] pid=75820 tid=75824 assigned=13-18 running_on=18
[DRM-pin] pid=75820 tid=75826 assigned=13-18 running_on=18
[DRM-pin] pid=75820 tid=75822 assigned=17-24 running_on=18
[DRM-pin] pid=75820 tid=75823 assigned=17-24 running_on=17
[DRM-pin] pid=75820 tid=75825 assigned=17-24 running_on=18
[DRM-pin] pid=75820 tid=75824 assigned=17-24 running_on=17
[DRM-pin] pid=75820 tid=75826 assigned=17-24 running_on=17
[DRM-pin] pid=75820 tid=75824 assigned=19-24 running_on=20
[DRM-pin] pid=75820 tid=75822 assigned=19-24 running_on=23
[DRM-pin] pid=75820 tid=75826 assigned=19-24 running_on=24
[DRM-pin] pid=75820 tid=75823 assigned=19-24 running_on=21
[DRM-pin] pid=75820 tid=75825 assigned=19-24 running_on=19
[DRM-pin] pid=75820 tid=75824 assigned=16-20 running_on=20
[DRM-pin] pid=75820 tid=75825 assigned=16-20 running_on=19
[DRM-pin] pid=75820 tid=75823 assigned=16-20 running_on=17
[DRM-pin] pid=75820 tid=75822 assigned=16-20 running_on=18
[DRM-pin] pid=75820 tid=75823 assigned=13-18 running_on=18
[DRM-pin] pid=75820 tid=75826 assigned=13-18 running_on=13
[DRM-pin] pid=75820 tid=75824 assigned=13-18 running_on=17
[DRM-pin] pid=75820 tid=75825 assigned=13-18 running_on=13
[DRM-pin] pid=75820 tid=75822 assigned=13-18 running_on=18
[DRM-pin] pid=75820 tid=75823 assigned=17-24 running_on=18
[DRM-pin] pid=75820 tid=75825 assigned=17-24 running_on=21
[DRM-pin] pid=75820 tid=75822 assigned=17-24 running_on=22
[DRM-pin] pid=75820 tid=75826 assigned=17-24 running_on=18
[DRM-pin] pid=75820 tid=75824 assigned=17-24 running_on=17
[DRM-pin] pid=75820 tid=75822 assigned=13-18 running_on=18
[DRM-pin] pid=75820 tid=75823 assigned=13-18 running_on=18
[DRM-pin] pid=75820 tid=75825 assigned=13-18 running_on=13
[DRM-pin] pid=75820 tid=75824 assigned=13-18 running_on=13
[DRM-pin] pid=75820 tid=75826 assigned=13-18 running_on=13
[DRM-pin] pid=75820 tid=75822 assigned=9-16 running_on=15
[DRM-pin] pid=75820 tid=75827 assigned=9-16 running_on=12
[DRM-pin] pid=75820 tid=75826 assigned=9-16 running_on=13
[DRM-pin] pid=75820 tid=75825 assigned=9-16 running_on=14
[DRM-pin] pid=75820 tid=75823 assigned=9-16 running_on=10
[DRM-pin] pid=75820 tid=75828 assigned=9-16 running_on=11
[DRM-pin] pid=75820 tid=75824 assigned=9-16 running_on=16
[DRM-pin] pid=75820 tid=75823 assigned=7-12 running_on=10
[DRM-pin] pid=75820 tid=75824 assigned=7-12 running_on=7
[DRM-pin] pid=75820 tid=75825 assigned=7-12 running_on=7
[DRM-pin] pid=75820 tid=75826 assigned=7-12 running_on=8
[DRM-pin] pid=75820 tid=75822 assigned=7-12 running_on=7
[DRM-pin] pid=75820 tid=75824 assigned=1-8 running_on=7
[DRM-pin] pid=75820 tid=75828 assigned=1-8 running_on=5
[DRM-pin] pid=75820 tid=75826 assigned=1-8 running_on=8
[DRM-pin] pid=75820 tid=75822 assigned=1-8 running_on=3
[DRM-pin] pid=75820 tid=75825 assigned=1-8 running_on=4
[DRM-pin] pid=75820 tid=75823 assigned=1-8 running_on=2
[DRM-pin] pid=75820 tid=75827 assigned=1-8 running_on=6


 NAS Parallel Benchmarks (NPB3.4-OMP) - FT Benchmark

 Size                :  512x 512x 512
 Iterations                  :     20
 Number of available threads :     32

 T =    1     Checksum =    5.195078707457D+02    5.149019699238D+02
 T =    2     Checksum =    5.155422171134D+02    5.127578201997D+02
 T =    3     Checksum =    5.144678022222D+02    5.122251847514D+02
 T =    4     Checksum =    5.140150594328D+02    5.121090289018D+02
 T =    5     Checksum =    5.137550426810D+02    5.121143685824D+02
 T =    6     Checksum =    5.135811056728D+02    5.121496764568D+02
 T =    7     Checksum =    5.134569343165D+02    5.121870921893D+02
 T =    8     Checksum =    5.133651975661D+02    5.122193250322D+02
 T =    9     Checksum =    5.132955192805D+02    5.122454735794D+02
 T =   10     Checksum =    5.132410471738D+02    5.122663649603D+02
 T =   11     Checksum =    5.131971141679D+02    5.122830879827D+02
 T =   12     Checksum =    5.131605205716D+02    5.122965869718D+02
 T =   13     Checksum =    5.131290734194D+02    5.123075927445D+02
 T =   14     Checksum =    5.131012720314D+02    5.123166486553D+02
 T =   15     Checksum =    5.130760908195D+02    5.123241541685D+02
 T =   16     Checksum =    5.130528295923D+02    5.123304037599D+02
 T =   17     Checksum =    5.130310107773D+02    5.123356167976D+02
 T =   18     Checksum =    5.130103090133D+02    5.123399592211D+02
 T =   19     Checksum =    5.129905029333D+02    5.123435588985D+02
 T =   20     Checksum =    5.129714421109D+02    5.123465164008D+02
 Result verification successful
 class = C


 FT Benchmark Completed.
 Class           =                        C
 Size            =            512x 512x 512
 Iterations      =                       20
 Time in seconds =                    23.91
 Total threads   =                        8
 Avail threads   =                       32
 Warning: Threads used differ from threads available
 Mop/s total     =                 16580.68
 Mop/s/thread    =                  2072.59
 Operation type  =           floating point
 Verification    =               SUCCESSFUL
 Version         =                    3.4.3
 Compile date    =              03 Sep 2026

 Compile options:
    FC           = gfortran
    FLINK        = $(FC)
    F_LIB        = -L$(LLVM_BUILD)/lib -lomp
    F_INC        = (none)
    FFLAGS       = -O3 -fopenmp
    FLINKFLAGS   = -O3 -fopenmp
    RAND         = randi8


 Please send all errors/feedbacks to:

 NPB Development Team
 npb@nas.nasa.gov


=== iteration 4 start_epoch_ms=1788485151817 ===
[DRM-pin] pid=76044 tid=76046 assigned=25-30 running_on=25
[DRM-pin] pid=76044 tid=76047 assigned=25-30 running_on=26
[DRM-pin] pid=76044 tid=76049 assigned=25-30 running_on=25
[DRM-pin] pid=76044 tid=76050 assigned=25-30 running_on=25
[DRM-pin] pid=76044 tid=76048 assigned=25-30 running_on=25
[DRM-pin] pid=76044 tid=76049 assigned=25-32 running_on=25
[DRM-pin] pid=76044 tid=76052 assigned=25-32 running_on=31
[DRM-pin] pid=76044 tid=76051 assigned=25-32 running_on=32
[DRM-pin] pid=76044 tid=76047 assigned=25-32 running_on=26
[DRM-pin] pid=76044 tid=76046 assigned=25-32 running_on=28
[DRM-pin] pid=76044 tid=76050 assigned=25-32 running_on=25
[DRM-pin] pid=76044 tid=76048 assigned=25-32 running_on=25
[DRM-pin] pid=76044 tid=76047 assigned=17-24 running_on=17
[DRM-pin] pid=76044 tid=76052 assigned=17-24 running_on=19
[DRM-pin] pid=76044 tid=76051 assigned=17-24 running_on=18
[DRM-pin] pid=76044 tid=76050 assigned=17-24 running_on=18
[DRM-pin] pid=76044 tid=76048 assigned=17-24 running_on=17
[DRM-pin] pid=76044 tid=76046 assigned=17-24 running_on=18
[DRM-pin] pid=76044 tid=76049 assigned=17-24 running_on=17
[DRM-pin] pid=76044 tid=76050 assigned=13-18 running_on=18
[DRM-pin] pid=76044 tid=76046 assigned=13-18 running_on=14
[DRM-pin] pid=76044 tid=76049 assigned=13-18 running_on=17
[DRM-pin] pid=76044 tid=76047 assigned=13-18 running_on=17
[DRM-pin] pid=76044 tid=76048 assigned=13-18 running_on=14
[DRM-pin] pid=76044 tid=76048 assigned=9-16 running_on=16
[DRM-pin] pid=76044 tid=76046 assigned=9-16 running_on=14
[DRM-pin] pid=76044 tid=76047 assigned=9-16 running_on=15
[DRM-pin] pid=76044 tid=76052 assigned=9-16 running_on=9
[DRM-pin] pid=76044 tid=76051 assigned=9-16 running_on=9
[DRM-pin] pid=76044 tid=76050 assigned=9-16 running_on=9
[DRM-pin] pid=76044 tid=76049 assigned=9-16 running_on=9
[DRM-pin] pid=76044 tid=76048 assigned=7-12 running_on=12
[DRM-pin] pid=76044 tid=76049 assigned=7-12 running_on=11
[DRM-pin] pid=76044 tid=76046 assigned=7-12 running_on=7
[DRM-pin] pid=76044 tid=76047 assigned=7-12 running_on=8
[DRM-pin] pid=76044 tid=76050 assigned=7-12 running_on=8
[DRM-pin] pid=76044 tid=76049 assigned=1-8 running_on=8
[DRM-pin] pid=76044 tid=76047 assigned=1-8 running_on=2
[DRM-pin] pid=76044 tid=76048 assigned=1-8 running_on=1
[DRM-pin] pid=76044 tid=76051 assigned=1-8 running_on=2
[DRM-pin] pid=76044 tid=76052 assigned=1-8 running_on=3
[DRM-pin] pid=76044 tid=76050 assigned=1-8 running_on=8
[DRM-pin] pid=76044 tid=76046 assigned=1-8 running_on=7


 NAS Parallel Benchmarks (NPB3.4-OMP) - FT Benchmark

 Size                :  512x 512x 512
 Iterations                  :     20
 Number of available threads :     32

 T =    1     Checksum =    5.195078707457D+02    5.149019699238D+02
 T =    2     Checksum =    5.155422171134D+02    5.127578201997D+02
 T =    3     Checksum =    5.144678022222D+02    5.122251847514D+02
 T =    4     Checksum =    5.140150594328D+02    5.121090289018D+02
 T =    5     Checksum =    5.137550426810D+02    5.121143685824D+02
 T =    6     Checksum =    5.135811056728D+02    5.121496764568D+02
 T =    7     Checksum =    5.134569343165D+02    5.121870921893D+02
 T =    8     Checksum =    5.133651975661D+02    5.122193250322D+02
 T =    9     Checksum =    5.132955192805D+02    5.122454735794D+02
 T =   10     Checksum =    5.132410471738D+02    5.122663649603D+02
 T =   11     Checksum =    5.131971141679D+02    5.122830879827D+02
 T =   12     Checksum =    5.131605205716D+02    5.122965869718D+02
 T =   13     Checksum =    5.131290734194D+02    5.123075927445D+02
 T =   14     Checksum =    5.131012720314D+02    5.123166486553D+02
 T =   15     Checksum =    5.130760908195D+02    5.123241541685D+02
 T =   16     Checksum =    5.130528295923D+02    5.123304037599D+02
 T =   17     Checksum =    5.130310107773D+02    5.123356167976D+02
 T =   18     Checksum =    5.130103090133D+02    5.123399592211D+02
 T =   19     Checksum =    5.129905029333D+02    5.123435588985D+02
 T =   20     Checksum =    5.129714421109D+02    5.123465164008D+02
 Result verification successful
 class = C


 FT Benchmark Completed.
 Class           =                        C
 Size            =            512x 512x 512
 Iterations      =                       20
 Time in seconds =                    21.42
 Total threads   =                        8
 Avail threads   =                       32
 Warning: Threads used differ from threads available
 Mop/s total     =                 18502.09
 Mop/s/thread    =                  2312.76
 Operation type  =           floating point
 Verification    =               SUCCESSFUL
 Version         =                    3.4.3
 Compile date    =              03 Sep 2026

 Compile options:
    FC           = gfortran
    FLINK        = $(FC)
    F_LIB        = -L$(LLVM_BUILD)/lib -lomp
    F_INC        = (none)
    FFLAGS       = -O3 -fopenmp
    FLINKFLAGS   = -O3 -fopenmp
    RAND         = randi8


 Please send all errors/feedbacks to:

 NPB Development Team
 npb@nas.nasa.gov


