# arm=drm repeat=1 job=J02_ep alg=ep threads=32 start_offset=8.999 window=77.355
=== iteration 1 start_epoch_ms=1788485118382 ===
[DRM-pin] pid=75719 tid=75721 assigned=21-30 running_on=21
[DRM-pin] pid=75719 tid=75722 assigned=21-30 running_on=21
[DRM-pin] pid=75719 tid=75724 assigned=21-30 running_on=21
[DRM-pin] pid=75719 tid=75723 assigned=21-30 running_on=21
[DRM-pin] pid=75719 tid=75729 assigned=21-30 running_on=21
[DRM-pin] pid=75719 tid=75725 assigned=21-30 running_on=21
[DRM-pin] pid=75719 tid=75727 assigned=21-30 running_on=21
[DRM-pin] pid=75719 tid=75726 assigned=21-30 running_on=21
[DRM-pin] pid=75719 tid=75728 assigned=21-30 running_on=21


 NAS Parallel Benchmarks (NPB3.4-OMP) - EP Benchmark

 Number of random numbers generated:      8589934592
 Number of available threads:                     32

EP Benchmark Results:

CPU Time =    19.210
N = 2^   32
No. Gaussian Pairs =    3373275903.
Sums =     2.691444083862704D+09    2.691519118724727D+09
Counts:
  0    1572172634.
  1    1501108549.
  2     281805648.
  3      17761221.
  4        424017.
  5          3821.
  6            13.
  7             0.
  8             0.
  9             0.


 EP Benchmark Completed.
 Class           =                        C
 Size            =               8589934592
 Iterations      =                        0
 Time in seconds =                    19.21
 Total threads   =                       10
 Avail threads   =                       32
 Warning: Threads used differ from threads available
 Mop/s total     =                   447.16
 Mop/s/thread    =                    44.72
 Operation type  = Random numbers generated
 Verification    =               SUCCESSFUL
 Version         =                    3.4.3
 Compile date    =              03 Sep 2026

 Compile options:
    FC           = gfortran
    FLINK        = $(FC)
    F_LIB        = -L$(LLVM_BUILD)/lib -lomp
    F_INC        = (none)
    FFLAGS       = -O3 -fopenmp
    FLINKFLAGS   = -O3 -fopenmp
    RAND         = randi8


 Please send all errors/feedbacks to:

 NPB Development Team
 npb@nas.nasa.gov


=== iteration 2 start_epoch_ms=1788485138235 ===
[DRM-pin] pid=75921 tid=75924 assigned=26-30 running_on=27
[DRM-pin] pid=75921 tid=75926 assigned=26-30 running_on=26
[DRM-pin] pid=75921 tid=75925 assigned=26-30 running_on=26
[DRM-pin] pid=75921 tid=75923 assigned=26-30 running_on=28


 NAS Parallel Benchmarks (NPB3.4-OMP) - EP Benchmark

 Number of random numbers generated:      8589934592
 Number of available threads:                     32

EP Benchmark Results:

CPU Time =    51.193
N = 2^   32
No. Gaussian Pairs =    3373275903.
Sums =     2.691444083863332D+09    2.691519118724687D+09
Counts:
  0    1572172634.
  1    1501108549.
  2     281805648.
  3      17761221.
  4        424017.
  5          3821.
  6            13.
  7             0.
  8             0.
  9             0.


 EP Benchmark Completed.
 Class           =                        C
 Size            =               8589934592
 Iterations      =                        0
 Time in seconds =                    51.19
 Total threads   =                        5
 Avail threads   =                       32
 Warning: Threads used differ from threads available
 Mop/s total     =                   167.80
 Mop/s/thread    =                    33.56
 Operation type  = Random numbers generated
 Verification    =               SUCCESSFUL
 Version         =                    3.4.3
 Compile date    =              03 Sep 2026

 Compile options:
    FC           = gfortran
    FLINK        = $(FC)
    F_LIB        = -L$(LLVM_BUILD)/lib -lomp
    F_INC        = (none)
    FFLAGS       = -O3 -fopenmp
    FLINKFLAGS   = -O3 -fopenmp
    RAND         = randi8


 Please send all errors/feedbacks to:

 NPB Development Team
 npb@nas.nasa.gov


=== iteration 3 start_epoch_ms=1788485190043 ===
[DRM-pin] pid=76228 tid=76235 assigned=25-32 running_on=25
[DRM-pin] pid=76228 tid=76230 assigned=25-32 running_on=25
[DRM-pin] pid=76228 tid=76233 assigned=25-32 running_on=25
[DRM-pin] pid=76228 tid=76234 assigned=25-32 running_on=25
[DRM-pin] pid=76228 tid=76231 assigned=25-32 running_on=25
[DRM-pin] pid=76228 tid=76232 assigned=25-32 running_on=26
[DRM-pin] pid=76228 tid=76236 assigned=25-32 running_on=26


 NAS Parallel Benchmarks (NPB3.4-OMP) - EP Benchmark

 Number of random numbers generated:      8589934592
 Number of available threads:                     32

EP Benchmark Results:

CPU Time =    17.185
N = 2^   32
No. Gaussian Pairs =    3373275903.
Sums =     2.691444083862810D+09    2.691519118724568D+09
Counts:
  0    1572172634.
  1    1501108549.
  2     281805648.
  3      17761221.
  4        424017.
  5          3821.
  6            13.
  7             0.
  8             0.
  9             0.


 EP Benchmark Completed.
 Class           =                        C
 Size            =               8589934592
 Iterations      =                        0
 Time in seconds =                    17.18
 Total threads   =                        8
 Avail threads   =                       32
 Warning: Threads used differ from threads available
 Mop/s total     =                   499.86
 Mop/s/thread    =                    62.48
 Operation type  = Random numbers generated
 Verification    =               SUCCESSFUL
 Version         =                    3.4.3
 Compile date    =              03 Sep 2026

 Compile options:
    FC           = gfortran
    FLINK        = $(FC)
    F_LIB        = -L$(LLVM_BUILD)/lib -lomp
    F_INC        = (none)
    FFLAGS       = -O3 -fopenmp
    FLINKFLAGS   = -O3 -fopenmp
    RAND         = randi8


 Please send all errors/feedbacks to:

 NPB Development Team
 npb@nas.nasa.gov


