# arm=drm repeat=1 job=J03_ft alg=ft threads=32 start_offset=13.099 window=54.571
=== iteration 1 start_epoch_ms=1788485122482 ===
[DRM-pin] pid=75752 tid=75761 assigned=21-30 running_on=30
[DRM-pin] pid=75752 tid=75758 assigned=21-30 running_on=23
[DRM-pin] pid=75752 tid=75757 assigned=21-30 running_on=27
[DRM-pin] pid=75752 tid=75762 assigned=21-30 running_on=22
[DRM-pin] pid=75752 tid=75759 assigned=21-30 running_on=21
[DRM-pin] pid=75752 tid=75755 assigned=21-30 running_on=22
[DRM-pin] pid=75752 tid=75754 assigned=21-30 running_on=21
[DRM-pin] pid=75752 tid=75756 assigned=21-30 running_on=21
[DRM-pin] pid=75752 tid=75760 assigned=21-30 running_on=21
[DRM-pin] pid=75752 tid=75755 assigned=17-24 running_on=22
[DRM-pin] pid=75752 tid=75759 assigned=17-24 running_on=24
[DRM-pin] pid=75752 tid=75758 assigned=17-24 running_on=23
[DRM-pin] pid=75752 tid=75756 assigned=17-24 running_on=24
[DRM-pin] pid=75752 tid=75757 assigned=17-24 running_on=24
[DRM-pin] pid=75752 tid=75760 assigned=17-24 running_on=21
[DRM-pin] pid=75752 tid=75754 assigned=17-24 running_on=24
[DRM-pin] pid=75752 tid=75760 assigned=11-20 running_on=18
[DRM-pin] pid=75752 tid=75759 assigned=11-20 running_on=19
[DRM-pin] pid=75752 tid=75757 assigned=11-20 running_on=20
[DRM-pin] pid=75752 tid=75755 assigned=11-20 running_on=11
[DRM-pin] pid=75752 tid=75754 assigned=11-20 running_on=12
[DRM-pin] pid=75752 tid=75761 assigned=11-20 running_on=13
[DRM-pin] pid=75752 tid=75762 assigned=11-20 running_on=14
[DRM-pin] pid=75752 tid=75758 assigned=11-20 running_on=19
[DRM-pin] pid=75752 tid=75756 assigned=11-20 running_on=17
[DRM-pin] pid=75752 tid=75755 assigned=9-16 running_on=12
[DRM-pin] pid=75752 tid=75754 assigned=9-16 running_on=13
[DRM-pin] pid=75752 tid=75757 assigned=9-16 running_on=11
[DRM-pin] pid=75752 tid=75756 assigned=9-16 running_on=16
[DRM-pin] pid=75752 tid=75758 assigned=9-16 running_on=10
[DRM-pin] pid=75752 tid=75760 assigned=9-16 running_on=11
[DRM-pin] pid=75752 tid=75759 assigned=9-16 running_on=13
[DRM-pin] pid=75752 tid=75755 assigned=7-12 running_on=12
[DRM-pin] pid=75752 tid=75757 assigned=7-12 running_on=11
[DRM-pin] pid=75752 tid=75758 assigned=7-12 running_on=10
[DRM-pin] pid=75752 tid=75756 assigned=7-12 running_on=7
[DRM-pin] pid=75752 tid=75754 assigned=7-12 running_on=7
[DRM-pin] pid=75752 tid=75756 assigned=1-8 running_on=7
[DRM-pin] pid=75752 tid=75757 assigned=1-8 running_on=8
[DRM-pin] pid=75752 tid=75755 assigned=1-8 running_on=8
[DRM-pin] pid=75752 tid=75759 assigned=1-8 running_on=1
[DRM-pin] pid=75752 tid=75760 assigned=1-8 running_on=1
[DRM-pin] pid=75752 tid=75758 assigned=1-8 running_on=1
[DRM-pin] pid=75752 tid=75754 assigned=1-8 running_on=7
[DRM-pin] pid=75752 tid=75758 assigned=1-6 running_on=5
[DRM-pin] pid=75752 tid=75754 assigned=1-6 running_on=2
[DRM-pin] pid=75752 tid=75756 assigned=1-6 running_on=3
[DRM-pin] pid=75752 tid=75757 assigned=1-6 running_on=6
[DRM-pin] pid=75752 tid=75755 assigned=1-6 running_on=1
[DRM-pin] pid=75752 tid=75754 assigned=1-8 running_on=2
[DRM-pin] pid=75752 tid=75755 assigned=1-8 running_on=3
[DRM-pin] pid=75752 tid=75756 assigned=1-8 running_on=1
[DRM-pin] pid=75752 tid=75757 assigned=1-8 running_on=6
[DRM-pin] pid=75752 tid=75758 assigned=1-8 running_on=5
[DRM-pin] pid=75752 tid=75754 assigned=7-12 running_on=10
[DRM-pin] pid=75752 tid=75756 assigned=7-12 running_on=11
[DRM-pin] pid=75752 tid=75755 assigned=7-12 running_on=12
[DRM-pin] pid=75752 tid=75758 assigned=7-12 running_on=11
[DRM-pin] pid=75752 tid=75757 assigned=7-12 running_on=10
[DRM-pin] pid=75752 tid=75754 assigned=6-10 running_on=7
[DRM-pin] pid=75752 tid=75756 assigned=6-10 running_on=8
[DRM-pin] pid=75752 tid=75757 assigned=6-10 running_on=10
[DRM-pin] pid=75752 tid=75755 assigned=6-10 running_on=6
[DRM-pin] pid=75752 tid=75755 assigned=1-6 running_on=6
[DRM-pin] pid=75752 tid=75758 assigned=1-6 running_on=4
[DRM-pin] pid=75752 tid=75757 assigned=1-6 running_on=3
[DRM-pin] pid=75752 tid=75754 assigned=1-6 running_on=2
[DRM-pin] pid=75752 tid=75756 assigned=1-6 running_on=5
[DRM-pin] pid=75752 tid=75754 assigned=1-8 running_on=2
[DRM-pin] pid=75752 tid=75755 assigned=1-8 running_on=6
[DRM-pin] pid=75752 tid=75756 assigned=1-8 running_on=5
[DRM-pin] pid=75752 tid=75757 assigned=1-8 running_on=3
[DRM-pin] pid=75752 tid=75758 assigned=1-8 running_on=4


 NAS Parallel Benchmarks (NPB3.4-OMP) - FT Benchmark

 Size                :  512x 512x 512
 Iterations                  :     20
 Number of available threads :     32

 T =    1     Checksum =    5.195078707457D+02    5.149019699238D+02
 T =    2     Checksum =    5.155422171134D+02    5.127578201997D+02
 T =    3     Checksum =    5.144678022222D+02    5.122251847514D+02
 T =    4     Checksum =    5.140150594328D+02    5.121090289018D+02
 T =    5     Checksum =    5.137550426810D+02    5.121143685824D+02
 T =    6     Checksum =    5.135811056728D+02    5.121496764568D+02
 T =    7     Checksum =    5.134569343165D+02    5.121870921893D+02
 T =    8     Checksum =    5.133651975661D+02    5.122193250322D+02
 T =    9     Checksum =    5.132955192805D+02    5.122454735794D+02
 T =   10     Checksum =    5.132410471738D+02    5.122663649603D+02
 T =   11     Checksum =    5.131971141679D+02    5.122830879827D+02
 T =   12     Checksum =    5.131605205716D+02    5.122965869718D+02
 T =   13     Checksum =    5.131290734194D+02    5.123075927445D+02
 T =   14     Checksum =    5.131012720314D+02    5.123166486553D+02
 T =   15     Checksum =    5.130760908195D+02    5.123241541685D+02
 T =   16     Checksum =    5.130528295923D+02    5.123304037599D+02
 T =   17     Checksum =    5.130310107773D+02    5.123356167976D+02
 T =   18     Checksum =    5.130103090133D+02    5.123399592211D+02
 T =   19     Checksum =    5.129905029333D+02    5.123435588985D+02
 T =   20     Checksum =    5.129714421109D+02    5.123465164008D+02
 Result verification successful
 class = C


 FT Benchmark Completed.
 Class           =                        C
 Size            =            512x 512x 512
 Iterations      =                       20
 Time in seconds =                    19.87
 Total threads   =                        8
 Avail threads   =                       32
 Warning: Threads used differ from threads available
 Mop/s total     =                 19952.19
 Mop/s/thread    =                  2494.02
 Operation type  =           floating point
 Verification    =               SUCCESSFUL
 Version         =                    3.4.3
 Compile date    =              03 Sep 2026

 Compile options:
    FC           = gfortran
    FLINK        = $(FC)
    F_LIB        = -L$(LLVM_BUILD)/lib -lomp
    F_INC        = (none)
    FFLAGS       = -O3 -fopenmp
    FLINKFLAGS   = -O3 -fopenmp
    RAND         = randi8


 Please send all errors/feedbacks to:

 NPB Development Team
 npb@nas.nasa.gov


=== iteration 2 start_epoch_ms=1788485144789 ===
[DRM-pin] pid=75956 tid=75961 assigned=25-30 running_on=25
[DRM-pin] pid=75956 tid=75960 assigned=25-30 running_on=25
[DRM-pin] pid=75956 tid=75962 assigned=25-30 running_on=25
[DRM-pin] pid=75956 tid=75958 assigned=25-30 running_on=26
[DRM-pin] pid=75956 tid=75959 assigned=25-30 running_on=25
[DRM-pin] pid=75956 tid=75960 assigned=25-32 running_on=25
[DRM-pin] pid=75956 tid=75958 assigned=25-32 running_on=26
[DRM-pin] pid=75956 tid=75959 assigned=25-32 running_on=28
[DRM-pin] pid=75956 tid=75961 assigned=25-32 running_on=25
[DRM-pin] pid=75956 tid=75962 assigned=25-32 running_on=27
[DRM-pin] pid=75956 tid=75964 assigned=25-32 running_on=25
[DRM-pin] pid=75956 tid=75963 assigned=25-32 running_on=25
[DRM-pin] pid=75956 tid=75958 assigned=19-24 running_on=22
[DRM-pin] pid=75956 tid=75961 assigned=19-24 running_on=20
[DRM-pin] pid=75956 tid=75962 assigned=19-24 running_on=20
[DRM-pin] pid=75956 tid=75960 assigned=19-24 running_on=21
[DRM-pin] pid=75956 tid=75959 assigned=19-24 running_on=23
[DRM-pin] pid=75956 tid=75960 assigned=17-24 running_on=23
[DRM-pin] pid=75956 tid=75963 assigned=17-24 running_on=17
[DRM-pin] pid=75956 tid=75958 assigned=17-24 running_on=22
[DRM-pin] pid=75956 tid=75961 assigned=17-24 running_on=20
[DRM-pin] pid=75956 tid=75962 assigned=17-24 running_on=21
[DRM-pin] pid=75956 tid=75964 assigned=17-24 running_on=22
[DRM-pin] pid=75956 tid=75959 assigned=17-24 running_on=24
[DRM-pin] pid=75956 tid=75962 assigned=13-18 running_on=17
[DRM-pin] pid=75956 tid=75961 assigned=13-18 running_on=14
[DRM-pin] pid=75956 tid=75959 assigned=13-18 running_on=13
[DRM-pin] pid=75956 tid=75958 assigned=13-18 running_on=15
[DRM-pin] pid=75956 tid=75960 assigned=13-18 running_on=16
[DRM-pin] pid=75956 tid=75960 assigned=9-16 running_on=16
[DRM-pin] pid=75956 tid=75963 assigned=9-16 running_on=10
[DRM-pin] pid=75956 tid=75959 assigned=9-16 running_on=13
[DRM-pin] pid=75956 tid=75961 assigned=9-16 running_on=14
[DRM-pin] pid=75956 tid=75964 assigned=9-16 running_on=11
[DRM-pin] pid=75956 tid=75958 assigned=9-16 running_on=15
[DRM-pin] pid=75956 tid=75962 assigned=9-16 running_on=12
[DRM-pin] pid=75956 tid=75963 assigned=1-10 running_on=10
[DRM-pin] pid=75956 tid=75961 assigned=1-10 running_on=1
[DRM-pin] pid=75956 tid=75962 assigned=1-10 running_on=5
[DRM-pin] pid=75956 tid=75958 assigned=1-10 running_on=1
[DRM-pin] pid=75956 tid=75959 assigned=1-10 running_on=4
[DRM-pin] pid=75956 tid=75960 assigned=1-10 running_on=4
[DRM-pin] pid=75956 tid=75965 assigned=1-10 running_on=3
[DRM-pin] pid=75956 tid=75964 assigned=1-10 running_on=2
[DRM-pin] pid=75956 tid=75966 assigned=1-10 running_on=6
[DRM-pin] pid=75956 tid=75959 assigned=1-8 running_on=4
[DRM-pin] pid=75956 tid=75958 assigned=1-8 running_on=8
[DRM-pin] pid=75956 tid=75962 assigned=1-8 running_on=1
[DRM-pin] pid=75956 tid=75961 assigned=1-8 running_on=1
[DRM-pin] pid=75956 tid=75963 assigned=1-8 running_on=1
[DRM-pin] pid=75956 tid=75960 assigned=1-8 running_on=6
[DRM-pin] pid=75956 tid=75964 assigned=1-8 running_on=2


 NAS Parallel Benchmarks (NPB3.4-OMP) - FT Benchmark

 Size                :  512x 512x 512
 Iterations                  :     20
 Number of available threads :     32

 T =    1     Checksum =    5.195078707457D+02    5.149019699238D+02
 T =    2     Checksum =    5.155422171134D+02    5.127578201997D+02
 T =    3     Checksum =    5.144678022222D+02    5.122251847514D+02
 T =    4     Checksum =    5.140150594328D+02    5.121090289018D+02
 T =    5     Checksum =    5.137550426810D+02    5.121143685824D+02
 T =    6     Checksum =    5.135811056728D+02    5.121496764568D+02
 T =    7     Checksum =    5.134569343165D+02    5.121870921893D+02
 T =    8     Checksum =    5.133651975661D+02    5.122193250322D+02
 T =    9     Checksum =    5.132955192805D+02    5.122454735794D+02
 T =   10     Checksum =    5.132410471738D+02    5.122663649603D+02
 T =   11     Checksum =    5.131971141679D+02    5.122830879827D+02
 T =   12     Checksum =    5.131605205716D+02    5.122965869718D+02
 T =   13     Checksum =    5.131290734194D+02    5.123075927445D+02
 T =   14     Checksum =    5.131012720314D+02    5.123166486553D+02
 T =   15     Checksum =    5.130760908195D+02    5.123241541685D+02
 T =   16     Checksum =    5.130528295923D+02    5.123304037599D+02
 T =   17     Checksum =    5.130310107773D+02    5.123356167976D+02
 T =   18     Checksum =    5.130103090133D+02    5.123399592211D+02
 T =   19     Checksum =    5.129905029333D+02    5.123435588985D+02
 T =   20     Checksum =    5.129714421109D+02    5.123465164008D+02
 Result verification successful
 class = C


 FT Benchmark Completed.
 Class           =                        C
 Size            =            512x 512x 512
 Iterations      =                       20
 Time in seconds =                    18.62
 Total threads   =                        8
 Avail threads   =                       32
 Warning: Threads used differ from threads available
 Mop/s total     =                 21285.16
 Mop/s/thread    =                  2660.65
 Operation type  =           floating point
 Verification    =               SUCCESSFUL
 Version         =                    3.4.3
 Compile date    =              03 Sep 2026

 Compile options:
    FC           = gfortran
    FLINK        = $(FC)
    F_LIB        = -L$(LLVM_BUILD)/lib -lomp
    F_INC        = (none)
    FFLAGS       = -O3 -fopenmp
    FLINKFLAGS   = -O3 -fopenmp
    RAND         = randi8


 Please send all errors/feedbacks to:

 NPB Development Team
 npb@nas.nasa.gov


=== iteration 3 start_epoch_ms=1788485167145 ===
[DRM-pin] pid=76112 tid=76115 assigned=25-30 running_on=26
[DRM-pin] pid=76112 tid=76114 assigned=25-30 running_on=27
[DRM-pin] pid=76112 tid=76116 assigned=25-30 running_on=25
[DRM-pin] pid=76112 tid=76118 assigned=25-30 running_on=25
[DRM-pin] pid=76112 tid=76117 assigned=25-30 running_on=25
[DRM-pin] pid=76112 tid=76114 assigned=25-32 running_on=27
[DRM-pin] pid=76112 tid=76115 assigned=25-32 running_on=26
[DRM-pin] pid=76112 tid=76116 assigned=25-32 running_on=27
[DRM-pin] pid=76112 tid=76117 assigned=25-32 running_on=25
[DRM-pin] pid=76112 tid=76120 assigned=25-32 running_on=32
[DRM-pin] pid=76112 tid=76119 assigned=25-32 running_on=31
[DRM-pin] pid=76112 tid=76118 assigned=25-32 running_on=25
[DRM-pin] pid=76112 tid=76115 assigned=19-24 running_on=19
[DRM-pin] pid=76112 tid=76114 assigned=19-24 running_on=24
[DRM-pin] pid=76112 tid=76116 assigned=19-24 running_on=19
[DRM-pin] pid=76112 tid=76118 assigned=19-24 running_on=20
[DRM-pin] pid=76112 tid=76117 assigned=19-24 running_on=24
[DRM-pin] pid=76112 tid=76115 assigned=17-24 running_on=22
[DRM-pin] pid=76112 tid=76114 assigned=17-24 running_on=23
[DRM-pin] pid=76112 tid=76116 assigned=17-24 running_on=21
[DRM-pin] pid=76112 tid=76118 assigned=17-24 running_on=20
[DRM-pin] pid=76112 tid=76117 assigned=17-24 running_on=24
[DRM-pin] pid=76112 tid=76119 assigned=17-24 running_on=21
[DRM-pin] pid=76112 tid=76120 assigned=17-24 running_on=17
[DRM-pin] pid=76112 tid=76117 assigned=11-20 running_on=17
[DRM-pin] pid=76112 tid=76115 assigned=11-20 running_on=11
[DRM-pin] pid=76112 tid=76120 assigned=11-20 running_on=20
[DRM-pin] pid=76112 tid=76118 assigned=11-20 running_on=20
[DRM-pin] pid=76112 tid=76119 assigned=11-20 running_on=12
[DRM-pin] pid=76112 tid=76114 assigned=11-20 running_on=13
[DRM-pin] pid=76112 tid=76116 assigned=11-20 running_on=18
[DRM-pin] pid=76112 tid=76122 assigned=11-20 running_on=14
[DRM-pin] pid=76112 tid=76121 assigned=11-20 running_on=15
[DRM-pin] pid=76112 tid=76119 assigned=9-16 running_on=12
[DRM-pin] pid=76112 tid=76116 assigned=9-16 running_on=11
[DRM-pin] pid=76112 tid=76118 assigned=9-16 running_on=16
[DRM-pin] pid=76112 tid=76115 assigned=9-16 running_on=11
[DRM-pin] pid=76112 tid=76117 assigned=9-16 running_on=11
[DRM-pin] pid=76112 tid=76114 assigned=9-16 running_on=13
[DRM-pin] pid=76112 tid=76120 assigned=9-16 running_on=9
[DRM-pin] pid=76112 tid=76117 assigned=1-10 running_on=10
[DRM-pin] pid=76112 tid=76115 assigned=1-10 running_on=2
[DRM-pin] pid=76112 tid=76120 assigned=1-10 running_on=3
[DRM-pin] pid=76112 tid=76116 assigned=1-10 running_on=4
[DRM-pin] pid=76112 tid=76122 assigned=1-10 running_on=6
[DRM-pin] pid=76112 tid=76119 assigned=1-10 running_on=1
[DRM-pin] pid=76112 tid=76121 assigned=1-10 running_on=5
[DRM-pin] pid=76112 tid=76114 assigned=1-10 running_on=7
[DRM-pin] pid=76112 tid=76118 assigned=1-10 running_on=1


 NAS Parallel Benchmarks (NPB3.4-OMP) - FT Benchmark

 Size                :  512x 512x 512
 Iterations                  :     20
 Number of available threads :     32

 T =    1     Checksum =    5.195078707457D+02    5.149019699238D+02
 T =    2     Checksum =    5.155422171134D+02    5.127578201997D+02
 T =    3     Checksum =    5.144678022222D+02    5.122251847514D+02
 T =    4     Checksum =    5.140150594328D+02    5.121090289018D+02
 T =    5     Checksum =    5.137550426810D+02    5.121143685824D+02
 T =    6     Checksum =    5.135811056728D+02    5.121496764568D+02
 T =    7     Checksum =    5.134569343165D+02    5.121870921893D+02
 T =    8     Checksum =    5.133651975661D+02    5.122193250322D+02
 T =    9     Checksum =    5.132955192805D+02    5.122454735794D+02
 T =   10     Checksum =    5.132410471738D+02    5.122663649603D+02
 T =   11     Checksum =    5.131971141679D+02    5.122830879827D+02
 T =   12     Checksum =    5.131605205716D+02    5.122965869718D+02
 T =   13     Checksum =    5.131290734194D+02    5.123075927445D+02
 T =   14     Checksum =    5.131012720314D+02    5.123166486553D+02
 T =   15     Checksum =    5.130760908195D+02    5.123241541685D+02
 T =   16     Checksum =    5.130528295923D+02    5.123304037599D+02
 T =   17     Checksum =    5.130310107773D+02    5.123356167976D+02
 T =   18     Checksum =    5.130103090133D+02    5.123399592211D+02
 T =   19     Checksum =    5.129905029333D+02    5.123435588985D+02
 T =   20     Checksum =    5.129714421109D+02    5.123465164008D+02
 Result verification successful
 class = C


 FT Benchmark Completed.
 Class           =                        C
 Size            =            512x 512x 512
 Iterations      =                       20
 Time in seconds =                    15.83
 Total threads   =                       10
 Avail threads   =                       32
 Warning: Threads used differ from threads available
 Mop/s total     =                 25039.45
 Mop/s/thread    =                  2503.94
 Operation type  =           floating point
 Verification    =               SUCCESSFUL
 Version         =                    3.4.3
 Compile date    =              03 Sep 2026

 Compile options:
    FC           = gfortran
    FLINK        = $(FC)
    F_LIB        = -L$(LLVM_BUILD)/lib -lomp
    F_INC        = (none)
    FFLAGS       = -O3 -fopenmp
    FLINKFLAGS   = -O3 -fopenmp
    RAND         = randi8


 Please send all errors/feedbacks to:

 NPB Development Team
 npb@nas.nasa.gov


