# arm=drm repeat=1 job=J04_cg alg=cg threads=32 start_offset=13.773 window=47.096
=== iteration 1 start_epoch_ms=1788485123156 ===
[DRM-pin] pid=75785 tid=75793 assigned=25-32 running_on=25
[DRM-pin] pid=75785 tid=75787 assigned=25-32 running_on=32
[DRM-pin] pid=75785 tid=75788 assigned=25-32 running_on=25
[DRM-pin] pid=75785 tid=75789 assigned=25-32 running_on=25
[DRM-pin] pid=75785 tid=75792 assigned=25-32 running_on=25
[DRM-pin] pid=75785 tid=75791 assigned=25-32 running_on=26
[DRM-pin] pid=75785 tid=75790 assigned=25-32 running_on=28
[DRM-pin] pid=75785 tid=75789 assigned=21-30 running_on=25
[DRM-pin] pid=75785 tid=75790 assigned=21-30 running_on=28
[DRM-pin] pid=75785 tid=75794 assigned=21-30 running_on=21
[DRM-pin] pid=75785 tid=75795 assigned=21-30 running_on=21
[DRM-pin] pid=75785 tid=75791 assigned=21-30 running_on=22
[DRM-pin] pid=75785 tid=75792 assigned=21-30 running_on=30
[DRM-pin] pid=75785 tid=75788 assigned=21-30 running_on=25
[DRM-pin] pid=75785 tid=75787 assigned=21-30 running_on=27
[DRM-pin] pid=75785 tid=75793 assigned=21-30 running_on=21
[DRM-pin] pid=75785 tid=75790 assigned=17-24 running_on=23
[DRM-pin] pid=75785 tid=75791 assigned=17-24 running_on=22
[DRM-pin] pid=75785 tid=75793 assigned=17-24 running_on=21
[DRM-pin] pid=75785 tid=75789 assigned=17-24 running_on=21
[DRM-pin] pid=75785 tid=75792 assigned=17-24 running_on=19
[DRM-pin] pid=75785 tid=75787 assigned=17-24 running_on=18
[DRM-pin] pid=75785 tid=75788 assigned=17-24 running_on=18
[DRM-pin] pid=75785 tid=75788 assigned=13-18 running_on=17
[DRM-pin] pid=75785 tid=75789 assigned=13-18 running_on=13
[DRM-pin] pid=75785 tid=75787 assigned=13-18 running_on=13
[DRM-pin] pid=75785 tid=75791 assigned=13-18 running_on=14
[DRM-pin] pid=75785 tid=75790 assigned=13-18 running_on=13
[DRM-pin] pid=75785 tid=75789 assigned=9-16 running_on=13
[DRM-pin] pid=75785 tid=75787 assigned=9-16 running_on=14
[DRM-pin] pid=75785 tid=75790 assigned=9-16 running_on=13
[DRM-pin] pid=75785 tid=75791 assigned=9-16 running_on=14
[DRM-pin] pid=75785 tid=75793 assigned=9-16 running_on=14
[DRM-pin] pid=75785 tid=75792 assigned=9-16 running_on=9
[DRM-pin] pid=75785 tid=75788 assigned=9-16 running_on=16
[DRM-pin] pid=75785 tid=75791 assigned=7-12 running_on=10
[DRM-pin] pid=75785 tid=75789 assigned=7-12 running_on=8
[DRM-pin] pid=75785 tid=75790 assigned=7-12 running_on=12
[DRM-pin] pid=75785 tid=75787 assigned=7-12 running_on=7
[DRM-pin] pid=75785 tid=75788 assigned=7-12 running_on=7
[DRM-pin] pid=75785 tid=75787 assigned=9-16 running_on=9
[DRM-pin] pid=75785 tid=75789 assigned=9-16 running_on=12
[DRM-pin] pid=75785 tid=75791 assigned=9-16 running_on=10
[DRM-pin] pid=75785 tid=75788 assigned=9-16 running_on=13
[DRM-pin] pid=75785 tid=75790 assigned=9-16 running_on=12
[DRM-pin] pid=75785 tid=75790 assigned=13-18 running_on=16
[DRM-pin] pid=75785 tid=75791 assigned=13-18 running_on=14
[DRM-pin] pid=75785 tid=75789 assigned=13-18 running_on=15
[DRM-pin] pid=75785 tid=75788 assigned=13-18 running_on=13
[DRM-pin] pid=75785 tid=75787 assigned=13-18 running_on=13
[DRM-pin] pid=75785 tid=75787 assigned=11-15 running_on=13
[DRM-pin] pid=75785 tid=75788 assigned=11-15 running_on=15
[DRM-pin] pid=75785 tid=75789 assigned=11-15 running_on=15
[DRM-pin] pid=75785 tid=75790 assigned=11-15 running_on=15
[DRM-pin] pid=75785 tid=75788 assigned=7-12 running_on=12
[DRM-pin] pid=75785 tid=75789 assigned=7-12 running_on=11
[DRM-pin] pid=75785 tid=75787 assigned=7-12 running_on=11
[DRM-pin] pid=75785 tid=75791 assigned=7-12 running_on=8
[DRM-pin] pid=75785 tid=75790 assigned=7-12 running_on=11
[DRM-pin] pid=75785 tid=75789 assigned=9-16 running_on=11
[DRM-pin] pid=75785 tid=75791 assigned=9-16 running_on=12
[DRM-pin] pid=75785 tid=75787 assigned=9-16 running_on=11
[DRM-pin] pid=75785 tid=75788 assigned=9-16 running_on=12
[DRM-pin] pid=75785 tid=75790 assigned=9-16 running_on=9
[DRM-pin] pid=75785 tid=75788 assigned=7-12 running_on=12
[DRM-pin] pid=75785 tid=75787 assigned=7-12 running_on=11
[DRM-pin] pid=75785 tid=75789 assigned=7-12 running_on=10
[DRM-pin] pid=75785 tid=75790 assigned=7-12 running_on=9
[DRM-pin] pid=75785 tid=75791 assigned=7-12 running_on=7


 NAS Parallel Benchmarks (NPB3.4-OMP) - CG Benchmark

 Size:      150000
 Iterations:                     75
 Number of available threads:    32

 Initialization time =           1.706 seconds

   iteration           ||r||                 zeta
        1       0.35286714605432E-12   109.9994423237398
        5       0.89156428002782E-15    28.6471670038896
       10       0.91252604152782E-15    28.9496695449000
       15       0.90648544669103E-15    28.9716336228371
       20       0.91630009305063E-15    28.9734210663749
       25       0.90888906618082E-15    28.9735863059388
       30       0.90864683666708E-15    28.9736033967632
       35       0.91113265364178E-15    28.9736053266247
       40       0.90611632449405E-15    28.9736055590700
       45       0.90797681450018E-15    28.9736055884130
       50       0.91098429813213E-15    28.9736055922484
       55       0.90430029930565E-15    28.9736055927630
       60       0.90906377314561E-15    28.9736055928343
       65       0.90628198850568E-15    28.9736055928439
       70       0.90255353856217E-15    28.9736055928452
       75       0.90174559469379E-15    28.9736055928458
 Benchmark completed 
 VERIFICATION SUCCESSFUL 
 Zeta is     0.2897360559285E+02
 Error is    0.2709879239913E-13


 CG Benchmark Completed.
 Class           =                        C
 Size            =                   150000
 Iterations      =                       75
 Time in seconds =                    21.46
 Total threads   =                        6
 Avail threads   =                       32
 Warning: Threads used differ from threads available
 Mop/s total     =                  6681.28
 Mop/s/thread    =                  1113.55
 Operation type  =           floating point
 Verification    =               SUCCESSFUL
 Version         =                    3.4.3
 Compile date    =              03 Sep 2026

 Compile options:
    FC           = gfortran
    FLINK        = $(FC)
    F_LIB        = -L$(LLVM_BUILD)/lib -lomp
    F_INC        = (none)
    FFLAGS       = -O3 -fopenmp
    FLINKFLAGS   = -O3 -fopenmp
    RAND         = randi8


 Please send all errors/feedbacks to:

 NPB Development Team
 npb@nas.nasa.gov


=== iteration 2 start_epoch_ms=1788485146863 ===
[DRM-pin] pid=75991 tid=75993 assigned=25-30 running_on=26
[DRM-pin] pid=75991 tid=75995 assigned=25-30 running_on=25
[DRM-pin] pid=75991 tid=75994 assigned=25-30 running_on=25
[DRM-pin] pid=75991 tid=75996 assigned=25-30 running_on=25
[DRM-pin] pid=75991 tid=75997 assigned=25-30 running_on=25
[DRM-pin] pid=75991 tid=75995 assigned=25-32 running_on=25
[DRM-pin] pid=75991 tid=75993 assigned=25-32 running_on=26
[DRM-pin] pid=75991 tid=75998 assigned=25-32 running_on=25
[DRM-pin] pid=75991 tid=75994 assigned=25-32 running_on=25
[DRM-pin] pid=75991 tid=75996 assigned=25-32 running_on=25
[DRM-pin] pid=75991 tid=75999 assigned=25-32 running_on=32
[DRM-pin] pid=75991 tid=75997 assigned=25-32 running_on=28
[DRM-pin] pid=75991 tid=75993 assigned=19-24 running_on=20
[DRM-pin] pid=75991 tid=75997 assigned=19-24 running_on=19
[DRM-pin] pid=75991 tid=75995 assigned=19-24 running_on=19
[DRM-pin] pid=75991 tid=75996 assigned=19-24 running_on=19
[DRM-pin] pid=75991 tid=75994 assigned=19-24 running_on=19
[DRM-pin] pid=75991 tid=75994 assigned=17-24 running_on=19
[DRM-pin] pid=75991 tid=75995 assigned=17-24 running_on=23
[DRM-pin] pid=75991 tid=75993 assigned=17-24 running_on=20
[DRM-pin] pid=75991 tid=75997 assigned=17-24 running_on=22
[DRM-pin] pid=75991 tid=75996 assigned=17-24 running_on=21
[DRM-pin] pid=75991 tid=75998 assigned=17-24 running_on=21
[DRM-pin] pid=75991 tid=75999 assigned=17-24 running_on=20
[DRM-pin] pid=75991 tid=75997 assigned=11-20 running_on=20
[DRM-pin] pid=75991 tid=76000 assigned=11-20 running_on=12
[DRM-pin] pid=75991 tid=75999 assigned=11-20 running_on=17
[DRM-pin] pid=75991 tid=76001 assigned=11-20 running_on=18
[DRM-pin] pid=75991 tid=75993 assigned=11-20 running_on=18
[DRM-pin] pid=75991 tid=75995 assigned=11-20 running_on=18
[DRM-pin] pid=75991 tid=75998 assigned=11-20 running_on=19
[DRM-pin] pid=75991 tid=75994 assigned=11-20 running_on=19
[DRM-pin] pid=75991 tid=75996 assigned=11-20 running_on=18
[DRM-pin] pid=75991 tid=75995 assigned=9-16 running_on=15
[DRM-pin] pid=75991 tid=75996 assigned=9-16 running_on=13
[DRM-pin] pid=75991 tid=75997 assigned=9-16 running_on=9
[DRM-pin] pid=75991 tid=75994 assigned=9-16 running_on=16
[DRM-pin] pid=75991 tid=75999 assigned=9-16 running_on=11
[DRM-pin] pid=75991 tid=75998 assigned=9-16 running_on=9
[DRM-pin] pid=75991 tid=75993 assigned=9-16 running_on=9
[DRM-pin] pid=75991 tid=75994 assigned=7-12 running_on=12
[DRM-pin] pid=75991 tid=75997 assigned=7-12 running_on=9
[DRM-pin] pid=75991 tid=75996 assigned=7-12 running_on=10
[DRM-pin] pid=75991 tid=75993 assigned=7-12 running_on=7
[DRM-pin] pid=75991 tid=75995 assigned=7-12 running_on=8


 NAS Parallel Benchmarks (NPB3.4-OMP) - CG Benchmark

 Size:      150000
 Iterations:                     75
 Number of available threads:    32

 Initialization time =           2.432 seconds

   iteration           ||r||                 zeta
        1       0.35330883228541E-12   109.9994423237398
        5       0.89158238233850E-15    28.6471670038895
       10       0.91065257866069E-15    28.9496695449001
       15       0.90616350119179E-15    28.9716336228371
       20       0.91520204004144E-15    28.9734210663749
       25       0.90839798266167E-15    28.9735863059386
       30       0.91009695770285E-15    28.9736033967633
       35       0.91052997619125E-15    28.9736053266247
       40       0.90558940564341E-15    28.9736055590700
       45       0.90776152228992E-15    28.9736055884130
       50       0.91115818245567E-15    28.9736055922483
       55       0.90461234834199E-15    28.9736055927634
       60       0.90811084537581E-15    28.9736055928341
       65       0.90507187875918E-15    28.9736055928440
       70       0.90071272049508E-15    28.9736055928452
       75       0.90224144355352E-15    28.9736055928456
 Benchmark completed 
 VERIFICATION SUCCESSFUL 
 Zeta is     0.2897360559285E+02
 Error is    0.1974165419122E-13


 CG Benchmark Completed.
 Class           =                        C
 Size            =                   150000
 Iterations      =                       75
 Time in seconds =                    18.39
 Total threads   =                        6
 Avail threads   =                       32
 Warning: Threads used differ from threads available
 Mop/s total     =                  7796.93
 Mop/s/thread    =                  1299.49
 Operation type  =           floating point
 Verification    =               SUCCESSFUL
 Version         =                    3.4.3
 Compile date    =              03 Sep 2026

 Compile options:
    FC           = gfortran
    FLINK        = $(FC)
    F_LIB        = -L$(LLVM_BUILD)/lib -lomp
    F_INC        = (none)
    FFLAGS       = -O3 -fopenmp
    FLINKFLAGS   = -O3 -fopenmp
    RAND         = randi8


 Please send all errors/feedbacks to:

 NPB Development Team
 npb@nas.nasa.gov


=== iteration 3 start_epoch_ms=1788485168214 ===
[DRM-pin] pid=76145 tid=76146 assigned=25-30 running_on=25
[DRM-pin] pid=76145 tid=76151 assigned=25-30 running_on=25
[DRM-pin] pid=76145 tid=76150 assigned=25-30 running_on=25
[DRM-pin] pid=76145 tid=76149 assigned=25-30 running_on=25
[DRM-pin] pid=76145 tid=76148 assigned=25-30 running_on=25
[DRM-pin] pid=76145 tid=76146 assigned=25-32 running_on=25
[DRM-pin] pid=76145 tid=76148 assigned=25-32 running_on=26
[DRM-pin] pid=76145 tid=76150 assigned=25-32 running_on=25
[DRM-pin] pid=76145 tid=76153 assigned=25-32 running_on=32
[DRM-pin] pid=76145 tid=76152 assigned=25-32 running_on=25
[DRM-pin] pid=76145 tid=76149 assigned=25-32 running_on=29
[DRM-pin] pid=76145 tid=76151 assigned=25-32 running_on=25
[DRM-pin] pid=76145 tid=76146 assigned=21-30 running_on=25
[DRM-pin] pid=76145 tid=76153 assigned=21-30 running_on=30
[DRM-pin] pid=76145 tid=76148 assigned=21-30 running_on=26
[DRM-pin] pid=76145 tid=76149 assigned=21-30 running_on=28
[DRM-pin] pid=76145 tid=76152 assigned=21-30 running_on=30
[DRM-pin] pid=76145 tid=76150 assigned=21-30 running_on=28
[DRM-pin] pid=76145 tid=76154 assigned=21-30 running_on=22
[DRM-pin] pid=76145 tid=76151 assigned=21-30 running_on=22
[DRM-pin] pid=76145 tid=76155 assigned=21-30 running_on=28
[DRM-pin] pid=76145 tid=76149 assigned=17-24 running_on=22
[DRM-pin] pid=76145 tid=76151 assigned=17-24 running_on=21
[DRM-pin] pid=76145 tid=76148 assigned=17-24 running_on=20
[DRM-pin] pid=76145 tid=76150 assigned=17-24 running_on=20
[DRM-pin] pid=76145 tid=76146 assigned=17-24 running_on=20
[DRM-pin] pid=76145 tid=76153 assigned=17-24 running_on=23
[DRM-pin] pid=76145 tid=76152 assigned=17-24 running_on=17
[DRM-pin] pid=76145 tid=76152 assigned=11-20 running_on=17
[DRM-pin] pid=76145 tid=76154 assigned=11-20 running_on=15
[DRM-pin] pid=76145 tid=76151 assigned=11-20 running_on=19
[DRM-pin] pid=76145 tid=76146 assigned=11-20 running_on=18
[DRM-pin] pid=76145 tid=76148 assigned=11-20 running_on=12
[DRM-pin] pid=76145 tid=76153 assigned=11-20 running_on=13
[DRM-pin] pid=76145 tid=76149 assigned=11-20 running_on=14
[DRM-pin] pid=76145 tid=76150 assigned=11-20 running_on=20
[DRM-pin] pid=76145 tid=76155 assigned=11-20 running_on=16


 NAS Parallel Benchmarks (NPB3.4-OMP) - CG Benchmark

 Size:      150000
 Iterations:                     75
 Number of available threads:    32

 Initialization time =           2.209 seconds

   iteration           ||r||                 zeta
        1       0.35310646352582E-12   109.9994423237398
        5       0.89208100067611E-15    28.6471670038896
       10       0.91164782344412E-15    28.9496695449001
       15       0.90716157498926E-15    28.9716336228371
       20       0.91369435903504E-15    28.9734210663752
       25       0.90876050120488E-15    28.9735863059386
       30       0.90959770866629E-15    28.9736033967632
       35       0.91111503813751E-15    28.9736053266247
       40       0.90586396348164E-15    28.9736055590700
       45       0.91007533097701E-15    28.9736055884132
       50       0.91214781176559E-15    28.9736055922482
       55       0.90288404872039E-15    28.9736055927634
       60       0.90825400595274E-15    28.9736055928342
       65       0.90866756717974E-15    28.9736055928437
       70       0.90283972617855E-15    28.9736055928453
       75       0.90221613717747E-15    28.9736055928456
 Benchmark completed 
 VERIFICATION SUCCESSFUL 
 Zeta is     0.2897360559285E+02
 Error is    0.1925117831070E-13


 CG Benchmark Completed.
 Class           =                        C
 Size            =                   150000
 Iterations      =                       75
 Time in seconds =                    17.97
 Total threads   =                       10
 Avail threads   =                       32
 Warning: Threads used differ from threads available
 Mop/s total     =                  7975.11
 Mop/s/thread    =                   797.51
 Operation type  =           floating point
 Verification    =               SUCCESSFUL
 Version         =                    3.4.3
 Compile date    =              03 Sep 2026

 Compile options:
    FC           = gfortran
    FLINK        = $(FC)
    F_LIB        = -L$(LLVM_BUILD)/lib -lomp
    F_INC        = (none)
    FFLAGS       = -O3 -fopenmp
    FLINKFLAGS   = -O3 -fopenmp
    RAND         = randi8


 Please send all errors/feedbacks to:

 NPB Development Team
 npb@nas.nasa.gov


