OMP: pid 47357 tid 47357 thread 0 bound to OS proc set {1-32}
OMP: pid 47357 tid 47360 thread 1 bound to OS proc set {1-32}
OMP: pid 47357 tid 47387 thread 8 bound to OS proc set {1-32}
OMP: pid 47357 tid 47403 thread 12 bound to OS proc set {1-32}
OMP: pid 47357 tid 47371 thread 4 bound to OS proc set {1-32}
OMP: pid 47357 tid 47378 thread 6 bound to OS proc set {1-32}
OMP: pid 47357 tid 47394 thread 9 bound to OS proc set {1-32}
OMP: pid 47357 tid 47366 thread 3 bound to OS proc set {1-32}
OMP: pid 47357 tid 47405 thread 13 bound to OS proc set {1-32}
OMP: pid 47357 tid 47374 thread 5 bound to OS proc set {1-32}
OMP: pid 47357 tid 47419 thread 16 bound to OS proc set {1-32}
OMP: pid 47357 tid 47364 thread 2 bound to OS proc set {1-32}
OMP: pid 47357 tid 47460 thread 24 bound to OS proc set {1-32}
OMP: pid 47357 tid 47383 thread 7 bound to OS proc set {1-32}
OMP: pid 47357 tid 47396 thread 10 bound to OS proc set {1-32}
OMP: pid 47357 tid 47413 thread 14 bound to OS proc set {1-32}
OMP: pid 47357 tid 47472 thread 28 bound to OS proc set {1-32}
OMP: pid 47357 tid 47402 thread 11 bound to OS proc set {1-32}
OMP: pid 47357 tid 47428 thread 17 bound to OS proc set {1-32}
OMP: pid 47357 tid 47477 thread 29 bound to OS proc set {1-32}
OMP: pid 47357 tid 47478 thread 30 bound to OS proc set {1-32}
OMP: pid 47357 tid 47432 thread 18 bound to OS proc set {1-32}
OMP: pid 47357 tid 47461 thread 25 bound to OS proc set {1-32}
OMP: pid 47357 tid 47464 thread 26 bound to OS proc set {1-32}
OMP: pid 47357 tid 47417 thread 15 bound to OS proc set {1-32}
OMP: pid 47357 tid 47467 thread 27 bound to OS proc set {1-32}
OMP: pid 47357 tid 47443 thread 20 bound to OS proc set {1-32}
OMP: pid 47357 tid 47448 thread 21 bound to OS proc set {1-32}
OMP: pid 47357 tid 47452 thread 22 bound to OS proc set {1-32}
OMP: pid 47357 tid 47480 thread 31 bound to OS proc set {1-32}
OMP: pid 47357 tid 47459 thread 23 bound to OS proc set {1-32}
OMP: pid 47357 tid 47438 thread 19 bound to OS proc set {1-32}
OMP: pid 47357 tid 47371 thread 4 bound to OS proc set {1-32}
OMP: pid 47357 tid 47417 thread 15 bound to OS proc set {1-32}
OMP: pid 47357 tid 47360 thread 1 bound to OS proc set {1-32}
OMP: pid 47357 tid 47413 thread 14 bound to OS proc set {1-32}
OMP: pid 47357 tid 47387 thread 8 bound to OS proc set {1-32}
OMP: pid 47357 tid 47394 thread 9 bound to OS proc set {1-32}
OMP: pid 47357 tid 47357 thread 0 bound to OS proc set {1-32}
OMP: pid 47357 tid 47405 thread 13 bound to OS proc set {1-32}
OMP: pid 47357 tid 47396 thread 10 bound to OS proc set {1-32}
OMP: pid 47357 tid 47378 thread 6 bound to OS proc set {1-32}
OMP: pid 47357 tid 47403 thread 12 bound to OS proc set {1-32}
OMP: pid 47357 tid 47374 thread 5 bound to OS proc set {1-32}
OMP: pid 47357 tid 47364 thread 2 bound to OS proc set {1-32}
OMP: pid 47357 tid 47383 thread 7 bound to OS proc set {1-32}
OMP: pid 47357 tid 47402 thread 11 bound to OS proc set {1-32}
OMP: pid 47357 tid 47366 thread 3 bound to OS proc set {1-32}


 NAS Parallel Benchmarks (NPB3.4-OMP) - CG Benchmark

 Size:      150000
 Iterations:                     75
 Number of available threads:    32

 Initialization time =           1.300 seconds

   iteration           ||r||                 zeta
        1       0.35311587088609E-12   109.9994423237398
        5       0.89288220384855E-15    28.6471670038897
       10       0.91293691266946E-15    28.9496695449000
       15       0.90565920402045E-15    28.9716336228373
       20       0.91594275396352E-15    28.9734210663751
       25       0.90849124064733E-15    28.9735863059385
       30       0.90825009128712E-15    28.9736033967630
       35       0.91100112865873E-15    28.9736053266249
       40       0.90571893299871E-15    28.9736055590700
       45       0.91034744879930E-15    28.9736055884129
       50       0.91083070536148E-15    28.9736055922482
       55       0.90384334064406E-15    28.9736055927636
       60       0.90997099357320E-15    28.9736055928341
       65       0.90717014217055E-15    28.9736055928438
       70       0.90205595258356E-15    28.9736055928452
       75       0.90111220763335E-15    28.9736055928455
 Benchmark completed 
 VERIFICATION SUCCESSFUL 
 Zeta is     0.2897360559285E+02
 Error is    0.1581784714701E-13


 CG Benchmark Completed.
 Class           =                        C
 Size            =                   150000
 Iterations      =                       75
 Time in seconds =                     6.98
 Total threads   =                       16
 Avail threads   =                       32
 Warning: Threads used differ from threads available
 Mop/s total     =                 20539.75
 Mop/s/thread    =                  1283.73
 Operation type  =           floating point
 Verification    =               SUCCESSFUL
 Version         =                    3.4.3
 Compile date    =              18 Feb 2026

 Compile options:
    FC           = gfortran
    FLINK        = $(FC)
    F_LIB        = -L/dss/dsshome1/09/ga27qam2/llvm-project/bu...
    F_INC        = (none)
    FFLAGS       = -O3 -fopenmp
    FLINKFLAGS   = -O3 -fopenmp
    RAND         = randi8


 Please send all errors/feedbacks to:

 NPB Development Team
 npb@nas.nasa.gov


