OMP: pid 47359 tid 47359 thread 0 bound to OS proc set {56-87}
OMP: pid 47359 tid 47385 thread 3 bound to OS proc set {56-87}
OMP: pid 47359 tid 47434 thread 15 bound to OS proc set {56-87}
OMP: pid 47359 tid 47381 thread 2 bound to OS proc set {56-87}
OMP: pid 47359 tid 47404 thread 7 bound to OS proc set {56-87}
OMP: pid 47359 tid 47376 thread 1 bound to OS proc set {56-87}
OMP: pid 47359 tid 47420 thread 11 bound to OS proc set {56-87}
OMP: pid 47359 tid 47422 thread 12 bound to OS proc set {56-87}
OMP: pid 47359 tid 47430 thread 14 bound to OS proc set {56-87}
OMP: pid 47359 tid 47414 thread 10 bound to OS proc set {56-87}
OMP: pid 47359 tid 47392 thread 4 bound to OS proc set {56-87}
OMP: pid 47359 tid 47442 thread 19 bound to OS proc set {56-87}
OMP: pid 47359 tid 47435 thread 16 bound to OS proc set {56-87}
OMP: pid 47359 tid 47439 thread 18 bound to OS proc set {56-87}
OMP: pid 47359 tid 47469 thread 28 bound to OS proc set {56-87}
OMP: pid 47359 tid 47399 thread 6 bound to OS proc set {56-87}
OMP: pid 47359 tid 47475 thread 30 bound to OS proc set {56-87}
OMP: pid 47359 tid 47407 thread 8 bound to OS proc set {56-87}
OMP: pid 47359 tid 47481 thread 31 bound to OS proc set {56-87}
OMP: pid 47359 tid 47471 thread 29 bound to OS proc set {56-87}
OMP: pid 47359 tid 47425 thread 13 bound to OS proc set {56-87}
OMP: pid 47359 tid 47466 thread 27 bound to OS proc set {56-87}
OMP: pid 47359 tid 47409 thread 9 bound to OS proc set {56-87}
OMP: pid 47359 tid 47454 thread 24 bound to OS proc set {56-87}
OMP: pid 47359 tid 47393 thread 5 bound to OS proc set {56-87}
OMP: pid 47359 tid 47436 thread 17 bound to OS proc set {56-87}
OMP: pid 47359 tid 47453 thread 23 bound to OS proc set {56-87}
OMP: pid 47359 tid 47446 thread 20 bound to OS proc set {56-87}
OMP: pid 47359 tid 47462 thread 26 bound to OS proc set {56-87}
OMP: pid 47359 tid 47449 thread 22 bound to OS proc set {56-87}
OMP: pid 47359 tid 47447 thread 21 bound to OS proc set {56-87}
OMP: pid 47359 tid 47457 thread 25 bound to OS proc set {56-87}


 NAS Parallel Benchmarks (NPB3.4-OMP) - CG Benchmark

 Size:      150000
 Iterations:                     75
 Number of available threads:    32

 Initialization time =           1.187 seconds

   iteration           ||r||                 zeta
        1       0.35291997502018E-12   109.9994423237398
        5       0.89234498898880E-15    28.6471670038895
       10       0.91192676712529E-15    28.9496695449000
       15       0.90607709080050E-15    28.9716336228371
       20       0.91457966880819E-15    28.9734210663749
       25       0.90995663194885E-15    28.9735863059384
       30       0.90992927455883E-15    28.9736033967631
       35       0.90878415926638E-15    28.9736053266249
       40       0.90560621961136E-15    28.9736055590700
       45       0.91142735037028E-15    28.9736055884127
       50       0.90983183298622E-15    28.9736055922484
       55       0.90342715385676E-15    28.9736055927634
       60       0.90976203171737E-15    28.9736055928340
       65       0.90731845168467E-15    28.9736055928439
       70       0.90000160208969E-15    28.9736055928453
       75       0.90155874145728E-15    28.9736055928455
 Benchmark completed 
 VERIFICATION SUCCESSFUL 
 Zeta is     0.2897360559285E+02
 Error is    0.1679879890806E-13


 CG Benchmark Completed.
 Class           =                        C
 Size            =                   150000
 Iterations      =                       75
 Time in seconds =                    11.16
 Total threads   =                       32
 Avail threads   =                       32
 Mop/s total     =                 12840.32
 Mop/s/thread    =                   401.26
 Operation type  =           floating point
 Verification    =               SUCCESSFUL
 Version         =                    3.4.3
 Compile date    =              18 Feb 2026

 Compile options:
    FC           = gfortran
    FLINK        = $(FC)
    F_LIB        = -L/dss/dsshome1/09/ga27qam2/llvm-project/bu...
    F_INC        = (none)
    FFLAGS       = -O3 -fopenmp
    FLINKFLAGS   = -O3 -fopenmp
    RAND         = randi8


 Please send all errors/feedbacks to:

 NPB Development Team
 npb@nas.nasa.gov


