OMP: pid 25015 tid 25020 thread 1 bound to OS proc set {1-4}
OMP: pid 25015 tid 25023 thread 2 bound to OS proc set {1-4}
OMP: pid 25015 tid 25027 thread 3 bound to OS proc set {1-4}
OMP: pid 25015 tid 25015 thread 0 bound to OS proc set {1-4}
OMP: pid 25015 tid 25015 thread 0 bound to OS proc set {1-4}
OMP: pid 25015 tid 25020 thread 1 bound to OS proc set {1-4}


 NAS Parallel Benchmarks (NPB3.4-OMP) - CG Benchmark

 Size:      150000
 Iterations:                     75
 Number of available threads:     4

 Initialization time =           6.162 seconds

   iteration           ||r||                 zeta
        1       0.35339539423836E-12   109.9994423237398
        5       0.89078650917804E-15    28.6471670038882
       10       0.91194435244862E-15    28.9496695449005
       15       0.90628506697096E-15    28.9716336228368
       20       0.91751598596118E-15    28.9734210663758
       25       0.90787454265162E-15    28.9735863059383
       30       0.90922496339483E-15    28.9736033967628
       35       0.91130317203534E-15    28.9736053266252
       40       0.90723452767683E-15    28.9736055590703
       45       0.90733761943684E-15    28.9736055884132
       50       0.90933011112120E-15    28.9736055922487
       55       0.90210983694503E-15    28.9736055927623
       60       0.90472520666217E-15    28.9736055928346
       65       0.90341148624700E-15    28.9736055928435
       70       0.90386006354297E-15    28.9736055928450
       75       0.90068333674256E-15    28.9736055928458
 Benchmark completed 
 VERIFICATION SUCCESSFUL 
 Zeta is     0.2897360559285E+02
 Error is    0.2611784063808E-13


 CG Benchmark Completed.
 Class           =                        C
 Size            =                   150000
 Iterations      =                       75
 Time in seconds =                    45.35
 Total threads   =                        2
 Avail threads   =                        4
 Warning: Threads used differ from threads available
 Mop/s total     =                  3161.02
 Mop/s/thread    =                  1580.51
 Operation type  =           floating point
 Verification    =               SUCCESSFUL
 Version         =                    3.4.3
 Compile date    =              18 Feb 2026

 Compile options:
    FC           = gfortran
    FLINK        = $(FC)
    F_LIB        = -L/dss/dsshome1/09/ga27qam2/llvm-project/bu...
    F_INC        = (none)
    FFLAGS       = -O3 -fopenmp
    FLINKFLAGS   = -O3 -fopenmp
    RAND         = randi8


 Please send all errors/feedbacks to:

 NPB Development Team
 npb@nas.nasa.gov


