OMP: pid 29649 tid 29671 thread 1 bound to OS proc set {1-8}
OMP: pid 29649 tid 29673 thread 2 bound to OS proc set {1-8}
OMP: pid 29649 tid 29649 thread 0 bound to OS proc set {1-8}
OMP: pid 29649 tid 29676 thread 4 bound to OS proc set {1-8}
OMP: pid 29649 tid 29681 thread 7 bound to OS proc set {1-8}
OMP: pid 29649 tid 29674 thread 3 bound to OS proc set {1-8}
OMP: pid 29649 tid 29680 thread 6 bound to OS proc set {1-8}
OMP: pid 29649 tid 29678 thread 5 bound to OS proc set {1-8}
OMP: pid 29649 tid 29649 thread 0 bound to OS proc set {1-8}
OMP: pid 29649 tid 29671 thread 1 bound to OS proc set {1-8}
OMP: pid 29649 tid 29673 thread 2 bound to OS proc set {1-8}
OMP: pid 29649 tid 29674 thread 3 bound to OS proc set {1-8}


 NAS Parallel Benchmarks (NPB3.4-OMP) - CG Benchmark

 Size:      150000
 Iterations:                     75
 Number of available threads:     8

 Initialization time =           3.506 seconds

   iteration           ||r||                 zeta
        1       0.35329458058168E-12   109.9994423237398
        5       0.89276175419205E-15    28.6471670038893
       10       0.91252653586531E-15    28.9496695449003
       15       0.90765151716661E-15    28.9716336228371
       20       0.91496980937786E-15    28.9734210663747
       25       0.90852338210473E-15    28.9735863059382
       30       0.91104676617239E-15    28.9736033967628
       35       0.91021131328780E-15    28.9736053266246
       40       0.90726441631437E-15    28.9736055590700
       45       0.90983428534294E-15    28.9736055884132
       50       0.90916762314588E-15    28.9736055922485
       55       0.90319549585079E-15    28.9736055927632
       60       0.90828918905658E-15    28.9736055928339
       65       0.90595710400862E-15    28.9736055928440
       70       0.90169539745468E-15    28.9736055928455
       75       0.90160671440376E-15    28.9736055928458
 Benchmark completed 
 VERIFICATION SUCCESSFUL 
 Zeta is     0.2897360559285E+02
 Error is    0.2709879239913E-13


 CG Benchmark Completed.
 Class           =                        C
 Size            =                   150000
 Iterations      =                       75
 Time in seconds =                    21.92
 Total threads   =                        4
 Avail threads   =                        8
 Warning: Threads used differ from threads available
 Mop/s total     =                  6538.45
 Mop/s/thread    =                  1634.61
 Operation type  =           floating point
 Verification    =               SUCCESSFUL
 Version         =                    3.4.3
 Compile date    =              18 Feb 2026

 Compile options:
    FC           = gfortran
    FLINK        = $(FC)
    F_LIB        = -L/dss/dsshome1/09/ga27qam2/llvm-project/bu...
    F_INC        = (none)
    FFLAGS       = -O3 -fopenmp
    FLINKFLAGS   = -O3 -fopenmp
    RAND         = randi8


 Please send all errors/feedbacks to:

 NPB Development Team
 npb@nas.nasa.gov


