OMP: pid 29651 tid 29651 thread 0 bound to OS proc set {56-63}
OMP: pid 29651 tid 29657 thread 1 bound to OS proc set {56-63}
OMP: pid 29651 tid 29658 thread 2 bound to OS proc set {56-63}
OMP: pid 29651 tid 29660 thread 3 bound to OS proc set {56-63}
OMP: pid 29651 tid 29661 thread 4 bound to OS proc set {56-63}
OMP: pid 29651 tid 29665 thread 7 bound to OS proc set {56-63}
OMP: pid 29651 tid 29664 thread 6 bound to OS proc set {56-63}
OMP: pid 29651 tid 29663 thread 5 bound to OS proc set {56-63}


 NAS Parallel Benchmarks (NPB3.4-OMP) - CG Benchmark

 Size:      150000
 Iterations:                     75
 Number of available threads:     8

 Initialization time =           3.571 seconds

   iteration           ||r||                 zeta
        1       0.35334748517532E-12   109.9994423237398
        5       0.89327551874730E-15    28.6471670038896
       10       0.91103906203114E-15    28.9496695449000
       15       0.90673001065640E-15    28.9716336228371
       20       0.91582622769569E-15    28.9734210663752
       25       0.90771584424702E-15    28.9735863059386
       30       0.90865865229659E-15    28.9736033967633
       35       0.91042049198794E-15    28.9736053266247
       40       0.90595408241187E-15    28.9736055590700
       45       0.90827012227421E-15    28.9736055884130
       50       0.91085934234320E-15    28.9736055922483
       55       0.90336208221554E-15    28.9736055927634
       60       0.90784572047589E-15    28.9736055928341
       65       0.90608715124771E-15    28.9736055928440
       70       0.90118101740691E-15    28.9736055928451
       75       0.90260372511198E-15    28.9736055928456
 Benchmark completed 
 VERIFICATION SUCCESSFUL 
 Zeta is     0.2897360559285E+02
 Error is    0.2023213007175E-13


 CG Benchmark Completed.
 Class           =                        C
 Size            =                   150000
 Iterations      =                       75
 Time in seconds =                    29.85
 Total threads   =                        8
 Avail threads   =                        8
 Mop/s total     =                  4802.39
 Mop/s/thread    =                   600.30
 Operation type  =           floating point
 Verification    =               SUCCESSFUL
 Version         =                    3.4.3
 Compile date    =              18 Feb 2026

 Compile options:
    FC           = gfortran
    FLINK        = $(FC)
    F_LIB        = -L/dss/dsshome1/09/ga27qam2/llvm-project/bu...
    F_INC        = (none)
    FFLAGS       = -O3 -fopenmp
    FLINKFLAGS   = -O3 -fopenmp
    RAND         = randi8


 Please send all errors/feedbacks to:

 NPB Development Team
 npb@nas.nasa.gov


