OMP: pid 47356 tid 47368 thread 1 bound to OS proc set {56-87}
OMP: pid 47356 tid 47426 thread 16 bound to OS proc set {56-87}
OMP: pid 47356 tid 47372 thread 2 bound to OS proc set {56-87}
OMP: pid 47356 tid 47380 thread 3 bound to OS proc set {56-87}
OMP: pid 47356 tid 47427 thread 17 bound to OS proc set {56-87}
OMP: pid 47356 tid 47416 thread 12 bound to OS proc set {56-87}
OMP: pid 47356 tid 47424 thread 15 bound to OS proc set {56-87}
OMP: pid 47356 tid 47421 thread 14 bound to OS proc set {56-87}
OMP: pid 47356 tid 47418 thread 13 bound to OS proc set {56-87}
OMP: pid 47356 tid 47395 thread 7 bound to OS proc set {56-87}
OMP: pid 47356 tid 47384 thread 4 bound to OS proc set {56-87}
OMP: pid 47356 tid 47401 thread 8 bound to OS proc set {56-87}
OMP: pid 47356 tid 47412 thread 11 bound to OS proc set {56-87}
OMP: pid 47356 tid 47411 thread 10 bound to OS proc set {56-87}
OMP: pid 47356 tid 47408 thread 9 bound to OS proc set {56-87}
OMP: pid 47356 tid 47389 thread 5 bound to OS proc set {56-87}
OMP: pid 47356 tid 47391 thread 6 bound to OS proc set {56-87}
OMP: pid 47356 tid 47431 thread 18 bound to OS proc set {56-87}
OMP: pid 47356 tid 47455 thread 23 bound to OS proc set {56-87}
OMP: pid 47356 tid 47437 thread 19 bound to OS proc set {56-87}
OMP: pid 47356 tid 47356 thread 0 bound to OS proc set {56-87}
OMP: pid 47356 tid 47440 thread 20 bound to OS proc set {56-87}
OMP: pid 47356 tid 47450 thread 22 bound to OS proc set {56-87}
OMP: pid 47356 tid 47482 thread 28 bound to OS proc set {56-87}
OMP: pid 47356 tid 47483 thread 29 bound to OS proc set {56-87}
OMP: pid 47356 tid 47476 thread 27 bound to OS proc set {56-87}
OMP: pid 47356 tid 47458 thread 24 bound to OS proc set {56-87}
OMP: pid 47356 tid 47484 thread 30 bound to OS proc set {56-87}
OMP: pid 47356 tid 47465 thread 25 bound to OS proc set {56-87}
OMP: pid 47356 tid 47485 thread 31 bound to OS proc set {56-87}
OMP: pid 47356 tid 47470 thread 26 bound to OS proc set {56-87}
OMP: pid 47356 tid 47444 thread 21 bound to OS proc set {56-87}


 NAS Parallel Benchmarks (NPB3.4-OMP) - CG Benchmark

 Size:      150000
 Iterations:                     75
 Number of available threads:    32

 Initialization time =           1.198 seconds

   iteration           ||r||                 zeta
        1       0.35321350762831E-12   109.9994423237398
        5       0.89256301656142E-15    28.6471670038895
       10       0.91169427673747E-15    28.9496695449000
       15       0.90615646374038E-15    28.9716336228371
       20       0.91557635085326E-15    28.9734210663749
       25       0.90856937938320E-15    28.9735863059384
       30       0.90877712230242E-15    28.9736033967631
       35       0.91048296320649E-15    28.9736053266250
       40       0.90658476620091E-15    28.9736055590700
       45       0.91046776318847E-15    28.9736055884128
       50       0.91081048507019E-15    28.9736055922484
       55       0.90321911300003E-15    28.9736055927634
       60       0.90793640495084E-15    28.9736055928340
       65       0.90677811877051E-15    28.9736055928439
       70       0.90253049945713E-15    28.9736055928453
       75       0.90271670596206E-15    28.9736055928455
 Benchmark completed 
 VERIFICATION SUCCESSFUL 
 Zeta is     0.2897360559285E+02
 Error is    0.1581784714701E-13


 CG Benchmark Completed.
 Class           =                        C
 Size            =                   150000
 Iterations      =                       75
 Time in seconds =                    11.31
 Total threads   =                       32
 Avail threads   =                       32
 Mop/s total     =                 12671.23
 Mop/s/thread    =                   395.98
 Operation type  =           floating point
 Verification    =               SUCCESSFUL
 Version         =                    3.4.3
 Compile date    =              18 Feb 2026

 Compile options:
    FC           = gfortran
    FLINK        = $(FC)
    F_LIB        = -L/dss/dsshome1/09/ga27qam2/llvm-project/bu...
    F_INC        = (none)
    FFLAGS       = -O3 -fopenmp
    FLINKFLAGS   = -O3 -fopenmp
    RAND         = randi8


 Please send all errors/feedbacks to:

 NPB Development Team
 npb@nas.nasa.gov


