OMP: pid 181955 tid 181955 thread 0 bound to OS proc set {56}
OMP: pid 181955 tid 181974 thread 3 bound to OS proc set {62}
OMP: pid 181955 tid 181972 thread 2 bound to OS proc set {60}
OMP: pid 181955 tid 181978 thread 7 bound to OS proc set {70}
OMP: pid 181955 tid 181970 thread 1 bound to OS proc set {58}
OMP: pid 181955 tid 181985 thread 14 bound to OS proc set {84}
OMP: pid 181955 tid 181981 thread 10 bound to OS proc set {76}
OMP: pid 181955 tid 181982 thread 11 bound to OS proc set {78}
OMP: pid 181955 tid 181983 thread 12 bound to OS proc set {80}
OMP: pid 181955 tid 181984 thread 13 bound to OS proc set {82}
OMP: pid 181955 tid 181979 thread 8 bound to OS proc set {72}
OMP: pid 181955 tid 181977 thread 6 bound to OS proc set {68}
OMP: pid 181955 tid 181986 thread 15 bound to OS proc set {86}
OMP: pid 181955 tid 181975 thread 4 bound to OS proc set {64}
OMP: pid 181955 tid 181980 thread 9 bound to OS proc set {74}
OMP: pid 181955 tid 181976 thread 5 bound to OS proc set {66}


 NAS Parallel Benchmarks (NPB3.4-OMP) - CG Benchmark

 Size:      150000
 Iterations:                     75
 Number of available threads:    16

 Initialization time =           0.871 seconds

   iteration           ||r||                 zeta
        1       0.35322809410729E-12   109.9994423237398
        5       0.89268806893580E-15    28.6471670038896
       10       0.91186311940578E-15    28.9496695448999
       15       0.90582430359158E-15    28.9716336228373
       20       0.91512907062187E-15    28.9734210663750
       25       0.90953267299605E-15    28.9735863059385
       30       0.90920186021967E-15    28.9736033967630
       35       0.90958575701996E-15    28.9736053266248
       40       0.90530853242494E-15    28.9736055590700
       45       0.91132500824989E-15    28.9736055884130
       50       0.90942305459128E-15    28.9736055922482
       55       0.90366036995864E-15    28.9736055927636
       60       0.90658711753401E-15    28.9736055928341
       65       0.90849142785808E-15    28.9736055928438
       70       0.90129267388109E-15    28.9736055928452
       75       0.90064706934392E-15    28.9736055928454
 Benchmark completed 
 VERIFICATION SUCCESSFUL 
 Zeta is     0.2897360559285E+02
 Error is    0.1532737126648E-13


 CG Benchmark Completed.
 Class           =                        C
 Size            =                   150000
 Iterations      =                       75
 Time in seconds =                     6.90
 Total threads   =                       16
 Avail threads   =                       16
 Mop/s total     =                 20782.67
 Mop/s/thread    =                  1298.92
 Operation type  =           floating point
 Verification    =               SUCCESSFUL
 Version         =                    3.4.3
 Compile date    =              18 Feb 2026

 Compile options:
    FC           = gfortran
    FLINK        = $(FC)
    F_LIB        = -L/dss/dsshome1/09/ga27qam2/llvm-project/bu...
    F_INC        = (none)
    FFLAGS       = -O3 -fopenmp
    FLINKFLAGS   = -O3 -fopenmp
    RAND         = randi8


 Please send all errors/feedbacks to:

 NPB Development Team
 npb@nas.nasa.gov


