OMP: pid 177220 tid 177220 thread 0 bound to OS proc set {1}
OMP: pid 177220 tid 177222 thread 1 bound to OS proc set {9}
OMP: pid 177220 tid 177224 thread 2 bound to OS proc set {17}
OMP: pid 177220 tid 177225 thread 3 bound to OS proc set {25}


 NAS Parallel Benchmarks (NPB3.4-OMP) - CG Benchmark

 Size:      150000
 Iterations:                     75
 Number of available threads:     4

 Initialization time =           3.011 seconds

   iteration           ||r||                 zeta
        1       0.35339539423836E-12   109.9994423237398
        5       0.89308934031069E-15    28.6471670038893
       10       0.91208138840879E-15    28.9496695449003
       15       0.90839510869710E-15    28.9716336228371
       20       0.91481646011314E-15    28.9734210663747
       25       0.90878902476011E-15    28.9735863059382
       30       0.91035767753084E-15    28.9736033967627
       35       0.91009303925918E-15    28.9736053266246
       40       0.90724906560267E-15    28.9736055590700
       45       0.91126043527739E-15    28.9736055884132
       50       0.90951299171453E-15    28.9736055922485
       55       0.90421982904943E-15    28.9736055927632
       60       0.90837000813041E-15    28.9736055928339
       65       0.90584475562526E-15    28.9736055928440
       70       0.90255142133016E-15    28.9736055928455
       75       0.90059877362695E-15    28.9736055928458
 Benchmark completed 
 VERIFICATION SUCCESSFUL 
 Zeta is     0.2897360559285E+02
 Error is    0.2758926827966E-13


 CG Benchmark Completed.
 Class           =                        C
 Size            =                   150000
 Iterations      =                       75
 Time in seconds =                    20.91
 Total threads   =                        4
 Avail threads   =                        4
 Mop/s total     =                  6856.06
 Mop/s/thread    =                  1714.02
 Operation type  =           floating point
 Verification    =               SUCCESSFUL
 Version         =                    3.4.3
 Compile date    =              18 Feb 2026

 Compile options:
    FC           = gfortran
    FLINK        = $(FC)
    F_LIB        = -L/dss/dsshome1/09/ga27qam2/llvm-project/bu...
    F_INC        = (none)
    FFLAGS       = -O3 -fopenmp
    FLINKFLAGS   = -O3 -fopenmp
    RAND         = randi8


 Please send all errors/feedbacks to:

 NPB Development Team
 npb@nas.nasa.gov


