OMP: pid 181954 tid 181954 thread 0 bound to OS proc set {1}
OMP: pid 181954 tid 181963 thread 7 bound to OS proc set {15}
OMP: pid 181954 tid 181959 thread 3 bound to OS proc set {7}
OMP: pid 181954 tid 181958 thread 2 bound to OS proc set {5}
OMP: pid 181954 tid 181973 thread 15 bound to OS proc set {31}
OMP: pid 181954 tid 181956 thread 1 bound to OS proc set {3}
OMP: pid 181954 tid 181971 thread 14 bound to OS proc set {29}
OMP: pid 181954 tid 181968 thread 12 bound to OS proc set {25}
OMP: pid 181954 tid 181964 thread 8 bound to OS proc set {17}
OMP: pid 181954 tid 181966 thread 10 bound to OS proc set {21}
OMP: pid 181954 tid 181967 thread 11 bound to OS proc set {23}
OMP: pid 181954 tid 181962 thread 6 bound to OS proc set {13}
OMP: pid 181954 tid 181960 thread 4 bound to OS proc set {9}
OMP: pid 181954 tid 181969 thread 13 bound to OS proc set {27}
OMP: pid 181954 tid 181965 thread 9 bound to OS proc set {19}
OMP: pid 181954 tid 181961 thread 5 bound to OS proc set {11}


 NAS Parallel Benchmarks (NPB3.4-OMP) - CG Benchmark

 Size:      150000
 Iterations:                     75
 Number of available threads:    16

 Initialization time =           0.852 seconds

   iteration           ||r||                 zeta
        1       0.35310028490052E-12   109.9994423237398
        5       0.89211844889913E-15    28.6471670038896
       10       0.91268257854777E-15    28.9496695448999
       15       0.90751907722674E-15    28.9716336228373
       20       0.91503111651601E-15    28.9734210663750
       25       0.90937968616659E-15    28.9735863059385
       30       0.90899560696429E-15    28.9736033967630
       35       0.91106230126805E-15    28.9736053266249
       40       0.90521734120727E-15    28.9736055590700
       45       0.91082762411104E-15    28.9736055884129
       50       0.91107972748436E-15    28.9736055922482
       55       0.90414890221917E-15    28.9736055927635
       60       0.90882187151709E-15    28.9736055928341
       65       0.90774943842015E-15    28.9736055928438
       70       0.90259198243141E-15    28.9736055928452
       75       0.90236646426547E-15    28.9736055928455
 Benchmark completed 
 VERIFICATION SUCCESSFUL 
 Zeta is     0.2897360559285E+02
 Error is    0.1581784714701E-13


 CG Benchmark Completed.
 Class           =                        C
 Size            =                   150000
 Iterations      =                       75
 Time in seconds =                     5.70
 Total threads   =                       16
 Avail threads   =                       16
 Mop/s total     =                 25150.40
 Mop/s/thread    =                  1571.90
 Operation type  =           floating point
 Verification    =               SUCCESSFUL
 Version         =                    3.4.3
 Compile date    =              18 Feb 2026

 Compile options:
    FC           = gfortran
    FLINK        = $(FC)
    F_LIB        = -L/dss/dsshome1/09/ga27qam2/llvm-project/bu...
    F_INC        = (none)
    FFLAGS       = -O3 -fopenmp
    FLINKFLAGS   = -O3 -fopenmp
    RAND         = randi8


 Please send all errors/feedbacks to:

 NPB Development Team
 npb@nas.nasa.gov


