OMP: pid 27396 tid 27398 thread 1 bound to OS proc set {1-8}
OMP: pid 27396 tid 27401 thread 3 bound to OS proc set {1-8}
OMP: pid 27396 tid 27396 thread 0 bound to OS proc set {1-8}
OMP: pid 27396 tid 27400 thread 2 bound to OS proc set {1-8}
OMP: pid 27396 tid 27412 thread 7 bound to OS proc set {1-8}
OMP: pid 27396 tid 27402 thread 4 bound to OS proc set {1-8}
OMP: pid 27396 tid 27403 thread 5 bound to OS proc set {1-8}
OMP: pid 27396 tid 27407 thread 6 bound to OS proc set {1-8}
OMP: pid 27396 tid 27401 thread 3 bound to OS proc set {1-8}
OMP: pid 27396 tid 27396 thread 0 bound to OS proc set {1-8}
OMP: pid 27396 tid 27398 thread 1 bound to OS proc set {1-8}
OMP: pid 27396 tid 27400 thread 2 bound to OS proc set {1-8}


 NAS Parallel Benchmarks (NPB3.4-OMP) - CG Benchmark

 Size:      150000
 Iterations:                     75
 Number of available threads:     8

 Initialization time =           3.284 seconds

   iteration           ||r||                 zeta
        1       0.35342824839249E-12   109.9994423237398
        5       0.89266743439389E-15    28.6471670038893
       10       0.91248846626395E-15    28.9496695449003
       15       0.90736412544219E-15    28.9716336228371
       20       0.91431845060787E-15    28.9734210663747
       25       0.90821945568558E-15    28.9735863059382
       30       0.91080773890578E-15    28.9736033967627
       35       0.91152633210485E-15    28.9736053266246
       40       0.90845314549080E-15    28.9736055590700
       45       0.91032776213219E-15    28.9736055884132
       50       0.90954417340411E-15    28.9736055922485
       55       0.90405152553381E-15    28.9736055927632
       60       0.90835990017450E-15    28.9736055928339
       65       0.90598142360286E-15    28.9736055928440
       70       0.90282934066070E-15    28.9736055928455
       75       0.90073303166220E-15    28.9736055928458
 Benchmark completed 
 VERIFICATION SUCCESSFUL 
 Zeta is     0.2897360559285E+02
 Error is    0.2807974416019E-13


 CG Benchmark Completed.
 Class           =                        C
 Size            =                   150000
 Iterations      =                       75
 Time in seconds =                    23.29
 Total threads   =                        4
 Avail threads   =                        8
 Warning: Threads used differ from threads available
 Mop/s total     =                  6154.28
 Mop/s/thread    =                  1538.57
 Operation type  =           floating point
 Verification    =               SUCCESSFUL
 Version         =                    3.4.3
 Compile date    =              18 Feb 2026

 Compile options:
    FC           = gfortran
    FLINK        = $(FC)
    F_LIB        = -L/dss/dsshome1/09/ga27qam2/llvm-project/bu...
    F_INC        = (none)
    FFLAGS       = -O3 -fopenmp
    FLINKFLAGS   = -O3 -fopenmp
    RAND         = randi8


 Please send all errors/feedbacks to:

 NPB Development Team
 npb@nas.nasa.gov


