OMP: pid 27395 tid 27395 thread 0 bound to OS proc set {1-8}
OMP: pid 27395 tid 27405 thread 1 bound to OS proc set {1-8}
OMP: pid 27395 tid 27410 thread 4 bound to OS proc set {1-8}
OMP: pid 27395 tid 27411 thread 5 bound to OS proc set {1-8}
OMP: pid 27395 tid 27416 thread 7 bound to OS proc set {1-8}
OMP: pid 27395 tid 27414 thread 6 bound to OS proc set {1-8}
OMP: pid 27395 tid 27409 thread 3 bound to OS proc set {1-8}
OMP: pid 27395 tid 27406 thread 2 bound to OS proc set {1-8}
OMP: pid 27395 tid 27406 thread 2 bound to OS proc set {1-8}
OMP: pid 27395 tid 27409 thread 3 bound to OS proc set {1-8}
OMP: pid 27395 tid 27395 thread 0 bound to OS proc set {1-8}
OMP: pid 27395 tid 27405 thread 1 bound to OS proc set {1-8}


 NAS Parallel Benchmarks (NPB3.4-OMP) - CG Benchmark

 Size:      150000
 Iterations:                     75
 Number of available threads:     8

 Initialization time =           3.716 seconds

   iteration           ||r||                 zeta
        1       0.35328997525708E-12   109.9994423237398
        5       0.89298607097647E-15    28.6471670038893
       10       0.91218437577337E-15    28.9496695449003
       15       0.90694001740458E-15    28.9716336228371
       20       0.91487455732908E-15    28.9734210663748
       25       0.90932698923653E-15    28.9735863059382
       30       0.91086316997639E-15    28.9736033967627
       35       0.91101583712064E-15    28.9736053266246
       40       0.90735881507254E-15    28.9736055590700
       45       0.91017925363449E-15    28.9736055884132
       50       0.90910466029927E-15    28.9736055922485
       55       0.90313849475349E-15    28.9736055927632
       60       0.90793871677512E-15    28.9736055928339
       65       0.90680089399406E-15    28.9736055928440
       70       0.90294319928554E-15    28.9736055928454
       75       0.90107033448114E-15    28.9736055928458
 Benchmark completed 
 VERIFICATION SUCCESSFUL 
 Zeta is     0.2897360559285E+02
 Error is    0.2709879239913E-13


 CG Benchmark Completed.
 Class           =                        C
 Size            =                   150000
 Iterations      =                       75
 Time in seconds =                    23.61
 Total threads   =                        4
 Avail threads   =                        8
 Warning: Threads used differ from threads available
 Mop/s total     =                  6070.89
 Mop/s/thread    =                  1517.72
 Operation type  =           floating point
 Verification    =               SUCCESSFUL
 Version         =                    3.4.3
 Compile date    =              18 Feb 2026

 Compile options:
    FC           = gfortran
    FLINK        = $(FC)
    F_LIB        = -L/dss/dsshome1/09/ga27qam2/llvm-project/bu...
    F_INC        = (none)
    FFLAGS       = -O3 -fopenmp
    FLINKFLAGS   = -O3 -fopenmp
    RAND         = randi8


 Please send all errors/feedbacks to:

 NPB Development Team
 npb@nas.nasa.gov


