OMP: pid 71528 tid 71528 thread 0 bound to OS proc set {64-95}
OMP: pid 71528 tid 71535 thread 1 bound to OS proc set {64-95}
OMP: pid 71528 tid 71547 thread 3 bound to OS proc set {64-95}
OMP: pid 71528 tid 71538 thread 2 bound to OS proc set {64-95}
OMP: pid 71528 tid 71566 thread 8 bound to OS proc set {64-95}
OMP: pid 71528 tid 71579 thread 11 bound to OS proc set {64-95}
OMP: pid 71528 tid 71589 thread 15 bound to OS proc set {64-95}
OMP: pid 71528 tid 71582 thread 12 bound to OS proc set {64-95}
OMP: pid 71528 tid 71551 thread 4 bound to OS proc set {64-95}
OMP: pid 71528 tid 71576 thread 10 bound to OS proc set {64-95}
OMP: pid 71528 tid 71570 thread 9 bound to OS proc set {64-95}
OMP: pid 71528 tid 71560 thread 6 bound to OS proc set {64-95}
OMP: pid 71528 tid 71562 thread 7 bound to OS proc set {64-95}
OMP: pid 71528 tid 71554 thread 5 bound to OS proc set {64-95}
OMP: pid 71528 tid 71600 thread 19 bound to OS proc set {64-95}
OMP: pid 71528 tid 71584 thread 13 bound to OS proc set {64-95}
OMP: pid 71528 tid 71588 thread 14 bound to OS proc set {64-95}
OMP: pid 71528 tid 71641 thread 30 bound to OS proc set {64-95}
OMP: pid 71528 tid 71633 thread 28 bound to OS proc set {64-95}
OMP: pid 71528 tid 71628 thread 27 bound to OS proc set {64-95}
OMP: pid 71528 tid 71592 thread 16 bound to OS proc set {64-95}
OMP: pid 71528 tid 71644 thread 31 bound to OS proc set {64-95}
OMP: pid 71528 tid 71616 thread 24 bound to OS proc set {64-95}
OMP: pid 71528 tid 71597 thread 18 bound to OS proc set {64-95}
OMP: pid 71528 tid 71602 thread 20 bound to OS proc set {64-95}
OMP: pid 71528 tid 71610 thread 22 bound to OS proc set {64-95}
OMP: pid 71528 tid 71594 thread 17 bound to OS proc set {64-95}
OMP: pid 71528 tid 71621 thread 25 bound to OS proc set {64-95}
OMP: pid 71528 tid 71625 thread 26 bound to OS proc set {64-95}
OMP: pid 71528 tid 71612 thread 23 bound to OS proc set {64-95}
OMP: pid 71528 tid 71606 thread 21 bound to OS proc set {64-95}
OMP: pid 71528 tid 71637 thread 29 bound to OS proc set {64-95}
[DRM-pin] pid=71528 tid=71535 assigned=64-95 running_on=64
[DRM-pin] pid=71528 tid=71644 assigned=64-95 running_on=73
[DRM-pin] pid=71528 tid=71637 assigned=64-95 running_on=79
[DRM-pin] pid=71528 tid=71538 assigned=64-95 running_on=80
[DRM-pin] pid=71528 tid=71570 assigned=64-95 running_on=90
[DRM-pin] pid=71528 tid=71554 assigned=64-95 running_on=87
[DRM-pin] pid=71528 tid=71579 assigned=64-95 running_on=94
[DRM-pin] pid=71528 tid=71616 assigned=64-95 running_on=75
[DRM-pin] pid=71528 tid=71551 assigned=64-95 running_on=85
[DRM-pin] pid=71528 tid=71606 assigned=64-95 running_on=89
[DRM-pin] pid=71528 tid=71547 assigned=64-95 running_on=83
[DRM-pin] pid=71528 tid=71594 assigned=64-95 running_on=78
[DRM-pin] pid=71528 tid=71633 assigned=64-95 running_on=88
[DRM-pin] pid=71528 tid=71584 assigned=64-95 running_on=71
[DRM-pin] pid=71528 tid=71566 assigned=64-95 running_on=81
[DRM-pin] pid=71528 tid=71597 assigned=64-95 running_on=69
[DRM-pin] pid=71528 tid=71592 assigned=64-95 running_on=76
[DRM-pin] pid=71528 tid=71602 assigned=64-95 running_on=72
[DRM-pin] pid=71528 tid=71576 assigned=64-95 running_on=92
[DRM-pin] pid=71528 tid=71562 assigned=64-95 running_on=77
[DRM-pin] pid=71528 tid=71582 assigned=64-95 running_on=67
[DRM-pin] pid=71528 tid=71621 assigned=64-95 running_on=84
[DRM-pin] pid=71528 tid=71588 assigned=64-95 running_on=74
[DRM-pin] pid=71528 tid=71589 assigned=64-95 running_on=82
[DRM-pin] pid=71528 tid=71641 assigned=64-95 running_on=70
[DRM-pin] pid=71528 tid=71628 assigned=64-95 running_on=91
[DRM-pin] pid=71528 tid=71600 assigned=64-95 running_on=65
[DRM-pin] pid=71528 tid=71610 assigned=64-95 running_on=86
[DRM-pin] pid=71528 tid=71560 assigned=64-95 running_on=66
[DRM-pin] pid=71528 tid=71625 assigned=64-95 running_on=93
[DRM-pin] pid=71528 tid=71612 assigned=64-95 running_on=79


 NAS Parallel Benchmarks (NPB3.4-OMP) - EP Benchmark

 Number of random numbers generated:      8589934592
 Number of available threads:                     32

EP Benchmark Results:

CPU Time =     6.661
N = 2^   32
No. Gaussian Pairs =    3373275903.
Sums =     2.691444083863086D+09    2.691519118724448D+09
Counts:
  0    1572172634.
  1    1501108549.
  2     281805648.
  3      17761221.
  4        424017.
  5          3821.
  6            13.
  7             0.
  8             0.
  9             0.


 EP Benchmark Completed.
 Class           =                        C
 Size            =               8589934592
 Iterations      =                        0
 Time in seconds =                     6.66
 Total threads   =                       32
 Avail threads   =                       32
 Mop/s total     =                  1289.66
 Mop/s/thread    =                    40.30
 Operation type  = Random numbers generated
 Verification    =               SUCCESSFUL
 Version         =                    3.4.3
 Compile date    =              03 Sep 2026

 Compile options:
    FC           = gfortran
    FLINK        = $(FC)
    F_LIB        = -L$(LLVM_BUILD)/lib -lomp
    F_INC        = (none)
    FFLAGS       = -O3 -fopenmp
    FLINKFLAGS   = -O3 -fopenmp
    RAND         = randi8


 Please send all errors/feedbacks to:

 NPB Development Team
 npb@nas.nasa.gov


