OMP: pid 71525 tid 71532 thread 3 bound to OS proc set {1-32}
OMP: pid 71525 tid 71525 thread 0 bound to OS proc set {1-32}
OMP: pid 71525 tid 71571 thread 14 bound to OS proc set {1-32}
OMP: pid 71525 tid 71529 thread 1 bound to OS proc set {1-32}
OMP: pid 71525 tid 71559 thread 11 bound to OS proc set {1-32}
OMP: pid 71525 tid 71550 thread 9 bound to OS proc set {1-32}
OMP: pid 71525 tid 71557 thread 10 bound to OS proc set {1-32}
OMP: pid 71525 tid 71546 thread 8 bound to OS proc set {1-32}
OMP: pid 71525 tid 71540 thread 6 bound to OS proc set {1-32}
OMP: pid 71525 tid 71564 thread 12 bound to OS proc set {1-32}
OMP: pid 71525 tid 71543 thread 7 bound to OS proc set {1-32}
OMP: pid 71525 tid 71534 thread 4 bound to OS proc set {1-32}
OMP: pid 71525 tid 71585 thread 18 bound to OS proc set {1-32}
OMP: pid 71525 tid 71537 thread 5 bound to OS proc set {1-32}
OMP: pid 71525 tid 71577 thread 16 bound to OS proc set {1-32}
OMP: pid 71525 tid 71580 thread 17 bound to OS proc set {1-32}
OMP: pid 71525 tid 71530 thread 2 bound to OS proc set {1-32}
OMP: pid 71525 tid 71574 thread 15 bound to OS proc set {1-32}
OMP: pid 71525 tid 71568 thread 13 bound to OS proc set {1-32}
OMP: pid 71525 tid 71609 thread 23 bound to OS proc set {1-32}
OMP: pid 71525 tid 71595 thread 20 bound to OS proc set {1-32}
OMP: pid 71525 tid 71603 thread 22 bound to OS proc set {1-32}
OMP: pid 71525 tid 71598 thread 21 bound to OS proc set {1-32}
OMP: pid 71525 tid 71619 thread 25 bound to OS proc set {1-32}
OMP: pid 71525 tid 71614 thread 24 bound to OS proc set {1-32}
OMP: pid 71525 tid 71623 thread 26 bound to OS proc set {1-32}
OMP: pid 71525 tid 71635 thread 28 bound to OS proc set {1-32}
OMP: pid 71525 tid 71640 thread 29 bound to OS proc set {1-32}
OMP: pid 71525 tid 71650 thread 31 bound to OS proc set {1-32}
OMP: pid 71525 tid 71590 thread 19 bound to OS proc set {1-32}
OMP: pid 71525 tid 71645 thread 30 bound to OS proc set {1-32}
OMP: pid 71525 tid 71630 thread 27 bound to OS proc set {1-32}


 NAS Parallel Benchmarks (NPB3.4-OMP) - EP Benchmark

 Number of random numbers generated:      8589934592
 Number of available threads:                     32

EP Benchmark Results:

CPU Time =     7.495
N = 2^   32
No. Gaussian Pairs =    3373275903.
Sums =     2.691444083863086D+09    2.691519118724447D+09
Counts:
  0    1572172634.
  1    1501108549.
  2     281805648.
  3      17761221.
  4        424017.
  5          3821.
  6            13.
  7             0.
  8             0.
  9             0.


 EP Benchmark Completed.
 Class           =                        C
 Size            =               8589934592
 Iterations      =                        0
 Time in seconds =                     7.50
 Total threads   =                       32
 Avail threads   =                       32
 Mop/s total     =                  1146.06
 Mop/s/thread    =                    35.81
 Operation type  = Random numbers generated
 Verification    =               SUCCESSFUL
 Version         =                    3.4.3
 Compile date    =              03 Sep 2026

 Compile options:
    FC           = gfortran
    FLINK        = $(FC)
    F_LIB        = -L$(LLVM_BUILD)/lib -lomp
    F_INC        = (none)
    FFLAGS       = -O3 -fopenmp
    FLINKFLAGS   = -O3 -fopenmp
    RAND         = randi8


 Please send all errors/feedbacks to:

 NPB Development Team
 npb@nas.nasa.gov


