OMP: pid 190375 tid 190375 thread 0 bound to OS proc set {64-79}
OMP: pid 190375 tid 190439 thread 13 bound to OS proc set {64-79}
OMP: pid 190375 tid 190387 thread 2 bound to OS proc set {64-79}
OMP: pid 190375 tid 190389 thread 3 bound to OS proc set {64-79}
OMP: pid 190375 tid 190384 thread 1 bound to OS proc set {64-79}
OMP: pid 190375 tid 190435 thread 12 bound to OS proc set {64-79}
OMP: pid 190375 tid 190441 thread 14 bound to OS proc set {64-79}
OMP: pid 190375 tid 190413 thread 10 bound to OS proc set {64-79}
OMP: pid 190375 tid 190397 thread 5 bound to OS proc set {64-79}
OMP: pid 190375 tid 190407 thread 8 bound to OS proc set {64-79}
OMP: pid 190375 tid 190400 thread 6 bound to OS proc set {64-79}
OMP: pid 190375 tid 190420 thread 11 bound to OS proc set {64-79}
OMP: pid 190375 tid 190402 thread 7 bound to OS proc set {64-79}
OMP: pid 190375 tid 190392 thread 4 bound to OS proc set {64-79}
OMP: pid 190375 tid 190411 thread 9 bound to OS proc set {64-79}
OMP: pid 190375 tid 190443 thread 15 bound to OS proc set {64-79}
[DRM-pin] pid=190375 tid=190387 assigned=64-79 running_on=69
[DRM-pin] pid=190375 tid=190392 assigned=64-79 running_on=67
[DRM-pin] pid=190375 tid=190443 assigned=64-79 running_on=70
[DRM-pin] pid=190375 tid=190441 assigned=64-79 running_on=76
[DRM-pin] pid=190375 tid=190420 assigned=64-79 running_on=72
[DRM-pin] pid=190375 tid=190389 assigned=64-79 running_on=74
[DRM-pin] pid=190375 tid=190435 assigned=64-79 running_on=73
[DRM-pin] pid=190375 tid=190384 assigned=64-79 running_on=78
[DRM-pin] pid=190375 tid=190413 assigned=64-79 running_on=66
[DRM-pin] pid=190375 tid=190411 assigned=64-79 running_on=75
[DRM-pin] pid=190375 tid=190439 assigned=64-79 running_on=77
[DRM-pin] pid=190375 tid=190400 assigned=64-79 running_on=68
[DRM-pin] pid=190375 tid=190397 assigned=64-79 running_on=77
[DRM-pin] pid=190375 tid=190402 assigned=64-79 running_on=71
[DRM-pin] pid=190375 tid=190407 assigned=64-79 running_on=65


 NAS Parallel Benchmarks (NPB3.4-OMP) - EP Benchmark

 Number of random numbers generated:      8589934592
 Number of available threads:                     16

EP Benchmark Results:

CPU Time =    11.521
N = 2^   32
No. Gaussian Pairs =    3373275903.
Sums =     2.691444083862575D+09    2.691519118725088D+09
Counts:
  0    1572172634.
  1    1501108549.
  2     281805648.
  3      17761221.
  4        424017.
  5          3821.
  6            13.
  7             0.
  8             0.
  9             0.


 EP Benchmark Completed.
 Class           =                        C
 Size            =               8589934592
 Iterations      =                        0
 Time in seconds =                    11.52
 Total threads   =                       16
 Avail threads   =                       16
 Mop/s total     =                   745.61
 Mop/s/thread    =                    46.60
 Operation type  = Random numbers generated
 Verification    =               SUCCESSFUL
 Version         =                    3.4.3
 Compile date    =              03 Sep 2026

 Compile options:
    FC           = gfortran
    FLINK        = $(FC)
    F_LIB        = -L$(LLVM_BUILD)/lib -lomp
    F_INC        = (none)
    FFLAGS       = -O3 -fopenmp
    FLINKFLAGS   = -O3 -fopenmp
    RAND         = randi8


 Please send all errors/feedbacks to:

 NPB Development Team
 npb@nas.nasa.gov


