OMP: pid 215693 tid 215701 thread 2 bound to OS proc set {64-71}
OMP: pid 215693 tid 215716 thread 7 bound to OS proc set {64-71}
OMP: pid 215693 tid 215705 thread 4 bound to OS proc set {64-71}
OMP: pid 215693 tid 215693 thread 0 bound to OS proc set {64-71}
OMP: pid 215693 tid 215702 thread 3 bound to OS proc set {64-71}
OMP: pid 215693 tid 215700 thread 1 bound to OS proc set {64-71}
OMP: pid 215693 tid 215712 thread 6 bound to OS proc set {64-71}
OMP: pid 215693 tid 215708 thread 5 bound to OS proc set {64-71}
[DRM-pin] pid=215693 tid=215701 assigned=64-71 running_on=69
[DRM-pin] pid=215693 tid=215700 assigned=64-71 running_on=70
[DRM-pin] pid=215693 tid=215716 assigned=64-71 running_on=67
[DRM-pin] pid=215693 tid=215702 assigned=64-71 running_on=68
[DRM-pin] pid=215693 tid=215705 assigned=64-71 running_on=64
[DRM-pin] pid=215693 tid=215712 assigned=64-71 running_on=65
[DRM-pin] pid=215693 tid=215708 assigned=64-71 running_on=70


 NAS Parallel Benchmarks (NPB3.4-OMP) - EP Benchmark

 Number of random numbers generated:      8589934592
 Number of available threads:                      8

EP Benchmark Results:

CPU Time =    25.037
N = 2^   32
No. Gaussian Pairs =    3373275903.
Sums =     2.691444083862811D+09    2.691519118724567D+09
Counts:
  0    1572172634.
  1    1501108549.
  2     281805648.
  3      17761221.
  4        424017.
  5          3821.
  6            13.
  7             0.
  8             0.
  9             0.


 EP Benchmark Completed.
 Class           =                        C
 Size            =               8589934592
 Iterations      =                        0
 Time in seconds =                    25.04
 Total threads   =                        8
 Avail threads   =                        8
 Mop/s total     =                   343.08
 Mop/s/thread    =                    42.89
 Operation type  = Random numbers generated
 Verification    =               SUCCESSFUL
 Version         =                    3.4.3
 Compile date    =              03 Sep 2026

 Compile options:
    FC           = gfortran
    FLINK        = $(FC)
    F_LIB        = -L$(LLVM_BUILD)/lib -lomp
    F_INC        = (none)
    FFLAGS       = -O3 -fopenmp
    FLINKFLAGS   = -O3 -fopenmp
    RAND         = randi8


 Please send all errors/feedbacks to:

 NPB Development Team
 npb@nas.nasa.gov


