OMP: pid 215697 tid 215697 thread 0 bound to OS proc set {64-71}
OMP: pid 215697 tid 215706 thread 1 bound to OS proc set {64-71}
OMP: pid 215697 tid 215714 thread 3 bound to OS proc set {64-71}
OMP: pid 215697 tid 215710 thread 2 bound to OS proc set {64-71}
OMP: pid 215697 tid 215718 thread 4 bound to OS proc set {64-71}
OMP: pid 215697 tid 215727 thread 7 bound to OS proc set {64-71}
OMP: pid 215697 tid 215724 thread 6 bound to OS proc set {64-71}
OMP: pid 215697 tid 215721 thread 5 bound to OS proc set {64-71}
OMP: pid 215697 tid 215697 thread 0 bound to OS proc set {64-71}
[DRM-pin] pid=215697 tid=215710 assigned=68-71 running_on=69
OMP: pid 215697 tid 215710 thread 2 bound to OS proc set {64-71}
[DRM-pin] pid=215697 tid=215706 assigned=68-71 running_on=68
OMP: pid 215697 tid 215706 thread 1 bound to OS proc set {64-71}
[DRM-pin] pid=215697 tid=215714 assigned=68-71 running_on=68
OMP: pid 215697 tid 215714 thread 3 bound to OS proc set {64-71}


 NAS Parallel Benchmarks (NPB3.4-OMP) - EP Benchmark

 Number of random numbers generated:      8589934592
 Number of available threads:                      8

EP Benchmark Results:

CPU Time =    39.145
N = 2^   32
No. Gaussian Pairs =    3373275903.
Sums =     2.691444083862026D+09    2.691519118723236D+09
Counts:
  0    1572172634.
  1    1501108549.
  2     281805648.
  3      17761221.
  4        424017.
  5          3821.
  6            13.
  7             0.
  8             0.
  9             0.


 EP Benchmark Completed.
 Class           =                        C
 Size            =               8589934592
 Iterations      =                        0
 Time in seconds =                    39.15
 Total threads   =                        4
 Avail threads   =                        8
 Warning: Threads used differ from threads available
 Mop/s total     =                   219.44
 Mop/s/thread    =                    54.86
 Operation type  = Random numbers generated
 Verification    =               SUCCESSFUL
 Version         =                    3.4.3
 Compile date    =              03 Sep 2026

 Compile options:
    FC           = gfortran
    FLINK        = $(FC)
    F_LIB        = -L$(LLVM_BUILD)/lib -lomp
    F_INC        = (none)
    FFLAGS       = -O3 -fopenmp
    FLINKFLAGS   = -O3 -fopenmp
    RAND         = randi8


 Please send all errors/feedbacks to:

 NPB Development Team
 npb@nas.nasa.gov


