

 NAS Parallel Benchmarks (NPB3.4-OMP) - CG Benchmark

 Size:      150000
 Iterations:                     75
 Number of available threads:    16

 Initialization time =           0.780 seconds

   iteration           ||r||                 zeta
        1       0.35311833176830E-12   109.9994423237398
        5       0.89257195886186E-15    28.6471670038896
       10       0.91137184801100E-15    28.9496695449000
       15       0.90588753741982E-15    28.9716336228373
       20       0.91525449744142E-15    28.9734210663751
       25       0.90937194002930E-15    28.9735863059385
       30       0.90955692727747E-15    28.9736033967630
       35       0.91021166601560E-15    28.9736053266249
       40       0.90583729192131E-15    28.9736055590700
       45       0.90937511871659E-15    28.9736055884129
       50       0.90994722426770E-15    28.9736055922483
       55       0.90413806735036E-15    28.9736055927636
       60       0.90856018820005E-15    28.9736055928341
       65       0.90824092194902E-15    28.9736055928438
       70       0.90212591481169E-15    28.9736055928452
       75       0.90256762116260E-15    28.9736055928455
 Benchmark completed 
 VERIFICATION SUCCESSFUL 
 Zeta is     0.2897360559285E+02
 Error is    0.1581784714701E-13


 CG Benchmark Completed.
 Class           =                        C
 Size            =                   150000
 Iterations      =                       75
 Time in seconds =                     6.20
 Total threads   =                       16
 Avail threads   =                       16
 Mop/s total     =                 23103.49
 Mop/s/thread    =                  1443.97
 Operation type  =           floating point
 Verification    =               SUCCESSFUL
 Version         =                    3.4.3
 Compile date    =              03 Sep 2026

 Compile options:
    FC           = gfortran
    FLINK        = $(FC)
    F_LIB        = -L$(LLVM_BUILD)/lib -lomp
    F_INC        = (none)
    FFLAGS       = -O3 -fopenmp
    FLINKFLAGS   = -O3 -fopenmp
    RAND         = randi8


 Please send all errors/feedbacks to:

 NPB Development Team
 npb@nas.nasa.gov


