[DRM-pin] pid=111222 tid=111267 assigned=17-32 running_on=24
[DRM-pin] pid=111222 tid=111268 assigned=17-32 running_on=25
[DRM-pin] pid=111222 tid=111263 assigned=17-32 running_on=21
[DRM-pin] pid=111222 tid=111265 assigned=17-32 running_on=22
[DRM-pin] pid=111222 tid=111261 assigned=17-32 running_on=20
[DRM-pin] pid=111222 tid=111258 assigned=17-32 running_on=18
[DRM-pin] pid=111222 tid=111269 assigned=17-32 running_on=26
[DRM-pin] pid=111222 tid=111266 assigned=17-32 running_on=23
[DRM-pin] pid=111222 tid=111260 assigned=17-32 running_on=19
[DRM-pin] pid=111222 tid=111255 assigned=17-32 running_on=17
[DRM-pin] pid=111222 tid=111253 assigned=17-32 running_on=18
[DRM-pin] pid=111222 tid=111249 assigned=17-32 running_on=17
[DRM-pin] pid=111222 tid=111241 assigned=17-32 running_on=25
[DRM-pin] pid=111222 tid=111244 assigned=17-32 running_on=26
[DRM-pin] pid=111222 tid=111247 assigned=17-32 running_on=20
[DRM-pin] pid=111222 tid=111265 assigned=1-32 running_on=22
[DRM-pin] pid=111222 tid=111255 assigned=1-32 running_on=17
[DRM-pin] pid=111222 tid=111253 assigned=1-32 running_on=27
[DRM-pin] pid=111222 tid=111270 assigned=1-32 running_on=1
[DRM-pin] pid=111222 tid=111269 assigned=1-32 running_on=26
[DRM-pin] pid=111222 tid=111268 assigned=1-32 running_on=25
[DRM-pin] pid=111222 tid=111249 assigned=1-32 running_on=19
[DRM-pin] pid=111222 tid=111266 assigned=1-32 running_on=23
[DRM-pin] pid=111222 tid=111241 assigned=1-32 running_on=29
[DRM-pin] pid=111222 tid=111258 assigned=1-32 running_on=18
[DRM-pin] pid=111222 tid=111260 assigned=1-32 running_on=30
[DRM-pin] pid=111222 tid=111244 assigned=1-32 running_on=31
[DRM-pin] pid=111222 tid=111261 assigned=1-32 running_on=28
[DRM-pin] pid=111222 tid=111247 assigned=1-32 running_on=20
[DRM-pin] pid=111222 tid=111267 assigned=1-32 running_on=24
[DRM-pin] pid=111222 tid=111273 assigned=1-32 running_on=30
[DRM-pin] pid=111222 tid=111274 assigned=1-32 running_on=31
[DRM-pin] pid=111222 tid=111278 assigned=1-32 running_on=8
[DRM-pin] pid=111222 tid=111272 assigned=1-32 running_on=29
[DRM-pin] pid=111222 tid=111271 assigned=1-32 running_on=28
[DRM-pin] pid=111222 tid=111277 assigned=1-32 running_on=6
[DRM-pin] pid=111222 tid=111281 assigned=1-32 running_on=2
[DRM-pin] pid=111222 tid=111263 assigned=1-32 running_on=21
[DRM-pin] pid=111222 tid=111280 assigned=1-32 running_on=30
[DRM-pin] pid=111222 tid=111276 assigned=1-32 running_on=31
[DRM-pin] pid=111222 tid=111275 assigned=1-32 running_on=3
[DRM-pin] pid=111222 tid=111285 assigned=1-32 running_on=7
[DRM-pin] pid=111222 tid=111279 assigned=1-32 running_on=9
[DRM-pin] pid=111222 tid=111282 assigned=1-32 running_on=5
[DRM-pin] pid=111222 tid=111284 assigned=1-32 running_on=11
[DRM-pin] pid=111222 tid=111283 assigned=1-32 running_on=12


 NAS Parallel Benchmarks (NPB3.4-OMP) - CG Benchmark

 Size:      150000
 Iterations:                     75
 Number of available threads:    32

 Initialization time =           0.670 seconds

   iteration           ||r||                 zeta
        1       0.35307904286955E-12   109.9994423237398
        5       0.89280091182304E-15    28.6471670038897
       10       0.91210138559819E-15    28.9496695449000
       15       0.90630471499378E-15    28.9716336228373
       20       0.91397007529144E-15    28.9734210663751
       25       0.90982345640611E-15    28.9735863059385
       30       0.90781150833022E-15    28.9736033967631
       35       0.90941145126418E-15    28.9736053266249
       40       0.90682250280604E-15    28.9736055590699
       45       0.91056068453300E-15    28.9736055884128
       50       0.91094336509371E-15    28.9736055922484
       55       0.90362756526505E-15    28.9736055927635
       60       0.90843082819177E-15    28.9736055928340
       65       0.90784314499969E-15    28.9736055928439
       70       0.90214541765628E-15    28.9736055928453
       75       0.90205037436411E-15    28.9736055928455
 Benchmark completed 
 VERIFICATION SUCCESSFUL 
 Zeta is     0.2897360559285E+02
 Error is    0.1728927478859E-13


 CG Benchmark Completed.
 Class           =                        C
 Size            =                   150000
 Iterations      =                       75
 Time in seconds =                     4.79
 Total threads   =                       32
 Avail threads   =                       32
 Mop/s total     =                 29946.72
 Mop/s/thread    =                   935.84
 Operation type  =           floating point
 Verification    =               SUCCESSFUL
 Version         =                    3.4.3
 Compile date    =              03 Sep 2026

 Compile options:
    FC           = gfortran
    FLINK        = $(FC)
    F_LIB        = -L$(LLVM_BUILD)/lib -lomp
    F_INC        = (none)
    FFLAGS       = -O3 -fopenmp
    FLINKFLAGS   = -O3 -fopenmp
    RAND         = randi8


 Please send all errors/feedbacks to:

 NPB Development Team
 npb@nas.nasa.gov


