[DRM-pin] pid=104814 tid=104816 assigned=3-4 running_on=3
[DRM-pin] pid=104814 tid=104816 assigned=1-4 running_on=3
[DRM-pin] pid=104814 tid=104820 assigned=1-4 running_on=2
[DRM-pin] pid=104814 tid=104818 assigned=1-4 running_on=1


 NAS Parallel Benchmarks (NPB3.4-OMP) - CG Benchmark

 Size:      150000
 Iterations:                     75
 Number of available threads:     4

 Initialization time =           2.994 seconds

   iteration           ||r||                 zeta
        1       0.35342824839249E-12   109.9994423237398
        5       0.89276877214531E-15    28.6471670038893
       10       0.91256352507588E-15    28.9496695449003
       15       0.90650478806998E-15    28.9716336228371
       20       0.91458480792034E-15    28.9734210663747
       25       0.90914130467547E-15    28.9735863059382
       30       0.90978387988802E-15    28.9736033967627
       35       0.91074046638291E-15    28.9736053266246
       40       0.90781647817458E-15    28.9736055590700
       45       0.91021191260212E-15    28.9736055884132
       50       0.90949742450063E-15    28.9736055922485
       55       0.90415197413357E-15    28.9736055927632
       60       0.90771813437524E-15    28.9736055928340
       65       0.90544024817310E-15    28.9736055928441
       70       0.90307981296452E-15    28.9736055928455
       75       0.90182016188870E-15    28.9736055928458
 Benchmark completed 
 VERIFICATION SUCCESSFUL 
 Zeta is     0.2897360559285E+02
 Error is    0.2758926827966E-13


 CG Benchmark Completed.
 Class           =                        C
 Size            =                   150000
 Iterations      =                       75
 Time in seconds =                    24.06
 Total threads   =                        4
 Avail threads   =                        4
 Mop/s total     =                  5957.04
 Mop/s/thread    =                  1489.26
 Operation type  =           floating point
 Verification    =               SUCCESSFUL
 Version         =                    3.4.3
 Compile date    =              03 Sep 2026

 Compile options:
    FC           = gfortran
    FLINK        = $(FC)
    F_LIB        = -L$(LLVM_BUILD)/lib -lomp
    F_INC        = (none)
    FFLAGS       = -O3 -fopenmp
    FLINKFLAGS   = -O3 -fopenmp
    RAND         = randi8


 Please send all errors/feedbacks to:

 NPB Development Team
 npb@nas.nasa.gov


