

 NAS Parallel Benchmarks (NPB3.4-OMP) - CG Benchmark

 Size:      150000
 Iterations:                     75
 Number of available threads:     4

 Initialization time =           2.752 seconds

   iteration           ||r||                 zeta
        1       0.35342969571864E-12   109.9994423237398
        5       0.89299533154631E-15    28.6471670038893
       10       0.91195029954327E-15    28.9496695449003
       15       0.90702889138767E-15    28.9716336228371
       20       0.91442689124230E-15    28.9734210663748
       25       0.90793659794024E-15    28.9735863059382
       30       0.90958416501683E-15    28.9736033967627
       35       0.91000038421989E-15    28.9736053266246
       40       0.90718014514419E-15    28.9736055590699
       45       0.91144094119208E-15    28.9736055884132
       50       0.91027195907080E-15    28.9736055922486
       55       0.90346915441297E-15    28.9736055927632
       60       0.90827937463160E-15    28.9736055928339
       65       0.90620840379063E-15    28.9736055928440
       70       0.90287159117189E-15    28.9736055928455
       75       0.90178653013988E-15    28.9736055928458
 Benchmark completed 
 VERIFICATION SUCCESSFUL 
 Zeta is     0.2897360559285E+02
 Error is    0.2709879239913E-13


 CG Benchmark Completed.
 Class           =                        C
 Size            =                   150000
 Iterations      =                       75
 Time in seconds =                    23.79
 Total threads   =                        4
 Avail threads   =                        4
 Mop/s total     =                  6026.71
 Mop/s/thread    =                  1506.68
 Operation type  =           floating point
 Verification    =               SUCCESSFUL
 Version         =                    3.4.3
 Compile date    =              03 Sep 2026

 Compile options:
    FC           = gfortran
    FLINK        = $(FC)
    F_LIB        = -L$(LLVM_BUILD)/lib -lomp
    F_INC        = (none)
    FFLAGS       = -O3 -fopenmp
    FLINKFLAGS   = -O3 -fopenmp
    RAND         = randi8


 Please send all errors/feedbacks to:

 NPB Development Team
 npb@nas.nasa.gov


