[DRM-pin] pid=106909 tid=106910 assigned=5-8 running_on=5
[DRM-pin] pid=106909 tid=106915 assigned=5-8 running_on=6
[DRM-pin] pid=106909 tid=106912 assigned=5-8 running_on=5
[DRM-pin] pid=106909 tid=106912 assigned=1-8 running_on=5
[DRM-pin] pid=106909 tid=106910 assigned=1-8 running_on=6
[DRM-pin] pid=106909 tid=106915 assigned=1-8 running_on=7
[DRM-pin] pid=106909 tid=106921 assigned=1-8 running_on=2
[DRM-pin] pid=106909 tid=106916 assigned=1-8 running_on=1
[DRM-pin] pid=106909 tid=106920 assigned=1-8 running_on=3
[DRM-pin] pid=106909 tid=106918 assigned=1-8 running_on=4


 NAS Parallel Benchmarks (NPB3.4-OMP) - CG Benchmark

 Size:      150000
 Iterations:                     75
 Number of available threads:     8

 Initialization time =           1.647 seconds

   iteration           ||r||                 zeta
        1       0.35328997525708E-12   109.9994423237398
        5       0.89257060237728E-15    28.6471670038893
       10       0.91118316025699E-15    28.9496695449000
       15       0.90743497381992E-15    28.9716336228371
       20       0.91403403847009E-15    28.9734210663752
       25       0.90875622815247E-15    28.9735863059386
       30       0.90814227786272E-15    28.9736033967633
       35       0.91038040920307E-15    28.9736053266247
       40       0.90561820795714E-15    28.9736055590700
       45       0.90836064467711E-15    28.9736055884130
       50       0.91040392792719E-15    28.9736055922483
       55       0.90231238475254E-15    28.9736055927634
       60       0.90960078964069E-15    28.9736055928340
       65       0.90588785574124E-15    28.9736055928440
       70       0.90318099273041E-15    28.9736055928452
       75       0.90211030400695E-15    28.9736055928456
 Benchmark completed 
 VERIFICATION SUCCESSFUL 
 Zeta is     0.2897360559285E+02
 Error is    0.2072260595228E-13


 CG Benchmark Completed.
 Class           =                        C
 Size            =                   150000
 Iterations      =                       75
 Time in seconds =                    12.88
 Total threads   =                        8
 Avail threads   =                        8
 Mop/s total     =                 11125.95
 Mop/s/thread    =                  1390.74
 Operation type  =           floating point
 Verification    =               SUCCESSFUL
 Version         =                    3.4.3
 Compile date    =              03 Sep 2026

 Compile options:
    FC           = gfortran
    FLINK        = $(FC)
    F_LIB        = -L$(LLVM_BUILD)/lib -lomp
    F_INC        = (none)
    FFLAGS       = -O3 -fopenmp
    FLINKFLAGS   = -O3 -fopenmp
    RAND         = randi8


 Please send all errors/feedbacks to:

 NPB Development Team
 npb@nas.nasa.gov


