OMP: pid 55833 tid 55841 thread 4 bound to OS proc set {1-8}
OMP: pid 55833 tid 55839 thread 3 bound to OS proc set {1-8}
OMP: pid 55833 tid 55835 thread 1 bound to OS proc set {1-8}
OMP: pid 55833 tid 55833 thread 0 bound to OS proc set {1-8}
OMP: pid 55833 tid 55837 thread 2 bound to OS proc set {1-8}
OMP: pid 55833 tid 55855 thread 6 bound to OS proc set {1-8}
OMP: pid 55833 tid 55848 thread 5 bound to OS proc set {1-8}
OMP: pid 55833 tid 55864 thread 7 bound to OS proc set {1-8}
[DRM-pin] pid=55833 tid=55835 assigned=1-8 running_on=7
[DRM-pin] pid=55833 tid=55837 assigned=1-8 running_on=4
[DRM-pin] pid=55833 tid=55855 assigned=1-8 running_on=6
[DRM-pin] pid=55833 tid=55848 assigned=1-8 running_on=8
[DRM-pin] pid=55833 tid=55864 assigned=1-8 running_on=1
[DRM-pin] pid=55833 tid=55841 assigned=1-8 running_on=5
[DRM-pin] pid=55833 tid=55839 assigned=1-8 running_on=6
[DRM-pin] pid=55833 tid=55839 assigned=5-8 running_on=6
OMP: pid 55833 tid 55833 thread 0 bound to OS proc set {1-8}
[DRM-pin] pid=55833 tid=55835 assigned=5-8 running_on=7
OMP: pid 55833 tid 55839 thread 3 bound to OS proc set {1-8}
OMP: pid 55833 tid 55835 thread 1 bound to OS proc set {1-8}
[DRM-pin] pid=55833 tid=55837 assigned=5-8 running_on=7
OMP: pid 55833 tid 55837 thread 2 bound to OS proc set {1-8}


 NAS Parallel Benchmarks (NPB3.4-OMP) - CG Benchmark

 Size:      150000
 Iterations:                     75
 Number of available threads:     8

 Initialization time =           3.055 seconds

   iteration           ||r||                 zeta
        1       0.35328997525708E-12   109.9994423237398
        5       0.89249853452338E-15    28.6471670038893
       10       0.91179753343724E-15    28.9496695449003
       15       0.90746658313642E-15    28.9716336228371
       20       0.91518160806653E-15    28.9734210663747
       25       0.90868939477171E-15    28.9735863059382
       30       0.91024053595922E-15    28.9736033967628
       35       0.91033080230080E-15    28.9736053266246
       40       0.90725555161676E-15    28.9736055590700
       45       0.91032246098033E-15    28.9736055884132
       50       0.91041500213995E-15    28.9736055922485
       55       0.90333020727853E-15    28.9736055927632
       60       0.90861449500705E-15    28.9736055928339
       65       0.90539190992609E-15    28.9736055928440
       70       0.90337977489221E-15    28.9736055928455
       75       0.90059763725475E-15    28.9736055928458
 Benchmark completed 
 VERIFICATION SUCCESSFUL 
 Zeta is     0.2897360559285E+02
 Error is    0.2709879239913E-13


 CG Benchmark Completed.
 Class           =                        C
 Size            =                   150000
 Iterations      =                       75
 Time in seconds =                    22.29
 Total threads   =                        4
 Avail threads   =                        8
 Warning: Threads used differ from threads available
 Mop/s total     =                  6429.73
 Mop/s/thread    =                  1607.43
 Operation type  =           floating point
 Verification    =               SUCCESSFUL
 Version         =                    3.4.3
 Compile date    =              03 Sep 2026

 Compile options:
    FC           = gfortran
    FLINK        = $(FC)
    F_LIB        = -L$(LLVM_BUILD)/lib -lomp
    F_INC        = (none)
    FFLAGS       = -O3 -fopenmp
    FLINKFLAGS   = -O3 -fopenmp
    RAND         = randi8


 Please send all errors/feedbacks to:

 NPB Development Team
 npb@nas.nasa.gov


