OMP: pid 103296 tid 103355 thread 15 bound to OS proc set {64-79}
OMP: pid 103296 tid 103296 thread 0 bound to OS proc set {64-79}
OMP: pid 103296 tid 103335 thread 3 bound to OS proc set {64-79}
OMP: pid 103296 tid 103333 thread 2 bound to OS proc set {64-79}
OMP: pid 103296 tid 103351 thread 12 bound to OS proc set {64-79}
OMP: pid 103296 tid 103332 thread 1 bound to OS proc set {64-79}
OMP: pid 103296 tid 103354 thread 14 bound to OS proc set {64-79}
OMP: pid 103296 tid 103346 thread 9 bound to OS proc set {64-79}
OMP: pid 103296 tid 103344 thread 8 bound to OS proc set {64-79}
OMP: pid 103296 tid 103342 thread 7 bound to OS proc set {64-79}
OMP: pid 103296 tid 103350 thread 11 bound to OS proc set {64-79}
OMP: pid 103296 tid 103341 thread 6 bound to OS proc set {64-79}
OMP: pid 103296 tid 103340 thread 5 bound to OS proc set {64-79}
OMP: pid 103296 tid 103337 thread 4 bound to OS proc set {64-79}
OMP: pid 103296 tid 103348 thread 10 bound to OS proc set {64-79}
OMP: pid 103296 tid 103353 thread 13 bound to OS proc set {64-79}


 NAS Parallel Benchmarks (NPB3.4-OMP) - CG Benchmark

 Size:      150000
 Iterations:                     75
 Number of available threads:    16

 Initialization time =           1.704 seconds

   iteration           ||r||                 zeta
        1       0.35304474223347E-12   109.9994423237398
        5       0.89274756011420E-15    28.6471670038896
       10       0.91289587604749E-15    28.9496695449000
       15       0.90688753151705E-15    28.9716336228373
       20       0.91446452303335E-15    28.9734210663750
       25       0.90950901219084E-15    28.9735863059385
       30       0.90852179673092E-15    28.9736033967630
       35       0.91039497113644E-15    28.9736053266249
       40       0.90517012940040E-15    28.9736055590700
       45       0.91089874711986E-15    28.9736055884130
       50       0.90989319684579E-15    28.9736055922482
       55       0.90541507948401E-15    28.9736055927636
       60       0.90913281465771E-15    28.9736055928341
       65       0.90807080667714E-15    28.9736055928438
       70       0.90196937715782E-15    28.9736055928452
       75       0.90219438587060E-15    28.9736055928455
 Benchmark completed 
 VERIFICATION SUCCESSFUL 
 Zeta is     0.2897360559285E+02
 Error is    0.1581784714701E-13


 CG Benchmark Completed.
 Class           =                        C
 Size            =                   150000
 Iterations      =                       75
 Time in seconds =                    19.78
 Total threads   =                       16
 Avail threads   =                       16
 Mop/s total     =                  7248.79
 Mop/s/thread    =                   453.05
 Operation type  =           floating point
 Verification    =               SUCCESSFUL
 Version         =                    3.4.3
 Compile date    =              03 Sep 2026

 Compile options:
    FC           = gfortran
    FLINK        = $(FC)
    F_LIB        = -L$(LLVM_BUILD)/lib -lomp
    F_INC        = (none)
    FFLAGS       = -O3 -fopenmp
    FLINKFLAGS   = -O3 -fopenmp
    RAND         = randi8


 Please send all errors/feedbacks to:

 NPB Development Team
 npb@nas.nasa.gov


