OMP: pid 20496 tid 20510 thread 7 bound to OS proc set {64-95}
OMP: pid 20496 tid 20512 thread 8 bound to OS proc set {64-95}
OMP: pid 20496 tid 20608 thread 28 bound to OS proc set {64-95}
OMP: pid 20496 tid 20523 thread 10 bound to OS proc set {64-95}
OMP: pid 20496 tid 20497 thread 1 bound to OS proc set {64-95}
OMP: pid 20496 tid 20500 thread 4 bound to OS proc set {64-95}
OMP: pid 20496 tid 20508 thread 6 bound to OS proc set {64-95}
OMP: pid 20496 tid 20518 thread 9 bound to OS proc set {64-95}
OMP: pid 20496 tid 20544 thread 15 bound to OS proc set {64-95}
OMP: pid 20496 tid 20504 thread 5 bound to OS proc set {64-95}
OMP: pid 20496 tid 20542 thread 14 bound to OS proc set {64-95}
OMP: pid 20496 tid 20534 thread 12 bound to OS proc set {64-95}
OMP: pid 20496 tid 20546 thread 16 bound to OS proc set {64-95}
OMP: pid 20496 tid 20498 thread 2 bound to OS proc set {64-95}
OMP: pid 20496 tid 20537 thread 13 bound to OS proc set {64-95}
OMP: pid 20496 tid 20499 thread 3 bound to OS proc set {64-95}
OMP: pid 20496 tid 20528 thread 11 bound to OS proc set {64-95}
OMP: pid 20496 tid 20557 thread 19 bound to OS proc set {64-95}
OMP: pid 20496 tid 20496 thread 0 bound to OS proc set {64-95}
OMP: pid 20496 tid 20623 thread 31 bound to OS proc set {64-95}
OMP: pid 20496 tid 20622 thread 30 bound to OS proc set {64-95}
OMP: pid 20496 tid 20620 thread 29 bound to OS proc set {64-95}
OMP: pid 20496 tid 20549 thread 17 bound to OS proc set {64-95}
OMP: pid 20496 tid 20584 thread 24 bound to OS proc set {64-95}
OMP: pid 20496 tid 20605 thread 27 bound to OS proc set {64-95}
OMP: pid 20496 tid 20562 thread 20 bound to OS proc set {64-95}
OMP: pid 20496 tid 20571 thread 22 bound to OS proc set {64-95}
OMP: pid 20496 tid 20577 thread 23 bound to OS proc set {64-95}
OMP: pid 20496 tid 20597 thread 26 bound to OS proc set {64-95}
OMP: pid 20496 tid 20553 thread 18 bound to OS proc set {64-95}
OMP: pid 20496 tid 20566 thread 21 bound to OS proc set {64-95}
OMP: pid 20496 tid 20589 thread 25 bound to OS proc set {64-95}


 NAS Parallel Benchmarks (NPB3.4-OMP) - CG Benchmark

 Size:      150000
 Iterations:                     75
 Number of available threads:    32

 Initialization time =           1.158 seconds

   iteration           ||r||                 zeta
        1       0.35314222412313E-12   109.9994423237398
        5       0.89304327830569E-15    28.6471670038895
       10       0.91175835203022E-15    28.9496695448999
       15       0.90585602061242E-15    28.9716336228371
       20       0.91530343054111E-15    28.9734210663749
       25       0.90905990560879E-15    28.9735863059384
       30       0.91001359026467E-15    28.9736033967631
       35       0.90895797143305E-15    28.9736053266249
       40       0.90620550828891E-15    28.9736055590699
       45       0.91023120224066E-15    28.9736055884127
       50       0.90980198831693E-15    28.9736055922484
       55       0.90323772882774E-15    28.9736055927634
       60       0.90916724981091E-15    28.9736055928340
       65       0.90587892810088E-15    28.9736055928439
       70       0.90058226957652E-15    28.9736055928453
       75       0.90339517346039E-15    28.9736055928455
 Benchmark completed 
 VERIFICATION SUCCESSFUL 
 Zeta is     0.2897360559285E+02
 Error is    0.1679879890806E-13


 CG Benchmark Completed.
 Class           =                        C
 Size            =                   150000
 Iterations      =                       75
 Time in seconds =                    12.46
 Total threads   =                       32
 Avail threads   =                       32
 Mop/s total     =                 11502.53
 Mop/s/thread    =                   359.45
 Operation type  =           floating point
 Verification    =               SUCCESSFUL
 Version         =                    3.4.3
 Compile date    =              03 Sep 2026

 Compile options:
    FC           = gfortran
    FLINK        = $(FC)
    F_LIB        = -L$(LLVM_BUILD)/lib -lomp
    F_INC        = (none)
    FFLAGS       = -O3 -fopenmp
    FLINKFLAGS   = -O3 -fopenmp
    RAND         = randi8


 Please send all errors/feedbacks to:

 NPB Development Team
 npb@nas.nasa.gov


