OMP: pid 55832 tid 55832 thread 0 bound to OS proc set {64-71}
OMP: pid 55832 tid 55847 thread 1 bound to OS proc set {64-71}
OMP: pid 55832 tid 55849 thread 2 bound to OS proc set {64-71}
OMP: pid 55832 tid 55856 thread 4 bound to OS proc set {64-71}
OMP: pid 55832 tid 55850 thread 3 bound to OS proc set {64-71}
OMP: pid 55832 tid 55861 thread 7 bound to OS proc set {64-71}
OMP: pid 55832 tid 55859 thread 6 bound to OS proc set {64-71}
OMP: pid 55832 tid 55857 thread 5 bound to OS proc set {64-71}


 NAS Parallel Benchmarks (NPB3.4-OMP) - CG Benchmark

 Size:      150000
 Iterations:                     75
 Number of available threads:     8

 Initialization time =           3.235 seconds

   iteration           ||r||                 zeta
        1       0.35329229537130E-12   109.9994423237398
        5       0.89155014599440E-15    28.6471670038896
       10       0.91280004217058E-15    28.9496695449001
       15       0.90673890196353E-15    28.9716336228370
       20       0.91363608504878E-15    28.9734210663752
       25       0.90795086730958E-15    28.9735863059386
       30       0.90906377557014E-15    28.9736033967633
       35       0.91109258122208E-15    28.9736053266247
       40       0.90536012714585E-15    28.9736055590700
       45       0.90839021157317E-15    28.9736055884130
       50       0.90945822559042E-15    28.9736055922483
       55       0.90196117721520E-15    28.9736055927634
       60       0.90789865349201E-15    28.9736055928341
       65       0.90564622773874E-15    28.9736055928440
       70       0.90312206802780E-15    28.9736055928452
       75       0.90289820509425E-15    28.9736055928456
 Benchmark completed 
 VERIFICATION SUCCESSFUL 
 Zeta is     0.2897360559285E+02
 Error is    0.2072260595228E-13


 CG Benchmark Completed.
 Class           =                        C
 Size            =                   150000
 Iterations      =                       75
 Time in seconds =                    28.52
 Total threads   =                        8
 Avail threads   =                        8
 Mop/s total     =                  5026.83
 Mop/s/thread    =                   628.35
 Operation type  =           floating point
 Verification    =               SUCCESSFUL
 Version         =                    3.4.3
 Compile date    =              03 Sep 2026

 Compile options:
    FC           = gfortran
    FLINK        = $(FC)
    F_LIB        = -L$(LLVM_BUILD)/lib -lomp
    F_INC        = (none)
    FFLAGS       = -O3 -fopenmp
    FLINKFLAGS   = -O3 -fopenmp
    RAND         = randi8


 Please send all errors/feedbacks to:

 NPB Development Team
 npb@nas.nasa.gov


