OMP: pid 55830 tid 55851 thread 3 bound to OS proc set {1-8}
OMP: pid 55830 tid 55858 thread 4 bound to OS proc set {1-8}
OMP: pid 55830 tid 55830 thread 0 bound to OS proc set {1-8}
OMP: pid 55830 tid 55844 thread 2 bound to OS proc set {1-8}
OMP: pid 55830 tid 55863 thread 7 bound to OS proc set {1-8}
OMP: pid 55830 tid 55843 thread 1 bound to OS proc set {1-8}
OMP: pid 55830 tid 55862 thread 6 bound to OS proc set {1-8}
OMP: pid 55830 tid 55860 thread 5 bound to OS proc set {1-8}
OMP: pid 55830 tid 55830 thread 0 bound to OS proc set {1-8}
[DRM-pin] pid=55830 tid=55844 assigned=1-4 running_on=2
OMP: pid 55830 tid 55844 thread 2 bound to OS proc set {1-8}
[DRM-pin] pid=55830 tid=55851 assigned=1-4 running_on=4
OMP: pid 55830 tid 55851 thread 3 bound to OS proc set {1-8}
[DRM-pin] pid=55830 tid=55843 assigned=1-4 running_on=1
OMP: pid 55830 tid 55843 thread 1 bound to OS proc set {1-8}
OMP: pid 55830 tid 55830 thread 0 bound to OS proc set {1-8}
[DRM-pin] pid=55830 tid=55844 assigned=1-8 running_on=2
OMP: pid 55830 tid 55844 thread 2 bound to OS proc set {1-8}
[DRM-pin] pid=55830 tid=55863 assigned=1-8 running_on=3
OMP: pid 55830 tid 55863 thread 7 bound to OS proc set {1-8}
[DRM-pin] pid=55830 tid=55843 assigned=1-8 running_on=1
OMP: pid 55830 tid 55843 thread 1 bound to OS proc set {1-8}
[DRM-pin] pid=55830 tid=55858 assigned=1-8 running_on=5
[DRM-pin] pid=55830 tid=55860 assigned=1-8 running_on=8
OMP: pid 55830 tid 55858 thread 4 bound to OS proc set {1-8}
OMP: pid 55830 tid 55860 thread 5 bound to OS proc set {1-8}
[DRM-pin] pid=55830 tid=55862 assigned=1-8 running_on=7
[DRM-pin] pid=55830 tid=55851 assigned=1-8 running_on=3
OMP: pid 55830 tid 55862 thread 6 bound to OS proc set {1-8}
OMP: pid 55830 tid 55851 thread 3 bound to OS proc set {1-8}


 NAS Parallel Benchmarks (NPB3.4-OMP) - CG Benchmark

 Size:      150000
 Iterations:                     75
 Number of available threads:     8

 Initialization time =           3.282 seconds

   iteration           ||r||                 zeta
        1       0.35339539423836E-12   109.9994423237398
        5       0.89270821579476E-15    28.6471670038893
       10       0.91163323840756E-15    28.9496695449003
       15       0.90719885583078E-15    28.9716336228371
       20       0.91482324904640E-15    28.9734210663747
       25       0.90904040199745E-15    28.9735863059382
       30       0.91075522987502E-15    28.9736033967627
       35       0.90933880006804E-15    28.9736053266246
       40       0.90751561112283E-15    28.9736055590700
       45       0.91104786289940E-15    28.9736055884132
       50       0.90932792725735E-15    28.9736055922486
       55       0.90355732088958E-15    28.9736055927632
       60       0.90791993556117E-15    28.9736055928339
       65       0.90575085284241E-15    28.9736055928440
       70       0.90284603758553E-15    28.9736055928455
       75       0.90228324322205E-15    28.9736055928456
 Benchmark completed 
 VERIFICATION SUCCESSFUL 
 Zeta is     0.2897360559285E+02
 Error is    0.2072260595228E-13


 CG Benchmark Completed.
 Class           =                        C
 Size            =                   150000
 Iterations      =                       75
 Time in seconds =                    22.85
 Total threads   =                        8
 Avail threads   =                        8
 Mop/s total     =                  6274.09
 Mop/s/thread    =                   784.26
 Operation type  =           floating point
 Verification    =               SUCCESSFUL
 Version         =                    3.4.3
 Compile date    =              03 Sep 2026

 Compile options:
    FC           = gfortran
    FLINK        = $(FC)
    F_LIB        = -L$(LLVM_BUILD)/lib -lomp
    F_INC        = (none)
    FFLAGS       = -O3 -fopenmp
    FLINKFLAGS   = -O3 -fopenmp
    RAND         = randi8


 Please send all errors/feedbacks to:

 NPB Development Team
 npb@nas.nasa.gov


