OMP: pid 20494 tid 20494 thread 0 bound to OS proc set {1-32}
OMP: pid 20494 tid 20519 thread 2 bound to OS proc set {1-32}
OMP: pid 20494 tid 20520 thread 3 bound to OS proc set {1-32}
OMP: pid 20494 tid 20517 thread 1 bound to OS proc set {1-32}
OMP: pid 20494 tid 20538 thread 7 bound to OS proc set {1-32}
OMP: pid 20494 tid 20524 thread 4 bound to OS proc set {1-32}
OMP: pid 20494 tid 20536 thread 6 bound to OS proc set {1-32}
OMP: pid 20494 tid 20558 thread 12 bound to OS proc set {1-32}
OMP: pid 20494 tid 20563 thread 13 bound to OS proc set {1-32}
OMP: pid 20494 tid 20568 thread 14 bound to OS proc set {1-32}
OMP: pid 20494 tid 20556 thread 11 bound to OS proc set {1-32}
OMP: pid 20494 tid 20540 thread 8 bound to OS proc set {1-32}
OMP: pid 20494 tid 20552 thread 10 bound to OS proc set {1-32}
OMP: pid 20494 tid 20535 thread 5 bound to OS proc set {1-32}
OMP: pid 20494 tid 20547 thread 9 bound to OS proc set {1-32}
OMP: pid 20494 tid 20572 thread 15 bound to OS proc set {1-32}
OMP: pid 20494 tid 20617 thread 28 bound to OS proc set {1-32}
OMP: pid 20494 tid 20621 thread 31 bound to OS proc set {1-32}
OMP: pid 20494 tid 20619 thread 30 bound to OS proc set {1-32}
OMP: pid 20494 tid 20618 thread 29 bound to OS proc set {1-32}
OMP: pid 20494 tid 20596 thread 19 bound to OS proc set {1-32}
OMP: pid 20494 tid 20613 thread 24 bound to OS proc set {1-32}
OMP: pid 20494 tid 20590 thread 18 bound to OS proc set {1-32}
OMP: pid 20494 tid 20604 thread 20 bound to OS proc set {1-32}
OMP: pid 20494 tid 20611 thread 22 bound to OS proc set {1-32}
OMP: pid 20494 tid 20609 thread 21 bound to OS proc set {1-32}
OMP: pid 20494 tid 20616 thread 27 bound to OS proc set {1-32}
OMP: pid 20494 tid 20615 thread 26 bound to OS proc set {1-32}
OMP: pid 20494 tid 20614 thread 25 bound to OS proc set {1-32}
OMP: pid 20494 tid 20612 thread 23 bound to OS proc set {1-32}
OMP: pid 20494 tid 20578 thread 16 bound to OS proc set {1-32}
OMP: pid 20494 tid 20585 thread 17 bound to OS proc set {1-32}
OMP: pid 20494 tid 20494 thread 0 bound to OS proc set {1-32}
[DRM-pin] pid=20494 tid=20524 assigned=17-32 running_on=26
OMP: pid 20494 tid 20524 thread 4 bound to OS proc set {1-32}
[DRM-pin] pid=20494 tid=20519 assigned=17-32 running_on=23
OMP: pid 20494 tid 20519 thread 2 bound to OS proc set {1-32}
[DRM-pin] pid=20494 tid=20547 assigned=17-32 running_on=18
OMP: pid 20494 tid 20547 thread 9 bound to OS proc set {1-32}
[DRM-pin] pid=20494 tid=20556 assigned=17-32 running_on=22
OMP: pid 20494 tid 20556 thread 11 bound to OS proc set {1-32}
[DRM-pin] pid=20494 tid=20535 assigned=17-32 running_on=27
OMP: pid 20494 tid 20535 thread 5 bound to OS proc set {1-32}
[DRM-pin] pid=20494 tid=20517 assigned=17-32 running_on=22
OMP: pid 20494 tid 20517 thread 1 bound to OS proc set {1-32}
[DRM-pin] pid=20494 tid=20568 assigned=17-32 running_on=17
OMP: pid 20494 tid 20568 thread 14 bound to OS proc set {1-32}
[DRM-pin] pid=20494 tid=20536 assigned=17-32 running_on=31
OMP: pid 20494 tid 20536 thread 6 bound to OS proc set {1-32}
[DRM-pin] pid=20494 tid=20572 assigned=17-32 running_on=17
OMP: pid 20494 tid 20572 thread 15 bound to OS proc set {1-32}
[DRM-pin] pid=20494 tid=20520 assigned=17-32 running_on=17
[DRM-pin] pid=20494 tid=20538 assigned=17-32 running_on=17
OMP: pid 20494 tid 20538 thread 7 bound to OS proc set {1-32}
[DRM-pin] pid=20494 tid=20552 assigned=17-32 running_on=22
OMP: pid 20494 tid 20552 thread 10 bound to OS proc set {1-32}
[DRM-pin] pid=20494 tid=20558 assigned=17-32 running_on=17
OMP: pid 20494 tid 20558 thread 12 bound to OS proc set {1-32}
[DRM-pin] pid=20494 tid=20540 assigned=17-32 running_on=17
OMP: pid 20494 tid 20540 thread 8 bound to OS proc set {1-32}
OMP: pid 20494 tid 20520 thread 3 bound to OS proc set {1-32}
[DRM-pin] pid=20494 tid=20563 assigned=17-32 running_on=17
OMP: pid 20494 tid 20563 thread 13 bound to OS proc set {1-32}


 NAS Parallel Benchmarks (NPB3.4-OMP) - CG Benchmark

 Size:      150000
 Iterations:                     75
 Number of available threads:    32

 Initialization time =           1.319 seconds

   iteration           ||r||                 zeta
        1       0.35311803506710E-12   109.9994423237398
        5       0.89220628529952E-15    28.6471670038896
       10       0.91268366847928E-15    28.9496695449000
       15       0.90683069200735E-15    28.9716336228372
       20       0.91560776335893E-15    28.9734210663750
       25       0.91002522022537E-15    28.9735863059385
       30       0.90914543934845E-15    28.9736033967630
       35       0.91164570436514E-15    28.9736053266249
       40       0.90618451349658E-15    28.9736055590700
       45       0.91030147801058E-15    28.9736055884129
       50       0.91068322115271E-15    28.9736055922482
       55       0.90315207527229E-15    28.9736055927636
       60       0.90729713445327E-15    28.9736055928341
       65       0.90767462621222E-15    28.9736055928438
       70       0.90247079391132E-15    28.9736055928452
       75       0.90193671134289E-15    28.9736055928454
 Benchmark completed 
 VERIFICATION SUCCESSFUL 
 Zeta is     0.2897360559285E+02
 Error is    0.1532737126648E-13


 CG Benchmark Completed.
 Class           =                        C
 Size            =                   150000
 Iterations      =                       75
 Time in seconds =                     7.31
 Total threads   =                       16
 Avail threads   =                       32
 Warning: Threads used differ from threads available
 Mop/s total     =                 19609.74
 Mop/s/thread    =                  1225.61
 Operation type  =           floating point
 Verification    =               SUCCESSFUL
 Version         =                    3.4.3
 Compile date    =              03 Sep 2026

 Compile options:
    FC           = gfortran
    FLINK        = $(FC)
    F_LIB        = -L$(LLVM_BUILD)/lib -lomp
    F_INC        = (none)
    FFLAGS       = -O3 -fopenmp
    FLINKFLAGS   = -O3 -fopenmp
    RAND         = randi8


 Please send all errors/feedbacks to:

 NPB Development Team
 npb@nas.nasa.gov


