OMP: pid 55834 tid 55838 thread 1 bound to OS proc set {64-71}
OMP: pid 55834 tid 55834 thread 0 bound to OS proc set {64-71}
OMP: pid 55834 tid 55840 thread 2 bound to OS proc set {64-71}
OMP: pid 55834 tid 55845 thread 3 bound to OS proc set {64-71}
OMP: pid 55834 tid 55854 thread 7 bound to OS proc set {64-71}
OMP: pid 55834 tid 55846 thread 4 bound to OS proc set {64-71}
OMP: pid 55834 tid 55853 thread 6 bound to OS proc set {64-71}
OMP: pid 55834 tid 55852 thread 5 bound to OS proc set {64-71}


 NAS Parallel Benchmarks (NPB3.4-OMP) - CG Benchmark

 Size:      150000
 Iterations:                     75
 Number of available threads:     8

 Initialization time =           3.204 seconds

   iteration           ||r||                 zeta
        1       0.35325967281752E-12   109.9994423237398
        5       0.89180223081251E-15    28.6471670038896
       10       0.91209328399425E-15    28.9496695449000
       15       0.90801520190634E-15    28.9716336228370
       20       0.91394606232233E-15    28.9734210663752
       25       0.90930191277775E-15    28.9735863059386
       30       0.90900931819909E-15    28.9736033967633
       35       0.91013176806379E-15    28.9736053266247
       40       0.90588269851495E-15    28.9736055590700
       45       0.90841748550814E-15    28.9736055884130
       50       0.90972583915502E-15    28.9736055922483
       55       0.90408897159513E-15    28.9736055927634
       60       0.90834734382970E-15    28.9736055928341
       65       0.90559478277222E-15    28.9736055928440
       70       0.90216283084495E-15    28.9736055928452
       75       0.90206115571424E-15    28.9736055928456
 Benchmark completed 
 VERIFICATION SUCCESSFUL 
 Zeta is     0.2897360559285E+02
 Error is    0.2023213007175E-13


 CG Benchmark Completed.
 Class           =                        C
 Size            =                   150000
 Iterations      =                       75
 Time in seconds =                    28.83
 Total threads   =                        8
 Avail threads   =                        8
 Mop/s total     =                  4972.83
 Mop/s/thread    =                   621.60
 Operation type  =           floating point
 Verification    =               SUCCESSFUL
 Version         =                    3.4.3
 Compile date    =              03 Sep 2026

 Compile options:
    FC           = gfortran
    FLINK        = $(FC)
    F_LIB        = -L$(LLVM_BUILD)/lib -lomp
    F_INC        = (none)
    FFLAGS       = -O3 -fopenmp
    FLINKFLAGS   = -O3 -fopenmp
    RAND         = randi8


 Please send all errors/feedbacks to:

 NPB Development Team
 npb@nas.nasa.gov


