OMP: pid 177997 tid 177997 thread 0 bound to OS proc set {1}
OMP: pid 177997 tid 178002 thread 2 bound to OS proc set {17}
OMP: pid 177997 tid 178000 thread 1 bound to OS proc set {9}
OMP: pid 177997 tid 178003 thread 3 bound to OS proc set {25}


 NAS Parallel Benchmarks (NPB3.4-OMP) - CG Benchmark

 Size:      150000
 Iterations:                     75
 Number of available threads:     4

 Initialization time =           3.050 seconds

   iteration           ||r||                 zeta
        1       0.35339539423836E-12   109.9994423237398
        5       0.89172979767024E-15    28.6471670038893
       10       0.91236572357521E-15    28.9496695449003
       15       0.90699186681736E-15    28.9716336228371
       20       0.91480593309128E-15    28.9734210663747
       25       0.90939356045815E-15    28.9735863059382
       30       0.91076612396306E-15    28.9736033967627
       35       0.91042414151212E-15    28.9736053266246
       40       0.90792024184130E-15    28.9736055590699
       45       0.91129123590357E-15    28.9736055884132
       50       0.90988406788576E-15    28.9736055922486
       55       0.90433698359564E-15    28.9736055927632
       60       0.90745537740853E-15    28.9736055928339
       65       0.90649254764164E-15    28.9736055928441
       70       0.90344457405588E-15    28.9736055928455
       75       0.90211673494035E-15    28.9736055928458
 Benchmark completed 
 VERIFICATION SUCCESSFUL 
 Zeta is     0.2897360559285E+02
 Error is    0.2807974416019E-13


 CG Benchmark Completed.
 Class           =                        C
 Size            =                   150000
 Iterations      =                       75
 Time in seconds =                    23.30
 Total threads   =                        4
 Avail threads   =                        4
 Mop/s total     =                  6152.66
 Mop/s/thread    =                  1538.16
 Operation type  =           floating point
 Verification    =               SUCCESSFUL
 Version         =                    3.4.3
 Compile date    =              18 Feb 2026

 Compile options:
    FC           = gfortran
    FLINK        = $(FC)
    F_LIB        = -L/dss/dsshome1/09/ga27qam2/llvm-project/bu...
    F_INC        = (none)
    FFLAGS       = -O3 -fopenmp
    FLINKFLAGS   = -O3 -fopenmp
    RAND         = randi8


 Please send all errors/feedbacks to:

 NPB Development Team
 npb@nas.nasa.gov


