OMP: pid 185565 tid 185565 thread 0 bound to OS proc set {1}
OMP: pid 185565 tid 185578 thread 2 bound to OS proc set {3}
OMP: pid 185565 tid 185583 thread 4 bound to OS proc set {5}
OMP: pid 185565 tid 185591 thread 7 bound to OS proc set {8}
OMP: pid 185565 tid 185612 thread 16 bound to OS proc set {17}
OMP: pid 185565 tid 185603 thread 12 bound to OS proc set {13}
OMP: pid 185565 tid 185589 thread 6 bound to OS proc set {7}
OMP: pid 185565 tid 185608 thread 15 bound to OS proc set {16}
OMP: pid 185565 tid 185601 thread 11 bound to OS proc set {12}
OMP: pid 185565 tid 185626 thread 29 bound to OS proc set {30}
OMP: pid 185565 tid 185615 thread 18 bound to OS proc set {19}
OMP: pid 185565 tid 185575 thread 1 bound to OS proc set {2}
OMP: pid 185565 tid 185580 thread 3 bound to OS proc set {4}
OMP: pid 185565 tid 185606 thread 14 bound to OS proc set {15}
OMP: pid 185565 tid 185595 thread 8 bound to OS proc set {9}
OMP: pid 185565 tid 185598 thread 10 bound to OS proc set {11}
OMP: pid 185565 tid 185585 thread 5 bound to OS proc set {6}
OMP: pid 185565 tid 185614 thread 17 bound to OS proc set {18}
OMP: pid 185565 tid 185597 thread 9 bound to OS proc set {10}
OMP: pid 185565 tid 185625 thread 28 bound to OS proc set {29}
OMP: pid 185565 tid 185617 thread 20 bound to OS proc set {21}
OMP: pid 185565 tid 185624 thread 27 bound to OS proc set {28}
OMP: pid 185565 tid 185627 thread 30 bound to OS proc set {31}
OMP: pid 185565 tid 185605 thread 13 bound to OS proc set {14}
OMP: pid 185565 tid 185619 thread 22 bound to OS proc set {23}
OMP: pid 185565 tid 185616 thread 19 bound to OS proc set {20}
OMP: pid 185565 tid 185621 thread 24 bound to OS proc set {25}
OMP: pid 185565 tid 185618 thread 21 bound to OS proc set {22}
OMP: pid 185565 tid 185620 thread 23 bound to OS proc set {24}
OMP: pid 185565 tid 185623 thread 26 bound to OS proc set {27}
OMP: pid 185565 tid 185622 thread 25 bound to OS proc set {26}
OMP: pid 185565 tid 185628 thread 31 bound to OS proc set {32}


 NAS Parallel Benchmarks (NPB3.4-OMP) - CG Benchmark

 Size:      150000
 Iterations:                     75
 Number of available threads:    32

 Initialization time =           0.520 seconds

   iteration           ||r||                 zeta
        1       0.35335142697433E-12   109.9994423237398
        5       0.89326053667835E-15    28.6471670038895
       10       0.91233778896916E-15    28.9496695449000
       15       0.90616729920378E-15    28.9716336228371
       20       0.91397073202693E-15    28.9734210663749
       25       0.90924712383968E-15    28.9735863059384
       30       0.91003989965466E-15    28.9736033967631
       35       0.90923474660433E-15    28.9736053266249
       40       0.90593426621277E-15    28.9736055590700
       45       0.91023204287653E-15    28.9736055884128
       50       0.91001931343006E-15    28.9736055922484
       55       0.90362904743296E-15    28.9736055927634
       60       0.90765413082513E-15    28.9736055928340
       65       0.90793829317037E-15    28.9736055928439
       70       0.90250854000437E-15    28.9736055928453
       75       0.90231594330943E-15    28.9736055928455
 Benchmark completed 
 VERIFICATION SUCCESSFUL 
 Zeta is     0.2897360559285E+02
 Error is    0.1728927478859E-13


 CG Benchmark Completed.
 Class           =                        C
 Size            =                   150000
 Iterations      =                       75
 Time in seconds =                     3.68
 Total threads   =                       32
 Avail threads   =                       32
 Mop/s total     =                 38977.36
 Mop/s/thread    =                  1218.04
 Operation type  =           floating point
 Verification    =               SUCCESSFUL
 Version         =                    3.4.3
 Compile date    =              18 Feb 2026

 Compile options:
    FC           = gfortran
    FLINK        = $(FC)
    F_LIB        = -L/dss/dsshome1/09/ga27qam2/llvm-project/bu...
    F_INC        = (none)
    FFLAGS       = -O3 -fopenmp
    FLINKFLAGS   = -O3 -fopenmp
    RAND         = randi8


 Please send all errors/feedbacks to:

 NPB Development Team
 npb@nas.nasa.gov


