OMP: pid 178833 tid 178833 thread 0 bound to OS proc set {1}
OMP: pid 178833 tid 178837 thread 2 bound to OS proc set {17}
OMP: pid 178833 tid 178838 thread 3 bound to OS proc set {25}
OMP: pid 178833 tid 178836 thread 1 bound to OS proc set {9}


 NAS Parallel Benchmarks (NPB3.4-OMP) - CG Benchmark

 Size:      150000
 Iterations:                     75
 Number of available threads:     4

 Initialization time =           3.013 seconds

   iteration           ||r||                 zeta
        1       0.35329458058168E-12   109.9994423237398
        5       0.89244880009612E-15    28.6471670038893
       10       0.91351231110758E-15    28.9496695449003
       15       0.90754949847023E-15    28.9716336228371
       20       0.91474729019050E-15    28.9734210663747
       25       0.90866527297615E-15    28.9735863059382
       30       0.91164833316670E-15    28.9736033967627
       35       0.90947542485042E-15    28.9736053266246
       40       0.90656150213989E-15    28.9736055590700
       45       0.90995966810944E-15    28.9736055884132
       50       0.90984894362839E-15    28.9736055922485
       55       0.90380664404010E-15    28.9736055927632
       60       0.90836073364534E-15    28.9736055928340
       65       0.90580524210591E-15    28.9736055928440
       70       0.90282474698904E-15    28.9736055928455
       75       0.90133846143513E-15    28.9736055928458
 Benchmark completed 
 VERIFICATION SUCCESSFUL 
 Zeta is     0.2897360559285E+02
 Error is    0.2709879239913E-13


 CG Benchmark Completed.
 Class           =                        C
 Size            =                   150000
 Iterations      =                       75
 Time in seconds =                    21.26
 Total threads   =                        4
 Avail threads   =                        4
 Mop/s total     =                  6743.18
 Mop/s/thread    =                  1685.80
 Operation type  =           floating point
 Verification    =               SUCCESSFUL
 Version         =                    3.4.3
 Compile date    =              18 Feb 2026

 Compile options:
    FC           = gfortran
    FLINK        = $(FC)
    F_LIB        = -L/dss/dsshome1/09/ga27qam2/llvm-project/bu...
    F_INC        = (none)
    FFLAGS       = -O3 -fopenmp
    FLINKFLAGS   = -O3 -fopenmp
    RAND         = randi8


 Please send all errors/feedbacks to:

 NPB Development Team
 npb@nas.nasa.gov


