OMP: pid 183427 tid 183427 thread 0 bound to OS proc set {1}
OMP: pid 183427 tid 183430 thread 1 bound to OS proc set {3}
OMP: pid 183427 tid 183446 thread 9 bound to OS proc set {19}
OMP: pid 183427 tid 183434 thread 3 bound to OS proc set {7}
OMP: pid 183427 tid 183432 thread 2 bound to OS proc set {5}
OMP: pid 183427 tid 183438 thread 5 bound to OS proc set {11}
OMP: pid 183427 tid 183456 thread 14 bound to OS proc set {29}
OMP: pid 183427 tid 183453 thread 12 bound to OS proc set {25}
OMP: pid 183427 tid 183436 thread 4 bound to OS proc set {9}
OMP: pid 183427 tid 183449 thread 10 bound to OS proc set {21}
OMP: pid 183427 tid 183451 thread 11 bound to OS proc set {23}
OMP: pid 183427 tid 183444 thread 8 bound to OS proc set {17}
OMP: pid 183427 tid 183454 thread 13 bound to OS proc set {27}
OMP: pid 183427 tid 183442 thread 6 bound to OS proc set {13}
OMP: pid 183427 tid 183443 thread 7 bound to OS proc set {15}
OMP: pid 183427 tid 183458 thread 15 bound to OS proc set {31}


 NAS Parallel Benchmarks (NPB3.4-OMP) - CG Benchmark

 Size:      150000
 Iterations:                     75
 Number of available threads:    16

 Initialization time =           0.859 seconds

   iteration           ||r||                 zeta
        1       0.35322179547435E-12   109.9994423237398
        5       0.89231713404895E-15    28.6471670038897
       10       0.91287446854283E-15    28.9496695449000
       15       0.90604530975654E-15    28.9716336228373
       20       0.91511034946955E-15    28.9734210663751
       25       0.91019146425910E-15    28.9735863059385
       30       0.90946935292111E-15    28.9736033967630
       35       0.90959124218038E-15    28.9736053266248
       40       0.90591144365548E-15    28.9736055590700
       45       0.91181894165107E-15    28.9736055884129
       50       0.91059714203202E-15    28.9736055922482
       55       0.90403970779576E-15    28.9736055927635
       60       0.90856037175778E-15    28.9736055928341
       65       0.90745230939034E-15    28.9736055928438
       70       0.90251493146828E-15    28.9736055928452
       75       0.90192823496399E-15    28.9736055928455
 Benchmark completed 
 VERIFICATION SUCCESSFUL 
 Zeta is     0.2897360559285E+02
 Error is    0.1630832302753E-13


 CG Benchmark Completed.
 Class           =                        C
 Size            =                   150000
 Iterations      =                       75
 Time in seconds =                     5.83
 Total threads   =                       16
 Avail threads   =                       16
 Mop/s total     =                 24594.46
 Mop/s/thread    =                  1537.15
 Operation type  =           floating point
 Verification    =               SUCCESSFUL
 Version         =                    3.4.3
 Compile date    =              18 Feb 2026

 Compile options:
    FC           = gfortran
    FLINK        = $(FC)
    F_LIB        = -L/dss/dsshome1/09/ga27qam2/llvm-project/bu...
    F_INC        = (none)
    FFLAGS       = -O3 -fopenmp
    FLINKFLAGS   = -O3 -fopenmp
    RAND         = randi8


 Please send all errors/feedbacks to:

 NPB Development Team
 npb@nas.nasa.gov


