OMP: pid 44631 tid 44689 thread 14 bound to OS proc set {56-87}
OMP: pid 44631 tid 44672 thread 11 bound to OS proc set {56-87}
OMP: pid 44631 tid 44631 thread 0 bound to OS proc set {56-87}
OMP: pid 44631 tid 44640 thread 3 bound to OS proc set {56-87}
OMP: pid 44631 tid 44638 thread 2 bound to OS proc set {56-87}
OMP: pid 44631 tid 44643 thread 4 bound to OS proc set {56-87}
OMP: pid 44631 tid 44637 thread 1 bound to OS proc set {56-87}
OMP: pid 44631 tid 44679 thread 12 bound to OS proc set {56-87}
OMP: pid 44631 tid 44742 thread 28 bound to OS proc set {56-87}
OMP: pid 44631 tid 44694 thread 15 bound to OS proc set {56-87}
OMP: pid 44631 tid 44685 thread 13 bound to OS proc set {56-87}
OMP: pid 44631 tid 44662 thread 9 bound to OS proc set {56-87}
OMP: pid 44631 tid 44654 thread 7 bound to OS proc set {56-87}
OMP: pid 44631 tid 44650 thread 6 bound to OS proc set {56-87}
OMP: pid 44631 tid 44707 thread 19 bound to OS proc set {56-87}
OMP: pid 44631 tid 44668 thread 10 bound to OS proc set {56-87}
OMP: pid 44631 tid 44738 thread 27 bound to OS proc set {56-87}
OMP: pid 44631 tid 44646 thread 5 bound to OS proc set {56-87}
OMP: pid 44631 tid 44750 thread 30 bound to OS proc set {56-87}
OMP: pid 44631 tid 44726 thread 24 bound to OS proc set {56-87}
OMP: pid 44631 tid 44703 thread 18 bound to OS proc set {56-87}
OMP: pid 44631 tid 44698 thread 16 bound to OS proc set {56-87}
OMP: pid 44631 tid 44746 thread 29 bound to OS proc set {56-87}
OMP: pid 44631 tid 44723 thread 23 bound to OS proc set {56-87}
OMP: pid 44631 tid 44734 thread 26 bound to OS proc set {56-87}
OMP: pid 44631 tid 44730 thread 25 bound to OS proc set {56-87}
OMP: pid 44631 tid 44700 thread 17 bound to OS proc set {56-87}
OMP: pid 44631 tid 44710 thread 20 bound to OS proc set {56-87}
OMP: pid 44631 tid 44715 thread 21 bound to OS proc set {56-87}
OMP: pid 44631 tid 44719 thread 22 bound to OS proc set {56-87}
OMP: pid 44631 tid 44658 thread 8 bound to OS proc set {56-87}
OMP: pid 44631 tid 44753 thread 31 bound to OS proc set {56-87}


 NAS Parallel Benchmarks (NPB3.4-OMP) - EP Benchmark

 Number of random numbers generated:      8589934592
 Number of available threads:                     32

EP Benchmark Results:

CPU Time =     3.635
N = 2^   32
No. Gaussian Pairs =    3373275903.
Sums =     2.691444083863085D+09    2.691519118724447D+09
Counts:
  0    1572172634.
  1    1501108549.
  2     281805648.
  3      17761221.
  4        424017.
  5          3821.
  6            13.
  7             0.
  8             0.
  9             0.


 EP Benchmark Completed.
 Class           =                        C
 Size            =               8589934592
 Iterations      =                        0
 Time in seconds =                     3.64
 Total threads   =                       32
 Avail threads   =                       32
 Mop/s total     =                  2363.06
 Mop/s/thread    =                    73.85
 Operation type  = Random numbers generated
 Verification    =               SUCCESSFUL
 Version         =                    3.4.3
 Compile date    =              18 Feb 2026

 Compile options:
    FC           = gfortran
    FLINK        = $(FC)
    F_LIB        = -L/dss/dsshome1/09/ga27qam2/llvm-project/bu...
    F_INC        = (none)
    FFLAGS       = -O3 -fopenmp
    FLINKFLAGS   = -O3 -fopenmp
    RAND         = randi8


 Please send all errors/feedbacks to:

 NPB Development Team
 npb@nas.nasa.gov


