PID: 200587
native_threads_start = 1
[SEQ region 1] requested=16 native_threads_before=1
OMP: pid 200587 tid 200588 thread 1 bound to OS proc set {0-15}
OMP: pid 200587 tid 200601 thread 14 bound to OS proc set {0-15}
OMP: pid 200587 tid 200589 thread 2 bound to OS proc set {0-15}
OMP: pid 200587 tid 200591 thread 4 bound to OS proc set {0-15}
OMP: pid 200587 tid 200598 thread 11 bound to OS proc set {0-15}
OMP: pid 200587 tid 200595 thread 8 bound to OS proc set {0-15}
OMP: pid 200587 tid 200602 thread 15 bound to OS proc set {0-15}
OMP: pid 200587 tid 200587 thread 0 bound to OS proc set {0-15}
OMP: pid 200587 tid 200600 thread 13 bound to OS proc set {0-15}
OMP: pid 200587 tid 200594 thread 7 bound to OS proc set {0-15}
OMP: pid 200587 tid 200599 thread 12 bound to OS proc set {0-15}
OMP: pid 200587 tid 200597 thread 10 bound to OS proc set {0-15}
OMP: pid 200587 tid 200593 thread 6 bound to OS proc set {0-15}
OMP: pid 200587 tid 200596 thread 9 bound to OS proc set {0-15}
OMP: pid 200587 tid 200590 thread 3 bound to OS proc set {0-15}
OMP: pid 200587 tid 200592 thread 5 bound to OS proc set {0-15}
[SEQ region 1] omp_tid=1/16 pthread=23223313414976 os_tid=200588
[SEQ region 1] omp_tid=0/16 pthread=23223317074752 os_tid=200587
[SEQ region 1] omp_tid=3/16 pthread=23222955273280 os_tid=200590
[SEQ region 1] omp_tid=8/16 pthread=23221948640960 os_tid=200595
[SEQ region 1] omp_tid=5/16 pthread=23222552620352 os_tid=200592
[SEQ region 1] omp_tid=12/16 pthread=23221143335104 os_tid=200599
[SEQ region 1] omp_tid=13/16 pthread=23221076218176 os_tid=200600
[SEQ region 1] omp_tid=10/16 pthread=23221680197568 os_tid=200597
[SEQ region 1] omp_tid=14/16 pthread=23221009101248 os_tid=200601
[SEQ region 1] omp_tid=2/16 pthread=23223156599744 os_tid=200589
[SEQ region 1] omp_tid=9/16 pthread=23221747314496 os_tid=200596
[SEQ region 1] omp_tid=11/16 pthread=23221478879296 os_tid=200598
[SEQ region 1] omp_tid=4/16 pthread=23222753946816 os_tid=200591
[SEQ region 1] omp_tid=15/16 pthread=23220807791168 os_tid=200602
[SEQ region 1] omp_tid=6/16 pthread=23222351293888 os_tid=200593
[SEQ region 1] omp_tid=7/16 pthread=23222149967424 os_tid=200594
[SEQ region 1] team_size=16 native_threads_after=16
[SEQ region 2] requested=4 native_threads_before=16
OMP: pid 200587 tid 200590 thread 3 bound to OS proc set {0-15}
OMP: pid 200587 tid 200587 thread 0 bound to OS proc set {0-15}
OMP: pid 200587 tid 200588 thread 1 bound to OS proc set {0-15}
OMP: pid 200587 tid 200589 thread 2 bound to OS proc set {0-15}
[SEQ region 2] omp_tid=0/4 pthread=23223317074752 os_tid=200587
[SEQ region 2] omp_tid=1/4 pthread=23223313414976 os_tid=200588
[SEQ region 2] omp_tid=3/4 pthread=23222955273280 os_tid=200590
[SEQ region 2] omp_tid=2/4 pthread=23223156599744 os_tid=200589
[SEQ region 2] team_size=4 native_threads_after=16
[SEQ region 3] requested=4 native_threads_before=16
[SEQ region 3] omp_tid=3/4 pthread=23222955273280 os_tid=200590
[SEQ region 3] omp_tid=2/4 pthread=23223156599744 os_tid=200589
[SEQ region 3] omp_tid=0/4 pthread=23223317074752 os_tid=200587
[SEQ region 3] omp_tid=1/4 pthread=23223313414976 os_tid=200588
[SEQ region 3] team_size=4 native_threads_after=16
native_threads_end = 16
 Iterations      =                        2
 Time in seconds =                     3.01
 Total threads   =                       16
 Avail threads   =                       16
 Mop/s total     =                     0.00
 Mop/s/thread    =                     0.00
 Operation type  =           floating point
done
