OMP: pid 56717 tid 56747 thread 2 bound to OS proc set {64-95}
OMP: pid 56717 tid 56717 thread 0 bound to OS proc set {64-95}
OMP: pid 56717 tid 56804 thread 15 bound to OS proc set {64-95}
OMP: pid 56717 tid 56794 thread 14 bound to OS proc set {64-95}
OMP: pid 56717 tid 56752 thread 3 bound to OS proc set {64-95}
OMP: pid 56717 tid 56789 thread 12 bound to OS proc set {64-95}
OMP: pid 56717 tid 56744 thread 1 bound to OS proc set {64-95}
OMP: pid 56717 tid 56753 thread 4 bound to OS proc set {64-95}
OMP: pid 56717 tid 56788 thread 11 bound to OS proc set {64-95}
OMP: pid 56717 tid 56775 thread 8 bound to OS proc set {64-95}
OMP: pid 56717 tid 56832 thread 30 bound to OS proc set {64-95}
OMP: pid 56717 tid 56816 thread 19 bound to OS proc set {64-95}
OMP: pid 56717 tid 56807 thread 16 bound to OS proc set {64-95}
OMP: pid 56717 tid 56780 thread 10 bound to OS proc set {64-95}
OMP: pid 56717 tid 56791 thread 13 bound to OS proc set {64-95}
OMP: pid 56717 tid 56834 thread 31 bound to OS proc set {64-95}
OMP: pid 56717 tid 56829 thread 28 bound to OS proc set {64-95}
OMP: pid 56717 tid 56770 thread 7 bound to OS proc set {64-95}
OMP: pid 56717 tid 56776 thread 9 bound to OS proc set {64-95}
OMP: pid 56717 tid 56764 thread 6 bound to OS proc set {64-95}
OMP: pid 56717 tid 56814 thread 18 bound to OS proc set {64-95}
OMP: pid 56717 tid 56759 thread 5 bound to OS proc set {64-95}
OMP: pid 56717 tid 56822 thread 23 bound to OS proc set {64-95}
OMP: pid 56717 tid 56817 thread 20 bound to OS proc set {64-95}
OMP: pid 56717 tid 56809 thread 17 bound to OS proc set {64-95}
OMP: pid 56717 tid 56820 thread 22 bound to OS proc set {64-95}
OMP: pid 56717 tid 56823 thread 24 bound to OS proc set {64-95}
OMP: pid 56717 tid 56828 thread 27 bound to OS proc set {64-95}
OMP: pid 56717 tid 56826 thread 26 bound to OS proc set {64-95}
OMP: pid 56717 tid 56824 thread 25 bound to OS proc set {64-95}
OMP: pid 56717 tid 56830 thread 29 bound to OS proc set {64-95}
OMP: pid 56717 tid 56818 thread 21 bound to OS proc set {64-95}


 NAS Parallel Benchmarks (NPB3.4-OMP) - CG Benchmark

 Size:      150000
 Iterations:                     75
 Number of available threads:    32

 Initialization time =           1.153 seconds

   iteration           ||r||                 zeta
        1       0.35343091635054E-12   109.9994423237398
        5       0.89210669543893E-15    28.6471670038895
       10       0.91184522956844E-15    28.9496695448999
       15       0.90584051383202E-15    28.9716336228371
       20       0.91401973506018E-15    28.9734210663749
       25       0.90870107482852E-15    28.9735863059384
       30       0.90939180856129E-15    28.9736033967631
       35       0.90951444126978E-15    28.9736053266249
       40       0.90621409504801E-15    28.9736055590699
       45       0.91083277390713E-15    28.9736055884128
       50       0.90906812314516E-15    28.9736055922484
       55       0.90256887593235E-15    28.9736055927634
       60       0.90788596817046E-15    28.9736055928340
       65       0.90731633585484E-15    28.9736055928439
       70       0.90268817528271E-15    28.9736055928452
       75       0.90183085474929E-15    28.9736055928455
 Benchmark completed 
 VERIFICATION SUCCESSFUL 
 Zeta is     0.2897360559285E+02
 Error is    0.1777975066912E-13


 CG Benchmark Completed.
 Class           =                        C
 Size            =                   150000
 Iterations      =                       75
 Time in seconds =                    11.69
 Total threads   =                       32
 Avail threads   =                       32
 Mop/s total     =                 12260.84
 Mop/s/thread    =                   383.15
 Operation type  =           floating point
 Verification    =               SUCCESSFUL
 Version         =                    3.4.3
 Compile date    =              03 Sep 2026

 Compile options:
    FC           = gfortran
    FLINK        = $(FC)
    F_LIB        = -L$(LLVM_BUILD)/lib -lomp
    F_INC        = (none)
    FFLAGS       = -O3 -fopenmp
    FLINKFLAGS   = -O3 -fopenmp
    RAND         = randi8


 Please send all errors/feedbacks to:

 NPB Development Team
 npb@nas.nasa.gov


