OMP: pid 56718 tid 56718 thread 0 bound to OS proc set {64-95}
OMP: pid 56718 tid 56757 thread 2 bound to OS proc set {64-95}
OMP: pid 56718 tid 56763 thread 3 bound to OS proc set {64-95}
OMP: pid 56718 tid 56756 thread 1 bound to OS proc set {64-95}
OMP: pid 56718 tid 56767 thread 4 bound to OS proc set {64-95}
OMP: pid 56718 tid 56771 thread 6 bound to OS proc set {64-95}
OMP: pid 56718 tid 56769 thread 5 bound to OS proc set {64-95}
OMP: pid 56718 tid 56837 thread 24 bound to OS proc set {64-95}
OMP: pid 56718 tid 56840 thread 27 bound to OS proc set {64-95}
OMP: pid 56718 tid 56839 thread 26 bound to OS proc set {64-95}
OMP: pid 56718 tid 56838 thread 25 bound to OS proc set {64-95}
OMP: pid 56718 tid 56778 thread 7 bound to OS proc set {64-95}
OMP: pid 56718 tid 56792 thread 11 bound to OS proc set {64-95}
OMP: pid 56718 tid 56787 thread 10 bound to OS proc set {64-95}
OMP: pid 56718 tid 56785 thread 9 bound to OS proc set {64-95}
OMP: pid 56718 tid 56783 thread 8 bound to OS proc set {64-95}
OMP: pid 56718 tid 56803 thread 12 bound to OS proc set {64-95}
OMP: pid 56718 tid 56811 thread 13 bound to OS proc set {64-95}
OMP: pid 56718 tid 56813 thread 14 bound to OS proc set {64-95}
OMP: pid 56718 tid 56815 thread 15 bound to OS proc set {64-95}
OMP: pid 56718 tid 56844 thread 31 bound to OS proc set {64-95}
OMP: pid 56718 tid 56841 thread 28 bound to OS proc set {64-95}
OMP: pid 56718 tid 56843 thread 30 bound to OS proc set {64-95}
OMP: pid 56718 tid 56842 thread 29 bound to OS proc set {64-95}
OMP: pid 56718 tid 56819 thread 16 bound to OS proc set {64-95}
OMP: pid 56718 tid 56836 thread 23 bound to OS proc set {64-95}
OMP: pid 56718 tid 56827 thread 19 bound to OS proc set {64-95}
OMP: pid 56718 tid 56825 thread 18 bound to OS proc set {64-95}
OMP: pid 56718 tid 56831 thread 20 bound to OS proc set {64-95}
OMP: pid 56718 tid 56821 thread 17 bound to OS proc set {64-95}
OMP: pid 56718 tid 56835 thread 22 bound to OS proc set {64-95}
OMP: pid 56718 tid 56833 thread 21 bound to OS proc set {64-95}


 NAS Parallel Benchmarks (NPB3.4-OMP) - CG Benchmark

 Size:      150000
 Iterations:                     75
 Number of available threads:    32

 Initialization time =           1.100 seconds

   iteration           ||r||                 zeta
        1       0.35316655112740E-12   109.9994423237398
        5       0.89327665703212E-15    28.6471670038895
       10       0.91163597362338E-15    28.9496695449000
       15       0.90657437131490E-15    28.9716336228371
       20       0.91527571121637E-15    28.9734210663749
       25       0.90932974068074E-15    28.9735863059384
       30       0.90902162738104E-15    28.9736033967631
       35       0.91099176845815E-15    28.9736053266250
       40       0.90625318296757E-15    28.9736055590699
       45       0.91085122606220E-15    28.9736055884128
       50       0.90918797290193E-15    28.9736055922484
       55       0.90223757975085E-15    28.9736055927634
       60       0.90907283195075E-15    28.9736055928340
       65       0.90679326275167E-15    28.9736055928439
       70       0.90082572891268E-15    28.9736055928452
       75       0.90188768800043E-15    28.9736055928455
 Benchmark completed 
 VERIFICATION SUCCESSFUL 
 Zeta is     0.2897360559285E+02
 Error is    0.1679879890806E-13


 CG Benchmark Completed.
 Class           =                        C
 Size            =                   150000
 Iterations      =                       75
 Time in seconds =                    11.97
 Total threads   =                       32
 Avail threads   =                       32
 Mop/s total     =                 11975.46
 Mop/s/thread    =                   374.23
 Operation type  =           floating point
 Verification    =               SUCCESSFUL
 Version         =                    3.4.3
 Compile date    =              03 Sep 2026

 Compile options:
    FC           = gfortran
    FLINK        = $(FC)
    F_LIB        = -L$(LLVM_BUILD)/lib -lomp
    F_INC        = (none)
    FFLAGS       = -O3 -fopenmp
    FLINKFLAGS   = -O3 -fopenmp
    RAND         = randi8


 Please send all errors/feedbacks to:

 NPB Development Team
 npb@nas.nasa.gov


