OMP: pid 169332 tid 169332 thread 0 bound to OS proc set {64-79}
OMP: pid 169332 tid 169340 thread 4 bound to OS proc set {64-79}
OMP: pid 169332 tid 169338 thread 3 bound to OS proc set {64-79}
OMP: pid 169332 tid 169351 thread 7 bound to OS proc set {64-79}
OMP: pid 169332 tid 169369 thread 15 bound to OS proc set {64-79}
OMP: pid 169332 tid 169335 thread 1 bound to OS proc set {64-79}
OMP: pid 169332 tid 169337 thread 2 bound to OS proc set {64-79}
OMP: pid 169332 tid 169346 thread 6 bound to OS proc set {64-79}
OMP: pid 169332 tid 169358 thread 10 bound to OS proc set {64-79}
OMP: pid 169332 tid 169341 thread 5 bound to OS proc set {64-79}
OMP: pid 169332 tid 169363 thread 12 bound to OS proc set {64-79}
OMP: pid 169332 tid 169367 thread 14 bound to OS proc set {64-79}
OMP: pid 169332 tid 169352 thread 8 bound to OS proc set {64-79}
OMP: pid 169332 tid 169362 thread 11 bound to OS proc set {64-79}
OMP: pid 169332 tid 169365 thread 13 bound to OS proc set {64-79}
OMP: pid 169332 tid 169353 thread 9 bound to OS proc set {64-79}


 NAS Parallel Benchmarks (NPB3.4-OMP) - CG Benchmark

 Size:      150000
 Iterations:                     75
 Number of available threads:    16

 Initialization time =           1.824 seconds

   iteration           ||r||                 zeta
        1       0.35310686495818E-12   109.9994423237398
        5       0.89200895256719E-15    28.6471670038896
       10       0.91197840874835E-15    28.9496695449000
       15       0.90607234250629E-15    28.9716336228373
       20       0.91686815082144E-15    28.9734210663751
       25       0.90918029745379E-15    28.9735863059385
       30       0.90796459755768E-15    28.9736033967630
       35       0.91028392672747E-15    28.9736053266248
       40       0.90546390657354E-15    28.9736055590700
       45       0.91025196769692E-15    28.9736055884130
       50       0.91107805422725E-15    28.9736055922482
       55       0.90368095023287E-15    28.9736055927636
       60       0.90793770125625E-15    28.9736055928341
       65       0.90857776752521E-15    28.9736055928438
       70       0.90212668481883E-15    28.9736055928452
       75       0.90254030354205E-15    28.9736055928455
 Benchmark completed 
 VERIFICATION SUCCESSFUL 
 Zeta is     0.2897360559285E+02
 Error is    0.1630832302753E-13


 CG Benchmark Completed.
 Class           =                        C
 Size            =                   150000
 Iterations      =                       75
 Time in seconds =                    21.32
 Total threads   =                       16
 Avail threads   =                       16
 Mop/s total     =                  6725.15
 Mop/s/thread    =                   420.32
 Operation type  =           floating point
 Verification    =               SUCCESSFUL
 Version         =                    3.4.3
 Compile date    =              03 Sep 2026

 Compile options:
    FC           = gfortran
    FLINK        = $(FC)
    F_LIB        = -L$(LLVM_BUILD)/lib -lomp
    F_INC        = (none)
    FFLAGS       = -O3 -fopenmp
    FLINKFLAGS   = -O3 -fopenmp
    RAND         = randi8


 Please send all errors/feedbacks to:

 NPB Development Team
 npb@nas.nasa.gov


