OMP: pid 173484 tid 173484 thread 0 bound to OS proc set {64-71}
OMP: pid 173484 tid 173505 thread 4 bound to OS proc set {64-71}
OMP: pid 173484 tid 173502 thread 1 bound to OS proc set {64-71}
OMP: pid 173484 tid 173504 thread 3 bound to OS proc set {64-71}
OMP: pid 173484 tid 173508 thread 6 bound to OS proc set {64-71}
OMP: pid 173484 tid 173509 thread 7 bound to OS proc set {64-71}
OMP: pid 173484 tid 173503 thread 2 bound to OS proc set {64-71}
OMP: pid 173484 tid 173507 thread 5 bound to OS proc set {64-71}


 NAS Parallel Benchmarks (NPB3.4-OMP) - CG Benchmark

 Size:      150000
 Iterations:                     75
 Number of available threads:     8

 Initialization time =           3.110 seconds

   iteration           ||r||                 zeta
        1       0.35330630295522E-12   109.9994423237398
        5       0.89238832741230E-15    28.6471670038896
       10       0.91214776746617E-15    28.9496695449000
       15       0.90708674264497E-15    28.9716336228371
       20       0.91349358939379E-15    28.9734210663752
       25       0.90866226523615E-15    28.9735863059386
       30       0.90843752897887E-15    28.9736033967633
       35       0.91121809239164E-15    28.9736053266247
       40       0.90671936706333E-15    28.9736055590700
       45       0.90828430794341E-15    28.9736055884130
       50       0.90962629602479E-15    28.9736055922483
       55       0.90454574565894E-15    28.9736055927634
       60       0.90857781887187E-15    28.9736055928341
       65       0.90612475277653E-15    28.9736055928440
       70       0.90282168927524E-15    28.9736055928452
       75       0.90204881059951E-15    28.9736055928456
 Benchmark completed 
 VERIFICATION SUCCESSFUL 
 Zeta is     0.2897360559285E+02
 Error is    0.2023213007175E-13


 CG Benchmark Completed.
 Class           =                        C
 Size            =                   150000
 Iterations      =                       75
 Time in seconds =                    31.25
 Total threads   =                        8
 Avail threads   =                        8
 Mop/s total     =                  4586.89
 Mop/s/thread    =                   573.36
 Operation type  =           floating point
 Verification    =               SUCCESSFUL
 Version         =                    3.4.3
 Compile date    =              03 Sep 2026

 Compile options:
    FC           = gfortran
    FLINK        = $(FC)
    F_LIB        = -L$(LLVM_BUILD)/lib -lomp
    F_INC        = (none)
    FFLAGS       = -O3 -fopenmp
    FLINKFLAGS   = -O3 -fopenmp
    RAND         = randi8


 Please send all errors/feedbacks to:

 NPB Development Team
 npb@nas.nasa.gov


