OMP: pid 169333 tid 169333 thread 0 bound to OS proc set {1-16}
OMP: pid 169333 tid 169350 thread 3 bound to OS proc set {1-16}
OMP: pid 169333 tid 169345 thread 1 bound to OS proc set {1-16}
OMP: pid 169333 tid 169349 thread 2 bound to OS proc set {1-16}
OMP: pid 169333 tid 169382 thread 12 bound to OS proc set {1-16}
OMP: pid 169333 tid 169391 thread 15 bound to OS proc set {1-16}
OMP: pid 169333 tid 169370 thread 8 bound to OS proc set {1-16}
OMP: pid 169333 tid 169385 thread 14 bound to OS proc set {1-16}
OMP: pid 169333 tid 169375 thread 11 bound to OS proc set {1-16}
OMP: pid 169333 tid 169356 thread 4 bound to OS proc set {1-16}
OMP: pid 169333 tid 169372 thread 10 bound to OS proc set {1-16}
OMP: pid 169333 tid 169357 thread 5 bound to OS proc set {1-16}
OMP: pid 169333 tid 169383 thread 13 bound to OS proc set {1-16}
OMP: pid 169333 tid 169371 thread 9 bound to OS proc set {1-16}
OMP: pid 169333 tid 169364 thread 7 bound to OS proc set {1-16}
OMP: pid 169333 tid 169360 thread 6 bound to OS proc set {1-16}
OMP: pid 169333 tid 169333 thread 0 bound to OS proc set {1-16}
[DRM-pin] pid=169333 tid=169357 assigned=9-16 running_on=15
[DRM-pin] pid=169333 tid=169350 assigned=9-16 running_on=11
OMP: pid 169333 tid 169357 thread 5 bound to OS proc set {1-16}
OMP: pid 169333 tid 169350 thread 3 bound to OS proc set {1-16}
[DRM-pin] pid=169333 tid=169360 assigned=9-16 running_on=16
OMP: pid 169333 tid 169360 thread 6 bound to OS proc set {1-16}
[DRM-pin] pid=169333 tid=169356 assigned=9-16 running_on=9
OMP: pid 169333 tid 169356 thread 4 bound to OS proc set {1-16}
[DRM-pin] pid=169333 tid=169345 assigned=9-16 running_on=9
OMP: pid 169333 tid 169345 thread 1 bound to OS proc set {1-16}
[DRM-pin] pid=169333 tid=169349 assigned=9-16 running_on=9
OMP: pid 169333 tid 169349 thread 2 bound to OS proc set {1-16}
[DRM-pin] pid=169333 tid=169364 assigned=9-16 running_on=10
OMP: pid 169333 tid 169364 thread 7 bound to OS proc set {1-16}


 NAS Parallel Benchmarks (NPB3.4-OMP) - CG Benchmark

 Size:      150000
 Iterations:                     75
 Number of available threads:    16

 Initialization time =           1.909 seconds

   iteration           ||r||                 zeta
        1       0.35329100448256E-12   109.9994423237398
        5       0.89202521413949E-15    28.6471670038896
       10       0.91158708664893E-15    28.9496695449000
       15       0.90771095843199E-15    28.9716336228371
       20       0.91484512852756E-15    28.9734210663752
       25       0.90897674696013E-15    28.9735863059386
       30       0.90851832353557E-15    28.9736033967633
       35       0.90981981779627E-15    28.9736053266247
       40       0.90571213138732E-15    28.9736055590700
       45       0.90801989918094E-15    28.9736055884130
       50       0.90957053756605E-15    28.9736055922483
       55       0.90256140833758E-15    28.9736055927634
       60       0.90872991393678E-15    28.9736055928341
       65       0.90680313903680E-15    28.9736055928440
       70       0.90132185232937E-15    28.9736055928452
       75       0.90235914032700E-15    28.9736055928456
 Benchmark completed 
 VERIFICATION SUCCESSFUL 
 Zeta is     0.2897360559285E+02
 Error is    0.2121308183281E-13


 CG Benchmark Completed.
 Class           =                        C
 Size            =                   150000
 Iterations      =                       75
 Time in seconds =                    14.08
 Total threads   =                        8
 Avail threads   =                       16
 Warning: Threads used differ from threads available
 Mop/s total     =                 10179.75
 Mop/s/thread    =                  1272.47
 Operation type  =           floating point
 Verification    =               SUCCESSFUL
 Version         =                    3.4.3
 Compile date    =              03 Sep 2026

 Compile options:
    FC           = gfortran
    FLINK        = $(FC)
    F_LIB        = -L$(LLVM_BUILD)/lib -lomp
    F_INC        = (none)
    FFLAGS       = -O3 -fopenmp
    FLINKFLAGS   = -O3 -fopenmp
    RAND         = randi8


 Please send all errors/feedbacks to:

 NPB Development Team
 npb@nas.nasa.gov


