OMP: pid 180484 tid 180484 thread 0 bound to OS proc set {64-67}
OMP: pid 180484 tid 180491 thread 3 bound to OS proc set {64-67}
OMP: pid 180484 tid 180486 thread 1 bound to OS proc set {64-67}
OMP: pid 180484 tid 180489 thread 2 bound to OS proc set {64-67}


 NAS Parallel Benchmarks (NPB3.4-OMP) - CG Benchmark

 Size:      150000
 Iterations:                     75
 Number of available threads:     4

 Initialization time =           5.610 seconds

   iteration           ||r||                 zeta
        1       0.35328997525708E-12   109.9994423237398
        5       0.89195232466512E-15    28.6471670038893
       10       0.91292874927131E-15    28.9496695449003
       15       0.90625427576747E-15    28.9716336228371
       20       0.91557288435835E-15    28.9734210663747
       25       0.90813833682748E-15    28.9735863059382
       30       0.91071822893295E-15    28.9736033967627
       35       0.91041655597284E-15    28.9736053266246
       40       0.90757375839467E-15    28.9736055590700
       45       0.91098605745063E-15    28.9736055884132
       50       0.91058669532385E-15    28.9736055922485
       55       0.90359168719789E-15    28.9736055927632
       60       0.90892295324473E-15    28.9736055928339
       65       0.90592087499979E-15    28.9736055928440
       70       0.90258238240284E-15    28.9736055928455
       75       0.90144449606407E-15    28.9736055928458
 Benchmark completed 
 VERIFICATION SUCCESSFUL 
 Zeta is     0.2897360559285E+02
 Error is    0.2758926827966E-13


 CG Benchmark Completed.
 Class           =                        C
 Size            =                   150000
 Iterations      =                       75
 Time in seconds =                    51.83
 Total threads   =                        4
 Avail threads   =                        4
 Mop/s total     =                  2765.62
 Mop/s/thread    =                   691.41
 Operation type  =           floating point
 Verification    =               SUCCESSFUL
 Version         =                    3.4.3
 Compile date    =              03 Sep 2026

 Compile options:
    FC           = gfortran
    FLINK        = $(FC)
    F_LIB        = -L$(LLVM_BUILD)/lib -lomp
    F_INC        = (none)
    FFLAGS       = -O3 -fopenmp
    FLINKFLAGS   = -O3 -fopenmp
    RAND         = randi8


 Please send all errors/feedbacks to:

 NPB Development Team
 npb@nas.nasa.gov


