OMP: pid 169334 tid 169336 thread 1 bound to OS proc set {64-79}
OMP: pid 169334 tid 169334 thread 0 bound to OS proc set {64-79}
OMP: pid 169334 tid 169339 thread 2 bound to OS proc set {64-79}
OMP: pid 169334 tid 169384 thread 12 bound to OS proc set {64-79}
OMP: pid 169334 tid 169386 thread 13 bound to OS proc set {64-79}
OMP: pid 169334 tid 169387 thread 14 bound to OS proc set {64-79}
OMP: pid 169334 tid 169347 thread 3 bound to OS proc set {64-79}
OMP: pid 169334 tid 169388 thread 15 bound to OS proc set {64-79}
OMP: pid 169334 tid 169354 thread 4 bound to OS proc set {64-79}
OMP: pid 169334 tid 169361 thread 5 bound to OS proc set {64-79}
OMP: pid 169334 tid 169368 thread 6 bound to OS proc set {64-79}
OMP: pid 169334 tid 169376 thread 8 bound to OS proc set {64-79}
OMP: pid 169334 tid 169381 thread 11 bound to OS proc set {64-79}
OMP: pid 169334 tid 169379 thread 10 bound to OS proc set {64-79}
OMP: pid 169334 tid 169377 thread 9 bound to OS proc set {64-79}
OMP: pid 169334 tid 169374 thread 7 bound to OS proc set {64-79}


 NAS Parallel Benchmarks (NPB3.4-OMP) - CG Benchmark

 Size:      150000
 Iterations:                     75
 Number of available threads:    16

 Initialization time =           1.840 seconds

   iteration           ||r||                 zeta
        1       0.35328123544193E-12   109.9994423237398
        5       0.89273872491098E-15    28.6471670038896
       10       0.91262413892562E-15    28.9496695448999
       15       0.90666314541178E-15    28.9716336228373
       20       0.91441751227786E-15    28.9734210663751
       25       0.90921209658691E-15    28.9735863059385
       30       0.90835982899986E-15    28.9736033967630
       35       0.91005000509677E-15    28.9736053266248
       40       0.90521696827213E-15    28.9736055590700
       45       0.91043014614791E-15    28.9736055884129
       50       0.91072588496605E-15    28.9736055922482
       55       0.90367480278479E-15    28.9736055927635
       60       0.90836469110485E-15    28.9736055928341
       65       0.90870775058078E-15    28.9736055928438
       70       0.90231915906682E-15    28.9736055928452
       75       0.90046011380230E-15    28.9736055928455
 Benchmark completed 
 VERIFICATION SUCCESSFUL 
 Zeta is     0.2897360559285E+02
 Error is    0.1630832302753E-13


 CG Benchmark Completed.
 Class           =                        C
 Size            =                   150000
 Iterations      =                       75
 Time in seconds =                    20.49
 Total threads   =                       16
 Avail threads   =                       16
 Mop/s total     =                  6997.04
 Mop/s/thread    =                   437.31
 Operation type  =           floating point
 Verification    =               SUCCESSFUL
 Version         =                    3.4.3
 Compile date    =              03 Sep 2026

 Compile options:
    FC           = gfortran
    FLINK        = $(FC)
    F_LIB        = -L$(LLVM_BUILD)/lib -lomp
    F_INC        = (none)
    FFLAGS       = -O3 -fopenmp
    FLINKFLAGS   = -O3 -fopenmp
    RAND         = randi8


 Please send all errors/feedbacks to:

 NPB Development Team
 npb@nas.nasa.gov


