OMP: pid 180483 tid 180483 thread 0 bound to OS proc set {64-67}
OMP: pid 180483 tid 180497 thread 1 bound to OS proc set {64-67}
OMP: pid 180483 tid 180499 thread 3 bound to OS proc set {64-67}
OMP: pid 180483 tid 180498 thread 2 bound to OS proc set {64-67}


 NAS Parallel Benchmarks (NPB3.4-OMP) - CG Benchmark

 Size:      150000
 Iterations:                     75
 Number of available threads:     4

 Initialization time =           5.621 seconds

   iteration           ||r||                 zeta
        1       0.35339539423836E-12   109.9994423237398
        5       0.89366792394234E-15    28.6471670038893
       10       0.91292134388583E-15    28.9496695449003
       15       0.90809508867695E-15    28.9716336228371
       20       0.91541702737756E-15    28.9734210663747
       25       0.90912811222370E-15    28.9735863059382
       30       0.91100160446871E-15    28.9736033967628
       35       0.91085349822487E-15    28.9736053266246
       40       0.90769894754373E-15    28.9736055590699
       45       0.91068481889855E-15    28.9736055884132
       50       0.91016916415691E-15    28.9736055922485
       55       0.90338109644114E-15    28.9736055927632
       60       0.90765015043633E-15    28.9736055928339
       65       0.90548577163566E-15    28.9736055928440
       70       0.90330416362177E-15    28.9736055928455
       75       0.90172061293392E-15    28.9736055928458
 Benchmark completed 
 VERIFICATION SUCCESSFUL 
 Zeta is     0.2897360559285E+02
 Error is    0.2758926827966E-13


 CG Benchmark Completed.
 Class           =                        C
 Size            =                   150000
 Iterations      =                       75
 Time in seconds =                    50.82
 Total threads   =                        4
 Avail threads   =                        4
 Mop/s total     =                  2820.89
 Mop/s/thread    =                   705.22
 Operation type  =           floating point
 Verification    =               SUCCESSFUL
 Version         =                    3.4.3
 Compile date    =              03 Sep 2026

 Compile options:
    FC           = gfortran
    FLINK        = $(FC)
    F_LIB        = -L$(LLVM_BUILD)/lib -lomp
    F_INC        = (none)
    FFLAGS       = -O3 -fopenmp
    FLINKFLAGS   = -O3 -fopenmp
    RAND         = randi8


 Please send all errors/feedbacks to:

 NPB Development Team
 npb@nas.nasa.gov


