OMP: pid 173476 tid 173488 thread 2 bound to OS proc set {1-8}
OMP: pid 173476 tid 173489 thread 3 bound to OS proc set {1-8}
OMP: pid 173476 tid 173498 thread 7 bound to OS proc set {1-8}
OMP: pid 173476 tid 173476 thread 0 bound to OS proc set {1-8}
OMP: pid 173476 tid 173486 thread 1 bound to OS proc set {1-8}
OMP: pid 173476 tid 173492 thread 4 bound to OS proc set {1-8}
OMP: pid 173476 tid 173496 thread 6 bound to OS proc set {1-8}
OMP: pid 173476 tid 173494 thread 5 bound to OS proc set {1-8}
[DRM-pin] pid=173476 tid=173494 assigned=1-8 running_on=3
[DRM-pin] pid=173476 tid=173492 assigned=1-8 running_on=2
[DRM-pin] pid=173476 tid=173486 assigned=1-8 running_on=1
[DRM-pin] pid=173476 tid=173498 assigned=1-8 running_on=2
[DRM-pin] pid=173476 tid=173488 assigned=1-8 running_on=1
[DRM-pin] pid=173476 tid=173489 assigned=1-8 running_on=1
[DRM-pin] pid=173476 tid=173496 assigned=1-8 running_on=2
[DRM-pin] pid=173476 tid=173486 assigned=1-4 running_on=2
OMP: pid 173476 tid 173476 thread 0 bound to OS proc set {1-8}
[DRM-pin] pid=173476 tid=173488 assigned=1-4 running_on=4
OMP: pid 173476 tid 173486 thread 1 bound to OS proc set {1-8}
OMP: pid 173476 tid 173488 thread 2 bound to OS proc set {1-8}
[DRM-pin] pid=173476 tid=173489 assigned=1-4 running_on=1
OMP: pid 173476 tid 173489 thread 3 bound to OS proc set {1-8}
[DRM-pin] pid=173476 tid=173488 assigned=1-8 running_on=4
OMP: pid 173476 tid 173476 thread 0 bound to OS proc set {1-8}
[DRM-pin] pid=173476 tid=173489 assigned=1-8 running_on=1
OMP: pid 173476 tid 173488 thread 2 bound to OS proc set {1-8}
OMP: pid 173476 tid 173489 thread 3 bound to OS proc set {1-8}
[DRM-pin] pid=173476 tid=173486 assigned=1-8 running_on=2
OMP: pid 173476 tid 173486 thread 1 bound to OS proc set {1-8}
OMP: pid 173476 tid 173492 thread 4 bound to OS proc set {1-8}
OMP: pid 173476 tid 173494 thread 5 bound to OS proc set {1-8}
OMP: pid 173476 tid 173498 thread 7 bound to OS proc set {1-8}
OMP: pid 173476 tid 173496 thread 6 bound to OS proc set {1-8}


 NAS Parallel Benchmarks (NPB3.4-OMP) - CG Benchmark

 Size:      150000
 Iterations:                     75
 Number of available threads:     8

 Initialization time =           3.173 seconds

   iteration           ||r||                 zeta
        1       0.35328997525708E-12   109.9994423237398
        5       0.89148119981491E-15    28.6471670038893
       10       0.91279916003431E-15    28.9496695449003
       15       0.90746517888600E-15    28.9716336228371
       20       0.91444354753505E-15    28.9734210663747
       25       0.90896520421339E-15    28.9735863059382
       30       0.90908002825811E-15    28.9736033967627
       35       0.91019978296861E-15    28.9736053266246
       40       0.90759984385948E-15    28.9736055590700
       45       0.91050948092950E-15    28.9736055884132
       50       0.90910793204875E-15    28.9736055922485
       55       0.90338937376642E-15    28.9736055927632
       60       0.90876091553346E-15    28.9736055928339
       65       0.90733080121452E-15    28.9736055928440
       70       0.90296660131848E-15    28.9736055928451
       75       0.90312493436775E-15    28.9736055928456
 Benchmark completed 
 VERIFICATION SUCCESSFUL 
 Zeta is     0.2897360559285E+02
 Error is    0.1974165419122E-13


 CG Benchmark Completed.
 Class           =                        C
 Size            =                   150000
 Iterations      =                       75
 Time in seconds =                    25.73
 Total threads   =                        8
 Avail threads   =                        8
 Mop/s total     =                  5570.55
 Mop/s/thread    =                   696.32
 Operation type  =           floating point
 Verification    =               SUCCESSFUL
 Version         =                    3.4.3
 Compile date    =              03 Sep 2026

 Compile options:
    FC           = gfortran
    FLINK        = $(FC)
    F_LIB        = -L$(LLVM_BUILD)/lib -lomp
    F_INC        = (none)
    FFLAGS       = -O3 -fopenmp
    FLINKFLAGS   = -O3 -fopenmp
    RAND         = randi8


 Please send all errors/feedbacks to:

 NPB Development Team
 npb@nas.nasa.gov


