OMP: pid 173477 tid 173493 thread 2 bound to OS proc set {1-8}
OMP: pid 173477 tid 173491 thread 1 bound to OS proc set {1-8}
OMP: pid 173477 tid 173477 thread 0 bound to OS proc set {1-8}
OMP: pid 173477 tid 173497 thread 4 bound to OS proc set {1-8}
OMP: pid 173477 tid 173499 thread 5 bound to OS proc set {1-8}
OMP: pid 173477 tid 173501 thread 7 bound to OS proc set {1-8}
OMP: pid 173477 tid 173495 thread 3 bound to OS proc set {1-8}
OMP: pid 173477 tid 173500 thread 6 bound to OS proc set {1-8}
OMP: pid 173477 tid 173477 thread 0 bound to OS proc set {1-8}
[DRM-pin] pid=173477 tid=173493 assigned=5-8 running_on=6
OMP: pid 173477 tid 173493 thread 2 bound to OS proc set {1-8}
[DRM-pin] pid=173477 tid=173491 assigned=5-8 running_on=7
OMP: pid 173477 tid 173491 thread 1 bound to OS proc set {1-8}
[DRM-pin] pid=173477 tid=173495 assigned=5-8 running_on=5
OMP: pid 173477 tid 173495 thread 3 bound to OS proc set {1-8}


 NAS Parallel Benchmarks (NPB3.4-OMP) - CG Benchmark

 Size:      150000
 Iterations:                     75
 Number of available threads:     8

 Initialization time =           3.179 seconds

   iteration           ||r||                 zeta
        1       0.35339539423836E-12   109.9994423237398
        5       0.89273900800752E-15    28.6471670038893
       10       0.91238279958109E-15    28.9496695449003
       15       0.90696450545907E-15    28.9716336228371
       20       0.91462408271667E-15    28.9734210663747
       25       0.90899517011204E-15    28.9735863059382
       30       0.91008097343045E-15    28.9736033967627
       35       0.91075226614425E-15    28.9736053266246
       40       0.90666217060069E-15    28.9736055590700
       45       0.90922957038453E-15    28.9736055884132
       50       0.90959649307383E-15    28.9736055922485
       55       0.90419273035198E-15    28.9736055927632
       60       0.90726602170046E-15    28.9736055928339
       65       0.90582316323101E-15    28.9736055928440
       70       0.90118781245438E-15    28.9736055928455
       75       0.90182639244755E-15    28.9736055928458
 Benchmark completed 
 VERIFICATION SUCCESSFUL 
 Zeta is     0.2897360559285E+02
 Error is    0.2758926827966E-13


 CG Benchmark Completed.
 Class           =                        C
 Size            =                   150000
 Iterations      =                       75
 Time in seconds =                    22.69
 Total threads   =                        4
 Avail threads   =                        8
 Warning: Threads used differ from threads available
 Mop/s total     =                  6316.28
 Mop/s/thread    =                  1579.07
 Operation type  =           floating point
 Verification    =               SUCCESSFUL
 Version         =                    3.4.3
 Compile date    =              03 Sep 2026

 Compile options:
    FC           = gfortran
    FLINK        = $(FC)
    F_LIB        = -L$(LLVM_BUILD)/lib -lomp
    F_INC        = (none)
    FFLAGS       = -O3 -fopenmp
    FLINKFLAGS   = -O3 -fopenmp
    RAND         = randi8


 Please send all errors/feedbacks to:

 NPB Development Team
 npb@nas.nasa.gov


