OMP: pid 56715 tid 56715 thread 0 bound to OS proc set {1-32}
OMP: pid 56715 tid 56725 thread 2 bound to OS proc set {1-32}
OMP: pid 56715 tid 56728 thread 3 bound to OS proc set {1-32}
OMP: pid 56715 tid 56779 thread 16 bound to OS proc set {1-32}
OMP: pid 56715 tid 56723 thread 1 bound to OS proc set {1-32}
OMP: pid 56715 tid 56737 thread 7 bound to OS proc set {1-32}
OMP: pid 56715 tid 56730 thread 4 bound to OS proc set {1-32}
OMP: pid 56715 tid 56748 thread 11 bound to OS proc set {1-32}
OMP: pid 56715 tid 56733 thread 6 bound to OS proc set {1-32}
OMP: pid 56715 tid 56739 thread 8 bound to OS proc set {1-32}
OMP: pid 56715 tid 56732 thread 5 bound to OS proc set {1-32}
OMP: pid 56715 tid 56745 thread 10 bound to OS proc set {1-32}
OMP: pid 56715 tid 56786 thread 17 bound to OS proc set {1-32}
OMP: pid 56715 tid 56806 thread 28 bound to OS proc set {1-32}
OMP: pid 56715 tid 56808 thread 29 bound to OS proc set {1-32}
OMP: pid 56715 tid 56810 thread 30 bound to OS proc set {1-32}
OMP: pid 56715 tid 56812 thread 31 bound to OS proc set {1-32}
OMP: pid 56715 tid 56740 thread 9 bound to OS proc set {1-32}
OMP: pid 56715 tid 56754 thread 12 bound to OS proc set {1-32}
OMP: pid 56715 tid 56761 thread 13 bound to OS proc set {1-32}
OMP: pid 56715 tid 56796 thread 20 bound to OS proc set {1-32}
OMP: pid 56715 tid 56799 thread 23 bound to OS proc set {1-32}
OMP: pid 56715 tid 56798 thread 22 bound to OS proc set {1-32}
OMP: pid 56715 tid 56797 thread 21 bound to OS proc set {1-32}
OMP: pid 56715 tid 56774 thread 15 bound to OS proc set {1-32}
OMP: pid 56715 tid 56800 thread 24 bound to OS proc set {1-32}
OMP: pid 56715 tid 56801 thread 25 bound to OS proc set {1-32}
OMP: pid 56715 tid 56802 thread 26 bound to OS proc set {1-32}
OMP: pid 56715 tid 56805 thread 27 bound to OS proc set {1-32}
OMP: pid 56715 tid 56766 thread 14 bound to OS proc set {1-32}
OMP: pid 56715 tid 56795 thread 19 bound to OS proc set {1-32}
OMP: pid 56715 tid 56793 thread 18 bound to OS proc set {1-32}
OMP: pid 56715 tid 56715 thread 0 bound to OS proc set {1-32}
[DRM-pin] pid=56715 tid=56740 assigned=17-32 running_on=23
OMP: pid 56715 tid 56740 thread 9 bound to OS proc set {1-32}
[DRM-pin] pid=56715 tid=56725 assigned=17-32 running_on=22
[DRM-pin] pid=56715 tid=56761 assigned=17-32 running_on=31
OMP: pid 56715 tid 56725 thread 2 bound to OS proc set {1-32}
[DRM-pin] pid=56715 tid=56728 assigned=17-32 running_on=30
OMP: pid 56715 tid 56761 thread 13 bound to OS proc set {1-32}
OMP: pid 56715 tid 56728 thread 3 bound to OS proc set {1-32}
[DRM-pin] pid=56715 tid=56730 assigned=17-32 running_on=21
OMP: pid 56715 tid 56730 thread 4 bound to OS proc set {1-32}
[DRM-pin] pid=56715 tid=56766 assigned=17-32 running_on=29
OMP: pid 56715 tid 56766 thread 14 bound to OS proc set {1-32}
[DRM-pin] pid=56715 tid=56745 assigned=17-32 running_on=18
OMP: pid 56715 tid 56745 thread 10 bound to OS proc set {1-32}
[DRM-pin] pid=56715 tid=56737 assigned=17-32 running_on=27
OMP: pid 56715 tid 56737 thread 7 bound to OS proc set {1-32}
[DRM-pin] pid=56715 tid=56748 assigned=17-32 running_on=17
OMP: pid 56715 tid 56748 thread 11 bound to OS proc set {1-32}
[DRM-pin] pid=56715 tid=56739 assigned=17-32 running_on=18
OMP: pid 56715 tid 56739 thread 8 bound to OS proc set {1-32}
[DRM-pin] pid=56715 tid=56723 assigned=17-32 running_on=17
OMP: pid 56715 tid 56723 thread 1 bound to OS proc set {1-32}
[DRM-pin] pid=56715 tid=56733 assigned=17-32 running_on=17
OMP: pid 56715 tid 56733 thread 6 bound to OS proc set {1-32}
[DRM-pin] pid=56715 tid=56754 assigned=17-32 running_on=17
OMP: pid 56715 tid 56754 thread 12 bound to OS proc set {1-32}
[DRM-pin] pid=56715 tid=56732 assigned=17-32 running_on=17
OMP: pid 56715 tid 56732 thread 5 bound to OS proc set {1-32}
[DRM-pin] pid=56715 tid=56774 assigned=17-32 running_on=17
OMP: pid 56715 tid 56774 thread 15 bound to OS proc set {1-32}


 NAS Parallel Benchmarks (NPB3.4-OMP) - CG Benchmark

 Size:      150000
 Iterations:                     75
 Number of available threads:    32

 Initialization time =           1.354 seconds

   iteration           ||r||                 zeta
        1       0.35328123544193E-12   109.9994423237398
        5       0.89380455959045E-15    28.6471670038897
       10       0.91156116565673E-15    28.9496695449000
       15       0.90709639907868E-15    28.9716336228373
       20       0.91574967611673E-15    28.9734210663751
       25       0.90968284698210E-15    28.9735863059385
       30       0.90807371888474E-15    28.9736033967630
       35       0.91016666144547E-15    28.9736053266249
       40       0.90659295025627E-15    28.9736055590700
       45       0.91132438628860E-15    28.9736055884129
       50       0.91049641360273E-15    28.9736055922482
       55       0.90343431950602E-15    28.9736055927635
       60       0.90857240400727E-15    28.9736055928341
       65       0.90752831093095E-15    28.9736055928438
       70       0.90238024121794E-15    28.9736055928452
       75       0.90360626218658E-15    28.9736055928455
 Benchmark completed 
 VERIFICATION SUCCESSFUL 
 Zeta is     0.2897360559285E+02
 Error is    0.1581784714701E-13


 CG Benchmark Completed.
 Class           =                        C
 Size            =                   150000
 Iterations      =                       75
 Time in seconds =                     7.96
 Total threads   =                       16
 Avail threads   =                       32
 Warning: Threads used differ from threads available
 Mop/s total     =                 18001.82
 Mop/s/thread    =                  1125.11
 Operation type  =           floating point
 Verification    =               SUCCESSFUL
 Version         =                    3.4.3
 Compile date    =              03 Sep 2026

 Compile options:
    FC           = gfortran
    FLINK        = $(FC)
    F_LIB        = -L$(LLVM_BUILD)/lib -lomp
    F_INC        = (none)
    FFLAGS       = -O3 -fopenmp
    FLINKFLAGS   = -O3 -fopenmp
    RAND         = randi8


 Please send all errors/feedbacks to:

 NPB Development Team
 npb@nas.nasa.gov


