OMP: pid 30014 tid 30044 thread 7 bound to OS proc set {56-63}
OMP: pid 30014 tid 30036 thread 3 bound to OS proc set {56-63}
OMP: pid 30014 tid 30026 thread 1 bound to OS proc set {56-63}
OMP: pid 30014 tid 30040 thread 5 bound to OS proc set {56-63}
OMP: pid 30014 tid 30042 thread 6 bound to OS proc set {56-63}
OMP: pid 30014 tid 30038 thread 4 bound to OS proc set {56-63}
OMP: pid 30014 tid 30032 thread 2 bound to OS proc set {56-63}
OMP: pid 30014 tid 30014 thread 0 bound to OS proc set {56-63}


 NAS Parallel Benchmarks (NPB3.4-OMP) - CG Benchmark

 Size:      150000
 Iterations:                     75
 Number of available threads:     8

 Initialization time =           3.513 seconds

   iteration           ||r||                 zeta
        1       0.35331504215029E-12   109.9994423237398
        5       0.89181957698487E-15    28.6471670038896
       10       0.91075092786419E-15    28.9496695449000
       15       0.90656970869127E-15    28.9716336228371
       20       0.91385456369150E-15    28.9734210663752
       25       0.90735390749738E-15    28.9735863059386
       30       0.90893386606048E-15    28.9736033967633
       35       0.91097443007869E-15    28.9736053266247
       40       0.90665274818310E-15    28.9736055590700
       45       0.90785671259902E-15    28.9736055884130
       50       0.90890487660988E-15    28.9736055922483
       55       0.90245256483432E-15    28.9736055927634
       60       0.90819944663595E-15    28.9736055928341
       65       0.90574193845218E-15    28.9736055928440
       70       0.90234486517274E-15    28.9736055928452
       75       0.90146536897791E-15    28.9736055928456
 Benchmark completed 
 VERIFICATION SUCCESSFUL 
 Zeta is     0.2897360559285E+02
 Error is    0.2121308183281E-13


 CG Benchmark Completed.
 Class           =                        C
 Size            =                   150000
 Iterations      =                       75
 Time in seconds =                    30.12
 Total threads   =                        8
 Avail threads   =                        8
 Mop/s total     =                  4759.48
 Mop/s/thread    =                   594.93
 Operation type  =           floating point
 Verification    =               SUCCESSFUL
 Version         =                    3.4.3
 Compile date    =              18 Feb 2026

 Compile options:
    FC           = gfortran
    FLINK        = $(FC)
    F_LIB        = -L/dss/dsshome1/09/ga27qam2/llvm-project/bu...
    F_INC        = (none)
    FFLAGS       = -O3 -fopenmp
    FLINKFLAGS   = -O3 -fopenmp
    RAND         = randi8


 Please send all errors/feedbacks to:

 NPB Development Team
 npb@nas.nasa.gov


