OMP: pid 47995 tid 47995 thread 0 bound to OS proc set {1-32}
OMP: pid 47995 tid 48009 thread 3 bound to OS proc set {1-32}
OMP: pid 47995 tid 48007 thread 2 bound to OS proc set {1-32}
OMP: pid 47995 tid 48024 thread 10 bound to OS proc set {1-32}
OMP: pid 47995 tid 48027 thread 12 bound to OS proc set {1-32}
OMP: pid 47995 tid 48017 thread 7 bound to OS proc set {1-32}
OMP: pid 47995 tid 48019 thread 8 bound to OS proc set {1-32}
OMP: pid 47995 tid 48012 thread 4 bound to OS proc set {1-32}
OMP: pid 47995 tid 48020 thread 9 bound to OS proc set {1-32}
OMP: pid 47995 tid 48032 thread 14 bound to OS proc set {1-32}
OMP: pid 47995 tid 48015 thread 6 bound to OS proc set {1-32}
OMP: pid 47995 tid 48028 thread 13 bound to OS proc set {1-32}
OMP: pid 47995 tid 48013 thread 5 bound to OS proc set {1-32}
OMP: pid 47995 tid 48026 thread 11 bound to OS proc set {1-32}
OMP: pid 47995 tid 48004 thread 1 bound to OS proc set {1-32}
OMP: pid 47995 tid 48040 thread 18 bound to OS proc set {1-32}
OMP: pid 47995 tid 48036 thread 16 bound to OS proc set {1-32}
OMP: pid 47995 tid 48063 thread 24 bound to OS proc set {1-32}
OMP: pid 47995 tid 48072 thread 27 bound to OS proc set {1-32}
OMP: pid 47995 tid 48080 thread 31 bound to OS proc set {1-32}
OMP: pid 47995 tid 48073 thread 28 bound to OS proc set {1-32}
OMP: pid 47995 tid 48059 thread 23 bound to OS proc set {1-32}
OMP: pid 47995 tid 48045 thread 20 bound to OS proc set {1-32}
OMP: pid 47995 tid 48054 thread 22 bound to OS proc set {1-32}
OMP: pid 47995 tid 48049 thread 21 bound to OS proc set {1-32}
OMP: pid 47995 tid 48035 thread 15 bound to OS proc set {1-32}
OMP: pid 47995 tid 48078 thread 30 bound to OS proc set {1-32}
OMP: pid 47995 tid 48071 thread 26 bound to OS proc set {1-32}
OMP: pid 47995 tid 48042 thread 19 bound to OS proc set {1-32}
OMP: pid 47995 tid 48038 thread 17 bound to OS proc set {1-32}
OMP: pid 47995 tid 48076 thread 29 bound to OS proc set {1-32}
OMP: pid 47995 tid 48070 thread 25 bound to OS proc set {1-32}
OMP: pid 47995 tid 47995 thread 0 bound to OS proc set {1-32}
OMP: pid 47995 tid 48009 thread 3 bound to OS proc set {1-32}
OMP: pid 47995 tid 48013 thread 5 bound to OS proc set {1-32}
OMP: pid 47995 tid 48012 thread 4 bound to OS proc set {1-32}
OMP: pid 47995 tid 48007 thread 2 bound to OS proc set {1-32}
OMP: pid 47995 tid 48019 thread 8 bound to OS proc set {1-32}
OMP: pid 47995 tid 48024 thread 10 bound to OS proc set {1-32}
OMP: pid 47995 tid 48020 thread 9 bound to OS proc set {1-32}
OMP: pid 47995 tid 48026 thread 11 bound to OS proc set {1-32}
OMP: pid 47995 tid 48027 thread 12 bound to OS proc set {1-32}
OMP: pid 47995 tid 48017 thread 7 bound to OS proc set {1-32}
OMP: pid 47995 tid 48028 thread 13 bound to OS proc set {1-32}
OMP: pid 47995 tid 48035 thread 15 bound to OS proc set {1-32}
OMP: pid 47995 tid 48004 thread 1 bound to OS proc set {1-32}
OMP: pid 47995 tid 48032 thread 14 bound to OS proc set {1-32}
OMP: pid 47995 tid 48015 thread 6 bound to OS proc set {1-32}


 NAS Parallel Benchmarks (NPB3.4-OMP) - CG Benchmark

 Size:      150000
 Iterations:                     75
 Number of available threads:    32

 Initialization time =           1.425 seconds

   iteration           ||r||                 zeta
        1       0.35311576616732E-12   109.9994423237398
        5       0.89212589355558E-15    28.6471670038896
       10       0.91107206515117E-15    28.9496695449000
       15       0.90663644468978E-15    28.9716336228373
       20       0.91499617699311E-15    28.9734210663750
       25       0.90896436119351E-15    28.9735863059385
       30       0.90869261950596E-15    28.9736033967630
       35       0.90986494368527E-15    28.9736053266248
       40       0.90635049333590E-15    28.9736055590700
       45       0.90999968304076E-15    28.9736055884129
       50       0.91089972022004E-15    28.9736055922482
       55       0.90479813899050E-15    28.9736055927636
       60       0.90714132312574E-15    28.9736055928341
       65       0.90749722472397E-15    28.9736055928438
       70       0.90202525240209E-15    28.9736055928452
       75       0.90209651112289E-15    28.9736055928455
 Benchmark completed 
 VERIFICATION SUCCESSFUL 
 Zeta is     0.2897360559285E+02
 Error is    0.1581784714701E-13


 CG Benchmark Completed.
 Class           =                        C
 Size            =                   150000
 Iterations      =                       75
 Time in seconds =                     7.36
 Total threads   =                       16
 Avail threads   =                       32
 Warning: Threads used differ from threads available
 Mop/s total     =                 19476.35
 Mop/s/thread    =                  1217.27
 Operation type  =           floating point
 Verification    =               SUCCESSFUL
 Version         =                    3.4.3
 Compile date    =              18 Feb 2026

 Compile options:
    FC           = gfortran
    FLINK        = $(FC)
    F_LIB        = -L/dss/dsshome1/09/ga27qam2/llvm-project/bu...
    F_INC        = (none)
    FFLAGS       = -O3 -fopenmp
    FLINKFLAGS   = -O3 -fopenmp
    RAND         = randi8


 Please send all errors/feedbacks to:

 NPB Development Team
 npb@nas.nasa.gov


