OMP: pid 47996 tid 48057 thread 4 bound to OS proc set {56-87}
OMP: pid 47996 tid 48088 thread 11 bound to OS proc set {56-87}
OMP: pid 47996 tid 48081 thread 8 bound to OS proc set {56-87}
OMP: pid 47996 tid 48068 thread 6 bound to OS proc set {56-87}
OMP: pid 47996 tid 48052 thread 3 bound to OS proc set {56-87}
OMP: pid 47996 tid 48086 thread 10 bound to OS proc set {56-87}
OMP: pid 47996 tid 48091 thread 12 bound to OS proc set {56-87}
OMP: pid 47996 tid 48061 thread 5 bound to OS proc set {56-87}
OMP: pid 47996 tid 48074 thread 7 bound to OS proc set {56-87}
OMP: pid 47996 tid 48048 thread 2 bound to OS proc set {56-87}
OMP: pid 47996 tid 48046 thread 1 bound to OS proc set {56-87}
OMP: pid 47996 tid 48097 thread 15 bound to OS proc set {56-87}
OMP: pid 47996 tid 48103 thread 18 bound to OS proc set {56-87}
OMP: pid 47996 tid 47996 thread 0 bound to OS proc set {56-87}
OMP: pid 47996 tid 48093 thread 13 bound to OS proc set {56-87}
OMP: pid 47996 tid 48121 thread 28 bound to OS proc set {56-87}
OMP: pid 47996 tid 48122 thread 29 bound to OS proc set {56-87}
OMP: pid 47996 tid 48123 thread 30 bound to OS proc set {56-87}
OMP: pid 47996 tid 48124 thread 31 bound to OS proc set {56-87}
OMP: pid 47996 tid 48099 thread 16 bound to OS proc set {56-87}
OMP: pid 47996 tid 48117 thread 24 bound to OS proc set {56-87}
OMP: pid 47996 tid 48118 thread 25 bound to OS proc set {56-87}
OMP: pid 47996 tid 48120 thread 27 bound to OS proc set {56-87}
OMP: pid 47996 tid 48119 thread 26 bound to OS proc set {56-87}
OMP: pid 47996 tid 48095 thread 14 bound to OS proc set {56-87}
OMP: pid 47996 tid 48101 thread 17 bound to OS proc set {56-87}
OMP: pid 47996 tid 48107 thread 19 bound to OS proc set {56-87}
OMP: pid 47996 tid 48085 thread 9 bound to OS proc set {56-87}
OMP: pid 47996 tid 48116 thread 23 bound to OS proc set {56-87}
OMP: pid 47996 tid 48115 thread 22 bound to OS proc set {56-87}
OMP: pid 47996 tid 48110 thread 20 bound to OS proc set {56-87}
OMP: pid 47996 tid 48113 thread 21 bound to OS proc set {56-87}


 NAS Parallel Benchmarks (NPB3.4-OMP) - CG Benchmark

 Size:      150000
 Iterations:                     75
 Number of available threads:    32

 Initialization time =           1.211 seconds

   iteration           ||r||                 zeta
        1       0.35318365232246E-12   109.9994423237398
        5       0.89263226766350E-15    28.6471670038895
       10       0.91211309083086E-15    28.9496695448999
       15       0.90653927482911E-15    28.9716336228371
       20       0.91467272584439E-15    28.9734210663749
       25       0.90949299456319E-15    28.9735863059384
       30       0.90998929285108E-15    28.9736033967630
       35       0.91095975643397E-15    28.9736053266250
       40       0.90635521058631E-15    28.9736055590699
       45       0.91137264204847E-15    28.9736055884128
       50       0.91044575188282E-15    28.9736055922484
       55       0.90282560957576E-15    28.9736055927634
       60       0.90807081598133E-15    28.9736055928340
       65       0.90693343597533E-15    28.9736055928440
       70       0.90225354785667E-15    28.9736055928453
       75       0.90291328599584E-15    28.9736055928455
 Benchmark completed 
 VERIFICATION SUCCESSFUL 
 Zeta is     0.2897360559285E+02
 Error is    0.1728927478859E-13


 CG Benchmark Completed.
 Class           =                        C
 Size            =                   150000
 Iterations      =                       75
 Time in seconds =                    11.65
 Total threads   =                       32
 Avail threads   =                       32
 Mop/s total     =                 12304.42
 Mop/s/thread    =                   384.51
 Operation type  =           floating point
 Verification    =               SUCCESSFUL
 Version         =                    3.4.3
 Compile date    =              18 Feb 2026

 Compile options:
    FC           = gfortran
    FLINK        = $(FC)
    F_LIB        = -L/dss/dsshome1/09/ga27qam2/llvm-project/bu...
    F_INC        = (none)
    FFLAGS       = -O3 -fopenmp
    FLINKFLAGS   = -O3 -fopenmp
    RAND         = randi8


 Please send all errors/feedbacks to:

 NPB Development Team
 npb@nas.nasa.gov


