OMP: pid 42221 tid 42228 thread 2 bound to OS proc set {1-16}
OMP: pid 42221 tid 42221 thread 0 bound to OS proc set {1-16}
OMP: pid 42221 tid 42233 thread 3 bound to OS proc set {1-16}
OMP: pid 42221 tid 42245 thread 6 bound to OS proc set {1-16}
OMP: pid 42221 tid 42237 thread 4 bound to OS proc set {1-16}
OMP: pid 42221 tid 42249 thread 7 bound to OS proc set {1-16}
OMP: pid 42221 tid 42282 thread 15 bound to OS proc set {1-16}
OMP: pid 42221 tid 42224 thread 1 bound to OS proc set {1-16}
OMP: pid 42221 tid 42241 thread 5 bound to OS proc set {1-16}
OMP: pid 42221 tid 42280 thread 14 bound to OS proc set {1-16}
OMP: pid 42221 tid 42274 thread 12 bound to OS proc set {1-16}
OMP: pid 42221 tid 42278 thread 13 bound to OS proc set {1-16}
OMP: pid 42221 tid 42255 thread 8 bound to OS proc set {1-16}
OMP: pid 42221 tid 42265 thread 10 bound to OS proc set {1-16}
OMP: pid 42221 tid 42260 thread 9 bound to OS proc set {1-16}
OMP: pid 42221 tid 42269 thread 11 bound to OS proc set {1-16}
OMP: pid 42221 tid 42221 thread 0 bound to OS proc set {1-16}
OMP: pid 42221 tid 42237 thread 4 bound to OS proc set {1-16}
OMP: pid 42221 tid 42245 thread 6 bound to OS proc set {1-16}
OMP: pid 42221 tid 42241 thread 5 bound to OS proc set {1-16}
OMP: pid 42221 tid 42224 thread 1 bound to OS proc set {1-16}
OMP: pid 42221 tid 42228 thread 2 bound to OS proc set {1-16}
OMP: pid 42221 tid 42233 thread 3 bound to OS proc set {1-16}
OMP: pid 42221 tid 42249 thread 7 bound to OS proc set {1-16}


 NAS Parallel Benchmarks (NPB3.4-OMP) - CG Benchmark

 Size:      150000
 Iterations:                     75
 Number of available threads:    16

 Initialization time =           2.036 seconds

   iteration           ||r||                 zeta
        1       0.35331408276818E-12   109.9994423237398
        5       0.89172014826161E-15    28.6471670038896
       10       0.91269339569812E-15    28.9496695449001
       15       0.90809998860595E-15    28.9716336228371
       20       0.91280876086659E-15    28.9734210663752
       25       0.90934887088539E-15    28.9735863059386
       30       0.90853199426303E-15    28.9736033967633
       35       0.90983715193527E-15    28.9736053266247
       40       0.90672246227456E-15    28.9736055590700
       45       0.90792967942646E-15    28.9736055884130
       50       0.90849313863093E-15    28.9736055922483
       55       0.90302152927283E-15    28.9736055927634
       60       0.90767074425744E-15    28.9736055928341
       65       0.90638814311102E-15    28.9736055928440
       70       0.90220253524143E-15    28.9736055928451
       75       0.90171315583164E-15    28.9736055928456
 Benchmark completed 
 VERIFICATION SUCCESSFUL 
 Zeta is     0.2897360559285E+02
 Error is    0.2121308183281E-13


 CG Benchmark Completed.
 Class           =                        C
 Size            =                   150000
 Iterations      =                       75
 Time in seconds =                    11.48
 Total threads   =                        8
 Avail threads   =                       16
 Warning: Threads used differ from threads available
 Mop/s total     =                 12487.29
 Mop/s/thread    =                  1560.91
 Operation type  =           floating point
 Verification    =               SUCCESSFUL
 Version         =                    3.4.3
 Compile date    =              18 Feb 2026

 Compile options:
    FC           = gfortran
    FLINK        = $(FC)
    F_LIB        = -L/dss/dsshome1/09/ga27qam2/llvm-project/bu...
    F_INC        = (none)
    FFLAGS       = -O3 -fopenmp
    FLINKFLAGS   = -O3 -fopenmp
    RAND         = randi8


 Please send all errors/feedbacks to:

 NPB Development Team
 npb@nas.nasa.gov


