OMP: pid 25533 tid 25533 thread 0 bound to OS proc set {56-59}
OMP: pid 25533 tid 25544 thread 3 bound to OS proc set {56-59}
OMP: pid 25533 tid 25543 thread 2 bound to OS proc set {56-59}
OMP: pid 25533 tid 25539 thread 1 bound to OS proc set {56-59}


 NAS Parallel Benchmarks (NPB3.4-OMP) - CG Benchmark

 Size:      150000
 Iterations:                     75
 Number of available threads:     4

 Initialization time =           6.521 seconds

   iteration           ||r||                 zeta
        1       0.35328997525708E-12   109.9994423237398
        5       0.89257474425821E-15    28.6471670038893
       10       0.91267101263602E-15    28.9496695449003
       15       0.90719014841245E-15    28.9716336228371
       20       0.91448753422767E-15    28.9734210663747
       25       0.90897521248887E-15    28.9735863059382
       30       0.91115577236560E-15    28.9736033967628
       35       0.91029589745513E-15    28.9736053266246
       40       0.90788278224627E-15    28.9736055590700
       45       0.91034051269437E-15    28.9736055884132
       50       0.91058869342339E-15    28.9736055922485
       55       0.90349028386154E-15    28.9736055927632
       60       0.90868298286484E-15    28.9736055928339
       65       0.90586555715662E-15    28.9736055928440
       70       0.90318159386272E-15    28.9736055928455
       75       0.90118150451609E-15    28.9736055928459
 Benchmark completed 
 VERIFICATION SUCCESSFUL 
 Zeta is     0.2897360559285E+02
 Error is    0.2955117180177E-13


 CG Benchmark Completed.
 Class           =                        C
 Size            =                   150000
 Iterations      =                       75
 Time in seconds =                    52.33
 Total threads   =                        4
 Avail threads   =                        4
 Mop/s total     =                  2739.42
 Mop/s/thread    =                   684.86
 Operation type  =           floating point
 Verification    =               SUCCESSFUL
 Version         =                    3.4.3
 Compile date    =              18 Feb 2026

 Compile options:
    FC           = gfortran
    FLINK        = $(FC)
    F_LIB        = -L/dss/dsshome1/09/ga27qam2/llvm-project/bu...
    F_INC        = (none)
    FFLAGS       = -O3 -fopenmp
    FLINKFLAGS   = -O3 -fopenmp
    RAND         = randi8


 Please send all errors/feedbacks to:

 NPB Development Team
 npb@nas.nasa.gov


