OMP: pid 47997 tid 47997 thread 0 bound to OS proc set {1-32}
OMP: pid 47997 tid 48021 thread 12 bound to OS proc set {1-32}
OMP: pid 47997 tid 48025 thread 15 bound to OS proc set {1-32}
OMP: pid 47997 tid 48001 thread 2 bound to OS proc set {1-32}
OMP: pid 47997 tid 48000 thread 1 bound to OS proc set {1-32}
OMP: pid 47997 tid 48002 thread 3 bound to OS proc set {1-32}
OMP: pid 47997 tid 48011 thread 8 bound to OS proc set {1-32}
OMP: pid 47997 tid 48022 thread 13 bound to OS proc set {1-32}
OMP: pid 47997 tid 48018 thread 11 bound to OS proc set {1-32}
OMP: pid 47997 tid 48031 thread 18 bound to OS proc set {1-32}
OMP: pid 47997 tid 48023 thread 14 bound to OS proc set {1-32}
OMP: pid 47997 tid 48016 thread 10 bound to OS proc set {1-32}
OMP: pid 47997 tid 48005 thread 4 bound to OS proc set {1-32}
OMP: pid 47997 tid 48010 thread 7 bound to OS proc set {1-32}
OMP: pid 47997 tid 48014 thread 9 bound to OS proc set {1-32}
OMP: pid 47997 tid 48008 thread 6 bound to OS proc set {1-32}
OMP: pid 47997 tid 48029 thread 16 bound to OS proc set {1-32}
OMP: pid 47997 tid 48053 thread 28 bound to OS proc set {1-32}
OMP: pid 47997 tid 48058 thread 29 bound to OS proc set {1-32}
OMP: pid 47997 tid 48062 thread 30 bound to OS proc set {1-32}
OMP: pid 47997 tid 48033 thread 19 bound to OS proc set {1-32}
OMP: pid 47997 tid 48043 thread 24 bound to OS proc set {1-32}
OMP: pid 47997 tid 48006 thread 5 bound to OS proc set {1-32}
OMP: pid 47997 tid 48067 thread 31 bound to OS proc set {1-32}
OMP: pid 47997 tid 48050 thread 27 bound to OS proc set {1-32}
OMP: pid 47997 tid 48030 thread 17 bound to OS proc set {1-32}
OMP: pid 47997 tid 48041 thread 23 bound to OS proc set {1-32}
OMP: pid 47997 tid 48044 thread 25 bound to OS proc set {1-32}
OMP: pid 47997 tid 48047 thread 26 bound to OS proc set {1-32}
OMP: pid 47997 tid 48034 thread 20 bound to OS proc set {1-32}
OMP: pid 47997 tid 48039 thread 22 bound to OS proc set {1-32}
OMP: pid 47997 tid 48037 thread 21 bound to OS proc set {1-32}
OMP: pid 47997 tid 48005 thread 4 bound to OS proc set {1-32}
OMP: pid 47997 tid 48022 thread 13 bound to OS proc set {1-32}
OMP: pid 47997 tid 48008 thread 6 bound to OS proc set {1-32}
OMP: pid 47997 tid 48016 thread 10 bound to OS proc set {1-32}
OMP: pid 47997 tid 48018 thread 11 bound to OS proc set {1-32}
OMP: pid 47997 tid 48002 thread 3 bound to OS proc set {1-32}
OMP: pid 47997 tid 48001 thread 2 bound to OS proc set {1-32}
OMP: pid 47997 tid 48025 thread 15 bound to OS proc set {1-32}
OMP: pid 47997 tid 48006 thread 5 bound to OS proc set {1-32}
OMP: pid 47997 tid 48011 thread 8 bound to OS proc set {1-32}
OMP: pid 47997 tid 48010 thread 7 bound to OS proc set {1-32}
OMP: pid 47997 tid 47997 thread 0 bound to OS proc set {1-32}
OMP: pid 47997 tid 48000 thread 1 bound to OS proc set {1-32}
OMP: pid 47997 tid 48021 thread 12 bound to OS proc set {1-32}
OMP: pid 47997 tid 48014 thread 9 bound to OS proc set {1-32}
OMP: pid 47997 tid 48023 thread 14 bound to OS proc set {1-32}


 NAS Parallel Benchmarks (NPB3.4-OMP) - CG Benchmark

 Size:      150000
 Iterations:                     75
 Number of available threads:    32

 Initialization time =           1.264 seconds

   iteration           ||r||                 zeta
        1       0.35305137569527E-12   109.9994423237398
        5       0.89339458337620E-15    28.6471670038896
       10       0.91240228126596E-15    28.9496695448999
       15       0.90630539025400E-15    28.9716336228372
       20       0.91590170562605E-15    28.9734210663750
       25       0.90951939171174E-15    28.9735863059385
       30       0.90928299610430E-15    28.9736033967631
       35       0.91105004022117E-15    28.9736053266248
       40       0.90481875874939E-15    28.9736055590700
       45       0.91171048212966E-15    28.9736055884129
       50       0.91001816783107E-15    28.9736055922482
       55       0.90317646470270E-15    28.9736055927636
       60       0.90858891372471E-15    28.9736055928341
       65       0.90762173031725E-15    28.9736055928438
       70       0.90256973917060E-15    28.9736055928452
       75       0.90306763309397E-15    28.9736055928455
 Benchmark completed 
 VERIFICATION SUCCESSFUL 
 Zeta is     0.2897360559285E+02
 Error is    0.1630832302753E-13


 CG Benchmark Completed.
 Class           =                        C
 Size            =                   150000
 Iterations      =                       75
 Time in seconds =                     7.20
 Total threads   =                       16
 Avail threads   =                       32
 Warning: Threads used differ from threads available
 Mop/s total     =                 19913.90
 Mop/s/thread    =                  1244.62
 Operation type  =           floating point
 Verification    =               SUCCESSFUL
 Version         =                    3.4.3
 Compile date    =              18 Feb 2026

 Compile options:
    FC           = gfortran
    FLINK        = $(FC)
    F_LIB        = -L/dss/dsshome1/09/ga27qam2/llvm-project/bu...
    F_INC        = (none)
    FFLAGS       = -O3 -fopenmp
    FLINKFLAGS   = -O3 -fopenmp
    RAND         = randi8


 Please send all errors/feedbacks to:

 NPB Development Team
 npb@nas.nasa.gov


