OMP: pid 42220 tid 42238 thread 2 bound to OS proc set {56-71}
OMP: pid 42220 tid 42242 thread 3 bound to OS proc set {56-71}
OMP: pid 42220 tid 42232 thread 1 bound to OS proc set {56-71}
OMP: pid 42220 tid 42220 thread 0 bound to OS proc set {56-71}
OMP: pid 42220 tid 42246 thread 4 bound to OS proc set {56-71}
OMP: pid 42220 tid 42251 thread 5 bound to OS proc set {56-71}
OMP: pid 42220 tid 42266 thread 8 bound to OS proc set {56-71}
OMP: pid 42220 tid 42277 thread 12 bound to OS proc set {56-71}
OMP: pid 42220 tid 42283 thread 15 bound to OS proc set {56-71}
OMP: pid 42220 tid 42257 thread 6 bound to OS proc set {56-71}
OMP: pid 42220 tid 42281 thread 14 bound to OS proc set {56-71}
OMP: pid 42220 tid 42272 thread 10 bound to OS proc set {56-71}
OMP: pid 42220 tid 42276 thread 11 bound to OS proc set {56-71}
OMP: pid 42220 tid 42279 thread 13 bound to OS proc set {56-71}
OMP: pid 42220 tid 42271 thread 9 bound to OS proc set {56-71}
OMP: pid 42220 tid 42262 thread 7 bound to OS proc set {56-71}


 NAS Parallel Benchmarks (NPB3.4-OMP) - CG Benchmark

 Size:      150000
 Iterations:                     75
 Number of available threads:    16

 Initialization time =           1.991 seconds

   iteration           ||r||                 zeta
        1       0.35308743859902E-12   109.9994423237398
        5       0.89205618146790E-15    28.6471670038896
       10       0.91225760408752E-15    28.9496695449000
       15       0.90610175136679E-15    28.9716336228373
       20       0.91535396667326E-15    28.9734210663751
       25       0.91041856170855E-15    28.9735863059385
       30       0.90819345475594E-15    28.9736033967631
       35       0.91001929566885E-15    28.9736053266248
       40       0.90538229982428E-15    28.9736055590700
       45       0.91103089452998E-15    28.9736055884130
       50       0.91048552516362E-15    28.9736055922482
       55       0.90403990730569E-15    28.9736055927636
       60       0.90890377163881E-15    28.9736055928341
       65       0.90864806889236E-15    28.9736055928438
       70       0.90316244284349E-15    28.9736055928452
       75       0.90122202333379E-15    28.9736055928455
 Benchmark completed 
 VERIFICATION SUCCESSFUL 
 Zeta is     0.2897360559285E+02
 Error is    0.1581784714701E-13


 CG Benchmark Completed.
 Class           =                        C
 Size            =                   150000
 Iterations      =                       75
 Time in seconds =                    17.88
 Total threads   =                       16
 Avail threads   =                       16
 Mop/s total     =                  8017.92
 Mop/s/thread    =                   501.12
 Operation type  =           floating point
 Verification    =               SUCCESSFUL
 Version         =                    3.4.3
 Compile date    =              18 Feb 2026

 Compile options:
    FC           = gfortran
    FLINK        = $(FC)
    F_LIB        = -L/dss/dsshome1/09/ga27qam2/llvm-project/bu...
    F_INC        = (none)
    FFLAGS       = -O3 -fopenmp
    FLINKFLAGS   = -O3 -fopenmp
    RAND         = randi8


 Please send all errors/feedbacks to:

 NPB Development Team
 npb@nas.nasa.gov


