OMP: pid 30013 tid 30013 thread 0 bound to OS proc set {1-8}
OMP: pid 30013 tid 30023 thread 1 bound to OS proc set {1-8}
OMP: pid 30013 tid 30034 thread 7 bound to OS proc set {1-8}
OMP: pid 30013 tid 30030 thread 4 bound to OS proc set {1-8}
OMP: pid 30013 tid 30033 thread 6 bound to OS proc set {1-8}
OMP: pid 30013 tid 30025 thread 2 bound to OS proc set {1-8}
OMP: pid 30013 tid 30028 thread 3 bound to OS proc set {1-8}
OMP: pid 30013 tid 30031 thread 5 bound to OS proc set {1-8}
OMP: pid 30013 tid 30013 thread 0 bound to OS proc set {1-8}
OMP: pid 30013 tid 30025 thread 2 bound to OS proc set {1-8}
OMP: pid 30013 tid 30023 thread 1 bound to OS proc set {1-8}
OMP: pid 30013 tid 30028 thread 3 bound to OS proc set {1-8}


 NAS Parallel Benchmarks (NPB3.4-OMP) - CG Benchmark

 Size:      150000
 Iterations:                     75
 Number of available threads:     8

 Initialization time =           3.672 seconds

   iteration           ||r||                 zeta
        1       0.35328997525708E-12   109.9994423237398
        5       0.89203803606162E-15    28.6471670038893
       10       0.91217280998803E-15    28.9496695449003
       15       0.90713286622320E-15    28.9716336228371
       20       0.91512190422060E-15    28.9734210663747
       25       0.90828232742294E-15    28.9735863059382
       30       0.91033521888020E-15    28.9736033967627
       35       0.91032669399514E-15    28.9736053266246
       40       0.90684213108299E-15    28.9736055590700
       45       0.91145664287111E-15    28.9736055884132
       50       0.90985742696384E-15    28.9736055922485
       55       0.90291386696435E-15    28.9736055927632
       60       0.90819009760324E-15    28.9736055928339
       65       0.90557389754274E-15    28.9736055928440
       70       0.90328744873153E-15    28.9736055928455
       75       0.90064638780205E-15    28.9736055928458
 Benchmark completed 
 VERIFICATION SUCCESSFUL 
 Zeta is     0.2897360559285E+02
 Error is    0.2758926827966E-13


 CG Benchmark Completed.
 Class           =                        C
 Size            =                   150000
 Iterations      =                       75
 Time in seconds =                    22.55
 Total threads   =                        4
 Avail threads   =                        8
 Warning: Threads used differ from threads available
 Mop/s total     =                  6357.03
 Mop/s/thread    =                  1589.26
 Operation type  =           floating point
 Verification    =               SUCCESSFUL
 Version         =                    3.4.3
 Compile date    =              18 Feb 2026

 Compile options:
    FC           = gfortran
    FLINK        = $(FC)
    F_LIB        = -L/dss/dsshome1/09/ga27qam2/llvm-project/bu...
    F_INC        = (none)
    FFLAGS       = -O3 -fopenmp
    FLINKFLAGS   = -O3 -fopenmp
    RAND         = randi8


 Please send all errors/feedbacks to:

 NPB Development Team
 npb@nas.nasa.gov


