OMP: pid 25532 tid 25542 thread 3 bound to OS proc set {56-59}
OMP: pid 25532 tid 25538 thread 2 bound to OS proc set {56-59}
OMP: pid 25532 tid 25532 thread 0 bound to OS proc set {56-59}
OMP: pid 25532 tid 25537 thread 1 bound to OS proc set {56-59}


 NAS Parallel Benchmarks (NPB3.4-OMP) - CG Benchmark

 Size:      150000
 Iterations:                     75
 Number of available threads:     4

 Initialization time =           6.320 seconds

   iteration           ||r||                 zeta
        1       0.35328997525708E-12   109.9994423237398
        5       0.89359243886504E-15    28.6471670038893
       10       0.91241334491271E-15    28.9496695449003
       15       0.90660130320025E-15    28.9716336228371
       20       0.91534410880688E-15    28.9734210663747
       25       0.90949099446036E-15    28.9735863059382
       30       0.90989271641899E-15    28.9736033967627
       35       0.90991715690228E-15    28.9736053266246
       40       0.90781590519928E-15    28.9736055590700
       45       0.90888309582225E-15    28.9736055884132
       50       0.90964373763601E-15    28.9736055922485
       55       0.90297447725741E-15    28.9736055927632
       60       0.90896938494998E-15    28.9736055928339
       65       0.90619444992479E-15    28.9736055928440
       70       0.90150281977709E-15    28.9736055928455
       75       0.90107624286556E-15    28.9736055928458
 Benchmark completed 
 VERIFICATION SUCCESSFUL 
 Zeta is     0.2897360559285E+02
 Error is    0.2807974416019E-13


 CG Benchmark Completed.
 Class           =                        C
 Size            =                   150000
 Iterations      =                       75
 Time in seconds =                    52.29
 Total threads   =                        4
 Avail threads   =                        4
 Mop/s total     =                  2741.57
 Mop/s/thread    =                   685.39
 Operation type  =           floating point
 Verification    =               SUCCESSFUL
 Version         =                    3.4.3
 Compile date    =              18 Feb 2026

 Compile options:
    FC           = gfortran
    FLINK        = $(FC)
    F_LIB        = -L/dss/dsshome1/09/ga27qam2/llvm-project/bu...
    F_INC        = (none)
    FFLAGS       = -O3 -fopenmp
    FLINKFLAGS   = -O3 -fopenmp
    RAND         = randi8


 Please send all errors/feedbacks to:

 NPB Development Team
 npb@nas.nasa.gov


