OMP: pid 42218 tid 42236 thread 4 bound to OS proc set {56-71}
OMP: pid 42218 tid 42225 thread 1 bound to OS proc set {56-71}
OMP: pid 42218 tid 42250 thread 8 bound to OS proc set {56-71}
OMP: pid 42218 tid 42218 thread 0 bound to OS proc set {56-71}
OMP: pid 42218 tid 42234 thread 3 bound to OS proc set {56-71}
OMP: pid 42218 tid 42229 thread 2 bound to OS proc set {56-71}
OMP: pid 42218 tid 42261 thread 11 bound to OS proc set {56-71}
OMP: pid 42218 tid 42247 thread 7 bound to OS proc set {56-71}
OMP: pid 42218 tid 42243 thread 6 bound to OS proc set {56-71}
OMP: pid 42218 tid 42240 thread 5 bound to OS proc set {56-71}
OMP: pid 42218 tid 42254 thread 9 bound to OS proc set {56-71}
OMP: pid 42218 tid 42275 thread 15 bound to OS proc set {56-71}
OMP: pid 42218 tid 42256 thread 10 bound to OS proc set {56-71}
OMP: pid 42218 tid 42263 thread 12 bound to OS proc set {56-71}
OMP: pid 42218 tid 42270 thread 14 bound to OS proc set {56-71}
OMP: pid 42218 tid 42267 thread 13 bound to OS proc set {56-71}


 NAS Parallel Benchmarks (NPB3.4-OMP) - CG Benchmark

 Size:      150000
 Iterations:                     75
 Number of available threads:    16

 Initialization time =           1.927 seconds

   iteration           ||r||                 zeta
        1       0.35303920843445E-12   109.9994423237398
        5       0.89210815804163E-15    28.6471670038897
       10       0.91271853272131E-15    28.9496695449000
       15       0.90771580620632E-15    28.9716336228373
       20       0.91540296307638E-15    28.9734210663751
       25       0.90848191443043E-15    28.9735863059385
       30       0.90878004113934E-15    28.9736033967630
       35       0.91004704270218E-15    28.9736053266248
       40       0.90484206071589E-15    28.9736055590700
       45       0.90986597804716E-15    28.9736055884129
       50       0.91009440595355E-15    28.9736055922483
       55       0.90388992599280E-15    28.9736055927635
       60       0.90879837773667E-15    28.9736055928341
       65       0.90753156772005E-15    28.9736055928438
       70       0.90359710223285E-15    28.9736055928452
       75       0.90115747484105E-15    28.9736055928455
 Benchmark completed 
 VERIFICATION SUCCESSFUL 
 Zeta is     0.2897360559285E+02
 Error is    0.1630832302753E-13


 CG Benchmark Completed.
 Class           =                        C
 Size            =                   150000
 Iterations      =                       75
 Time in seconds =                    17.67
 Total threads   =                       16
 Avail threads   =                       16
 Mop/s total     =                  8110.54
 Mop/s/thread    =                   506.91
 Operation type  =           floating point
 Verification    =               SUCCESSFUL
 Version         =                    3.4.3
 Compile date    =              18 Feb 2026

 Compile options:
    FC           = gfortran
    FLINK        = $(FC)
    F_LIB        = -L/dss/dsshome1/09/ga27qam2/llvm-project/bu...
    F_INC        = (none)
    FFLAGS       = -O3 -fopenmp
    FLINKFLAGS   = -O3 -fopenmp
    RAND         = randi8


 Please send all errors/feedbacks to:

 NPB Development Team
 npb@nas.nasa.gov


