

 NAS Parallel Benchmarks (NPB3.4-OMP) - CG Benchmark

 Size:      150000
 Iterations:                     75
 Number of available threads:    16

 Initialization time =           0.766 seconds

   iteration           ||r||                 zeta
        1       0.35312405630736E-12   109.9994423237398
        5       0.89204502017599E-15    28.6471670038897
       10       0.91228400620311E-15    28.9496695448999
       15       0.90651403494226E-15    28.9716336228373
       20       0.91537847924817E-15    28.9734210663750
       25       0.90946976167595E-15    28.9735863059385
       30       0.90908875959885E-15    28.9736033967630
       35       0.90997746745258E-15    28.9736053266248
       40       0.90561771633870E-15    28.9736055590700
       45       0.91046648299274E-15    28.9736055884129
       50       0.91045072752136E-15    28.9736055922482
       55       0.90358176889994E-15    28.9736055927635
       60       0.90685395969457E-15    28.9736055928341
       65       0.90853806679638E-15    28.9736055928438
       70       0.90215502437060E-15    28.9736055928452
       75       0.90351835133844E-15    28.9736055928455
 Benchmark completed 
 VERIFICATION SUCCESSFUL 
 Zeta is     0.2897360559285E+02
 Error is    0.1581784714701E-13


 CG Benchmark Completed.
 Class           =                        C
 Size            =                   150000
 Iterations      =                       75
 Time in seconds =                     5.91
 Total threads   =                       16
 Avail threads   =                       16
 Mop/s total     =                 24259.69
 Mop/s/thread    =                  1516.23
 Operation type  =           floating point
 Verification    =               SUCCESSFUL
 Version         =                    3.4.3
 Compile date    =              03 Sep 2026

 Compile options:
    FC           = gfortran
    FLINK        = $(FC)
    F_LIB        = -L$(LLVM_BUILD)/lib -lomp
    F_INC        = (none)
    FFLAGS       = -O3 -fopenmp
    FLINKFLAGS   = -O3 -fopenmp
    RAND         = randi8


 Please send all errors/feedbacks to:

 NPB Development Team
 npb@nas.nasa.gov


