

 NAS Parallel Benchmarks (NPB3.4-OMP) - CG Benchmark

 Size:      150000
 Iterations:                     75
 Number of available threads:     8

 Initialization time =           1.385 seconds

   iteration           ||r||                 zeta
        1       0.35328568387786E-12   109.9994423237398
        5       0.89194219662898E-15    28.6471670038896
       10       0.91213276353147E-15    28.9496695449000
       15       0.90729397642228E-15    28.9716336228371
       20       0.91288555986586E-15    28.9734210663752
       25       0.90917234234522E-15    28.9735863059386
       30       0.90925564591834E-15    28.9736033967633
       35       0.91149835041457E-15    28.9736053266247
       40       0.90722290850585E-15    28.9736055590700
       45       0.90814702221059E-15    28.9736055884130
       50       0.90956400344135E-15    28.9736055922483
       55       0.90361240278349E-15    28.9736055927634
       60       0.90811953344891E-15    28.9736055928341
       65       0.90552971720699E-15    28.9736055928440
       70       0.90140628118530E-15    28.9736055928452
       75       0.90114076089687E-15    28.9736055928456
 Benchmark completed 
 VERIFICATION SUCCESSFUL 
 Zeta is     0.2897360559285E+02
 Error is    0.2121308183281E-13


 CG Benchmark Completed.
 Class           =                        C
 Size            =                   150000
 Iterations      =                       75
 Time in seconds =                    11.20
 Total threads   =                        8
 Avail threads   =                        8
 Mop/s total     =                 12797.12
 Mop/s/thread    =                  1599.64
 Operation type  =           floating point
 Verification    =               SUCCESSFUL
 Version         =                    3.4.3
 Compile date    =              03 Sep 2026

 Compile options:
    FC           = gfortran
    FLINK        = $(FC)
    F_LIB        = -L$(LLVM_BUILD)/lib -lomp
    F_INC        = (none)
    FFLAGS       = -O3 -fopenmp
    FLINKFLAGS   = -O3 -fopenmp
    RAND         = randi8


 Please send all errors/feedbacks to:

 NPB Development Team
 npb@nas.nasa.gov


