

 NAS Parallel Benchmarks (NPB3.4-OMP) - CG Benchmark

 Size:      150000
 Iterations:                     75
 Number of available threads:    32

 Initialization time =           0.468 seconds

   iteration           ||r||                 zeta
        1       0.35289762191058E-12   109.9994423237398
        5       0.89250083282968E-15    28.6471670038895
       10       0.91180816770870E-15    28.9496695448999
       15       0.90645273896922E-15    28.9716336228371
       20       0.91442064450194E-15    28.9734210663749
       25       0.91039524309363E-15    28.9735863059384
       30       0.90871226640791E-15    28.9736033967630
       35       0.90877732562290E-15    28.9736053266249
       40       0.90568729675757E-15    28.9736055590699
       45       0.91061768171163E-15    28.9736055884128
       50       0.90999372521660E-15    28.9736055922484
       55       0.90314169863384E-15    28.9736055927634
       60       0.90896987556392E-15    28.9736055928340
       65       0.90683843554697E-15    28.9736055928439
       70       0.90208978155881E-15    28.9736055928453
       75       0.90204190149669E-15    28.9736055928455
 Benchmark completed 
 VERIFICATION SUCCESSFUL 
 Zeta is     0.2897360559285E+02
 Error is    0.1777975066912E-13


 CG Benchmark Completed.
 Class           =                        C
 Size            =                   150000
 Iterations      =                       75
 Time in seconds =                     3.59
 Total threads   =                       32
 Avail threads   =                       32
 Mop/s total     =                 39909.41
 Mop/s/thread    =                  1247.17
 Operation type  =           floating point
 Verification    =               SUCCESSFUL
 Version         =                    3.4.3
 Compile date    =              03 Sep 2026

 Compile options:
    FC           = gfortran
    FLINK        = $(FC)
    F_LIB        = -L$(LLVM_BUILD)/lib -lomp
    F_INC        = (none)
    FFLAGS       = -O3 -fopenmp
    FLINKFLAGS   = -O3 -fopenmp
    RAND         = randi8


 Please send all errors/feedbacks to:

 NPB Development Team
 npb@nas.nasa.gov


