[DRM-pin] pid=110020 tid=110026 assigned=80-87 running_on=83
[DRM-pin] pid=110020 tid=110028 assigned=80-87 running_on=86
[DRM-pin] pid=110020 tid=110029 assigned=80-87 running_on=81
[DRM-pin] pid=110020 tid=110027 assigned=80-87 running_on=84
[DRM-pin] pid=110020 tid=110024 assigned=80-87 running_on=80
[DRM-pin] pid=110020 tid=110025 assigned=80-87 running_on=82
[DRM-pin] pid=110020 tid=110023 assigned=80-87 running_on=80
[DRM-pin] pid=110020 tid=110033 assigned=56-71 running_on=60
[DRM-pin] pid=110020 tid=110034 assigned=56-71 running_on=61
[DRM-pin] pid=110020 tid=110029 assigned=56-71 running_on=57
[DRM-pin] pid=110020 tid=110028 assigned=56-71 running_on=57
[DRM-pin] pid=110020 tid=110037 assigned=56-71 running_on=62
[DRM-pin] pid=110020 tid=110036 assigned=56-71 running_on=63
[DRM-pin] pid=110020 tid=110025 assigned=56-71 running_on=59
[DRM-pin] pid=110020 tid=110026 assigned=56-71 running_on=57
[DRM-pin] pid=110020 tid=110024 assigned=56-71 running_on=58
[DRM-pin] pid=110020 tid=110027 assigned=56-71 running_on=61
[DRM-pin] pid=110020 tid=110023 assigned=56-71 running_on=57
[DRM-pin] pid=110020 tid=110030 assigned=56-71 running_on=64
[DRM-pin] pid=110020 tid=110031 assigned=56-71 running_on=65
[DRM-pin] pid=110020 tid=110032 assigned=56-71 running_on=66
[DRM-pin] pid=110020 tid=110035 assigned=56-71 running_on=67


 NAS Parallel Benchmarks (NPB3.4-OMP) - CG Benchmark

 Size:      150000
 Iterations:                     75
 Number of available threads:    16

 Initialization time =           0.931 seconds

   iteration           ||r||                 zeta
        1       0.35330883228541E-12   109.9994423237398
        5       0.89344112065447E-15    28.6471670038896
       10       0.91211138805587E-15    28.9496695449000
       15       0.90746542986202E-15    28.9716336228371
       20       0.91550463185700E-15    28.9734210663750
       25       0.91022750351431E-15    28.9735863059385
       30       0.90880113684434E-15    28.9736033967631
       35       0.90956466901229E-15    28.9736053266249
       40       0.90699205190752E-15    28.9736055590700
       45       0.91084323715130E-15    28.9736055884130
       50       0.91102798008204E-15    28.9736055922482
       55       0.90353269983548E-15    28.9736055927636
       60       0.90712105582681E-15    28.9736055928341
       65       0.90809957478485E-15    28.9736055928438
       70       0.90252041686548E-15    28.9736055928452
       75       0.90213442109419E-15    28.9736055928455
 Benchmark completed 
 VERIFICATION SUCCESSFUL 
 Zeta is     0.2897360559285E+02
 Error is    0.1581784714701E-13


 CG Benchmark Completed.
 Class           =                        C
 Size            =                   150000
 Iterations      =                       75
 Time in seconds =                     7.32
 Total threads   =                       16
 Avail threads   =                       16
 Mop/s total     =                 19592.18
 Mop/s/thread    =                  1224.51
 Operation type  =           floating point
 Verification    =               SUCCESSFUL
 Version         =                    3.4.3
 Compile date    =              03 Sep 2026

 Compile options:
    FC           = gfortran
    FLINK        = $(FC)
    F_LIB        = -L$(LLVM_BUILD)/lib -lomp
    F_INC        = (none)
    FFLAGS       = -O3 -fopenmp
    FLINKFLAGS   = -O3 -fopenmp
    RAND         = randi8


 Please send all errors/feedbacks to:

 NPB Development Team
 npb@nas.nasa.gov


