

 NAS Parallel Benchmarks (NPB3.4-OMP) - CG Benchmark

 Size:      150000
 Iterations:                     75
 Number of available threads:     4

 Initialization time =           2.672 seconds

   iteration           ||r||                 zeta
        1       0.35329458058168E-12   109.9994423237398
        5       0.89200427434521E-15    28.6471670038893
       10       0.91206136983741E-15    28.9496695449003
       15       0.90844855761227E-15    28.9716336228371
       20       0.91453259849916E-15    28.9734210663747
       25       0.90839150440028E-15    28.9735863059382
       30       0.90990442059333E-15    28.9736033967628
       35       0.91065980685622E-15    28.9736053266246
       40       0.90764510480806E-15    28.9736055590700
       45       0.90861198275762E-15    28.9736055884132
       50       0.91045489417407E-15    28.9736055922485
       55       0.90358278280972E-15    28.9736055927632
       60       0.90893258895823E-15    28.9736055928339
       65       0.90663358013261E-15    28.9736055928441
       70       0.90217247076218E-15    28.9736055928455
       75       0.90083751582135E-15    28.9736055928458
 Benchmark completed 
 VERIFICATION SUCCESSFUL 
 Zeta is     0.2897360559285E+02
 Error is    0.2709879239913E-13


 CG Benchmark Completed.
 Class           =                        C
 Size            =                   150000
 Iterations      =                       75
 Time in seconds =                    23.80
 Total threads   =                        4
 Avail threads   =                        4
 Mop/s total     =                  6024.00
 Mop/s/thread    =                  1506.00
 Operation type  =           floating point
 Verification    =               SUCCESSFUL
 Version         =                    3.4.3
 Compile date    =              03 Sep 2026

 Compile options:
    FC           = gfortran
    FLINK        = $(FC)
    F_LIB        = -L$(LLVM_BUILD)/lib -lomp
    F_INC        = (none)
    FFLAGS       = -O3 -fopenmp
    FLINKFLAGS   = -O3 -fopenmp
    RAND         = randi8


 Please send all errors/feedbacks to:

 NPB Development Team
 npb@nas.nasa.gov


