OMP: pid 33436 tid 33436 thread 0 bound to OS proc set {1-32}
OMP: pid 33436 tid 33491 thread 8 bound to OS proc set {1-32}
OMP: pid 33436 tid 33492 thread 9 bound to OS proc set {1-32}
OMP: pid 33436 tid 33487 thread 4 bound to OS proc set {1-32}
OMP: pid 33436 tid 33490 thread 7 bound to OS proc set {1-32}
OMP: pid 33436 tid 33511 thread 16 bound to OS proc set {1-32}
OMP: pid 33436 tid 33489 thread 6 bound to OS proc set {1-32}
OMP: pid 33436 tid 33488 thread 5 bound to OS proc set {1-32}
OMP: pid 33436 tid 33513 thread 17 bound to OS proc set {1-32}
OMP: pid 33436 tid 33515 thread 18 bound to OS proc set {1-32}
OMP: pid 33436 tid 33518 thread 19 bound to OS proc set {1-32}
OMP: pid 33436 tid 33520 thread 20 bound to OS proc set {1-32}
OMP: pid 33436 tid 33495 thread 12 bound to OS proc set {1-32}
OMP: pid 33436 tid 33494 thread 11 bound to OS proc set {1-32}
OMP: pid 33436 tid 33486 thread 3 bound to OS proc set {1-32}
OMP: pid 33436 tid 33485 thread 2 bound to OS proc set {1-32}
OMP: pid 33436 tid 33498 thread 15 bound to OS proc set {1-32}
OMP: pid 33436 tid 33496 thread 13 bound to OS proc set {1-32}
OMP: pid 33436 tid 33497 thread 14 bound to OS proc set {1-32}
OMP: pid 33436 tid 33524 thread 22 bound to OS proc set {1-32}
OMP: pid 33436 tid 33525 thread 23 bound to OS proc set {1-32}
OMP: pid 33436 tid 33484 thread 1 bound to OS proc set {1-32}
OMP: pid 33436 tid 33521 thread 21 bound to OS proc set {1-32}
OMP: pid 33436 tid 33528 thread 24 bound to OS proc set {1-32}
OMP: pid 33436 tid 33562 thread 28 bound to OS proc set {1-32}
OMP: pid 33436 tid 33552 thread 25 bound to OS proc set {1-32}
OMP: pid 33436 tid 33559 thread 27 bound to OS proc set {1-32}
OMP: pid 33436 tid 33568 thread 30 bound to OS proc set {1-32}
OMP: pid 33436 tid 33565 thread 29 bound to OS proc set {1-32}
OMP: pid 33436 tid 33571 thread 31 bound to OS proc set {1-32}
OMP: pid 33436 tid 33493 thread 10 bound to OS proc set {1-32}
OMP: pid 33436 tid 33555 thread 26 bound to OS proc set {1-32}


 NAS Parallel Benchmarks (NPB3.4-OMP) - EP Benchmark

 Number of random numbers generated:      8589934592
 Number of available threads:                     32

EP Benchmark Results:

CPU Time =     6.549
N = 2^   32
No. Gaussian Pairs =    3373275903.
Sums =     2.691444083863086D+09    2.691519118724447D+09
Counts:
  0    1572172634.
  1    1501108549.
  2     281805648.
  3      17761221.
  4        424017.
  5          3821.
  6            13.
  7             0.
  8             0.
  9             0.


 EP Benchmark Completed.
 Class           =                        C
 Size            =               8589934592
 Iterations      =                        0
 Time in seconds =                     6.55
 Total threads   =                       32
 Avail threads   =                       32
 Mop/s total     =                  1311.71
 Mop/s/thread    =                    40.99
 Operation type  = Random numbers generated
 Verification    =               SUCCESSFUL
 Version         =                    3.4.3
 Compile date    =              03 Sep 2026

 Compile options:
    FC           = gfortran
    FLINK        = $(FC)
    F_LIB        = -L$(LLVM_BUILD)/lib -lomp
    F_INC        = (none)
    FFLAGS       = -O3 -fopenmp
    FLINKFLAGS   = -O3 -fopenmp
    RAND         = randi8


 Please send all errors/feedbacks to:

 NPB Development Team
 npb@nas.nasa.gov


