OMP: pid 125126 tid 125126 thread 0 bound to OS proc set {64-79}
OMP: pid 125126 tid 125152 thread 3 bound to OS proc set {64-79}
OMP: pid 125126 tid 125145 thread 1 bound to OS proc set {64-79}
OMP: pid 125126 tid 125190 thread 15 bound to OS proc set {64-79}
OMP: pid 125126 tid 125148 thread 2 bound to OS proc set {64-79}
OMP: pid 125126 tid 125176 thread 8 bound to OS proc set {64-79}
OMP: pid 125126 tid 125184 thread 12 bound to OS proc set {64-79}
OMP: pid 125126 tid 125183 thread 11 bound to OS proc set {64-79}
OMP: pid 125126 tid 125173 thread 7 bound to OS proc set {64-79}
OMP: pid 125126 tid 125188 thread 14 bound to OS proc set {64-79}
OMP: pid 125126 tid 125157 thread 4 bound to OS proc set {64-79}
OMP: pid 125126 tid 125178 thread 9 bound to OS proc set {64-79}
OMP: pid 125126 tid 125181 thread 10 bound to OS proc set {64-79}
OMP: pid 125126 tid 125186 thread 13 bound to OS proc set {64-79}
OMP: pid 125126 tid 125167 thread 6 bound to OS proc set {64-79}
OMP: pid 125126 tid 125160 thread 5 bound to OS proc set {64-79}
[DRM-pin] pid=125126 tid=125152 assigned=64-79 running_on=72
[DRM-pin] pid=125126 tid=125184 assigned=64-79 running_on=64
[DRM-pin] pid=125126 tid=125176 assigned=64-79 running_on=75
[DRM-pin] pid=125126 tid=125173 assigned=64-79 running_on=66
[DRM-pin] pid=125126 tid=125157 assigned=64-79 running_on=73
[DRM-pin] pid=125126 tid=125183 assigned=64-79 running_on=74
[DRM-pin] pid=125126 tid=125145 assigned=64-79 running_on=76
[DRM-pin] pid=125126 tid=125148 assigned=64-79 running_on=77
[DRM-pin] pid=125126 tid=125186 assigned=64-79 running_on=67
[DRM-pin] pid=125126 tid=125190 assigned=64-79 running_on=69
[DRM-pin] pid=125126 tid=125167 assigned=64-79 running_on=68
[DRM-pin] pid=125126 tid=125188 assigned=64-79 running_on=71
[DRM-pin] pid=125126 tid=125160 assigned=64-79 running_on=76
[DRM-pin] pid=125126 tid=125181 assigned=64-79 running_on=78
[DRM-pin] pid=125126 tid=125178 assigned=64-79 running_on=65


 NAS Parallel Benchmarks (NPB3.4-OMP) - EP Benchmark

 Number of random numbers generated:      8589934592
 Number of available threads:                     16

EP Benchmark Results:

CPU Time =    13.120
N = 2^   32
No. Gaussian Pairs =    3373275903.
Sums =     2.691444083862575D+09    2.691519118725088D+09
Counts:
  0    1572172634.
  1    1501108549.
  2     281805648.
  3      17761221.
  4        424017.
  5          3821.
  6            13.
  7             0.
  8             0.
  9             0.


 EP Benchmark Completed.
 Class           =                        C
 Size            =               8589934592
 Iterations      =                        0
 Time in seconds =                    13.12
 Total threads   =                       16
 Avail threads   =                       16
 Mop/s total     =                   654.73
 Mop/s/thread    =                    40.92
 Operation type  = Random numbers generated
 Verification    =               SUCCESSFUL
 Version         =                    3.4.3
 Compile date    =              03 Sep 2026

 Compile options:
    FC           = gfortran
    FLINK        = $(FC)
    F_LIB        = -L$(LLVM_BUILD)/lib -lomp
    F_INC        = (none)
    FFLAGS       = -O3 -fopenmp
    FLINKFLAGS   = -O3 -fopenmp
    RAND         = randi8


 Please send all errors/feedbacks to:

 NPB Development Team
 npb@nas.nasa.gov


