OMP: pid 125129 tid 125154 thread 1 bound to OS proc set {64-79}
OMP: pid 125129 tid 125168 thread 4 bound to OS proc set {64-79}
OMP: pid 125129 tid 125171 thread 5 bound to OS proc set {64-79}
OMP: pid 125129 tid 125159 thread 2 bound to OS proc set {64-79}
OMP: pid 125129 tid 125162 thread 3 bound to OS proc set {64-79}
OMP: pid 125129 tid 125129 thread 0 bound to OS proc set {64-79}
OMP: pid 125129 tid 125175 thread 7 bound to OS proc set {64-79}
OMP: pid 125129 tid 125174 thread 6 bound to OS proc set {64-79}
OMP: pid 125129 tid 125182 thread 11 bound to OS proc set {64-79}
OMP: pid 125129 tid 125177 thread 8 bound to OS proc set {64-79}
OMP: pid 125129 tid 125179 thread 9 bound to OS proc set {64-79}
OMP: pid 125129 tid 125185 thread 12 bound to OS proc set {64-79}
OMP: pid 125129 tid 125180 thread 10 bound to OS proc set {64-79}
OMP: pid 125129 tid 125191 thread 15 bound to OS proc set {64-79}
OMP: pid 125129 tid 125189 thread 14 bound to OS proc set {64-79}
OMP: pid 125129 tid 125187 thread 13 bound to OS proc set {64-79}
OMP: pid 125129 tid 125129 thread 0 bound to OS proc set {64-79}
[DRM-pin] pid=125129 tid=125171 assigned=72-79 running_on=78
[DRM-pin] pid=125129 tid=125162 assigned=72-79 running_on=72
OMP: pid 125129 tid 125171 thread 5 bound to OS proc set {64-79}
OMP: pid 125129 tid 125162 thread 3 bound to OS proc set {64-79}
[DRM-pin] pid=125129 tid=125175 assigned=72-79 running_on=73
OMP: pid 125129 tid 125175 thread 7 bound to OS proc set {64-79}
[DRM-pin] pid=125129 tid=125159 assigned=72-79 running_on=72
OMP: pid 125129 tid 125159 thread 2 bound to OS proc set {64-79}
[DRM-pin] pid=125129 tid=125168 assigned=72-79 running_on=72
OMP: pid 125129 tid 125168 thread 4 bound to OS proc set {64-79}
[DRM-pin] pid=125129 tid=125174 assigned=72-79 running_on=72
OMP: pid 125129 tid 125174 thread 6 bound to OS proc set {64-79}
[DRM-pin] pid=125129 tid=125154 assigned=72-79 running_on=72
OMP: pid 125129 tid 125154 thread 1 bound to OS proc set {64-79}


 NAS Parallel Benchmarks (NPB3.4-OMP) - EP Benchmark

 Number of random numbers generated:      8589934592
 Number of available threads:                     16

EP Benchmark Results:

CPU Time =    22.232
N = 2^   32
No. Gaussian Pairs =    3373275903.
Sums =     2.691444083862810D+09    2.691519118724567D+09
Counts:
  0    1572172634.
  1    1501108549.
  2     281805648.
  3      17761221.
  4        424017.
  5          3821.
  6            13.
  7             0.
  8             0.
  9             0.


 EP Benchmark Completed.
 Class           =                        C
 Size            =               8589934592
 Iterations      =                        0
 Time in seconds =                    22.23
 Total threads   =                        8
 Avail threads   =                       16
 Warning: Threads used differ from threads available
 Mop/s total     =                   386.38
 Mop/s/thread    =                    48.30
 Operation type  = Random numbers generated
 Verification    =               SUCCESSFUL
 Version         =                    3.4.3
 Compile date    =              03 Sep 2026

 Compile options:
    FC           = gfortran
    FLINK        = $(FC)
    F_LIB        = -L$(LLVM_BUILD)/lib -lomp
    F_INC        = (none)
    FFLAGS       = -O3 -fopenmp
    FLINKFLAGS   = -O3 -fopenmp
    RAND         = randi8


 Please send all errors/feedbacks to:

 NPB Development Team
 npb@nas.nasa.gov


