OMP: pid 33437 tid 33437 thread 0 bound to OS proc set {64-95}
OMP: pid 33437 tid 33506 thread 2 bound to OS proc set {64-95}
OMP: pid 33437 tid 33504 thread 1 bound to OS proc set {64-95}
OMP: pid 33437 tid 33534 thread 11 bound to OS proc set {64-95}
OMP: pid 33437 tid 33536 thread 12 bound to OS proc set {64-95}
OMP: pid 33437 tid 33527 thread 8 bound to OS proc set {64-95}
OMP: pid 33437 tid 33510 thread 4 bound to OS proc set {64-95}
OMP: pid 33437 tid 33508 thread 3 bound to OS proc set {64-95}
OMP: pid 33437 tid 33532 thread 10 bound to OS proc set {64-95}
OMP: pid 33437 tid 33538 thread 13 bound to OS proc set {64-95}
OMP: pid 33437 tid 33522 thread 7 bound to OS proc set {64-95}
OMP: pid 33437 tid 33530 thread 9 bound to OS proc set {64-95}
OMP: pid 33437 tid 33514 thread 5 bound to OS proc set {64-95}
OMP: pid 33437 tid 33517 thread 6 bound to OS proc set {64-95}
OMP: pid 33437 tid 33541 thread 15 bound to OS proc set {64-95}
OMP: pid 33437 tid 33540 thread 14 bound to OS proc set {64-95}
OMP: pid 33437 tid 33574 thread 28 bound to OS proc set {64-95}
OMP: pid 33437 tid 33578 thread 31 bound to OS proc set {64-95}
OMP: pid 33437 tid 33563 thread 24 bound to OS proc set {64-95}
OMP: pid 33437 tid 33543 thread 16 bound to OS proc set {64-95}
OMP: pid 33437 tid 33549 thread 19 bound to OS proc set {64-95}
OMP: pid 33437 tid 33570 thread 26 bound to OS proc set {64-95}
OMP: pid 33437 tid 33566 thread 25 bound to OS proc set {64-95}
OMP: pid 33437 tid 33545 thread 17 bound to OS proc set {64-95}
OMP: pid 33437 tid 33548 thread 18 bound to OS proc set {64-95}
OMP: pid 33437 tid 33551 thread 20 bound to OS proc set {64-95}
OMP: pid 33437 tid 33572 thread 27 bound to OS proc set {64-95}
OMP: pid 33437 tid 33560 thread 23 bound to OS proc set {64-95}
OMP: pid 33437 tid 33558 thread 22 bound to OS proc set {64-95}
OMP: pid 33437 tid 33577 thread 30 bound to OS proc set {64-95}
OMP: pid 33437 tid 33576 thread 29 bound to OS proc set {64-95}
OMP: pid 33437 tid 33554 thread 21 bound to OS proc set {64-95}
OMP: pid 33437 tid 33437 thread 0 bound to OS proc set {64-95}
[DRM-pin] pid=33437 tid=33508 assigned=64-79 running_on=72
[DRM-pin] pid=33437 tid=33522 assigned=64-79 running_on=79
OMP: pid 33437 tid 33508 thread 3 bound to OS proc set {64-95}
[DRM-pin] pid=33437 tid=33530 assigned=64-79 running_on=64
OMP: pid 33437 tid 33522 thread 7 bound to OS proc set {64-95}
[DRM-pin] pid=33437 tid=33538 assigned=64-79 running_on=66
OMP: pid 33437 tid 33530 thread 9 bound to OS proc set {64-95}
OMP: pid 33437 tid 33538 thread 13 bound to OS proc set {64-95}
[DRM-pin] pid=33437 tid=33536 assigned=64-79 running_on=64
OMP: pid 33437 tid 33536 thread 12 bound to OS proc set {64-95}
[DRM-pin] pid=33437 tid=33534 assigned=64-79 running_on=79
OMP: pid 33437 tid 33534 thread 11 bound to OS proc set {64-95}
[DRM-pin] pid=33437 tid=33541 assigned=64-79 running_on=66
[DRM-pin] pid=33437 tid=33506 assigned=64-79 running_on=70
OMP: pid 33437 tid 33541 thread 15 bound to OS proc set {64-95}
OMP: pid 33437 tid 33506 thread 2 bound to OS proc set {64-95}
[DRM-pin] pid=33437 tid=33504 assigned=64-79 running_on=68
OMP: pid 33437 tid 33504 thread 1 bound to OS proc set {64-95}
[DRM-pin] pid=33437 tid=33517 assigned=64-79 running_on=64
OMP: pid 33437 tid 33517 thread 6 bound to OS proc set {64-95}
[DRM-pin] pid=33437 tid=33527 assigned=64-79 running_on=64
OMP: pid 33437 tid 33527 thread 8 bound to OS proc set {64-95}
[DRM-pin] pid=33437 tid=33510 assigned=64-79 running_on=74
[DRM-pin] pid=33437 tid=33532 assigned=64-79 running_on=66
OMP: pid 33437 tid 33510 thread 4 bound to OS proc set {64-95}
[DRM-pin] pid=33437 tid=33514 assigned=64-79 running_on=76
OMP: pid 33437 tid 33532 thread 10 bound to OS proc set {64-95}
OMP: pid 33437 tid 33514 thread 5 bound to OS proc set {64-95}
[DRM-pin] pid=33437 tid=33540 assigned=64-79 running_on=64
OMP: pid 33437 tid 33540 thread 14 bound to OS proc set {64-95}


 NAS Parallel Benchmarks (NPB3.4-OMP) - EP Benchmark

 Number of random numbers generated:      8589934592
 Number of available threads:                     32

EP Benchmark Results:

CPU Time =    10.391
N = 2^   32
No. Gaussian Pairs =    3373275903.
Sums =     2.691444083862576D+09    2.691519118725089D+09
Counts:
  0    1572172634.
  1    1501108549.
  2     281805648.
  3      17761221.
  4        424017.
  5          3821.
  6            13.
  7             0.
  8             0.
  9             0.


 EP Benchmark Completed.
 Class           =                        C
 Size            =               8589934592
 Iterations      =                        0
 Time in seconds =                    10.39
 Total threads   =                       16
 Avail threads   =                       32
 Warning: Threads used differ from threads available
 Mop/s total     =                   826.69
 Mop/s/thread    =                    51.67
 Operation type  = Random numbers generated
 Verification    =               SUCCESSFUL
 Version         =                    3.4.3
 Compile date    =              03 Sep 2026

 Compile options:
    FC           = gfortran
    FLINK        = $(FC)
    F_LIB        = -L$(LLVM_BUILD)/lib -lomp
    F_INC        = (none)
    FFLAGS       = -O3 -fopenmp
    FLINKFLAGS   = -O3 -fopenmp
    RAND         = randi8


 Please send all errors/feedbacks to:

 NPB Development Team
 npb@nas.nasa.gov


