OMP: pid 25891 tid 25891 thread 0 bound to OS proc set {64-71}
OMP: pid 25891 tid 25899 thread 1 bound to OS proc set {64-71}
OMP: pid 25891 tid 25902 thread 3 bound to OS proc set {64-71}
OMP: pid 25891 tid 25901 thread 2 bound to OS proc set {64-71}
OMP: pid 25891 tid 25903 thread 4 bound to OS proc set {64-71}
OMP: pid 25891 tid 25916 thread 5 bound to OS proc set {64-71}
OMP: pid 25891 tid 25924 thread 6 bound to OS proc set {64-71}
OMP: pid 25891 tid 25928 thread 7 bound to OS proc set {64-71}
[DRM-pin] pid=25891 tid=25901 assigned=64-71 running_on=70
[DRM-pin] pid=25891 tid=25902 assigned=64-71 running_on=65
[DRM-pin] pid=25891 tid=25924 assigned=64-71 running_on=67
[DRM-pin] pid=25891 tid=25916 assigned=64-71 running_on=64
[DRM-pin] pid=25891 tid=25903 assigned=64-71 running_on=66
[DRM-pin] pid=25891 tid=25899 assigned=64-71 running_on=67
[DRM-pin] pid=25891 tid=25928 assigned=64-71 running_on=69
[DRM-pin] pid=25891 tid=25902 assigned=64-67 running_on=67
[DRM-pin] pid=25891 tid=25901 assigned=64-67 running_on=64
[DRM-pin] pid=25891 tid=25899 assigned=64-67 running_on=67
OMP: pid 25891 tid 25891 thread 0 bound to OS proc set {64-71}
OMP: pid 25891 tid 25902 thread 3 bound to OS proc set {64-71}
OMP: pid 25891 tid 25901 thread 2 bound to OS proc set {64-71}
OMP: pid 25891 tid 25899 thread 1 bound to OS proc set {64-71}
OMP: pid 25891 tid 25891 thread 0 bound to OS proc set {64-71}
[DRM-pin] pid=25891 tid=25899 assigned=64-71 running_on=67
OMP: pid 25891 tid 25899 thread 1 bound to OS proc set {64-71}
[DRM-pin] pid=25891 tid=25902 assigned=64-71 running_on=66
OMP: pid 25891 tid 25902 thread 3 bound to OS proc set {64-71}
[DRM-pin] pid=25891 tid=25901 assigned=64-71 running_on=64
OMP: pid 25891 tid 25901 thread 2 bound to OS proc set {64-71}
OMP: pid 25891 tid 25928 thread 7 bound to OS proc set {64-71}
OMP: pid 25891 tid 25903 thread 4 bound to OS proc set {64-71}
OMP: pid 25891 tid 25924 thread 6 bound to OS proc set {64-71}
OMP: pid 25891 tid 25916 thread 5 bound to OS proc set {64-71}


 NAS Parallel Benchmarks (NPB3.4-OMP) - CG Benchmark

 Size:      150000
 Iterations:                     75
 Number of available threads:     8

 Initialization time =           3.121 seconds

   iteration           ||r||                 zeta
        1       0.35328997525708E-12   109.9994423237398
        5       0.89299802347788E-15    28.6471670038893
       10       0.91144404696930E-15    28.9496695449003
       15       0.90742808953436E-15    28.9716336228371
       20       0.91488220106569E-15    28.9734210663747
       25       0.90879713561001E-15    28.9735863059382
       30       0.91161162596512E-15    28.9736033967627
       35       0.91112436763999E-15    28.9736053266246
       40       0.90814348852525E-15    28.9736055590700
       45       0.91006695098714E-15    28.9736055884132
       50       0.91043239959091E-15    28.9736055922485
       55       0.90409964006016E-15    28.9736055927632
       60       0.90812392639957E-15    28.9736055928339
       65       0.90660817431520E-15    28.9736055928440
       70       0.90252160739212E-15    28.9736055928452
       75       0.90153544304629E-15    28.9736055928456
 Benchmark completed 
 VERIFICATION SUCCESSFUL 
 Zeta is     0.2897360559285E+02
 Error is    0.1974165419122E-13


 CG Benchmark Completed.
 Class           =                        C
 Size            =                   150000
 Iterations      =                       75
 Time in seconds =                    26.56
 Total threads   =                        8
 Avail threads   =                        8
 Mop/s total     =                  5397.76
 Mop/s/thread    =                   674.72
 Operation type  =           floating point
 Verification    =               SUCCESSFUL
 Version         =                    3.4.3
 Compile date    =              03 Sep 2026

 Compile options:
    FC           = gfortran
    FLINK        = $(FC)
    F_LIB        = -L$(LLVM_BUILD)/lib -lomp
    F_INC        = (none)
    FFLAGS       = -O3 -fopenmp
    FLINKFLAGS   = -O3 -fopenmp
    RAND         = randi8


 Please send all errors/feedbacks to:

 NPB Development Team
 npb@nas.nasa.gov


