OMP: pid 12348 tid 12348 thread 0 bound to OS proc set {64-95}
OMP: pid 12348 tid 12359 thread 2 bound to OS proc set {64-95}
OMP: pid 12348 tid 12387 thread 12 bound to OS proc set {64-95}
OMP: pid 12348 tid 12375 thread 8 bound to OS proc set {64-95}
OMP: pid 12348 tid 12364 thread 4 bound to OS proc set {64-95}
OMP: pid 12348 tid 12360 thread 3 bound to OS proc set {64-95}
OMP: pid 12348 tid 12356 thread 1 bound to OS proc set {64-95}
OMP: pid 12348 tid 12380 thread 10 bound to OS proc set {64-95}
OMP: pid 12348 tid 12371 thread 7 bound to OS proc set {64-95}
OMP: pid 12348 tid 12383 thread 11 bound to OS proc set {64-95}
OMP: pid 12348 tid 12392 thread 14 bound to OS proc set {64-95}
OMP: pid 12348 tid 12370 thread 6 bound to OS proc set {64-95}
OMP: pid 12348 tid 12393 thread 15 bound to OS proc set {64-95}
OMP: pid 12348 tid 12460 thread 31 bound to OS proc set {64-95}
OMP: pid 12348 tid 12379 thread 9 bound to OS proc set {64-95}
OMP: pid 12348 tid 12368 thread 5 bound to OS proc set {64-95}
OMP: pid 12348 tid 12437 thread 24 bound to OS proc set {64-95}
OMP: pid 12348 tid 12451 thread 28 bound to OS proc set {64-95}
OMP: pid 12348 tid 12390 thread 13 bound to OS proc set {64-95}
OMP: pid 12348 tid 12395 thread 16 bound to OS proc set {64-95}
OMP: pid 12348 tid 12448 thread 27 bound to OS proc set {64-95}
OMP: pid 12348 tid 12408 thread 19 bound to OS proc set {64-95}
OMP: pid 12348 tid 12441 thread 25 bound to OS proc set {64-95}
OMP: pid 12348 tid 12442 thread 26 bound to OS proc set {64-95}
OMP: pid 12348 tid 12432 thread 23 bound to OS proc set {64-95}
OMP: pid 12348 tid 12400 thread 18 bound to OS proc set {64-95}
OMP: pid 12348 tid 12397 thread 17 bound to OS proc set {64-95}
OMP: pid 12348 tid 12455 thread 30 bound to OS proc set {64-95}
OMP: pid 12348 tid 12453 thread 29 bound to OS proc set {64-95}
OMP: pid 12348 tid 12411 thread 20 bound to OS proc set {64-95}
OMP: pid 12348 tid 12425 thread 22 bound to OS proc set {64-95}
OMP: pid 12348 tid 12417 thread 21 bound to OS proc set {64-95}
OMP: pid 12348 tid 12348 thread 0 bound to OS proc set {64-95}
[DRM-pin] pid=12348 tid=12364 assigned=80-95 running_on=90
[DRM-pin] pid=12348 tid=12393 assigned=80-95 running_on=80
OMP: pid 12348 tid 12364 thread 4 bound to OS proc set {64-95}
OMP: pid 12348 tid 12393 thread 15 bound to OS proc set {64-95}
[DRM-pin] pid=12348 tid=12356 assigned=80-95 running_on=85
[DRM-pin] pid=12348 tid=12370 assigned=80-95 running_on=94
OMP: pid 12348 tid 12356 thread 1 bound to OS proc set {64-95}
OMP: pid 12348 tid 12370 thread 6 bound to OS proc set {64-95}
[DRM-pin] pid=12348 tid=12359 assigned=80-95 running_on=87
OMP: pid 12348 tid 12359 thread 2 bound to OS proc set {64-95}
[DRM-pin] pid=12348 tid=12360 assigned=80-95 running_on=88
OMP: pid 12348 tid 12360 thread 3 bound to OS proc set {64-95}
[DRM-pin] pid=12348 tid=12379 assigned=80-95 running_on=81
OMP: pid 12348 tid 12379 thread 9 bound to OS proc set {64-95}
[DRM-pin] pid=12348 tid=12383 assigned=80-95 running_on=80
OMP: pid 12348 tid 12383 thread 11 bound to OS proc set {64-95}
[DRM-pin] pid=12348 tid=12375 assigned=80-95 running_on=80
OMP: pid 12348 tid 12375 thread 8 bound to OS proc set {64-95}
[DRM-pin] pid=12348 tid=12390 assigned=80-95 running_on=80
OMP: pid 12348 tid 12390 thread 13 bound to OS proc set {64-95}
[DRM-pin] pid=12348 tid=12371 assigned=80-95 running_on=80
OMP: pid 12348 tid 12371 thread 7 bound to OS proc set {64-95}
[DRM-pin] pid=12348 tid=12380 assigned=80-95 running_on=80
OMP: pid 12348 tid 12380 thread 10 bound to OS proc set {64-95}
[DRM-pin] pid=12348 tid=12387 assigned=80-95 running_on=80
OMP: pid 12348 tid 12387 thread 12 bound to OS proc set {64-95}
[DRM-pin] pid=12348 tid=12368 assigned=80-95 running_on=92
OMP: pid 12348 tid 12368 thread 5 bound to OS proc set {64-95}
[DRM-pin] pid=12348 tid=12392 assigned=80-95 running_on=80
OMP: pid 12348 tid 12392 thread 14 bound to OS proc set {64-95}


 NAS Parallel Benchmarks (NPB3.4-OMP) - CG Benchmark

 Size:      150000
 Iterations:                     75
 Number of available threads:    32

 Initialization time =           1.241 seconds

   iteration           ||r||                 zeta
        1       0.35335992087848E-12   109.9994423237398
        5       0.89250896575715E-15    28.6471670038897
       10       0.91201499324229E-15    28.9496695448999
       15       0.90714117572590E-15    28.9716336228373
       20       0.91522771101695E-15    28.9734210663751
       25       0.91025152700845E-15    28.9735863059385
       30       0.90809131409957E-15    28.9736033967630
       35       0.91043294065849E-15    28.9736053266249
       40       0.90579273551273E-15    28.9736055590700
       45       0.90956635595781E-15    28.9736055884129
       50       0.90978391905355E-15    28.9736055922482
       55       0.90380689887712E-15    28.9736055927636
       60       0.90959056451326E-15    28.9736055928341
       65       0.90934350181651E-15    28.9736055928438
       70       0.90285800968906E-15    28.9736055928452
       75       0.90293848211015E-15    28.9736055928455
 Benchmark completed 
 VERIFICATION SUCCESSFUL 
 Zeta is     0.2897360559285E+02
 Error is    0.1630832302753E-13


 CG Benchmark Completed.
 Class           =                        C
 Size            =                   150000
 Iterations      =                       75
 Time in seconds =                     8.33
 Total threads   =                       16
 Avail threads   =                       32
 Warning: Threads used differ from threads available
 Mop/s total     =                 17208.30
 Mop/s/thread    =                  1075.52
 Operation type  =           floating point
 Verification    =               SUCCESSFUL
 Version         =                    3.4.3
 Compile date    =              03 Sep 2026

 Compile options:
    FC           = gfortran
    FLINK        = $(FC)
    F_LIB        = -L$(LLVM_BUILD)/lib -lomp
    F_INC        = (none)
    FFLAGS       = -O3 -fopenmp
    FLINKFLAGS   = -O3 -fopenmp
    RAND         = randi8


 Please send all errors/feedbacks to:

 NPB Development Team
 npb@nas.nasa.gov


