OMP: pid 80978 tid 80993 thread 2 bound to OS proc set {64-67}
OMP: pid 80978 tid 80978 thread 0 bound to OS proc set {64-67}
OMP: pid 80978 tid 80994 thread 3 bound to OS proc set {64-67}
OMP: pid 80978 tid 80985 thread 1 bound to OS proc set {64-67}
[DRM-pin] pid=80978 tid=80994 assigned=64-67 running_on=66
[DRM-pin] pid=80978 tid=80993 assigned=64-67 running_on=64
[DRM-pin] pid=80978 tid=80985 assigned=64-67 running_on=67
OMP: pid 80978 tid 80978 thread 0 bound to OS proc set {64-67}
[DRM-pin] pid=80978 tid=80985 assigned=66-67 running_on=66
OMP: pid 80978 tid 80985 thread 1 bound to OS proc set {64-67}


 NAS Parallel Benchmarks (NPB3.4-OMP) - CG Benchmark

 Size:      150000
 Iterations:                     75
 Number of available threads:     4

 Initialization time =           5.764 seconds

   iteration           ||r||                 zeta
        1       0.35342969571864E-12   109.9994423237398
        5       0.89147262896674E-15    28.6471670038882
       10       0.91316722336164E-15    28.9496695449005
       15       0.90737632577424E-15    28.9716336228368
       20       0.91732513017013E-15    28.9734210663758
       25       0.90844366926812E-15    28.9735863059383
       30       0.91115633396796E-15    28.9736033967627
       35       0.91171745293838E-15    28.9736053266252
       40       0.90706563136685E-15    28.9736055590702
       45       0.90761102878119E-15    28.9736055884132
       50       0.91048903483146E-15    28.9736055922487
       55       0.90365309471876E-15    28.9736055927623
       60       0.90611705786720E-15    28.9736055928346
       65       0.90323488358723E-15    28.9736055928435
       70       0.90304379760900E-15    28.9736055928450
       75       0.90053039581157E-15    28.9736055928457
 Benchmark completed 
 VERIFICATION SUCCESSFUL 
 Zeta is     0.2897360559285E+02
 Error is    0.2562736475755E-13


 CG Benchmark Completed.
 Class           =                        C
 Size            =                   150000
 Iterations      =                       75
 Time in seconds =                    43.94
 Total threads   =                        2
 Avail threads   =                        4
 Warning: Threads used differ from threads available
 Mop/s total     =                  3262.07
 Mop/s/thread    =                  1631.03
 Operation type  =           floating point
 Verification    =               SUCCESSFUL
 Version         =                    3.4.3
 Compile date    =              03 Sep 2026

 Compile options:
    FC           = gfortran
    FLINK        = $(FC)
    F_LIB        = -L$(LLVM_BUILD)/lib -lomp
    F_INC        = (none)
    FFLAGS       = -O3 -fopenmp
    FLINKFLAGS   = -O3 -fopenmp
    RAND         = randi8


 Please send all errors/feedbacks to:

 NPB Development Team
 npb@nas.nasa.gov


