OMP: pid 87410 tid 87430 thread 7 bound to OS proc set {1-16}
OMP: pid 87410 tid 87421 thread 4 bound to OS proc set {1-16}
OMP: pid 87410 tid 87425 thread 6 bound to OS proc set {1-16}
OMP: pid 87410 tid 87413 thread 1 bound to OS proc set {1-16}
OMP: pid 87410 tid 87410 thread 0 bound to OS proc set {1-16}
OMP: pid 87410 tid 87417 thread 3 bound to OS proc set {1-16}
OMP: pid 87410 tid 87424 thread 5 bound to OS proc set {1-16}
OMP: pid 87410 tid 87414 thread 2 bound to OS proc set {1-16}
OMP: pid 87410 tid 87439 thread 12 bound to OS proc set {1-16}
OMP: pid 87410 tid 87442 thread 15 bound to OS proc set {1-16}
OMP: pid 87410 tid 87441 thread 14 bound to OS proc set {1-16}
OMP: pid 87410 tid 87440 thread 13 bound to OS proc set {1-16}
OMP: pid 87410 tid 87432 thread 8 bound to OS proc set {1-16}
OMP: pid 87410 tid 87436 thread 10 bound to OS proc set {1-16}
OMP: pid 87410 tid 87434 thread 9 bound to OS proc set {1-16}
OMP: pid 87410 tid 87438 thread 11 bound to OS proc set {1-16}


 NAS Parallel Benchmarks (NPB3.4-OMP) - CG Benchmark

 Size:      150000
 Iterations:                     75
 Number of available threads:    16

 Initialization time =           1.862 seconds

   iteration           ||r||                 zeta
        1       0.35336004296596E-12   109.9994423237398
        5       0.89280348584387E-15    28.6471670038896
       10       0.91214825395423E-15    28.9496695449000
       15       0.90700430746514E-15    28.9716336228373
       20       0.91500791263999E-15    28.9734210663751
       25       0.90931335712362E-15    28.9735863059385
       30       0.90838890014235E-15    28.9736033967630
       35       0.91085988436704E-15    28.9736053266249
       40       0.90622329786529E-15    28.9736055590700
       45       0.91167616076648E-15    28.9736055884130
       50       0.91006912096832E-15    28.9736055922482
       55       0.90351704056106E-15    28.9736055927635
       60       0.90882262978810E-15    28.9736055928341
       65       0.90894531867763E-15    28.9736055928438
       70       0.90146716928586E-15    28.9736055928452
       75       0.90050155640803E-15    28.9736055928455
 Benchmark completed 
 VERIFICATION SUCCESSFUL 
 Zeta is     0.2897360559285E+02
 Error is    0.1581784714701E-13


 CG Benchmark Completed.
 Class           =                        C
 Size            =                   150000
 Iterations      =                       75
 Time in seconds =                    20.72
 Total threads   =                       16
 Avail threads   =                       16
 Mop/s total     =                  6918.06
 Mop/s/thread    =                   432.38
 Operation type  =           floating point
 Verification    =               SUCCESSFUL
 Version         =                    3.4.3
 Compile date    =              03 Sep 2026

 Compile options:
    FC           = gfortran
    FLINK        = $(FC)
    F_LIB        = -L$(LLVM_BUILD)/lib -lomp
    F_INC        = (none)
    FFLAGS       = -O3 -fopenmp
    FLINKFLAGS   = -O3 -fopenmp
    RAND         = randi8


 Please send all errors/feedbacks to:

 NPB Development Team
 npb@nas.nasa.gov


