OMP: pid 25897 tid 25910 thread 1 bound to OS proc set {64-71}
OMP: pid 25897 tid 25897 thread 0 bound to OS proc set {64-71}
OMP: pid 25897 tid 25923 thread 2 bound to OS proc set {64-71}
OMP: pid 25897 tid 25925 thread 3 bound to OS proc set {64-71}
OMP: pid 25897 tid 25930 thread 7 bound to OS proc set {64-71}
OMP: pid 25897 tid 25926 thread 4 bound to OS proc set {64-71}
OMP: pid 25897 tid 25927 thread 5 bound to OS proc set {64-71}
OMP: pid 25897 tid 25929 thread 6 bound to OS proc set {64-71}
OMP: pid 25897 tid 25897 thread 0 bound to OS proc set {64-71}
[DRM-pin] pid=25897 tid=25923 assigned=68-71 running_on=68
[DRM-pin] pid=25897 tid=25910 assigned=68-71 running_on=68
OMP: pid 25897 tid 25910 thread 1 bound to OS proc set {64-71}
[DRM-pin] pid=25897 tid=25925 assigned=68-71 running_on=68
OMP: pid 25897 tid 25925 thread 3 bound to OS proc set {64-71}
OMP: pid 25897 tid 25923 thread 2 bound to OS proc set {64-71}


 NAS Parallel Benchmarks (NPB3.4-OMP) - CG Benchmark

 Size:      150000
 Iterations:                     75
 Number of available threads:     8

 Initialization time =           3.392 seconds

   iteration           ||r||                 zeta
        1       0.35328997525708E-12   109.9994423237398
        5       0.89260645633758E-15    28.6471670038893
       10       0.91263965964864E-15    28.9496695449003
       15       0.90830433655821E-15    28.9716336228371
       20       0.91499886481961E-15    28.9734210663747
       25       0.90877778198221E-15    28.9735863059382
       30       0.91094540152651E-15    28.9736033967628
       35       0.91010948748733E-15    28.9736053266246
       40       0.90730952516510E-15    28.9736055590700
       45       0.91082437346119E-15    28.9736055884132
       50       0.90971409916774E-15    28.9736055922486
       55       0.90502957226370E-15    28.9736055927632
       60       0.90854130015415E-15    28.9736055928339
       65       0.90585563334153E-15    28.9736055928440
       70       0.90433732399146E-15    28.9736055928455
       75       0.90163417560940E-15    28.9736055928458
 Benchmark completed 
 VERIFICATION SUCCESSFUL 
 Zeta is     0.2897360559285E+02
 Error is    0.2758926827966E-13


 CG Benchmark Completed.
 Class           =                        C
 Size            =                   150000
 Iterations      =                       75
 Time in seconds =                    24.05
 Total threads   =                        4
 Avail threads   =                        8
 Warning: Threads used differ from threads available
 Mop/s total     =                  5961.37
 Mop/s/thread    =                  1490.34
 Operation type  =           floating point
 Verification    =               SUCCESSFUL
 Version         =                    3.4.3
 Compile date    =              03 Sep 2026

 Compile options:
    FC           = gfortran
    FLINK        = $(FC)
    F_LIB        = -L$(LLVM_BUILD)/lib -lomp
    F_INC        = (none)
    FFLAGS       = -O3 -fopenmp
    FLINKFLAGS   = -O3 -fopenmp
    RAND         = randi8


 Please send all errors/feedbacks to:

 NPB Development Team
 npb@nas.nasa.gov


