OMP: pid 25898 tid 25934 thread 2 bound to OS proc set {1-8}
OMP: pid 25898 tid 25898 thread 0 bound to OS proc set {1-8}
OMP: pid 25898 tid 25939 thread 3 bound to OS proc set {1-8}
OMP: pid 25898 tid 25932 thread 1 bound to OS proc set {1-8}
OMP: pid 25898 tid 25941 thread 4 bound to OS proc set {1-8}
OMP: pid 25898 tid 25944 thread 7 bound to OS proc set {1-8}
OMP: pid 25898 tid 25943 thread 6 bound to OS proc set {1-8}
OMP: pid 25898 tid 25942 thread 5 bound to OS proc set {1-8}


 NAS Parallel Benchmarks (NPB3.4-OMP) - CG Benchmark

 Size:      150000
 Iterations:                     75
 Number of available threads:     8

 Initialization time =           3.017 seconds

   iteration           ||r||                 zeta
        1       0.35331947271751E-12   109.9994423237398
        5       0.89221086364924E-15    28.6471670038896
       10       0.91085901809664E-15    28.9496695449001
       15       0.90784721841642E-15    28.9716336228371
       20       0.91285177161324E-15    28.9734210663752
       25       0.90875315684574E-15    28.9735863059386
       30       0.90967904466862E-15    28.9736033967633
       35       0.91047303444499E-15    28.9736053266247
       40       0.90659076182490E-15    28.9736055590700
       45       0.90796709824734E-15    28.9736055884130
       50       0.91050417317013E-15    28.9736055922483
       55       0.90375104842742E-15    28.9736055927634
       60       0.90947828974651E-15    28.9736055928340
       65       0.90528998880138E-15    28.9736055928440
       70       0.90241589512302E-15    28.9736055928451
       75       0.90223464951981E-15    28.9736055928456
 Benchmark completed 
 VERIFICATION SUCCESSFUL 
 Zeta is     0.2897360559285E+02
 Error is    0.1974165419122E-13


 CG Benchmark Completed.
 Class           =                        C
 Size            =                   150000
 Iterations      =                       75
 Time in seconds =                    30.72
 Total threads   =                        8
 Avail threads   =                        8
 Mop/s total     =                  4665.62
 Mop/s/thread    =                   583.20
 Operation type  =           floating point
 Verification    =               SUCCESSFUL
 Version         =                    3.4.3
 Compile date    =              03 Sep 2026

 Compile options:
    FC           = gfortran
    FLINK        = $(FC)
    F_LIB        = -L$(LLVM_BUILD)/lib -lomp
    F_INC        = (none)
    FFLAGS       = -O3 -fopenmp
    FLINKFLAGS   = -O3 -fopenmp
    RAND         = randi8


 Please send all errors/feedbacks to:

 NPB Development Team
 npb@nas.nasa.gov


