OMP: pid 80973 tid 80980 thread 2 bound to OS proc set {1-4}
OMP: pid 80973 tid 80981 thread 3 bound to OS proc set {1-4}
OMP: pid 80973 tid 80979 thread 1 bound to OS proc set {1-4}
OMP: pid 80973 tid 80973 thread 0 bound to OS proc set {1-4}


 NAS Parallel Benchmarks (NPB3.4-OMP) - CG Benchmark

 Size:      150000
 Iterations:                     75
 Number of available threads:     4

 Initialization time =           5.643 seconds

   iteration           ||r||                 zeta
        1       0.35328997525708E-12   109.9994423237398
        5       0.89152016317050E-15    28.6471670038893
       10       0.91361489431782E-15    28.9496695449003
       15       0.90587312484415E-15    28.9716336228371
       20       0.91497923166104E-15    28.9734210663747
       25       0.90843266564625E-15    28.9735863059382
       30       0.91030549523068E-15    28.9736033967627
       35       0.91063326123936E-15    28.9736053266246
       40       0.90764753919466E-15    28.9736055590699
       45       0.91074625798544E-15    28.9736055884132
       50       0.91082390602808E-15    28.9736055922485
       55       0.90400419635936E-15    28.9736055927632
       60       0.90822818276126E-15    28.9736055928339
       65       0.90616040853050E-15    28.9736055928440
       70       0.90287139343810E-15    28.9736055928455
       75       0.90244838647155E-15    28.9736055928458
 Benchmark completed 
 VERIFICATION SUCCESSFUL 
 Zeta is     0.2897360559285E+02
 Error is    0.2709879239913E-13


 CG Benchmark Completed.
 Class           =                        C
 Size            =                   150000
 Iterations      =                       75
 Time in seconds =                    53.47
 Total threads   =                        4
 Avail threads   =                        4
 Mop/s total     =                  2681.05
 Mop/s/thread    =                   670.26
 Operation type  =           floating point
 Verification    =               SUCCESSFUL
 Version         =                    3.4.3
 Compile date    =              03 Sep 2026

 Compile options:
    FC           = gfortran
    FLINK        = $(FC)
    F_LIB        = -L$(LLVM_BUILD)/lib -lomp
    F_INC        = (none)
    FFLAGS       = -O3 -fopenmp
    FLINKFLAGS   = -O3 -fopenmp
    RAND         = randi8


 Please send all errors/feedbacks to:

 NPB Development Team
 npb@nas.nasa.gov


