OMP: pid 80976 tid 80976 thread 0 bound to OS proc set {1-4}
OMP: pid 80976 tid 80984 thread 3 bound to OS proc set {1-4}
OMP: pid 80976 tid 80982 thread 1 bound to OS proc set {1-4}
OMP: pid 80976 tid 80983 thread 2 bound to OS proc set {1-4}


 NAS Parallel Benchmarks (NPB3.4-OMP) - CG Benchmark

 Size:      150000
 Iterations:                     75
 Number of available threads:     4

 Initialization time =           5.731 seconds

   iteration           ||r||                 zeta
        1       0.35328997525708E-12   109.9994423237398
        5       0.89202404790207E-15    28.6471670038893
       10       0.91304183931443E-15    28.9496695449003
       15       0.90666859882441E-15    28.9716336228371
       20       0.91408184455671E-15    28.9734210663747
       25       0.90872029871169E-15    28.9735863059382
       30       0.91115738379655E-15    28.9736033967627
       35       0.91081980841609E-15    28.9736053266246
       40       0.90763139643873E-15    28.9736055590700
       45       0.91056661000464E-15    28.9736055884132
       50       0.91002813425180E-15    28.9736055922485
       55       0.90345656750286E-15    28.9736055927632
       60       0.90919061244598E-15    28.9736055928339
       65       0.90528658760802E-15    28.9736055928440
       70       0.90233090244812E-15    28.9736055928455
       75       0.90089660585138E-15    28.9736055928458
 Benchmark completed 
 VERIFICATION SUCCESSFUL 
 Zeta is     0.2897360559285E+02
 Error is    0.2758926827966E-13


 CG Benchmark Completed.
 Class           =                        C
 Size            =                   150000
 Iterations      =                       75
 Time in seconds =                    52.86
 Total threads   =                        4
 Avail threads   =                        4
 Mop/s total     =                  2711.63
 Mop/s/thread    =                   677.91
 Operation type  =           floating point
 Verification    =               SUCCESSFUL
 Version         =                    3.4.3
 Compile date    =              03 Sep 2026

 Compile options:
    FC           = gfortran
    FLINK        = $(FC)
    F_LIB        = -L$(LLVM_BUILD)/lib -lomp
    F_INC        = (none)
    FFLAGS       = -O3 -fopenmp
    FLINKFLAGS   = -O3 -fopenmp
    RAND         = randi8


 Please send all errors/feedbacks to:

 NPB Development Team
 npb@nas.nasa.gov


