OMP: pid 87407 tid 87433 thread 13 bound to OS proc set {1-16}
OMP: pid 87407 tid 87431 thread 12 bound to OS proc set {1-16}
OMP: pid 87407 tid 87418 thread 3 bound to OS proc set {1-16}
OMP: pid 87407 tid 87437 thread 15 bound to OS proc set {1-16}
OMP: pid 87407 tid 87407 thread 0 bound to OS proc set {1-16}
OMP: pid 87407 tid 87435 thread 14 bound to OS proc set {1-16}
OMP: pid 87407 tid 87419 thread 4 bound to OS proc set {1-16}
OMP: pid 87407 tid 87416 thread 2 bound to OS proc set {1-16}
OMP: pid 87407 tid 87422 thread 6 bound to OS proc set {1-16}
OMP: pid 87407 tid 87415 thread 1 bound to OS proc set {1-16}
OMP: pid 87407 tid 87420 thread 5 bound to OS proc set {1-16}
OMP: pid 87407 tid 87423 thread 7 bound to OS proc set {1-16}
OMP: pid 87407 tid 87428 thread 10 bound to OS proc set {1-16}
OMP: pid 87407 tid 87426 thread 8 bound to OS proc set {1-16}
OMP: pid 87407 tid 87429 thread 11 bound to OS proc set {1-16}
OMP: pid 87407 tid 87427 thread 9 bound to OS proc set {1-16}


 NAS Parallel Benchmarks (NPB3.4-OMP) - CG Benchmark

 Size:      150000
 Iterations:                     75
 Number of available threads:    16

 Initialization time =           1.856 seconds

   iteration           ||r||                 zeta
        1       0.35328796913101E-12   109.9994423237398
        5       0.89218209541293E-15    28.6471670038896
       10       0.91153147029662E-15    28.9496695448999
       15       0.90621483280098E-15    28.9716336228373
       20       0.91476795594145E-15    28.9734210663751
       25       0.91010873795735E-15    28.9735863059385
       30       0.90878717185770E-15    28.9736033967630
       35       0.91092202098777E-15    28.9736053266249
       40       0.90570580750579E-15    28.9736055590700
       45       0.91025991498446E-15    28.9736055884129
       50       0.91008330563971E-15    28.9736055922482
       55       0.90279306995538E-15    28.9736055927636
       60       0.90874466360591E-15    28.9736055928341
       65       0.90789296389312E-15    28.9736055928438
       70       0.90320255718650E-15    28.9736055928452
       75       0.90051407244242E-15    28.9736055928454
 Benchmark completed 
 VERIFICATION SUCCESSFUL 
 Zeta is     0.2897360559285E+02
 Error is    0.1532737126648E-13


 CG Benchmark Completed.
 Class           =                        C
 Size            =                   150000
 Iterations      =                       75
 Time in seconds =                    20.26
 Total threads   =                       16
 Avail threads   =                       16
 Mop/s total     =                  7075.38
 Mop/s/thread    =                   442.21
 Operation type  =           floating point
 Verification    =               SUCCESSFUL
 Version         =                    3.4.3
 Compile date    =              03 Sep 2026

 Compile options:
    FC           = gfortran
    FLINK        = $(FC)
    F_LIB        = -L$(LLVM_BUILD)/lib -lomp
    F_INC        = (none)
    FFLAGS       = -O3 -fopenmp
    FLINKFLAGS   = -O3 -fopenmp
    RAND         = randi8


 Please send all errors/feedbacks to:

 NPB Development Team
 npb@nas.nasa.gov


