OMP: pid 38915 tid 38929 thread 4 bound to OS proc set {56-71}
OMP: pid 38915 tid 38931 thread 5 bound to OS proc set {56-71}
OMP: pid 38915 tid 38935 thread 6 bound to OS proc set {56-71}
OMP: pid 38915 tid 38923 thread 1 bound to OS proc set {56-71}
OMP: pid 38915 tid 38925 thread 2 bound to OS proc set {56-71}
OMP: pid 38915 tid 38927 thread 3 bound to OS proc set {56-71}
OMP: pid 38915 tid 38915 thread 0 bound to OS proc set {56-71}
OMP: pid 38915 tid 38936 thread 7 bound to OS proc set {56-71}
OMP: pid 38915 tid 38960 thread 15 bound to OS proc set {56-71}
OMP: pid 38915 tid 38950 thread 12 bound to OS proc set {56-71}
OMP: pid 38915 tid 38959 thread 14 bound to OS proc set {56-71}
OMP: pid 38915 tid 38948 thread 11 bound to OS proc set {56-71}
OMP: pid 38915 tid 38938 thread 8 bound to OS proc set {56-71}
OMP: pid 38915 tid 38944 thread 10 bound to OS proc set {56-71}
OMP: pid 38915 tid 38940 thread 9 bound to OS proc set {56-71}
OMP: pid 38915 tid 38958 thread 13 bound to OS proc set {56-71}


 NAS Parallel Benchmarks (NPB3.4-OMP) - CG Benchmark

 Size:      150000
 Iterations:                     75
 Number of available threads:    16

 Initialization time =           1.889 seconds

   iteration           ||r||                 zeta
        1       0.35322221422352E-12   109.9994423237398
        5       0.89190810838593E-15    28.6471670038897
       10       0.91325574153002E-15    28.9496695448999
       15       0.90727964003800E-15    28.9716336228373
       20       0.91569401171513E-15    28.9734210663750
       25       0.90923606933951E-15    28.9735863059385
       30       0.90811941735499E-15    28.9736033967630
       35       0.90892498733368E-15    28.9736053266249
       40       0.90582338830229E-15    28.9736055590700
       45       0.91070112655606E-15    28.9736055884129
       50       0.91135700381671E-15    28.9736055922482
       55       0.90383683258219E-15    28.9736055927635
       60       0.90888568492245E-15    28.9736055928342
       65       0.90759105772047E-15    28.9736055928438
       70       0.90242092928263E-15    28.9736055928452
       75       0.90136069717933E-15    28.9736055928455
 Benchmark completed 
 VERIFICATION SUCCESSFUL 
 Zeta is     0.2897360559285E+02
 Error is    0.1581784714701E-13


 CG Benchmark Completed.
 Class           =                        C
 Size            =                   150000
 Iterations      =                       75
 Time in seconds =                    18.50
 Total threads   =                       16
 Avail threads   =                       16
 Mop/s total     =                  7747.08
 Mop/s/thread    =                   484.19
 Operation type  =           floating point
 Verification    =               SUCCESSFUL
 Version         =                    3.4.3
 Compile date    =              18 Feb 2026

 Compile options:
    FC           = gfortran
    FLINK        = $(FC)
    F_LIB        = -L/dss/dsshome1/09/ga27qam2/llvm-project/bu...
    F_INC        = (none)
    FFLAGS       = -O3 -fopenmp
    FLINKFLAGS   = -O3 -fopenmp
    RAND         = randi8


 Please send all errors/feedbacks to:

 NPB Development Team
 npb@nas.nasa.gov


