OMP: pid 27042 tid 27042 thread 0 bound to OS proc set {56-63}
OMP: pid 27042 tid 27069 thread 2 bound to OS proc set {56-63}
OMP: pid 27042 tid 27075 thread 7 bound to OS proc set {56-63}
OMP: pid 27042 tid 27068 thread 1 bound to OS proc set {56-63}
OMP: pid 27042 tid 27071 thread 3 bound to OS proc set {56-63}
OMP: pid 27042 tid 27074 thread 6 bound to OS proc set {56-63}
OMP: pid 27042 tid 27072 thread 4 bound to OS proc set {56-63}
OMP: pid 27042 tid 27073 thread 5 bound to OS proc set {56-63}


 NAS Parallel Benchmarks (NPB3.4-OMP) - CG Benchmark

 Size:      150000
 Iterations:                     75
 Number of available threads:     8

 Initialization time =           3.516 seconds

   iteration           ||r||                 zeta
        1       0.35329773798544E-12   109.9994423237398
        5       0.89184682798387E-15    28.6471670038896
       10       0.91218057422222E-15    28.9496695449001
       15       0.90707653453468E-15    28.9716336228371
       20       0.91488692893196E-15    28.9734210663752
       25       0.90770677594623E-15    28.9735863059386
       30       0.90887463451377E-15    28.9736033967633
       35       0.91092486963964E-15    28.9736053266247
       40       0.90785599074682E-15    28.9736055590700
       45       0.90867946581708E-15    28.9736055884131
       50       0.91108503874496E-15    28.9736055922483
       55       0.90280415126575E-15    28.9736055927634
       60       0.90877851078231E-15    28.9736055928340
       65       0.90764433057867E-15    28.9736055928440
       70       0.90237259498034E-15    28.9736055928452
       75       0.90245410632577E-15    28.9736055928456
 Benchmark completed 
 VERIFICATION SUCCESSFUL 
 Zeta is     0.2897360559285E+02
 Error is    0.2023213007175E-13


 CG Benchmark Completed.
 Class           =                        C
 Size            =                   150000
 Iterations      =                       75
 Time in seconds =                    31.35
 Total threads   =                        8
 Avail threads   =                        8
 Mop/s total     =                  4572.21
 Mop/s/thread    =                   571.53
 Operation type  =           floating point
 Verification    =               SUCCESSFUL
 Version         =                    3.4.3
 Compile date    =              18 Feb 2026

 Compile options:
    FC           = gfortran
    FLINK        = $(FC)
    F_LIB        = -L/dss/dsshome1/09/ga27qam2/llvm-project/bu...
    F_INC        = (none)
    FFLAGS       = -O3 -fopenmp
    FLINKFLAGS   = -O3 -fopenmp
    RAND         = randi8


 Please send all errors/feedbacks to:

 NPB Development Team
 npb@nas.nasa.gov


