OMP: pid 38921 tid 38955 thread 1 bound to OS proc set {1-16}
OMP: pid 38921 tid 38921 thread 0 bound to OS proc set {1-16}
OMP: pid 38921 tid 38981 thread 12 bound to OS proc set {1-16}
OMP: pid 38921 tid 38982 thread 13 bound to OS proc set {1-16}
OMP: pid 38921 tid 38983 thread 14 bound to OS proc set {1-16}
OMP: pid 38921 tid 38984 thread 15 bound to OS proc set {1-16}
OMP: pid 38921 tid 38967 thread 4 bound to OS proc set {1-16}
OMP: pid 38921 tid 38974 thread 6 bound to OS proc set {1-16}
OMP: pid 38921 tid 38962 thread 2 bound to OS proc set {1-16}
OMP: pid 38921 tid 38972 thread 5 bound to OS proc set {1-16}
OMP: pid 38921 tid 38964 thread 3 bound to OS proc set {1-16}
OMP: pid 38921 tid 38977 thread 8 bound to OS proc set {1-16}
OMP: pid 38921 tid 38980 thread 11 bound to OS proc set {1-16}
OMP: pid 38921 tid 38979 thread 10 bound to OS proc set {1-16}
OMP: pid 38921 tid 38978 thread 9 bound to OS proc set {1-16}
OMP: pid 38921 tid 38976 thread 7 bound to OS proc set {1-16}
OMP: pid 38921 tid 38921 thread 0 bound to OS proc set {1-16}
OMP: pid 38921 tid 38976 thread 7 bound to OS proc set {1-16}
OMP: pid 38921 tid 38962 thread 2 bound to OS proc set {1-16}
OMP: pid 38921 tid 38967 thread 4 bound to OS proc set {1-16}
OMP: pid 38921 tid 38955 thread 1 bound to OS proc set {1-16}
OMP: pid 38921 tid 38964 thread 3 bound to OS proc set {1-16}
OMP: pid 38921 tid 38972 thread 5 bound to OS proc set {1-16}
OMP: pid 38921 tid 38974 thread 6 bound to OS proc set {1-16}


 NAS Parallel Benchmarks (NPB3.4-OMP) - CG Benchmark

 Size:      150000
 Iterations:                     75
 Number of available threads:    16

 Initialization time =           2.105 seconds

   iteration           ||r||                 zeta
        1       0.35329100448256E-12   109.9994423237398
        5       0.89184543744519E-15    28.6471670038895
       10       0.91149362189840E-15    28.9496695449000
       15       0.90696810044098E-15    28.9716336228371
       20       0.91385104886035E-15    28.9734210663752
       25       0.90803287592810E-15    28.9735863059386
       30       0.90861223220400E-15    28.9736033967633
       35       0.90977132502665E-15    28.9736053266247
       40       0.90655804898824E-15    28.9736055590700
       45       0.90838871088854E-15    28.9736055884130
       50       0.90972368450681E-15    28.9736055922483
       55       0.90360589753016E-15    28.9736055927634
       60       0.90840429063222E-15    28.9736055928341
       65       0.90656686094167E-15    28.9736055928440
       70       0.90324053827026E-15    28.9736055928452
       75       0.90230635418586E-15    28.9736055928456
 Benchmark completed 
 VERIFICATION SUCCESSFUL 
 Zeta is     0.2897360559285E+02
 Error is    0.2121308183281E-13


 CG Benchmark Completed.
 Class           =                        C
 Size            =                   150000
 Iterations      =                       75
 Time in seconds =                    11.51
 Total threads   =                        8
 Avail threads   =                       16
 Warning: Threads used differ from threads available
 Mop/s total     =                 12450.49
 Mop/s/thread    =                  1556.31
 Operation type  =           floating point
 Verification    =               SUCCESSFUL
 Version         =                    3.4.3
 Compile date    =              18 Feb 2026

 Compile options:
    FC           = gfortran
    FLINK        = $(FC)
    F_LIB        = -L/dss/dsshome1/09/ga27qam2/llvm-project/bu...
    F_INC        = (none)
    FFLAGS       = -O3 -fopenmp
    FLINKFLAGS   = -O3 -fopenmp
    RAND         = randi8


 Please send all errors/feedbacks to:

 NPB Development Team
 npb@nas.nasa.gov


