OMP: pid 43713 tid 43713 thread 0 bound to OS proc set {56-87}
OMP: pid 43713 tid 43760 thread 16 bound to OS proc set {56-87}
OMP: pid 43713 tid 43718 thread 1 bound to OS proc set {56-87}
OMP: pid 43713 tid 43721 thread 3 bound to OS proc set {56-87}
OMP: pid 43713 tid 43769 thread 18 bound to OS proc set {56-87}
OMP: pid 43713 tid 43756 thread 15 bound to OS proc set {56-87}
OMP: pid 43713 tid 43766 thread 17 bound to OS proc set {56-87}
OMP: pid 43713 tid 43815 thread 27 bound to OS proc set {56-87}
OMP: pid 43713 tid 43777 thread 19 bound to OS proc set {56-87}
OMP: pid 43713 tid 43723 thread 4 bound to OS proc set {56-87}
OMP: pid 43713 tid 43742 thread 11 bound to OS proc set {56-87}
OMP: pid 43713 tid 43720 thread 2 bound to OS proc set {56-87}
OMP: pid 43713 tid 43817 thread 28 bound to OS proc set {56-87}
OMP: pid 43713 tid 43731 thread 8 bound to OS proc set {56-87}
OMP: pid 43713 tid 43738 thread 10 bound to OS proc set {56-87}
OMP: pid 43713 tid 43752 thread 14 bound to OS proc set {56-87}
OMP: pid 43713 tid 43744 thread 12 bound to OS proc set {56-87}
OMP: pid 43713 tid 43823 thread 31 bound to OS proc set {56-87}
OMP: pid 43713 tid 43811 thread 26 bound to OS proc set {56-87}
OMP: pid 43713 tid 43730 thread 7 bound to OS proc set {56-87}
OMP: pid 43713 tid 43797 thread 23 bound to OS proc set {56-87}
OMP: pid 43713 tid 43818 thread 29 bound to OS proc set {56-87}
OMP: pid 43713 tid 43801 thread 24 bound to OS proc set {56-87}
OMP: pid 43713 tid 43734 thread 9 bound to OS proc set {56-87}
OMP: pid 43713 tid 43725 thread 5 bound to OS proc set {56-87}
OMP: pid 43713 tid 43726 thread 6 bound to OS proc set {56-87}
OMP: pid 43713 tid 43748 thread 13 bound to OS proc set {56-87}
OMP: pid 43713 tid 43782 thread 20 bound to OS proc set {56-87}
OMP: pid 43713 tid 43821 thread 30 bound to OS proc set {56-87}
OMP: pid 43713 tid 43793 thread 22 bound to OS proc set {56-87}
OMP: pid 43713 tid 43805 thread 25 bound to OS proc set {56-87}
OMP: pid 43713 tid 43788 thread 21 bound to OS proc set {56-87}


 NAS Parallel Benchmarks (NPB3.4-OMP) - CG Benchmark

 Size:      150000
 Iterations:                     75
 Number of available threads:    32

 Initialization time =           1.176 seconds

   iteration           ||r||                 zeta
        1       0.35317012848669E-12   109.9994423237398
        5       0.89204233854609E-15    28.6471670038895
       10       0.91263383457835E-15    28.9496695449000
       15       0.90530620008809E-15    28.9716336228371
       20       0.91298866050994E-15    28.9734210663749
       25       0.90883150264361E-15    28.9735863059384
       30       0.90921009465409E-15    28.9736033967631
       35       0.91042428797696E-15    28.9736053266249
       40       0.90667596533610E-15    28.9736055590700
       45       0.91055267532217E-15    28.9736055884127
       50       0.90880666392702E-15    28.9736055922484
       55       0.90469978542126E-15    28.9736055927634
       60       0.90812522405533E-15    28.9736055928340
       65       0.90697418385020E-15    28.9736055928439
       70       0.90258875095956E-15    28.9736055928452
       75       0.90146615340407E-15    28.9736055928455
 Benchmark completed 
 VERIFICATION SUCCESSFUL 
 Zeta is     0.2897360559285E+02
 Error is    0.1581784714701E-13


 CG Benchmark Completed.
 Class           =                        C
 Size            =                   150000
 Iterations      =                       75
 Time in seconds =                    11.31
 Total threads   =                       32
 Avail threads   =                       32
 Mop/s total     =                 12674.94
 Mop/s/thread    =                   396.09
 Operation type  =           floating point
 Verification    =               SUCCESSFUL
 Version         =                    3.4.3
 Compile date    =              18 Feb 2026

 Compile options:
    FC           = gfortran
    FLINK        = $(FC)
    F_LIB        = -L/dss/dsshome1/09/ga27qam2/llvm-project/bu...
    F_INC        = (none)
    FFLAGS       = -O3 -fopenmp
    FLINKFLAGS   = -O3 -fopenmp
    RAND         = randi8


 Please send all errors/feedbacks to:

 NPB Development Team
 npb@nas.nasa.gov


