OMP: pid 21988 tid 21988 thread 0 bound to OS proc set {56-59}
OMP: pid 21988 tid 22003 thread 3 bound to OS proc set {56-59}
OMP: pid 21988 tid 22002 thread 2 bound to OS proc set {56-59}
OMP: pid 21988 tid 22001 thread 1 bound to OS proc set {56-59}


 NAS Parallel Benchmarks (NPB3.4-OMP) - CG Benchmark

 Size:      150000
 Iterations:                     75
 Number of available threads:     4

 Initialization time =           6.657 seconds

   iteration           ||r||                 zeta
        1       0.35328997525708E-12   109.9994423237398
        5       0.89190947246785E-15    28.6471670038893
       10       0.91226899806641E-15    28.9496695449003
       15       0.90746876055012E-15    28.9716336228371
       20       0.91398579300459E-15    28.9734210663747
       25       0.90838701811653E-15    28.9735863059382
       30       0.91010243453513E-15    28.9736033967628
       35       0.91100016373146E-15    28.9736053266246
       40       0.90732387767656E-15    28.9736055590700
       45       0.91057700934007E-15    28.9736055884132
       50       0.91051660455884E-15    28.9736055922486
       55       0.90376202084808E-15    28.9736055927632
       60       0.90790203478489E-15    28.9736055928340
       65       0.90529419259704E-15    28.9736055928440
       70       0.90113640401858E-15    28.9736055928454
       75       0.90110602635474E-15    28.9736055928458
 Benchmark completed 
 VERIFICATION SUCCESSFUL 
 Zeta is     0.2897360559285E+02
 Error is    0.2758926827966E-13


 CG Benchmark Completed.
 Class           =                        C
 Size            =                   150000
 Iterations      =                       75
 Time in seconds =                    51.15
 Total threads   =                        4
 Avail threads   =                        4
 Mop/s total     =                  2802.25
 Mop/s/thread    =                   700.56
 Operation type  =           floating point
 Verification    =               SUCCESSFUL
 Version         =                    3.4.3
 Compile date    =              18 Feb 2026

 Compile options:
    FC           = gfortran
    FLINK        = $(FC)
    F_LIB        = -L/dss/dsshome1/09/ga27qam2/llvm-project/bu...
    F_INC        = (none)
    FFLAGS       = -O3 -fopenmp
    FLINKFLAGS   = -O3 -fopenmp
    RAND         = randi8


 Please send all errors/feedbacks to:

 NPB Development Team
 npb@nas.nasa.gov


