OMP: pid 38919 tid 38919 thread 0 bound to OS proc set {56-71}
OMP: pid 38919 tid 38951 thread 14 bound to OS proc set {56-71}
OMP: pid 38919 tid 38922 thread 1 bound to OS proc set {56-71}
OMP: pid 38919 tid 38926 thread 3 bound to OS proc set {56-71}
OMP: pid 38919 tid 38924 thread 2 bound to OS proc set {56-71}
OMP: pid 38919 tid 38930 thread 5 bound to OS proc set {56-71}
OMP: pid 38919 tid 38928 thread 4 bound to OS proc set {56-71}
OMP: pid 38919 tid 38943 thread 11 bound to OS proc set {56-71}
OMP: pid 38919 tid 38934 thread 8 bound to OS proc set {56-71}
OMP: pid 38919 tid 38939 thread 10 bound to OS proc set {56-71}
OMP: pid 38919 tid 38932 thread 6 bound to OS proc set {56-71}
OMP: pid 38919 tid 38933 thread 7 bound to OS proc set {56-71}
OMP: pid 38919 tid 38945 thread 12 bound to OS proc set {56-71}
OMP: pid 38919 tid 38952 thread 15 bound to OS proc set {56-71}
OMP: pid 38919 tid 38937 thread 9 bound to OS proc set {56-71}
OMP: pid 38919 tid 38946 thread 13 bound to OS proc set {56-71}


 NAS Parallel Benchmarks (NPB3.4-OMP) - CG Benchmark

 Size:      150000
 Iterations:                     75
 Number of available threads:    16

 Initialization time =           1.858 seconds

   iteration           ||r||                 zeta
        1       0.35305062507295E-12   109.9994423237398
        5       0.89228188764236E-15    28.6471670038896
       10       0.91215154660170E-15    28.9496695449000
       15       0.90549036154399E-15    28.9716336228373
       20       0.91420100769313E-15    28.9734210663751
       25       0.90944387889202E-15    28.9735863059385
       30       0.90882388764351E-15    28.9736033967631
       35       0.91089358277552E-15    28.9736053266249
       40       0.90634383102394E-15    28.9736055590700
       45       0.91238172136873E-15    28.9736055884130
       50       0.90992800571663E-15    28.9736055922483
       55       0.90379915496985E-15    28.9736055927636
       60       0.90954680464472E-15    28.9736055928341
       65       0.90835032794373E-15    28.9736055928438
       70       0.90128776139801E-15    28.9736055928452
       75       0.90153015131385E-15    28.9736055928454
 Benchmark completed 
 VERIFICATION SUCCESSFUL 
 Zeta is     0.2897360559285E+02
 Error is    0.1483689538595E-13


 CG Benchmark Completed.
 Class           =                        C
 Size            =                   150000
 Iterations      =                       75
 Time in seconds =                    18.60
 Total threads   =                       16
 Avail threads   =                       16
 Mop/s total     =                  7705.72
 Mop/s/thread    =                   481.61
 Operation type  =           floating point
 Verification    =               SUCCESSFUL
 Version         =                    3.4.3
 Compile date    =              18 Feb 2026

 Compile options:
    FC           = gfortran
    FLINK        = $(FC)
    F_LIB        = -L/dss/dsshome1/09/ga27qam2/llvm-project/bu...
    F_INC        = (none)
    FFLAGS       = -O3 -fopenmp
    FLINKFLAGS   = -O3 -fopenmp
    RAND         = randi8


 Please send all errors/feedbacks to:

 NPB Development Team
 npb@nas.nasa.gov


