OMP: pid 27040 tid 27060 thread 2 bound to OS proc set {56-63}
OMP: pid 27040 tid 27070 thread 7 bound to OS proc set {56-63}
OMP: pid 27040 tid 27059 thread 1 bound to OS proc set {56-63}
OMP: pid 27040 tid 27064 thread 3 bound to OS proc set {56-63}
OMP: pid 27040 tid 27065 thread 4 bound to OS proc set {56-63}
OMP: pid 27040 tid 27040 thread 0 bound to OS proc set {56-63}
OMP: pid 27040 tid 27066 thread 5 bound to OS proc set {56-63}
OMP: pid 27040 tid 27067 thread 6 bound to OS proc set {56-63}


 NAS Parallel Benchmarks (NPB3.4-OMP) - CG Benchmark

 Size:      150000
 Iterations:                     75
 Number of available threads:     8

 Initialization time =           3.456 seconds

   iteration           ||r||                 zeta
        1       0.35331999600918E-12   109.9994423237398
        5       0.89242314152710E-15    28.6471670038896
       10       0.91091232203561E-15    28.9496695449000
       15       0.90610004459246E-15    28.9716336228371
       20       0.91432657307320E-15    28.9734210663752
       25       0.90865298281878E-15    28.9735863059386
       30       0.90927179538978E-15    28.9736033967633
       35       0.91094426717351E-15    28.9736053266247
       40       0.90702397514246E-15    28.9736055590699
       45       0.90797301434755E-15    28.9736055884130
       50       0.91105020795538E-15    28.9736055922483
       55       0.90326817998575E-15    28.9736055927634
       60       0.90856245598445E-15    28.9736055928340
       65       0.90615711438262E-15    28.9736055928440
       70       0.90228780993061E-15    28.9736055928452
       75       0.90172731836629E-15    28.9736055928456
 Benchmark completed 
 VERIFICATION SUCCESSFUL 
 Zeta is     0.2897360559285E+02
 Error is    0.2072260595228E-13


 CG Benchmark Completed.
 Class           =                        C
 Size            =                   150000
 Iterations      =                       75
 Time in seconds =                    32.13
 Total threads   =                        8
 Avail threads   =                        8
 Mop/s total     =                  4461.10
 Mop/s/thread    =                   557.64
 Operation type  =           floating point
 Verification    =               SUCCESSFUL
 Version         =                    3.4.3
 Compile date    =              18 Feb 2026

 Compile options:
    FC           = gfortran
    FLINK        = $(FC)
    F_LIB        = -L/dss/dsshome1/09/ga27qam2/llvm-project/bu...
    F_INC        = (none)
    FFLAGS       = -O3 -fopenmp
    FLINKFLAGS   = -O3 -fopenmp
    RAND         = randi8


 Please send all errors/feedbacks to:

 NPB Development Team
 npb@nas.nasa.gov


