OMP: pid 27043 tid 27043 thread 0 bound to OS proc set {1-8}
OMP: pid 27043 tid 27046 thread 1 bound to OS proc set {1-8}
OMP: pid 27043 tid 27052 thread 3 bound to OS proc set {1-8}
OMP: pid 27043 tid 27048 thread 2 bound to OS proc set {1-8}
OMP: pid 27043 tid 27053 thread 4 bound to OS proc set {1-8}
OMP: pid 27043 tid 27057 thread 6 bound to OS proc set {1-8}
OMP: pid 27043 tid 27055 thread 5 bound to OS proc set {1-8}
OMP: pid 27043 tid 27058 thread 7 bound to OS proc set {1-8}
OMP: pid 27043 tid 27043 thread 0 bound to OS proc set {1-8}
OMP: pid 27043 tid 27048 thread 2 bound to OS proc set {1-8}
OMP: pid 27043 tid 27052 thread 3 bound to OS proc set {1-8}
OMP: pid 27043 tid 27046 thread 1 bound to OS proc set {1-8}


 NAS Parallel Benchmarks (NPB3.4-OMP) - CG Benchmark

 Size:      150000
 Iterations:                     75
 Number of available threads:     8

 Initialization time =           3.551 seconds

   iteration           ||r||                 zeta
        1       0.35342946902939E-12   109.9994423237398
        5       0.89220882151054E-15    28.6471670038893
       10       0.91325212946673E-15    28.9496695449003
       15       0.90747596472026E-15    28.9716336228371
       20       0.91489668733127E-15    28.9734210663747
       25       0.90977276851747E-15    28.9735863059382
       30       0.91050731441851E-15    28.9736033967628
       35       0.91020977403698E-15    28.9736053266246
       40       0.90787739722403E-15    28.9736055590700
       45       0.91018946205884E-15    28.9736055884132
       50       0.90968324877619E-15    28.9736055922485
       55       0.90344936218331E-15    28.9736055927632
       60       0.90894967166891E-15    28.9736055928339
       65       0.90596013127190E-15    28.9736055928440
       70       0.90240513225853E-15    28.9736055928455
       75       0.90089436199183E-15    28.9736055928458
 Benchmark completed 
 VERIFICATION SUCCESSFUL 
 Zeta is     0.2897360559285E+02
 Error is    0.2758926827966E-13


 CG Benchmark Completed.
 Class           =                        C
 Size            =                   150000
 Iterations      =                       75
 Time in seconds =                    22.54
 Total threads   =                        4
 Avail threads   =                        8
 Warning: Threads used differ from threads available
 Mop/s total     =                  6359.07
 Mop/s/thread    =                  1589.77
 Operation type  =           floating point
 Verification    =               SUCCESSFUL
 Version         =                    3.4.3
 Compile date    =              18 Feb 2026

 Compile options:
    FC           = gfortran
    FLINK        = $(FC)
    F_LIB        = -L/dss/dsshome1/09/ga27qam2/llvm-project/bu...
    F_INC        = (none)
    FFLAGS       = -O3 -fopenmp
    FLINKFLAGS   = -O3 -fopenmp
    RAND         = randi8


 Please send all errors/feedbacks to:

 NPB Development Team
 npb@nas.nasa.gov


