[DRM-pin] pid=112242 tid=112255 assigned=56-87 running_on=81
[DRM-pin] pid=112242 tid=112253 assigned=56-87 running_on=59
[DRM-pin] pid=112242 tid=112266 assigned=56-87 running_on=85
[DRM-pin] pid=112242 tid=112297 assigned=56-87 running_on=60
[DRM-pin] pid=112242 tid=112268 assigned=56-87 running_on=86
[DRM-pin] pid=112242 tid=112259 assigned=56-87 running_on=82
[DRM-pin] pid=112242 tid=112291 assigned=56-87 running_on=62
[DRM-pin] pid=112242 tid=112261 assigned=56-87 running_on=83
[DRM-pin] pid=112242 tid=112306 assigned=56-87 running_on=80
[DRM-pin] pid=112242 tid=112252 assigned=56-87 running_on=56
[DRM-pin] pid=112242 tid=112292 assigned=56-87 running_on=64
[DRM-pin] pid=112242 tid=112305 assigned=56-87 running_on=63
[DRM-pin] pid=112242 tid=112276 assigned=56-87 running_on=58
[DRM-pin] pid=112242 tid=112263 assigned=56-87 running_on=84
[DRM-pin] pid=112242 tid=112304 assigned=56-87 running_on=61
[DRM-pin] pid=112242 tid=112271 assigned=56-87 running_on=87
[DRM-pin] pid=112242 tid=112296 assigned=56-87 running_on=65
[DRM-pin] pid=112242 tid=112299 assigned=56-87 running_on=66
[DRM-pin] pid=112242 tid=112279 assigned=56-87 running_on=67
[DRM-pin] pid=112242 tid=112294 assigned=56-87 running_on=68
[DRM-pin] pid=112242 tid=112293 assigned=56-87 running_on=70
[DRM-pin] pid=112242 tid=112308 assigned=56-87 running_on=71
[DRM-pin] pid=112242 tid=112300 assigned=56-87 running_on=69
[DRM-pin] pid=112242 tid=112301 assigned=56-87 running_on=67
[DRM-pin] pid=112242 tid=112302 assigned=56-87 running_on=72
[DRM-pin] pid=112242 tid=112303 assigned=56-87 running_on=65
[DRM-pin] pid=112242 tid=112288 assigned=56-87 running_on=59
[DRM-pin] pid=112242 tid=112307 assigned=56-87 running_on=86
[DRM-pin] pid=112242 tid=112283 assigned=56-87 running_on=85
[DRM-pin] pid=112242 tid=112295 assigned=56-87 running_on=63
[DRM-pin] pid=112242 tid=112298 assigned=56-87 running_on=56


 NAS Parallel Benchmarks (NPB3.4-OMP) - EP Benchmark

 Number of random numbers generated:      8589934592
 Number of available threads:                     32

EP Benchmark Results:

CPU Time =     3.718
N = 2^   32
No. Gaussian Pairs =    3373275903.
Sums =     2.691444083863085D+09    2.691519118724447D+09
Counts:
  0    1572172634.
  1    1501108549.
  2     281805648.
  3      17761221.
  4        424017.
  5          3821.
  6            13.
  7             0.
  8             0.
  9             0.


 EP Benchmark Completed.
 Class           =                        C
 Size            =               8589934592
 Iterations      =                        0
 Time in seconds =                     3.72
 Total threads   =                       32
 Avail threads   =                       32
 Mop/s total     =                  2310.47
 Mop/s/thread    =                    72.20
 Operation type  = Random numbers generated
 Verification    =               SUCCESSFUL
 Version         =                    3.4.3
 Compile date    =              03 Sep 2026

 Compile options:
    FC           = gfortran
    FLINK        = $(FC)
    F_LIB        = -L$(LLVM_BUILD)/lib -lomp
    F_INC        = (none)
    FFLAGS       = -O3 -fopenmp
    FLINKFLAGS   = -O3 -fopenmp
    RAND         = randi8


 Please send all errors/feedbacks to:

 NPB Development Team
 npb@nas.nasa.gov


