OMP: pid 43959 tid 43959 thread 0 bound to OS proc set {56-87}
OMP: pid 43959 tid 43972 thread 3 bound to OS proc set {56-87}
OMP: pid 43959 tid 43970 thread 2 bound to OS proc set {56-87}
OMP: pid 43959 tid 43968 thread 1 bound to OS proc set {56-87}
OMP: pid 43959 tid 43989 thread 8 bound to OS proc set {56-87}
OMP: pid 43959 tid 44009 thread 14 bound to OS proc set {56-87}
OMP: pid 43959 tid 43975 thread 4 bound to OS proc set {56-87}
OMP: pid 43959 tid 44012 thread 15 bound to OS proc set {56-87}
OMP: pid 43959 tid 44001 thread 11 bound to OS proc set {56-87}
OMP: pid 43959 tid 44054 thread 27 bound to OS proc set {56-87}
OMP: pid 43959 tid 44005 thread 12 bound to OS proc set {56-87}
OMP: pid 43959 tid 43984 thread 7 bound to OS proc set {56-87}
OMP: pid 43959 tid 44058 thread 28 bound to OS proc set {56-87}
OMP: pid 43959 tid 44070 thread 31 bound to OS proc set {56-87}
OMP: pid 43959 tid 43993 thread 9 bound to OS proc set {56-87}
OMP: pid 43959 tid 43981 thread 6 bound to OS proc set {56-87}
OMP: pid 43959 tid 43999 thread 10 bound to OS proc set {56-87}
OMP: pid 43959 tid 44007 thread 13 bound to OS proc set {56-87}
OMP: pid 43959 tid 43978 thread 5 bound to OS proc set {56-87}
OMP: pid 43959 tid 44042 thread 24 bound to OS proc set {56-87}
OMP: pid 43959 tid 44015 thread 16 bound to OS proc set {56-87}
OMP: pid 43959 tid 44063 thread 29 bound to OS proc set {56-87}
OMP: pid 43959 tid 44021 thread 18 bound to OS proc set {56-87}
OMP: pid 43959 tid 44051 thread 26 bound to OS proc set {56-87}
OMP: pid 43959 tid 44068 thread 30 bound to OS proc set {56-87}
OMP: pid 43959 tid 44020 thread 17 bound to OS proc set {56-87}
OMP: pid 43959 tid 44047 thread 25 bound to OS proc set {56-87}
OMP: pid 43959 tid 44039 thread 23 bound to OS proc set {56-87}
OMP: pid 43959 tid 44028 thread 20 bound to OS proc set {56-87}
OMP: pid 43959 tid 44036 thread 22 bound to OS proc set {56-87}
OMP: pid 43959 tid 44032 thread 21 bound to OS proc set {56-87}
OMP: pid 43959 tid 44024 thread 19 bound to OS proc set {56-87}


 NAS Parallel Benchmarks (NPB3.4-OMP) - EP Benchmark

 Number of random numbers generated:      8589934592
 Number of available threads:                     32

EP Benchmark Results:

CPU Time =     3.845
N = 2^   32
No. Gaussian Pairs =    3373275903.
Sums =     2.691444083863085D+09    2.691519118724448D+09
Counts:
  0    1572172634.
  1    1501108549.
  2     281805648.
  3      17761221.
  4        424017.
  5          3821.
  6            13.
  7             0.
  8             0.
  9             0.


 EP Benchmark Completed.
 Class           =                        C
 Size            =               8589934592
 Iterations      =                        0
 Time in seconds =                     3.84
 Total threads   =                       32
 Avail threads   =                       32
 Mop/s total     =                  2234.06
 Mop/s/thread    =                    69.81
 Operation type  = Random numbers generated
 Verification    =               SUCCESSFUL
 Version         =                    3.4.3
 Compile date    =              18 Feb 2026

 Compile options:
    FC           = gfortran
    FLINK        = $(FC)
    F_LIB        = -L/dss/dsshome1/09/ga27qam2/llvm-project/bu...
    F_INC        = (none)
    FFLAGS       = -O3 -fopenmp
    FLINKFLAGS   = -O3 -fopenmp
    RAND         = randi8


 Please send all errors/feedbacks to:

 NPB Development Team
 npb@nas.nasa.gov


