OMP: pid 39244 tid 39255 thread 1 bound to OS proc set {1-16}
OMP: pid 39244 tid 39258 thread 2 bound to OS proc set {1-16}
OMP: pid 39244 tid 39299 thread 13 bound to OS proc set {1-16}
OMP: pid 39244 tid 39305 thread 15 bound to OS proc set {1-16}
OMP: pid 39244 tid 39244 thread 0 bound to OS proc set {1-16}
OMP: pid 39244 tid 39262 thread 3 bound to OS proc set {1-16}
OMP: pid 39244 tid 39296 thread 12 bound to OS proc set {1-16}
OMP: pid 39244 tid 39302 thread 14 bound to OS proc set {1-16}
OMP: pid 39244 tid 39267 thread 4 bound to OS proc set {1-16}
OMP: pid 39244 tid 39283 thread 8 bound to OS proc set {1-16}
OMP: pid 39244 tid 39292 thread 11 bound to OS proc set {1-16}
OMP: pid 39244 tid 39275 thread 6 bound to OS proc set {1-16}
OMP: pid 39244 tid 39279 thread 7 bound to OS proc set {1-16}
OMP: pid 39244 tid 39270 thread 5 bound to OS proc set {1-16}
OMP: pid 39244 tid 39286 thread 9 bound to OS proc set {1-16}
OMP: pid 39244 tid 39290 thread 10 bound to OS proc set {1-16}


 NAS Parallel Benchmarks (NPB3.4-OMP) - EP Benchmark

 Number of random numbers generated:      8589934592
 Number of available threads:                     16

EP Benchmark Results:

CPU Time =     6.286
N = 2^   32
No. Gaussian Pairs =    3373275903.
Sums =     2.691444083862575D+09    2.691519118725089D+09
Counts:
  0    1572172634.
  1    1501108549.
  2     281805648.
  3      17761221.
  4        424017.
  5          3821.
  6            13.
  7             0.
  8             0.
  9             0.


 EP Benchmark Completed.
 Class           =                        C
 Size            =               8589934592
 Iterations      =                        0
 Time in seconds =                     6.29
 Total threads   =                       16
 Avail threads   =                       16
 Mop/s total     =                  1366.50
 Mop/s/thread    =                    85.41
 Operation type  = Random numbers generated
 Verification    =               SUCCESSFUL
 Version         =                    3.4.3
 Compile date    =              18 Feb 2026

 Compile options:
    FC           = gfortran
    FLINK        = $(FC)
    F_LIB        = -L/dss/dsshome1/09/ga27qam2/llvm-project/bu...
    F_INC        = (none)
    FFLAGS       = -O3 -fopenmp
    FLINKFLAGS   = -O3 -fopenmp
    RAND         = randi8


 Please send all errors/feedbacks to:

 NPB Development Team
 npb@nas.nasa.gov


