OMP: pid 46988 tid 46988 thread 0 bound to OS proc set {1-32}
OMP: pid 46988 tid 47005 thread 1 bound to OS proc set {1-32}
OMP: pid 46988 tid 47012 thread 3 bound to OS proc set {1-32}
OMP: pid 46988 tid 47009 thread 2 bound to OS proc set {1-32}
OMP: pid 46988 tid 47029 thread 8 bound to OS proc set {1-32}
OMP: pid 46988 tid 47040 thread 11 bound to OS proc set {1-32}
OMP: pid 46988 tid 47025 thread 7 bound to OS proc set {1-32}
OMP: pid 46988 tid 47016 thread 4 bound to OS proc set {1-32}
OMP: pid 46988 tid 47037 thread 10 bound to OS proc set {1-32}
OMP: pid 46988 tid 47059 thread 15 bound to OS proc set {1-32}
OMP: pid 46988 tid 47033 thread 9 bound to OS proc set {1-32}
OMP: pid 46988 tid 47047 thread 12 bound to OS proc set {1-32}
OMP: pid 46988 tid 47024 thread 6 bound to OS proc set {1-32}
OMP: pid 46988 tid 47097 thread 27 bound to OS proc set {1-32}
OMP: pid 46988 tid 47061 thread 16 bound to OS proc set {1-32}
OMP: pid 46988 tid 47101 thread 28 bound to OS proc set {1-32}
OMP: pid 46988 tid 47055 thread 14 bound to OS proc set {1-32}
OMP: pid 46988 tid 47106 thread 30 bound to OS proc set {1-32}
OMP: pid 46988 tid 47020 thread 5 bound to OS proc set {1-32}
OMP: pid 46988 tid 47070 thread 19 bound to OS proc set {1-32}
OMP: pid 46988 tid 47051 thread 13 bound to OS proc set {1-32}
OMP: pid 46988 tid 47082 thread 23 bound to OS proc set {1-32}
OMP: pid 46988 tid 47063 thread 17 bound to OS proc set {1-32}
OMP: pid 46988 tid 47088 thread 24 bound to OS proc set {1-32}
OMP: pid 46988 tid 47066 thread 18 bound to OS proc set {1-32}
OMP: pid 46988 tid 47093 thread 26 bound to OS proc set {1-32}
OMP: pid 46988 tid 47074 thread 20 bound to OS proc set {1-32}
OMP: pid 46988 tid 47092 thread 25 bound to OS proc set {1-32}
OMP: pid 46988 tid 47079 thread 22 bound to OS proc set {1-32}
OMP: pid 46988 tid 47104 thread 29 bound to OS proc set {1-32}
OMP: pid 46988 tid 47076 thread 21 bound to OS proc set {1-32}
OMP: pid 46988 tid 47108 thread 31 bound to OS proc set {1-32}
OMP: pid 46988 tid 46988 thread 0 bound to OS proc set {1-32}
OMP: pid 46988 tid 47005 thread 1 bound to OS proc set {1-32}
OMP: pid 46988 tid 47029 thread 8 bound to OS proc set {1-32}
OMP: pid 46988 tid 47047 thread 12 bound to OS proc set {1-32}
OMP: pid 46988 tid 47040 thread 11 bound to OS proc set {1-32}
OMP: pid 46988 tid 47033 thread 9 bound to OS proc set {1-32}
OMP: pid 46988 tid 47016 thread 4 bound to OS proc set {1-32}
OMP: pid 46988 tid 47020 thread 5 bound to OS proc set {1-32}
OMP: pid 46988 tid 47024 thread 6 bound to OS proc set {1-32}
OMP: pid 46988 tid 47009 thread 2 bound to OS proc set {1-32}
OMP: pid 46988 tid 47055 thread 14 bound to OS proc set {1-32}
OMP: pid 46988 tid 47037 thread 10 bound to OS proc set {1-32}
OMP: pid 46988 tid 47012 thread 3 bound to OS proc set {1-32}
OMP: pid 46988 tid 47051 thread 13 bound to OS proc set {1-32}
OMP: pid 46988 tid 47025 thread 7 bound to OS proc set {1-32}
OMP: pid 46988 tid 47059 thread 15 bound to OS proc set {1-32}


 NAS Parallel Benchmarks (NPB3.4-OMP) - EP Benchmark

 Number of random numbers generated:      8589934592
 Number of available threads:                     32

EP Benchmark Results:

CPU Time =     4.919
N = 2^   32
No. Gaussian Pairs =    3373275903.
Sums =     2.691444083862575D+09    2.691519118725089D+09
Counts:
  0    1572172634.
  1    1501108549.
  2     281805648.
  3      17761221.
  4        424017.
  5          3821.
  6            13.
  7             0.
  8             0.
  9             0.


 EP Benchmark Completed.
 Class           =                        C
 Size            =               8589934592
 Iterations      =                        0
 Time in seconds =                     4.92
 Total threads   =                       16
 Avail threads   =                       32
 Warning: Threads used differ from threads available
 Mop/s total     =                  1746.39
 Mop/s/thread    =                   109.15
 Operation type  = Random numbers generated
 Verification    =               SUCCESSFUL
 Version         =                    3.4.3
 Compile date    =              18 Feb 2026

 Compile options:
    FC           = gfortran
    FLINK        = $(FC)
    F_LIB        = -L/dss/dsshome1/09/ga27qam2/llvm-project/bu...
    F_INC        = (none)
    FFLAGS       = -O3 -fopenmp
    FLINKFLAGS   = -O3 -fopenmp
    RAND         = randi8


 Please send all errors/feedbacks to:

 NPB Development Team
 npb@nas.nasa.gov


