OMP: pid 46989 tid 46989 thread 0 bound to OS proc set {56-87}
OMP: pid 46989 tid 47003 thread 3 bound to OS proc set {56-87}
OMP: pid 46989 tid 47000 thread 2 bound to OS proc set {56-87}
OMP: pid 46989 tid 46996 thread 1 bound to OS proc set {56-87}
OMP: pid 46989 tid 47045 thread 15 bound to OS proc set {56-87}
OMP: pid 46989 tid 47034 thread 11 bound to OS proc set {56-87}
OMP: pid 46989 tid 47038 thread 12 bound to OS proc set {56-87}
OMP: pid 46989 tid 47022 thread 8 bound to OS proc set {56-87}
OMP: pid 46989 tid 47006 thread 4 bound to OS proc set {56-87}
OMP: pid 46989 tid 47043 thread 14 bound to OS proc set {56-87}
OMP: pid 46989 tid 47050 thread 17 bound to OS proc set {56-87}
OMP: pid 46989 tid 47048 thread 16 bound to OS proc set {56-87}
OMP: pid 46989 tid 47017 thread 7 bound to OS proc set {56-87}
OMP: pid 46989 tid 47013 thread 6 bound to OS proc set {56-87}
OMP: pid 46989 tid 47030 thread 10 bound to OS proc set {56-87}
OMP: pid 46989 tid 47010 thread 5 bound to OS proc set {56-87}
OMP: pid 46989 tid 47042 thread 13 bound to OS proc set {56-87}
OMP: pid 46989 tid 47099 thread 31 bound to OS proc set {56-87}
OMP: pid 46989 tid 47086 thread 28 bound to OS proc set {56-87}
OMP: pid 46989 tid 47027 thread 9 bound to OS proc set {56-87}
OMP: pid 46989 tid 47054 thread 18 bound to OS proc set {56-87}
OMP: pid 46989 tid 47075 thread 24 bound to OS proc set {56-87}
OMP: pid 46989 tid 47081 thread 26 bound to OS proc set {56-87}
OMP: pid 46989 tid 47077 thread 25 bound to OS proc set {56-87}
OMP: pid 46989 tid 47071 thread 23 bound to OS proc set {56-87}
OMP: pid 46989 tid 47084 thread 27 bound to OS proc set {56-87}
OMP: pid 46989 tid 47062 thread 20 bound to OS proc set {56-87}
OMP: pid 46989 tid 47096 thread 30 bound to OS proc set {56-87}
OMP: pid 46989 tid 47090 thread 29 bound to OS proc set {56-87}
OMP: pid 46989 tid 47068 thread 22 bound to OS proc set {56-87}
OMP: pid 46989 tid 47064 thread 21 bound to OS proc set {56-87}
OMP: pid 46989 tid 47058 thread 19 bound to OS proc set {56-87}


 NAS Parallel Benchmarks (NPB3.4-OMP) - EP Benchmark

 Number of random numbers generated:      8589934592
 Number of available threads:                     32

EP Benchmark Results:

CPU Time =     3.828
N = 2^   32
No. Gaussian Pairs =    3373275903.
Sums =     2.691444083863086D+09    2.691519118724448D+09
Counts:
  0    1572172634.
  1    1501108549.
  2     281805648.
  3      17761221.
  4        424017.
  5          3821.
  6            13.
  7             0.
  8             0.
  9             0.


 EP Benchmark Completed.
 Class           =                        C
 Size            =               8589934592
 Iterations      =                        0
 Time in seconds =                     3.83
 Total threads   =                       32
 Avail threads   =                       32
 Mop/s total     =                  2243.97
 Mop/s/thread    =                    70.12
 Operation type  = Random numbers generated
 Verification    =               SUCCESSFUL
 Version         =                    3.4.3
 Compile date    =              18 Feb 2026

 Compile options:
    FC           = gfortran
    FLINK        = $(FC)
    F_LIB        = -L/dss/dsshome1/09/ga27qam2/llvm-project/bu...
    F_INC        = (none)
    FFLAGS       = -O3 -fopenmp
    FLINKFLAGS   = -O3 -fopenmp
    RAND         = randi8


 Please send all errors/feedbacks to:

 NPB Development Team
 npb@nas.nasa.gov


