OMP: pid 11479 tid 11495 thread 1 bound to OS proc set {64-71}
OMP: pid 11479 tid 11501 thread 3 bound to OS proc set {64-71}
OMP: pid 11479 tid 11479 thread 0 bound to OS proc set {64-71}
OMP: pid 11479 tid 11500 thread 2 bound to OS proc set {64-71}
OMP: pid 11479 tid 11503 thread 4 bound to OS proc set {64-71}
OMP: pid 11479 tid 11507 thread 7 bound to OS proc set {64-71}
OMP: pid 11479 tid 11504 thread 5 bound to OS proc set {64-71}
OMP: pid 11479 tid 11506 thread 6 bound to OS proc set {64-71}


 NAS Parallel Benchmarks (NPB3.4-OMP) - CG Benchmark

 Size:      150000
 Iterations:                     75
 Number of available threads:     8

 Initialization time =           2.999 seconds

   iteration           ||r||                 zeta
        1       0.35330953002848E-12   109.9994423237398
        5       0.89198168016436E-15    28.6471670038896
       10       0.91165374829674E-15    28.9496695449001
       15       0.90771528537230E-15    28.9716336228371
       20       0.91425431044820E-15    28.9734210663752
       25       0.90959302155899E-15    28.9735863059386
       30       0.90823131610759E-15    28.9736033967633
       35       0.91003839846118E-15    28.9736053266247
       40       0.90521105810217E-15    28.9736055590700
       45       0.90828900423075E-15    28.9736055884130
       50       0.90989897446284E-15    28.9736055922483
       55       0.90392523019166E-15    28.9736055927634
       60       0.90913198633934E-15    28.9736055928341
       65       0.90698754331108E-15    28.9736055928440
       70       0.90359944995752E-15    28.9736055928451
       75       0.90307813342696E-15    28.9736055928456
 Benchmark completed 
 VERIFICATION SUCCESSFUL 
 Zeta is     0.2897360559285E+02
 Error is    0.1974165419122E-13


 CG Benchmark Completed.
 Class           =                        C
 Size            =                   150000
 Iterations      =                       75
 Time in seconds =                    34.05
 Total threads   =                        8
 Avail threads   =                        8
 Mop/s total     =                  4209.97
 Mop/s/thread    =                   526.25
 Operation type  =           floating point
 Verification    =               SUCCESSFUL
 Version         =                    3.4.3
 Compile date    =              03 Sep 2026

 Compile options:
    FC           = gfortran
    FLINK        = $(FC)
    F_LIB        = -L$(LLVM_BUILD)/lib -lomp
    F_INC        = (none)
    FFLAGS       = -O3 -fopenmp
    FLINKFLAGS   = -O3 -fopenmp
    RAND         = randi8


 Please send all errors/feedbacks to:

 NPB Development Team
 npb@nas.nasa.gov


