OMP: pid 11477 tid 11477 thread 0 bound to OS proc set {64-71}
OMP: pid 11477 tid 11493 thread 2 bound to OS proc set {64-71}
OMP: pid 11477 tid 11488 thread 1 bound to OS proc set {64-71}
OMP: pid 11477 tid 11496 thread 3 bound to OS proc set {64-71}
OMP: pid 11477 tid 11502 thread 4 bound to OS proc set {64-71}
OMP: pid 11477 tid 11509 thread 7 bound to OS proc set {64-71}
OMP: pid 11477 tid 11505 thread 5 bound to OS proc set {64-71}
OMP: pid 11477 tid 11508 thread 6 bound to OS proc set {64-71}


 NAS Parallel Benchmarks (NPB3.4-OMP) - CG Benchmark

 Size:      150000
 Iterations:                     75
 Number of available threads:     8

 Initialization time =           3.065 seconds

   iteration           ||r||                 zeta
        1       0.35327820000644E-12   109.9994423237398
        5       0.89244143057750E-15    28.6471670038895
       10       0.91011800673813E-15    28.9496695449000
       15       0.90728037611476E-15    28.9716336228371
       20       0.91418151853188E-15    28.9734210663752
       25       0.90793432940179E-15    28.9735863059386
       30       0.90870845073555E-15    28.9736033967633
       35       0.91041938522499E-15    28.9736053266247
       40       0.90639999669516E-15    28.9736055590700
       45       0.90782876104317E-15    28.9736055884130
       50       0.90990418845722E-15    28.9736055922483
       55       0.90346915278661E-15    28.9736055927634
       60       0.90873529754525E-15    28.9736055928341
       65       0.90615268108766E-15    28.9736055928440
       70       0.90159973468656E-15    28.9736055928451
       75       0.90290837704112E-15    28.9736055928456
 Benchmark completed 
 VERIFICATION SUCCESSFUL 
 Zeta is     0.2897360559285E+02
 Error is    0.2023213007175E-13


 CG Benchmark Completed.
 Class           =                        C
 Size            =                   150000
 Iterations      =                       75
 Time in seconds =                    32.72
 Total threads   =                        8
 Avail threads   =                        8
 Mop/s total     =                  4381.60
 Mop/s/thread    =                   547.70
 Operation type  =           floating point
 Verification    =               SUCCESSFUL
 Version         =                    3.4.3
 Compile date    =              03 Sep 2026

 Compile options:
    FC           = gfortran
    FLINK        = $(FC)
    F_LIB        = -L$(LLVM_BUILD)/lib -lomp
    F_INC        = (none)
    FFLAGS       = -O3 -fopenmp
    FLINKFLAGS   = -O3 -fopenmp
    RAND         = randi8


 Please send all errors/feedbacks to:

 NPB Development Team
 npb@nas.nasa.gov


