OMP: pid 76683 tid 76683 thread 0 bound to OS proc set {64-95}
OMP: pid 76683 tid 76695 thread 1 bound to OS proc set {64-95}
OMP: pid 76683 tid 76724 thread 8 bound to OS proc set {64-95}
OMP: pid 76683 tid 76752 thread 15 bound to OS proc set {64-95}
OMP: pid 76683 tid 76742 thread 12 bound to OS proc set {64-95}
OMP: pid 76683 tid 76704 thread 3 bound to OS proc set {64-95}
OMP: pid 76683 tid 76731 thread 10 bound to OS proc set {64-95}
OMP: pid 76683 tid 76730 thread 9 bound to OS proc set {64-95}
OMP: pid 76683 tid 76733 thread 11 bound to OS proc set {64-95}
OMP: pid 76683 tid 76759 thread 16 bound to OS proc set {64-95}
OMP: pid 76683 tid 76748 thread 14 bound to OS proc set {64-95}
OMP: pid 76683 tid 76698 thread 2 bound to OS proc set {64-95}
OMP: pid 76683 tid 76719 thread 7 bound to OS proc set {64-95}
OMP: pid 76683 tid 76769 thread 19 bound to OS proc set {64-95}
OMP: pid 76683 tid 76745 thread 13 bound to OS proc set {64-95}
OMP: pid 76683 tid 76800 thread 28 bound to OS proc set {64-95}
OMP: pid 76683 tid 76710 thread 4 bound to OS proc set {64-95}
OMP: pid 76683 tid 76791 thread 24 bound to OS proc set {64-95}
OMP: pid 76683 tid 76716 thread 6 bound to OS proc set {64-95}
OMP: pid 76683 tid 76801 thread 29 bound to OS proc set {64-95}
OMP: pid 76683 tid 76797 thread 26 bound to OS proc set {64-95}
OMP: pid 76683 tid 76804 thread 31 bound to OS proc set {64-95}
OMP: pid 76683 tid 76715 thread 5 bound to OS proc set {64-95}
OMP: pid 76683 tid 76763 thread 18 bound to OS proc set {64-95}
OMP: pid 76683 tid 76762 thread 17 bound to OS proc set {64-95}
OMP: pid 76683 tid 76799 thread 27 bound to OS proc set {64-95}
OMP: pid 76683 tid 76774 thread 20 bound to OS proc set {64-95}
OMP: pid 76683 tid 76782 thread 22 bound to OS proc set {64-95}
OMP: pid 76683 tid 76786 thread 23 bound to OS proc set {64-95}
OMP: pid 76683 tid 76793 thread 25 bound to OS proc set {64-95}
OMP: pid 76683 tid 76803 thread 30 bound to OS proc set {64-95}
OMP: pid 76683 tid 76779 thread 21 bound to OS proc set {64-95}


 NAS Parallel Benchmarks (NPB3.4-OMP) - CG Benchmark

 Size:      150000
 Iterations:                     75
 Number of available threads:    32

 Initialization time =           1.119 seconds

   iteration           ||r||                 zeta
        1       0.35314498150050E-12   109.9994423237398
        5       0.89313383372798E-15    28.6471670038895
       10       0.91166833784039E-15    28.9496695449000
       15       0.90703165466298E-15    28.9716336228371
       20       0.91405804631484E-15    28.9734210663749
       25       0.90812896208639E-15    28.9735863059384
       30       0.90986310104859E-15    28.9736033967631
       35       0.91000017592494E-15    28.9736053266250
       40       0.90555671504726E-15    28.9736055590700
       45       0.91103874067103E-15    28.9736055884127
       50       0.90985229506405E-15    28.9736055922484
       55       0.90311873107113E-15    28.9736055927634
       60       0.90928188149294E-15    28.9736055928340
       65       0.90760898365274E-15    28.9736055928439
       70       0.90181357894042E-15    28.9736055928452
       75       0.90113391780024E-15    28.9736055928455
 Benchmark completed 
 VERIFICATION SUCCESSFUL 
 Zeta is     0.2897360559285E+02
 Error is    0.1679879890806E-13


 CG Benchmark Completed.
 Class           =                        C
 Size            =                   150000
 Iterations      =                       75
 Time in seconds =                    11.81
 Total threads   =                       32
 Avail threads   =                       32
 Mop/s total     =                 12138.69
 Mop/s/thread    =                   379.33
 Operation type  =           floating point
 Verification    =               SUCCESSFUL
 Version         =                    3.4.3
 Compile date    =              03 Sep 2026

 Compile options:
    FC           = gfortran
    FLINK        = $(FC)
    F_LIB        = -L$(LLVM_BUILD)/lib -lomp
    F_INC        = (none)
    FFLAGS       = -O3 -fopenmp
    FLINKFLAGS   = -O3 -fopenmp
    RAND         = randi8


 Please send all errors/feedbacks to:

 NPB Development Team
 npb@nas.nasa.gov


