OMP: pid 201610 tid 201637 thread 8 bound to OS proc set {64-79}
OMP: pid 201610 tid 201610 thread 0 bound to OS proc set {64-79}
OMP: pid 201610 tid 201641 thread 12 bound to OS proc set {64-79}
OMP: pid 201610 tid 201633 thread 4 bound to OS proc set {64-79}
OMP: pid 201610 tid 201632 thread 3 bound to OS proc set {64-79}
OMP: pid 201610 tid 201636 thread 7 bound to OS proc set {64-79}
OMP: pid 201610 tid 201643 thread 14 bound to OS proc set {64-79}
OMP: pid 201610 tid 201635 thread 6 bound to OS proc set {64-79}
OMP: pid 201610 tid 201639 thread 10 bound to OS proc set {64-79}
OMP: pid 201610 tid 201642 thread 13 bound to OS proc set {64-79}
OMP: pid 201610 tid 201638 thread 9 bound to OS proc set {64-79}
OMP: pid 201610 tid 201630 thread 1 bound to OS proc set {64-79}
OMP: pid 201610 tid 201640 thread 11 bound to OS proc set {64-79}
OMP: pid 201610 tid 201631 thread 2 bound to OS proc set {64-79}
OMP: pid 201610 tid 201644 thread 15 bound to OS proc set {64-79}
OMP: pid 201610 tid 201634 thread 5 bound to OS proc set {64-79}


 NAS Parallel Benchmarks (NPB3.4-OMP) - CG Benchmark

 Size:      150000
 Iterations:                     75
 Number of available threads:    16

 Initialization time =           1.652 seconds

   iteration           ||r||                 zeta
        1       0.35304290928126E-12   109.9994423237398
        5       0.89243848670453E-15    28.6471670038896
       10       0.91087316385042E-15    28.9496695449000
       15       0.90623234736653E-15    28.9716336228373
       20       0.91643128202269E-15    28.9734210663751
       25       0.90912428253829E-15    28.9735863059385
       30       0.90850665770703E-15    28.9736033967630
       35       0.91082929379516E-15    28.9736053266249
       40       0.90576594180938E-15    28.9736055590700
       45       0.91112938553427E-15    28.9736055884129
       50       0.90953591695379E-15    28.9736055922482
       55       0.90405617188934E-15    28.9736055927636
       60       0.90926961178987E-15    28.9736055928341
       65       0.90846008225768E-15    28.9736055928438
       70       0.90240357073696E-15    28.9736055928452
       75       0.90260837322265E-15    28.9736055928455
 Benchmark completed 
 VERIFICATION SUCCESSFUL 
 Zeta is     0.2897360559285E+02
 Error is    0.1630832302753E-13


 CG Benchmark Completed.
 Class           =                        C
 Size            =                   150000
 Iterations      =                       75
 Time in seconds =                    19.53
 Total threads   =                       16
 Avail threads   =                       16
 Mop/s total     =                  7338.11
 Mop/s/thread    =                   458.63
 Operation type  =           floating point
 Verification    =               SUCCESSFUL
 Version         =                    3.4.3
 Compile date    =              03 Sep 2026

 Compile options:
    FC           = gfortran
    FLINK        = $(FC)
    F_LIB        = -L$(LLVM_BUILD)/lib -lomp
    F_INC        = (none)
    FFLAGS       = -O3 -fopenmp
    FLINKFLAGS   = -O3 -fopenmp
    RAND         = randi8


 Please send all errors/feedbacks to:

 NPB Development Team
 npb@nas.nasa.gov


