OMP: pid 92869 tid 92869 thread 0 bound to OS proc set {64-67}
OMP: pid 92869 tid 92884 thread 3 bound to OS proc set {64-67}
OMP: pid 92869 tid 92883 thread 2 bound to OS proc set {64-67}
OMP: pid 92869 tid 92881 thread 1 bound to OS proc set {64-67}


 NAS Parallel Benchmarks (NPB3.4-OMP) - CG Benchmark

 Size:      150000
 Iterations:                     75
 Number of available threads:     4

 Initialization time =           5.665 seconds

   iteration           ||r||                 zeta
        1       0.35329458058168E-12   109.9994423237398
        5       0.89301021275839E-15    28.6471670038893
       10       0.91278173283910E-15    28.9496695449003
       15       0.90695302701900E-15    28.9716336228371
       20       0.91515930111447E-15    28.9734210663747
       25       0.90888269892863E-15    28.9735863059382
       30       0.91050637519202E-15    28.9736033967628
       35       0.91033408336334E-15    28.9736053266246
       40       0.90844115209826E-15    28.9736055590700
       45       0.90922645057874E-15    28.9736055884132
       50       0.90987624327835E-15    28.9736055922486
       55       0.90186028013349E-15    28.9736055927632
       60       0.90729473677998E-15    28.9736055928339
       65       0.90623082729985E-15    28.9736055928440
       70       0.90251827920482E-15    28.9736055928455
       75       0.90113589976399E-15    28.9736055928458
 Benchmark completed 
 VERIFICATION SUCCESSFUL 
 Zeta is     0.2897360559285E+02
 Error is    0.2807974416019E-13


 CG Benchmark Completed.
 Class           =                        C
 Size            =                   150000
 Iterations      =                       75
 Time in seconds =                    55.01
 Total threads   =                        4
 Avail threads   =                        4
 Mop/s total     =                  2605.70
 Mop/s/thread    =                   651.43
 Operation type  =           floating point
 Verification    =               SUCCESSFUL
 Version         =                    3.4.3
 Compile date    =              03 Sep 2026

 Compile options:
    FC           = gfortran
    FLINK        = $(FC)
    F_LIB        = -L$(LLVM_BUILD)/lib -lomp
    F_INC        = (none)
    FFLAGS       = -O3 -fopenmp
    FLINKFLAGS   = -O3 -fopenmp
    RAND         = randi8


 Please send all errors/feedbacks to:

 NPB Development Team
 npb@nas.nasa.gov


