OMP: pid 201611 tid 201611 thread 0 bound to OS proc set {64-79}
OMP: pid 201611 tid 201678 thread 2 bound to OS proc set {64-79}
OMP: pid 201611 tid 201677 thread 1 bound to OS proc set {64-79}
OMP: pid 201611 tid 201684 thread 8 bound to OS proc set {64-79}
OMP: pid 201611 tid 201685 thread 9 bound to OS proc set {64-79}
OMP: pid 201611 tid 201686 thread 10 bound to OS proc set {64-79}
OMP: pid 201611 tid 201679 thread 3 bound to OS proc set {64-79}
OMP: pid 201611 tid 201687 thread 11 bound to OS proc set {64-79}
OMP: pid 201611 tid 201688 thread 12 bound to OS proc set {64-79}
OMP: pid 201611 tid 201689 thread 13 bound to OS proc set {64-79}
OMP: pid 201611 tid 201690 thread 14 bound to OS proc set {64-79}
OMP: pid 201611 tid 201691 thread 15 bound to OS proc set {64-79}
OMP: pid 201611 tid 201680 thread 4 bound to OS proc set {64-79}
OMP: pid 201611 tid 201683 thread 7 bound to OS proc set {64-79}
OMP: pid 201611 tid 201682 thread 6 bound to OS proc set {64-79}
OMP: pid 201611 tid 201681 thread 5 bound to OS proc set {64-79}


 NAS Parallel Benchmarks (NPB3.4-OMP) - CG Benchmark

 Size:      150000
 Iterations:                     75
 Number of available threads:    16

 Initialization time =           1.799 seconds

   iteration           ||r||                 zeta
        1       0.35328332883052E-12   109.9994423237398
        5       0.89150174973600E-15    28.6471670038896
       10       0.91218547918673E-15    28.9496695448999
       15       0.90587477973514E-15    28.9716336228373
       20       0.91567825472379E-15    28.9734210663750
       25       0.90967671303819E-15    28.9735863059385
       30       0.90955650927280E-15    28.9736033967630
       35       0.91107164501928E-15    28.9736053266248
       40       0.90554568324112E-15    28.9736055590700
       45       0.90859778441531E-15    28.9736055884130
       50       0.90982778500857E-15    28.9736055922482
       55       0.90331955412574E-15    28.9736055927636
       60       0.90743606803032E-15    28.9736055928341
       65       0.90748353031245E-15    28.9736055928438
       70       0.90187621133754E-15    28.9736055928453
       75       0.90133744785359E-15    28.9736055928455
 Benchmark completed 
 VERIFICATION SUCCESSFUL 
 Zeta is     0.2897360559285E+02
 Error is    0.1630832302753E-13


 CG Benchmark Completed.
 Class           =                        C
 Size            =                   150000
 Iterations      =                       75
 Time in seconds =                    18.49
 Total threads   =                       16
 Avail threads   =                       16
 Mop/s total     =                  7754.49
 Mop/s/thread    =                   484.66
 Operation type  =           floating point
 Verification    =               SUCCESSFUL
 Version         =                    3.4.3
 Compile date    =              03 Sep 2026

 Compile options:
    FC           = gfortran
    FLINK        = $(FC)
    F_LIB        = -L$(LLVM_BUILD)/lib -lomp
    F_INC        = (none)
    FFLAGS       = -O3 -fopenmp
    FLINKFLAGS   = -O3 -fopenmp
    RAND         = randi8


 Please send all errors/feedbacks to:

 NPB Development Team
 npb@nas.nasa.gov


