OMP: pid 76682 tid 76682 thread 0 bound to OS proc set {1-32}
OMP: pid 76682 tid 76692 thread 2 bound to OS proc set {1-32}
OMP: pid 76682 tid 76691 thread 1 bound to OS proc set {1-32}
OMP: pid 76682 tid 76792 thread 28 bound to OS proc set {1-32}
OMP: pid 76682 tid 76702 thread 7 bound to OS proc set {1-32}
OMP: pid 76682 tid 76720 thread 11 bound to OS proc set {1-32}
OMP: pid 76682 tid 76708 thread 8 bound to OS proc set {1-32}
OMP: pid 76682 tid 76696 thread 4 bound to OS proc set {1-32}
OMP: pid 76682 tid 76714 thread 10 bound to OS proc set {1-32}
OMP: pid 76682 tid 76700 thread 6 bound to OS proc set {1-32}
OMP: pid 76682 tid 76795 thread 30 bound to OS proc set {1-32}
OMP: pid 76682 tid 76699 thread 5 bound to OS proc set {1-32}
OMP: pid 76682 tid 76732 thread 13 bound to OS proc set {1-32}
OMP: pid 76682 tid 76734 thread 14 bound to OS proc set {1-32}
OMP: pid 76682 tid 76693 thread 3 bound to OS proc set {1-32}
OMP: pid 76682 tid 76785 thread 24 bound to OS proc set {1-32}
OMP: pid 76682 tid 76788 thread 26 bound to OS proc set {1-32}
OMP: pid 76682 tid 76726 thread 12 bound to OS proc set {1-32}
OMP: pid 76682 tid 76709 thread 9 bound to OS proc set {1-32}
OMP: pid 76682 tid 76738 thread 15 bound to OS proc set {1-32}
OMP: pid 76682 tid 76789 thread 27 bound to OS proc set {1-32}
OMP: pid 76682 tid 76766 thread 19 bound to OS proc set {1-32}
OMP: pid 76682 tid 76761 thread 18 bound to OS proc set {1-32}
OMP: pid 76682 tid 76746 thread 16 bound to OS proc set {1-32}
OMP: pid 76682 tid 76753 thread 17 bound to OS proc set {1-32}
OMP: pid 76682 tid 76773 thread 20 bound to OS proc set {1-32}
OMP: pid 76682 tid 76783 thread 23 bound to OS proc set {1-32}
OMP: pid 76682 tid 76780 thread 22 bound to OS proc set {1-32}
OMP: pid 76682 tid 76778 thread 21 bound to OS proc set {1-32}
OMP: pid 76682 tid 76787 thread 25 bound to OS proc set {1-32}
OMP: pid 76682 tid 76796 thread 31 bound to OS proc set {1-32}
OMP: pid 76682 tid 76794 thread 29 bound to OS proc set {1-32}
OMP: pid 76682 tid 76682 thread 0 bound to OS proc set {1-32}
[DRM-pin] pid=76682 tid=76702 assigned=17-32 running_on=23
[DRM-pin] pid=76682 tid=76696 assigned=17-32 running_on=31
OMP: pid 76682 tid 76702 thread 7 bound to OS proc set {1-32}
OMP: pid 76682 tid 76696 thread 4 bound to OS proc set {1-32}
[DRM-pin] pid=76682 tid=76714 assigned=17-32 running_on=20
OMP: pid 76682 tid 76714 thread 10 bound to OS proc set {1-32}
[DRM-pin] pid=76682 tid=76708 assigned=17-32 running_on=28
[DRM-pin] pid=76682 tid=76693 assigned=17-32 running_on=29
OMP: pid 76682 tid 76708 thread 8 bound to OS proc set {1-32}
OMP: pid 76682 tid 76693 thread 3 bound to OS proc set {1-32}
[DRM-pin] pid=76682 tid=76720 assigned=17-32 running_on=22
[DRM-pin] pid=76682 tid=76692 assigned=17-32 running_on=27
OMP: pid 76682 tid 76720 thread 11 bound to OS proc set {1-32}
OMP: pid 76682 tid 76692 thread 2 bound to OS proc set {1-32}
[DRM-pin] pid=76682 tid=76691 assigned=17-32 running_on=26
OMP: pid 76682 tid 76691 thread 1 bound to OS proc set {1-32}
[DRM-pin] pid=76682 tid=76700 assigned=17-32 running_on=18
OMP: pid 76682 tid 76700 thread 6 bound to OS proc set {1-32}
[DRM-pin] pid=76682 tid=76709 assigned=17-32 running_on=24
OMP: pid 76682 tid 76709 thread 9 bound to OS proc set {1-32}
[DRM-pin] pid=76682 tid=76699 assigned=17-32 running_on=18
OMP: pid 76682 tid 76699 thread 5 bound to OS proc set {1-32}
[DRM-pin] pid=76682 tid=76738 assigned=17-32 running_on=17
OMP: pid 76682 tid 76738 thread 15 bound to OS proc set {1-32}
[DRM-pin] pid=76682 tid=76732 assigned=17-32 running_on=17
OMP: pid 76682 tid 76732 thread 13 bound to OS proc set {1-32}
[DRM-pin] pid=76682 tid=76734 assigned=17-32 running_on=17
OMP: pid 76682 tid 76734 thread 14 bound to OS proc set {1-32}
[DRM-pin] pid=76682 tid=76726 assigned=17-32 running_on=17
OMP: pid 76682 tid 76726 thread 12 bound to OS proc set {1-32}


 NAS Parallel Benchmarks (NPB3.4-OMP) - CG Benchmark

 Size:      150000
 Iterations:                     75
 Number of available threads:    32

 Initialization time =           1.279 seconds

   iteration           ||r||                 zeta
        1       0.35325792821107E-12   109.9994423237398
        5       0.89208804375011E-15    28.6471670038896
       10       0.91193555338429E-15    28.9496695449000
       15       0.90479309897561E-15    28.9716336228373
       20       0.91492502641127E-15    28.9734210663750
       25       0.90959135404791E-15    28.9735863059385
       30       0.90917092901223E-15    28.9736033967630
       35       0.90987574669349E-15    28.9736053266248
       40       0.90622531126046E-15    28.9736055590700
       45       0.91063349762692E-15    28.9736055884129
       50       0.90960558009293E-15    28.9736055922483
       55       0.90381470652835E-15    28.9736055927636
       60       0.90916517909200E-15    28.9736055928342
       65       0.90887527876425E-15    28.9736055928438
       70       0.90234870612578E-15    28.9736055928452
       75       0.90119585883307E-15    28.9736055928455
 Benchmark completed 
 VERIFICATION SUCCESSFUL 
 Zeta is     0.2897360559285E+02
 Error is    0.1630832302753E-13


 CG Benchmark Completed.
 Class           =                        C
 Size            =                   150000
 Iterations      =                       75
 Time in seconds =                     7.22
 Total threads   =                       16
 Avail threads   =                       32
 Warning: Threads used differ from threads available
 Mop/s total     =                 19864.88
 Mop/s/thread    =                  1241.55
 Operation type  =           floating point
 Verification    =               SUCCESSFUL
 Version         =                    3.4.3
 Compile date    =              03 Sep 2026

 Compile options:
    FC           = gfortran
    FLINK        = $(FC)
    F_LIB        = -L$(LLVM_BUILD)/lib -lomp
    F_INC        = (none)
    FFLAGS       = -O3 -fopenmp
    FLINKFLAGS   = -O3 -fopenmp
    RAND         = randi8


 Please send all errors/feedbacks to:

 NPB Development Team
 npb@nas.nasa.gov


