OMP: pid 11475 tid 11480 thread 1 bound to OS proc set {1-8}
OMP: pid 11475 tid 11475 thread 0 bound to OS proc set {1-8}
OMP: pid 11475 tid 11485 thread 2 bound to OS proc set {1-8}
OMP: pid 11475 tid 11487 thread 3 bound to OS proc set {1-8}
OMP: pid 11475 tid 11499 thread 7 bound to OS proc set {1-8}
OMP: pid 11475 tid 11492 thread 4 bound to OS proc set {1-8}
OMP: pid 11475 tid 11498 thread 6 bound to OS proc set {1-8}
OMP: pid 11475 tid 11497 thread 5 bound to OS proc set {1-8}
[DRM-pin] pid=11475 tid=11492 assigned=1-8 running_on=8
[DRM-pin] pid=11475 tid=11487 assigned=1-8 running_on=6
[DRM-pin] pid=11475 tid=11497 assigned=1-8 running_on=2
[DRM-pin] pid=11475 tid=11480 assigned=1-8 running_on=2
[DRM-pin] pid=11475 tid=11499 assigned=1-8 running_on=7
[DRM-pin] pid=11475 tid=11485 assigned=1-8 running_on=2
[DRM-pin] pid=11475 tid=11498 assigned=1-8 running_on=3
OMP: pid 11475 tid 11475 thread 0 bound to OS proc set {1-8}
[DRM-pin] pid=11475 tid=11485 assigned=1-4 running_on=1
[DRM-pin] pid=11475 tid=11487 assigned=1-4 running_on=2
OMP: pid 11475 tid 11485 thread 2 bound to OS proc set {1-8}
OMP: pid 11475 tid 11487 thread 3 bound to OS proc set {1-8}
[DRM-pin] pid=11475 tid=11480 assigned=1-4 running_on=1
OMP: pid 11475 tid 11480 thread 1 bound to OS proc set {1-8}
OMP: pid 11475 tid 11475 thread 0 bound to OS proc set {1-8}
[DRM-pin] pid=11475 tid=11480 assigned=1-8 running_on=1
[DRM-pin] pid=11475 tid=11485 assigned=1-8 running_on=2
OMP: pid 11475 tid 11480 thread 1 bound to OS proc set {1-8}
OMP: pid 11475 tid 11485 thread 2 bound to OS proc set {1-8}
OMP: pid 11475 tid 11498 thread 6 bound to OS proc set {1-8}
OMP: pid 11475 tid 11492 thread 4 bound to OS proc set {1-8}
[DRM-pin] pid=11475 tid=11487 assigned=1-8 running_on=4
OMP: pid 11475 tid 11497 thread 5 bound to OS proc set {1-8}
OMP: pid 11475 tid 11499 thread 7 bound to OS proc set {1-8}
OMP: pid 11475 tid 11487 thread 3 bound to OS proc set {1-8}


 NAS Parallel Benchmarks (NPB3.4-OMP) - CG Benchmark

 Size:      150000
 Iterations:                     75
 Number of available threads:     8

 Initialization time =           3.097 seconds

   iteration           ||r||                 zeta
        1       0.35342969571864E-12   109.9994423237398
        5       0.89274756669778E-15    28.6471670038893
       10       0.91165760845611E-15    28.9496695449003
       15       0.90686587119073E-15    28.9716336228371
       20       0.91430786160422E-15    28.9734210663747
       25       0.90862443518302E-15    28.9735863059382
       30       0.91083514492493E-15    28.9736033967628
       35       0.90962259564644E-15    28.9736053266246
       40       0.90717354602037E-15    28.9736055590700
       45       0.90973942026655E-15    28.9736055884132
       50       0.90932216176696E-15    28.9736055922485
       55       0.90327078070685E-15    28.9736055927632
       60       0.90930518906925E-15    28.9736055928339
       65       0.90610969573062E-15    28.9736055928440
       70       0.90218085282572E-15    28.9736055928455
       75       0.90287168271530E-15    28.9736055928456
 Benchmark completed 
 VERIFICATION SUCCESSFUL 
 Zeta is     0.2897360559285E+02
 Error is    0.1925117831070E-13


 CG Benchmark Completed.
 Class           =                        C
 Size            =                   150000
 Iterations      =                       75
 Time in seconds =                    24.67
 Total threads   =                        8
 Avail threads   =                        8
 Mop/s total     =                  5811.07
 Mop/s/thread    =                   726.38
 Operation type  =           floating point
 Verification    =               SUCCESSFUL
 Version         =                    3.4.3
 Compile date    =              03 Sep 2026

 Compile options:
    FC           = gfortran
    FLINK        = $(FC)
    F_LIB        = -L$(LLVM_BUILD)/lib -lomp
    F_INC        = (none)
    FFLAGS       = -O3 -fopenmp
    FLINKFLAGS   = -O3 -fopenmp
    RAND         = randi8


 Please send all errors/feedbacks to:

 NPB Development Team
 npb@nas.nasa.gov


