OMP: pid 92867 tid 92867 thread 0 bound to OS proc set {64-67}
OMP: pid 92867 tid 92880 thread 2 bound to OS proc set {64-67}
OMP: pid 92867 tid 92882 thread 3 bound to OS proc set {64-67}
OMP: pid 92867 tid 92879 thread 1 bound to OS proc set {64-67}


 NAS Parallel Benchmarks (NPB3.4-OMP) - CG Benchmark

 Size:      150000
 Iterations:                     75
 Number of available threads:     4

 Initialization time =           5.414 seconds

   iteration           ||r||                 zeta
        1       0.35342946902939E-12   109.9994423237398
        5       0.89306660246969E-15    28.6471670038893
       10       0.91107123617672E-15    28.9496695449003
       15       0.90670820557904E-15    28.9716336228371
       20       0.91441122289056E-15    28.9734210663747
       25       0.90859800354344E-15    28.9735863059382
       30       0.91030497143945E-15    28.9736033967627
       35       0.90990455866382E-15    28.9736053266246
       40       0.90797239332674E-15    28.9736055590700
       45       0.90947935847606E-15    28.9736055884132
       50       0.91010451442308E-15    28.9736055922486
       55       0.90345231043088E-15    28.9736055927632
       60       0.90904368731341E-15    28.9736055928340
       65       0.90572880112536E-15    28.9736055928440
       70       0.90249641266431E-15    28.9736055928455
       75       0.89996673010973E-15    28.9736055928458
 Benchmark completed 
 VERIFICATION SUCCESSFUL 
 Zeta is     0.2897360559285E+02
 Error is    0.2807974416019E-13


 CG Benchmark Completed.
 Class           =                        C
 Size            =                   150000
 Iterations      =                       75
 Time in seconds =                    56.26
 Total threads   =                        4
 Avail threads   =                        4
 Mop/s total     =                  2547.86
 Mop/s/thread    =                   636.96
 Operation type  =           floating point
 Verification    =               SUCCESSFUL
 Version         =                    3.4.3
 Compile date    =              03 Sep 2026

 Compile options:
    FC           = gfortran
    FLINK        = $(FC)
    F_LIB        = -L$(LLVM_BUILD)/lib -lomp
    F_INC        = (none)
    FFLAGS       = -O3 -fopenmp
    FLINKFLAGS   = -O3 -fopenmp
    RAND         = randi8


 Please send all errors/feedbacks to:

 NPB Development Team
 npb@nas.nasa.gov


