OMP: pid 11478 tid 11486 thread 3 bound to OS proc set {1-8}
OMP: pid 11478 tid 11478 thread 0 bound to OS proc set {1-8}
OMP: pid 11478 tid 11482 thread 1 bound to OS proc set {1-8}
OMP: pid 11478 tid 11484 thread 2 bound to OS proc set {1-8}
OMP: pid 11478 tid 11494 thread 7 bound to OS proc set {1-8}
OMP: pid 11478 tid 11489 thread 4 bound to OS proc set {1-8}
OMP: pid 11478 tid 11491 thread 6 bound to OS proc set {1-8}
OMP: pid 11478 tid 11490 thread 5 bound to OS proc set {1-8}
OMP: pid 11478 tid 11478 thread 0 bound to OS proc set {1-8}
[DRM-pin] pid=11478 tid=11484 assigned=5-8 running_on=5
OMP: pid 11478 tid 11484 thread 2 bound to OS proc set {1-8}
[DRM-pin] pid=11478 tid=11486 assigned=5-8 running_on=7
OMP: pid 11478 tid 11486 thread 3 bound to OS proc set {1-8}
[DRM-pin] pid=11478 tid=11482 assigned=5-8 running_on=5
OMP: pid 11478 tid 11482 thread 1 bound to OS proc set {1-8}


 NAS Parallel Benchmarks (NPB3.4-OMP) - CG Benchmark

 Size:      150000
 Iterations:                     75
 Number of available threads:     8

 Initialization time =           3.190 seconds

   iteration           ||r||                 zeta
        1       0.35328997525708E-12   109.9994423237398
        5       0.89208929555351E-15    28.6471670038893
       10       0.91208695280407E-15    28.9496695449003
       15       0.90696897326285E-15    28.9716336228371
       20       0.91467932829384E-15    28.9734210663747
       25       0.90859444209836E-15    28.9735863059382
       30       0.91163332665346E-15    28.9736033967627
       35       0.91024303604615E-15    28.9736053266246
       40       0.90694321433616E-15    28.9736055590699
       45       0.90946969624288E-15    28.9736055884132
       50       0.90925049648186E-15    28.9736055922485
       55       0.90409047250954E-15    28.9736055927632
       60       0.90900926081512E-15    28.9736055928340
       65       0.90521486457420E-15    28.9736055928440
       70       0.90299036195479E-15    28.9736055928455
       75       0.90164143291687E-15    28.9736055928458
 Benchmark completed 
 VERIFICATION SUCCESSFUL 
 Zeta is     0.2897360559285E+02
 Error is    0.2807974416019E-13


 CG Benchmark Completed.
 Class           =                        C
 Size            =                   150000
 Iterations      =                       75
 Time in seconds =                    23.35
 Total threads   =                        4
 Avail threads   =                        8
 Warning: Threads used differ from threads available
 Mop/s total     =                  6140.27
 Mop/s/thread    =                  1535.07
 Operation type  =           floating point
 Verification    =               SUCCESSFUL
 Version         =                    3.4.3
 Compile date    =              03 Sep 2026

 Compile options:
    FC           = gfortran
    FLINK        = $(FC)
    F_LIB        = -L$(LLVM_BUILD)/lib -lomp
    F_INC        = (none)
    FFLAGS       = -O3 -fopenmp
    FLINKFLAGS   = -O3 -fopenmp
    RAND         = randi8


 Please send all errors/feedbacks to:

 NPB Development Team
 npb@nas.nasa.gov


