OMP: pid 184370 tid 184370 thread 0 bound to OS proc set {56}
OMP: pid 184370 tid 184402 thread 6 bound to OS proc set {62}
OMP: pid 184370 tid 184393 thread 3 bound to OS proc set {59}
OMP: pid 184370 tid 184391 thread 2 bound to OS proc set {58}
OMP: pid 184370 tid 184388 thread 1 bound to OS proc set {57}
OMP: pid 184370 tid 184396 thread 4 bound to OS proc set {60}
OMP: pid 184370 tid 184417 thread 15 bound to OS proc set {71}
OMP: pid 184370 tid 184415 thread 13 bound to OS proc set {69}
OMP: pid 184370 tid 184414 thread 12 bound to OS proc set {68}
OMP: pid 184370 tid 184413 thread 11 bound to OS proc set {67}
OMP: pid 184370 tid 184404 thread 7 bound to OS proc set {63}
OMP: pid 184370 tid 184416 thread 14 bound to OS proc set {70}
OMP: pid 184370 tid 184407 thread 8 bound to OS proc set {64}
OMP: pid 184370 tid 184422 thread 20 bound to OS proc set {76}
OMP: pid 184370 tid 184398 thread 5 bound to OS proc set {61}
OMP: pid 184370 tid 184429 thread 27 bound to OS proc set {83}
OMP: pid 184370 tid 184418 thread 16 bound to OS proc set {72}
OMP: pid 184370 tid 184432 thread 30 bound to OS proc set {86}
OMP: pid 184370 tid 184412 thread 10 bound to OS proc set {66}
OMP: pid 184370 tid 184421 thread 19 bound to OS proc set {75}
OMP: pid 184370 tid 184424 thread 22 bound to OS proc set {78}
OMP: pid 184370 tid 184423 thread 21 bound to OS proc set {77}
OMP: pid 184370 tid 184425 thread 23 bound to OS proc set {79}
OMP: pid 184370 tid 184410 thread 9 bound to OS proc set {65}
OMP: pid 184370 tid 184420 thread 18 bound to OS proc set {74}
OMP: pid 184370 tid 184419 thread 17 bound to OS proc set {73}
OMP: pid 184370 tid 184433 thread 31 bound to OS proc set {87}
OMP: pid 184370 tid 184430 thread 28 bound to OS proc set {84}
OMP: pid 184370 tid 184428 thread 26 bound to OS proc set {82}
OMP: pid 184370 tid 184426 thread 24 bound to OS proc set {80}
OMP: pid 184370 tid 184431 thread 29 bound to OS proc set {85}
OMP: pid 184370 tid 184427 thread 25 bound to OS proc set {81}


 NAS Parallel Benchmarks (NPB3.4-OMP) - CG Benchmark

 Size:      150000
 Iterations:                     75
 Number of available threads:    32

 Initialization time =           0.527 seconds

   iteration           ||r||                 zeta
        1       0.35312979820607E-12   109.9994423237398
        5       0.89156653459638E-15    28.6471670038895
       10       0.91316407114956E-15    28.9496695448999
       15       0.90614088791479E-15    28.9716336228371
       20       0.91430440918325E-15    28.9734210663749
       25       0.90939087545368E-15    28.9735863059384
       30       0.90983135010454E-15    28.9736033967631
       35       0.91089816196877E-15    28.9736053266250
       40       0.90537099445531E-15    28.9736055590699
       45       0.91040527155926E-15    28.9736055884127
       50       0.90977624015398E-15    28.9736055922484
       55       0.90256908187234E-15    28.9736055927634
       60       0.90952144910377E-15    28.9736055928340
       65       0.90710228360107E-15    28.9736055928439
       70       0.90234663522923E-15    28.9736055928453
       75       0.90312871749953E-15    28.9736055928455
 Benchmark completed 
 VERIFICATION SUCCESSFUL 
 Zeta is     0.2897360559285E+02
 Error is    0.1679879890806E-13


 CG Benchmark Completed.
 Class           =                        C
 Size            =                   150000
 Iterations      =                       75
 Time in seconds =                     4.25
 Total threads   =                       32
 Avail threads   =                       32
 Mop/s total     =                 33768.26
 Mop/s/thread    =                  1055.26
 Operation type  =           floating point
 Verification    =               SUCCESSFUL
 Version         =                    3.4.3
 Compile date    =              18 Feb 2026

 Compile options:
    FC           = gfortran
    FLINK        = $(FC)
    F_LIB        = -L/dss/dsshome1/09/ga27qam2/llvm-project/bu...
    F_INC        = (none)
    FFLAGS       = -O3 -fopenmp
    FLINKFLAGS   = -O3 -fopenmp
    RAND         = randi8


 Please send all errors/feedbacks to:

 NPB Development Team
 npb@nas.nasa.gov


