OMP: pid 179478 tid 179478 thread 0 bound to OS proc set {1}
OMP: pid 179478 tid 179482 thread 1 bound to OS proc set {5}
OMP: pid 179478 tid 179486 thread 3 bound to OS proc set {13}
OMP: pid 179478 tid 179489 thread 4 bound to OS proc set {17}
OMP: pid 179478 tid 179484 thread 2 bound to OS proc set {9}
OMP: pid 179478 tid 179492 thread 6 bound to OS proc set {25}
OMP: pid 179478 tid 179493 thread 7 bound to OS proc set {29}
OMP: pid 179478 tid 179491 thread 5 bound to OS proc set {21}


 NAS Parallel Benchmarks (NPB3.4-OMP) - CG Benchmark

 Size:      150000
 Iterations:                     75
 Number of available threads:     8

 Initialization time =           1.578 seconds

   iteration           ||r||                 zeta
        1       0.35331778073580E-12   109.9994423237398
        5       0.89119832489849E-15    28.6471670038896
       10       0.91131138304870E-15    28.9496695449001
       15       0.90800204973181E-15    28.9716336228371
       20       0.91487096008913E-15    28.9734210663752
       25       0.90790363216525E-15    28.9735863059386
       30       0.90886385517364E-15    28.9736033967633
       35       0.91105060753360E-15    28.9736053266247
       40       0.90702499208935E-15    28.9736055590700
       45       0.90820035548591E-15    28.9736055884130
       50       0.90961016657799E-15    28.9736055922483
       55       0.90270833050191E-15    28.9736055927634
       60       0.90832850635835E-15    28.9736055928341
       65       0.90632770314641E-15    28.9736055928440
       70       0.90230414110882E-15    28.9736055928451
       75       0.90190769045201E-15    28.9736055928456
 Benchmark completed 
 VERIFICATION SUCCESSFUL 
 Zeta is     0.2897360559285E+02
 Error is    0.1974165419122E-13


 CG Benchmark Completed.
 Class           =                        C
 Size            =                   150000
 Iterations      =                       75
 Time in seconds =                    11.07
 Total threads   =                        8
 Avail threads   =                        8
 Mop/s total     =                 12945.49
 Mop/s/thread    =                  1618.19
 Operation type  =           floating point
 Verification    =               SUCCESSFUL
 Version         =                    3.4.3
 Compile date    =              18 Feb 2026

 Compile options:
    FC           = gfortran
    FLINK        = $(FC)
    F_LIB        = -L/dss/dsshome1/09/ga27qam2/llvm-project/bu...
    F_INC        = (none)
    FFLAGS       = -O3 -fopenmp
    FLINKFLAGS   = -O3 -fopenmp
    RAND         = randi8


 Please send all errors/feedbacks to:

 NPB Development Team
 npb@nas.nasa.gov


