PID: 201022
native_threads_start = 1
OMP: pid 201022 tid 201022 thread 0 bound to OS proc set {0-3}
OMP: pid 201022 tid 201030 thread 3 bound to OS proc set {0-3}
OMP: pid 201022 tid 201029 thread 2 bound to OS proc set {0-3}
OMP: pid 201022 tid 201028 thread 1 bound to OS proc set {0-3}
[REGION 1] pthread id: 22761770611520, omp tid: 0/4
[REGION 1] pthread id: 22761699834816, omp tid: 2/4
[REGION 1] pthread id: 22761632717888, omp tid: 3/4
[REGION 1] pthread id: 22761766951744, omp tid: 1/4
OMP: pid 201022 tid 201022 thread 0 bound to OS proc set {0-3}
OMP: pid 201022 tid 201028 thread 1 bound to OS proc set {0-3}
[REGION 2] pthread id: 22761770611520, omp tid: 0/2
[REGION 2] pthread id: 22761766951744, omp tid: 1/2
native_threads_end = 4
 Iterations      =                        2
 Time in seconds =                     4.06
 Total threads   =                        4
 Avail threads   =                        4
 Mop/s total     =                     0.00
 Mop/s/thread    =                     0.00
 Operation type  =           floating point
done
