PID: 201162
native_threads_start = 1
OMP: pid 201162 tid 201162 thread 0 bound to OS proc set {0-7}
OMP: pid 201162 tid 201173 thread 4 bound to OS proc set {0-7}
OMP: pid 201162 tid 201176 thread 7 bound to OS proc set {0-7}
OMP: pid 201162 tid 201175 thread 6 bound to OS proc set {0-7}
OMP: pid 201162 tid 201174 thread 5 bound to OS proc set {0-7}
OMP: pid 201162 tid 201172 thread 3 bound to OS proc set {0-7}
OMP: pid 201162 tid 201171 thread 2 bound to OS proc set {0-7}
OMP: pid 201162 tid 201170 thread 1 bound to OS proc set {0-7}
[REGION 1] pthread id: 22525948977984, omp tid: 0/8
[REGION 1] pthread id: 22525811084352, omp tid: 3/8
[REGION 1] pthread id: 22525743967424, omp tid: 4/8
[REGION 1] pthread id: 22525609733568, omp tid: 6/8
[REGION 1] pthread id: 22525878201280, omp tid: 2/8
[REGION 1] pthread id: 22525542616640, omp tid: 7/8
[REGION 1] pthread id: 22525945318208, omp tid: 1/8
[REGION 1] pthread id: 22525676850496, omp tid: 5/8
[REGION 2] pthread id: 22525948977984, omp tid: 0/8
[REGION 2] pthread id: 22525878201280, omp tid: 2/8
[REGION 2] pthread id: 22525676850496, omp tid: 5/8
[REGION 2] pthread id: 22525609733568, omp tid: 6/8
[REGION 2] pthread id: 22525811084352, omp tid: 3/8
[REGION 2] pthread id: 22525743967424, omp tid: 4/8
[REGION 2] pthread id: 22525542616640, omp tid: 7/8
[REGION 2] pthread id: 22525945318208, omp tid: 1/8
native_threads_end = 8
 Iterations      =                        2
 Time in seconds =                     4.12
 Total threads   =                        8
 Avail threads   =                        8
 Mop/s total     =                     0.00
 Mop/s/thread    =                     0.00
 Operation type  =           floating point
done
