PID: 201140
native_threads_start = 1
OMP: pid 201140 tid 201140 thread 0 bound to OS proc set {0-7}
OMP: pid 201140 tid 201153 thread 4 bound to OS proc set {0-7}
OMP: pid 201140 tid 201156 thread 7 bound to OS proc set {0-7}
OMP: pid 201140 tid 201155 thread 6 bound to OS proc set {0-7}
OMP: pid 201140 tid 201154 thread 5 bound to OS proc set {0-7}
OMP: pid 201140 tid 201152 thread 3 bound to OS proc set {0-7}
OMP: pid 201140 tid 201151 thread 2 bound to OS proc set {0-7}
OMP: pid 201140 tid 201149 thread 1 bound to OS proc set {0-7}
[REGION 1] pthread id: 22718651745088, omp tid: 0/8
[REGION 1] pthread id: 22718513851456, omp tid: 3/8
[REGION 1] pthread id: 22718446734528, omp tid: 4/8
[REGION 1] pthread id: 22718580968384, omp tid: 2/8
[REGION 1] pthread id: 22718312500672, omp tid: 6/8
[REGION 1] pthread id: 22718379617600, omp tid: 5/8
[REGION 1] pthread id: 22718648085312, omp tid: 1/8
[REGION 1] pthread id: 22718245383744, omp tid: 7/8
OMP: pid 201140 tid 201140 thread 0 bound to OS proc set {0-7}
OMP: pid 201140 tid 201151 thread 2 bound to OS proc set {0-7}
[REGION 2] pthread id: 22718651745088, omp tid: 0/4
[REGION 2] pthread id: 22718580968384, omp tid: 2/4
OMP: pid 201140 tid 201152 thread 3 bound to OS proc set {0-7}
OMP: pid 201140 tid 201149 thread 1 bound to OS proc set {0-7}
[REGION 2] pthread id: 22718648085312, omp tid: 1/4
[REGION 2] pthread id: 22718513851456, omp tid: 3/4
native_threads_end = 8
 Iterations      =                        2
 Time in seconds =                     4.12
 Total threads   =                        8
 Avail threads   =                        8
 Mop/s total     =                     0.00
 Mop/s/thread    =                     0.00
 Operation type  =           floating point
done
