PID: 201047
native_threads_start = 1
OMP: pid 201047 tid 201047 thread 0 bound to OS proc set {0-3}
OMP: pid 201047 tid 201053 thread 3 bound to OS proc set {0-3}
OMP: pid 201047 tid 201052 thread 2 bound to OS proc set {0-3}
OMP: pid 201047 tid 201051 thread 1 bound to OS proc set {0-3}
[REGION 1] pthread id: 23160787657536, omp tid: 0/4
[REGION 1] pthread id: 23160716880832, omp tid: 2/4
[REGION 1] pthread id: 23160649763904, omp tid: 3/4
[REGION 1] pthread id: 23160783997760, omp tid: 1/4
[REGION 2] pthread id: 23160787657536, omp tid: 0/4
[REGION 2] pthread id: 23160783997760, omp tid: 1/4
[REGION 2] pthread id: 23160649763904, omp tid: 3/4
[REGION 2] pthread id: 23160716880832, omp tid: 2/4
native_threads_end = 4
 Iterations      =                        2
 Time in seconds =                     4.07
 Total threads   =                        4
 Avail threads   =                        4
 Mop/s total     =                     0.00
 Mop/s/thread    =                     0.00
 Operation type  =           floating point
done
