PID: 201139
native_threads_start = 1
OMP: pid 201139 tid 201145 thread 4 bound to OS proc set {0-7}
OMP: pid 201139 tid 201147 thread 6 bound to OS proc set {0-7}
OMP: pid 201139 tid 201139 thread 0 bound to OS proc set {0-7}
OMP: pid 201139 tid 201144 thread 3 bound to OS proc set {0-7}
OMP: pid 201139 tid 201143 thread 2 bound to OS proc set {0-7}
OMP: pid 201139 tid 201141 thread 1 bound to OS proc set {0-7}
OMP: pid 201139 tid 201146 thread 5 bound to OS proc set {0-7}
OMP: pid 201139 tid 201148 thread 7 bound to OS proc set {0-7}
[DRM-pin] pid=201139 tid=201145 assigned=0-7 running_on=3
[DRM-pin] pid=201139 tid=201141 assigned=0-7 running_on=0
[DRM-pin] pid=201139 tid=201143 assigned=0-7 running_on=1
[DRM-pin] pid=201139 tid=201146 assigned=0-7 running_on=6
[DRM-pin] pid=201139 tid=201147 assigned=0-7 running_on=5
[DRM-pin] pid=201139 tid=201148 assigned=0-7 running_on=4
[DRM-pin] pid=201139 tid=201144 assigned=0-7 running_on=2
[REGION 1] pthread id: 22726014135488, omp tid: 4/8
[REGION 1] pthread id: 22725745683904, omp tid: 6/8
[REGION 1] pthread id: 22726612310848, omp tid: 1/8
[REGION 1] pthread id: 22726343859264, omp tid: 3/8
[REGION 1] pthread id: 22725947018560, omp tid: 5/8
[REGION 1] pthread id: 22726410976192, omp tid: 2/8
[REGION 1] pthread id: 22726615970624, omp tid: 0/8
[REGION 1] pthread id: 22725678566976, omp tid: 7/8
[REGION 2] pthread id: 22726615970624, omp tid: 0/8
[REGION 2] pthread id: 22726014135488, omp tid: 4/8
[REGION 2] pthread id: 22726612310848, omp tid: 1/8
[REGION 2] pthread id: 22726410976192, omp tid: 2/8
[REGION 2] pthread id: 22725947018560, omp tid: 5/8
[REGION 2] pthread id: 22725745683904, omp tid: 6/8
[REGION 2] pthread id: 22725678566976, omp tid: 7/8
[REGION 2] pthread id: 22726343859264, omp tid: 3/8
native_threads_end = 8
 Iterations      =                        2
 Time in seconds =                     4.04
 Total threads   =                        8
 Avail threads   =                        8
 Mop/s total     =                     0.00
 Mop/s/thread    =                     0.00
 Operation type  =           floating point
done
