OMP: pid 181051 tid 181051 thread 0 bound to OS proc set {56}
OMP: pid 181051 tid 181061 thread 2 bound to OS proc set {64}
OMP: pid 181051 tid 181062 thread 3 bound to OS proc set {68}
OMP: pid 181051 tid 181060 thread 1 bound to OS proc set {60}
OMP: pid 181051 tid 181063 thread 4 bound to OS proc set {72}
OMP: pid 181051 tid 181064 thread 5 bound to OS proc set {76}
OMP: pid 181051 tid 181066 thread 7 bound to OS proc set {84}
OMP: pid 181051 tid 181065 thread 6 bound to OS proc set {80}


 NAS Parallel Benchmarks (NPB3.4-OMP) - CG Benchmark

 Size:      150000
 Iterations:                     75
 Number of available threads:     8

 Initialization time =           1.606 seconds

   iteration           ||r||                 zeta
        1       0.35332936279902E-12   109.9994423237398
        5       0.89203032711717E-15    28.6471670038895
       10       0.91128065727484E-15    28.9496695449000
       15       0.90644091484808E-15    28.9716336228371
       20       0.91398713739970E-15    28.9734210663752
       25       0.90818129452367E-15    28.9735863059386
       30       0.90881630976585E-15    28.9736033967633
       35       0.91035618614221E-15    28.9736053266247
       40       0.90643332961160E-15    28.9736055590700
       45       0.90877291076924E-15    28.9736055884130
       50       0.91084333192651E-15    28.9736055922483
       55       0.90325902433055E-15    28.9736055927634
       60       0.90937893037982E-15    28.9736055928340
       65       0.90652346001730E-15    28.9736055928440
       70       0.90154492098424E-15    28.9736055928451
       75       0.90270452037836E-15    28.9736055928456
 Benchmark completed 
 VERIFICATION SUCCESSFUL 
 Zeta is     0.2897360559285E+02
 Error is    0.2023213007175E-13


 CG Benchmark Completed.
 Class           =                        C
 Size            =                   150000
 Iterations      =                       75
 Time in seconds =                    11.75
 Total threads   =                        8
 Avail threads   =                        8
 Mop/s total     =                 12204.51
 Mop/s/thread    =                  1525.56
 Operation type  =           floating point
 Verification    =               SUCCESSFUL
 Version         =                    3.4.3
 Compile date    =              18 Feb 2026

 Compile options:
    FC           = gfortran
    FLINK        = $(FC)
    F_LIB        = -L/dss/dsshome1/09/ga27qam2/llvm-project/bu...
    F_INC        = (none)
    FFLAGS       = -O3 -fopenmp
    FLINKFLAGS   = -O3 -fopenmp
    RAND         = randi8


 Please send all errors/feedbacks to:

 NPB Development Team
 npb@nas.nasa.gov


