OMP: pid 186549 tid 186549 thread 0 bound to OS proc set {56}
OMP: pid 186549 tid 186557 thread 3 bound to OS proc set {59}
OMP: pid 186549 tid 186553 thread 1 bound to OS proc set {57}
OMP: pid 186549 tid 186555 thread 2 bound to OS proc set {58}
OMP: pid 186549 tid 186559 thread 4 bound to OS proc set {60}
OMP: pid 186549 tid 186563 thread 6 bound to OS proc set {62}
OMP: pid 186549 tid 186565 thread 7 bound to OS proc set {63}
OMP: pid 186549 tid 186561 thread 5 bound to OS proc set {61}
OMP: pid 186549 tid 186579 thread 14 bound to OS proc set {70}
OMP: pid 186549 tid 186581 thread 15 bound to OS proc set {71}
OMP: pid 186549 tid 186573 thread 11 bound to OS proc set {67}
OMP: pid 186549 tid 186590 thread 20 bound to OS proc set {76}
OMP: pid 186549 tid 186571 thread 10 bound to OS proc set {66}
OMP: pid 186549 tid 186566 thread 8 bound to OS proc set {64}
OMP: pid 186549 tid 186589 thread 19 bound to OS proc set {75}
OMP: pid 186549 tid 186569 thread 9 bound to OS proc set {65}
OMP: pid 186549 tid 186587 thread 18 bound to OS proc set {74}
OMP: pid 186549 tid 186605 thread 28 bound to OS proc set {84}
OMP: pid 186549 tid 186611 thread 31 bound to OS proc set {87}
OMP: pid 186549 tid 186577 thread 13 bound to OS proc set {69}
OMP: pid 186549 tid 186603 thread 27 bound to OS proc set {83}
OMP: pid 186549 tid 186607 thread 29 bound to OS proc set {85}
OMP: pid 186549 tid 186583 thread 16 bound to OS proc set {72}
OMP: pid 186549 tid 186594 thread 22 bound to OS proc set {78}
OMP: pid 186549 tid 186585 thread 17 bound to OS proc set {73}
OMP: pid 186549 tid 186575 thread 12 bound to OS proc set {68}
OMP: pid 186549 tid 186609 thread 30 bound to OS proc set {86}
OMP: pid 186549 tid 186599 thread 24 bound to OS proc set {80}
OMP: pid 186549 tid 186596 thread 23 bound to OS proc set {79}
OMP: pid 186549 tid 186602 thread 26 bound to OS proc set {82}
OMP: pid 186549 tid 186601 thread 25 bound to OS proc set {81}
OMP: pid 186549 tid 186591 thread 21 bound to OS proc set {77}


 NAS Parallel Benchmarks (NPB3.4-OMP) - CG Benchmark

 Size:      150000
 Iterations:                     75
 Number of available threads:    32

 Initialization time =           0.520 seconds

   iteration           ||r||                 zeta
        1       0.35320431225365E-12   109.9994423237398
        5       0.89261603690408E-15    28.6471670038895
       10       0.91094838317852E-15    28.9496695448999
       15       0.90572595519316E-15    28.9716336228371
       20       0.91458365398231E-15    28.9734210663749
       25       0.90909877823222E-15    28.9735863059384
       30       0.90800680533090E-15    28.9736033967631
       35       0.91019994601649E-15    28.9736053266249
       40       0.90615420412313E-15    28.9736055590699
       45       0.91132363533931E-15    28.9736055884128
       50       0.90956144050404E-15    28.9736055922484
       55       0.90381121727662E-15    28.9736055927634
       60       0.90773164637833E-15    28.9736055928340
       65       0.90726435234180E-15    28.9736055928439
       70       0.90327402600586E-15    28.9736055928453
       75       0.90127572604776E-15    28.9736055928455
 Benchmark completed 
 VERIFICATION SUCCESSFUL 
 Zeta is     0.2897360559285E+02
 Error is    0.1581784714701E-13


 CG Benchmark Completed.
 Class           =                        C
 Size            =                   150000
 Iterations      =                       75
 Time in seconds =                     3.92
 Total threads   =                       32
 Avail threads   =                       32
 Mop/s total     =                 36564.37
 Mop/s/thread    =                  1142.64
 Operation type  =           floating point
 Verification    =               SUCCESSFUL
 Version         =                    3.4.3
 Compile date    =              18 Feb 2026

 Compile options:
    FC           = gfortran
    FLINK        = $(FC)
    F_LIB        = -L/dss/dsshome1/09/ga27qam2/llvm-project/bu...
    F_INC        = (none)
    FFLAGS       = -O3 -fopenmp
    FLINKFLAGS   = -O3 -fopenmp
    RAND         = randi8


 Please send all errors/feedbacks to:

 NPB Development Team
 npb@nas.nasa.gov


