OMP: pid 178834 tid 178834 thread 0 bound to OS proc set {56}
OMP: pid 178834 tid 178841 thread 3 bound to OS proc set {80}
OMP: pid 178834 tid 178839 thread 1 bound to OS proc set {64}
OMP: pid 178834 tid 178840 thread 2 bound to OS proc set {72}


 NAS Parallel Benchmarks (NPB3.4-OMP) - CG Benchmark

 Size:      150000
 Iterations:                     75
 Number of available threads:     4

 Initialization time =           3.105 seconds

   iteration           ||r||                 zeta
        1       0.35322125458928E-12   109.9994423237398
        5       0.89267110835170E-15    28.6471670038893
       10       0.91251974232434E-15    28.9496695449003
       15       0.90732010312975E-15    28.9716336228371
       20       0.91454344718933E-15    28.9734210663748
       25       0.90929030588484E-15    28.9735863059382
       30       0.91137928694607E-15    28.9736033967627
       35       0.91016805950993E-15    28.9736053266246
       40       0.90790668490181E-15    28.9736055590700
       45       0.90999891081465E-15    28.9736055884132
       50       0.91030205910630E-15    28.9736055922486
       55       0.90324661180939E-15    28.9736055927632
       60       0.90907430564470E-15    28.9736055928339
       65       0.90516219748759E-15    28.9736055928440
       70       0.90295381456906E-15    28.9736055928455
       75       0.90193400413982E-15    28.9736055928458
 Benchmark completed 
 VERIFICATION SUCCESSFUL 
 Zeta is     0.2897360559285E+02
 Error is    0.2758926827966E-13


 CG Benchmark Completed.
 Class           =                        C
 Size            =                   150000
 Iterations      =                       75
 Time in seconds =                    22.42
 Total threads   =                        4
 Avail threads   =                        4
 Mop/s total     =                  6395.00
 Mop/s/thread    =                  1598.75
 Operation type  =           floating point
 Verification    =               SUCCESSFUL
 Version         =                    3.4.3
 Compile date    =              18 Feb 2026

 Compile options:
    FC           = gfortran
    FLINK        = $(FC)
    F_LIB        = -L/dss/dsshome1/09/ga27qam2/llvm-project/bu...
    F_INC        = (none)
    FFLAGS       = -O3 -fopenmp
    FLINKFLAGS   = -O3 -fopenmp
    RAND         = randi8


 Please send all errors/feedbacks to:

 NPB Development Team
 npb@nas.nasa.gov


