OMP: pid 186548 tid 186548 thread 0 bound to OS proc set {1}
OMP: pid 186548 tid 186554 thread 3 bound to OS proc set {4}
OMP: pid 186548 tid 186552 thread 2 bound to OS proc set {3}
OMP: pid 186548 tid 186551 thread 1 bound to OS proc set {2}
OMP: pid 186548 tid 186572 thread 12 bound to OS proc set {13}
OMP: pid 186548 tid 186578 thread 15 bound to OS proc set {16}
OMP: pid 186548 tid 186564 thread 8 bound to OS proc set {9}
OMP: pid 186548 tid 186556 thread 4 bound to OS proc set {5}
OMP: pid 186548 tid 186570 thread 11 bound to OS proc set {12}
OMP: pid 186548 tid 186576 thread 14 bound to OS proc set {15}
OMP: pid 186548 tid 186580 thread 16 bound to OS proc set {17}
OMP: pid 186548 tid 186562 thread 7 bound to OS proc set {8}
OMP: pid 186548 tid 186568 thread 10 bound to OS proc set {11}
OMP: pid 186548 tid 186586 thread 19 bound to OS proc set {20}
OMP: pid 186548 tid 186560 thread 6 bound to OS proc set {7}
OMP: pid 186548 tid 186567 thread 9 bound to OS proc set {10}
OMP: pid 186548 tid 186606 thread 28 bound to OS proc set {29}
OMP: pid 186548 tid 186558 thread 5 bound to OS proc set {6}
OMP: pid 186548 tid 186588 thread 20 bound to OS proc set {21}
OMP: pid 186548 tid 186604 thread 27 bound to OS proc set {28}
OMP: pid 186548 tid 186593 thread 22 bound to OS proc set {23}
OMP: pid 186548 tid 186574 thread 13 bound to OS proc set {14}
OMP: pid 186548 tid 186584 thread 18 bound to OS proc set {19}
OMP: pid 186548 tid 186582 thread 17 bound to OS proc set {18}
OMP: pid 186548 tid 186592 thread 21 bound to OS proc set {22}
OMP: pid 186548 tid 186610 thread 30 bound to OS proc set {31}
OMP: pid 186548 tid 186595 thread 23 bound to OS proc set {24}
OMP: pid 186548 tid 186597 thread 24 bound to OS proc set {25}
OMP: pid 186548 tid 186612 thread 31 bound to OS proc set {32}
OMP: pid 186548 tid 186600 thread 26 bound to OS proc set {27}
OMP: pid 186548 tid 186608 thread 29 bound to OS proc set {30}
OMP: pid 186548 tid 186598 thread 25 bound to OS proc set {26}


 NAS Parallel Benchmarks (NPB3.4-OMP) - CG Benchmark

 Size:      150000
 Iterations:                     75
 Number of available threads:    32

 Initialization time =           0.521 seconds

   iteration           ||r||                 zeta
        1       0.35295807682320E-12   109.9994423237398
        5       0.89284435977342E-15    28.6471670038895
       10       0.91247131655063E-15    28.9496695448999
       15       0.90567756729919E-15    28.9716336228371
       20       0.91470212886805E-15    28.9734210663749
       25       0.90915546988269E-15    28.9735863059384
       30       0.90926238991497E-15    28.9736033967631
       35       0.90910185645272E-15    28.9736053266250
       40       0.90656131128898E-15    28.9736055590699
       45       0.91104807337407E-15    28.9736055884128
       50       0.91047490207230E-15    28.9736055922484
       55       0.90448068220114E-15    28.9736055927634
       60       0.90892300982585E-15    28.9736055928340
       65       0.90789604094204E-15    28.9736055928439
       70       0.90228668138536E-15    28.9736055928452
       75       0.90166668046050E-15    28.9736055928455
 Benchmark completed 
 VERIFICATION SUCCESSFUL 
 Zeta is     0.2897360559285E+02
 Error is    0.1827022654964E-13


 CG Benchmark Completed.
 Class           =                        C
 Size            =                   150000
 Iterations      =                       75
 Time in seconds =                     3.61
 Total threads   =                       32
 Avail threads   =                       32
 Mop/s total     =                 39695.43
 Mop/s/thread    =                  1240.48
 Operation type  =           floating point
 Verification    =               SUCCESSFUL
 Version         =                    3.4.3
 Compile date    =              18 Feb 2026

 Compile options:
    FC           = gfortran
    FLINK        = $(FC)
    F_LIB        = -L/dss/dsshome1/09/ga27qam2/llvm-project/bu...
    F_INC        = (none)
    FFLAGS       = -O3 -fopenmp
    FLINKFLAGS   = -O3 -fopenmp
    RAND         = randi8


 Please send all errors/feedbacks to:

 NPB Development Team
 npb@nas.nasa.gov


