OMP: pid 183428 tid 183429 thread 1 bound to OS proc set {58}
OMP: pid 183428 tid 183428 thread 0 bound to OS proc set {56}
OMP: pid 183428 tid 183437 thread 4 bound to OS proc set {64}
OMP: pid 183428 tid 183433 thread 2 bound to OS proc set {60}
OMP: pid 183428 tid 183435 thread 3 bound to OS proc set {62}
OMP: pid 183428 tid 183441 thread 7 bound to OS proc set {70}
OMP: pid 183428 tid 183455 thread 13 bound to OS proc set {82}
OMP: pid 183428 tid 183452 thread 12 bound to OS proc set {80}
OMP: pid 183428 tid 183457 thread 14 bound to OS proc set {84}
OMP: pid 183428 tid 183445 thread 8 bound to OS proc set {72}
OMP: pid 183428 tid 183448 thread 10 bound to OS proc set {76}
OMP: pid 183428 tid 183450 thread 11 bound to OS proc set {78}
OMP: pid 183428 tid 183439 thread 5 bound to OS proc set {66}
OMP: pid 183428 tid 183440 thread 6 bound to OS proc set {68}
OMP: pid 183428 tid 183459 thread 15 bound to OS proc set {86}
OMP: pid 183428 tid 183447 thread 9 bound to OS proc set {74}


 NAS Parallel Benchmarks (NPB3.4-OMP) - CG Benchmark

 Size:      150000
 Iterations:                     75
 Number of available threads:    16

 Initialization time =           0.873 seconds

   iteration           ||r||                 zeta
        1       0.35303245254330E-12   109.9994423237398
        5       0.89148168109855E-15    28.6471670038896
       10       0.91238692238286E-15    28.9496695449000
       15       0.90654873205849E-15    28.9716336228373
       20       0.91376412363678E-15    28.9734210663750
       25       0.90947200538134E-15    28.9735863059385
       30       0.90784524746282E-15    28.9736033967630
       35       0.91013100926903E-15    28.9736053266248
       40       0.90536617023644E-15    28.9736055590700
       45       0.91173390610804E-15    28.9736055884129
       50       0.90977143727581E-15    28.9736055922483
       55       0.90400047784408E-15    28.9736055927635
       60       0.90907404824343E-15    28.9736055928341
       65       0.90754394308820E-15    28.9736055928438
       70       0.90245699351140E-15    28.9736055928452
       75       0.90220079991817E-15    28.9736055928455
 Benchmark completed 
 VERIFICATION SUCCESSFUL 
 Zeta is     0.2897360559285E+02
 Error is    0.1581784714701E-13


 CG Benchmark Completed.
 Class           =                        C
 Size            =                   150000
 Iterations      =                       75
 Time in seconds =                     6.88
 Total threads   =                       16
 Avail threads   =                       16
 Mop/s total     =                 20830.20
 Mop/s/thread    =                  1301.89
 Operation type  =           floating point
 Verification    =               SUCCESSFUL
 Version         =                    3.4.3
 Compile date    =              18 Feb 2026

 Compile options:
    FC           = gfortran
    FLINK        = $(FC)
    F_LIB        = -L/dss/dsshome1/09/ga27qam2/llvm-project/bu...
    F_INC        = (none)
    FFLAGS       = -O3 -fopenmp
    FLINKFLAGS   = -O3 -fopenmp
    RAND         = randi8


 Please send all errors/feedbacks to:

 NPB Development Team
 npb@nas.nasa.gov


