OMP: pid 47533 tid 47533 thread 0 bound to OS proc set {1-32}
OMP: pid 47533 tid 47541 thread 2 bound to OS proc set {1-32}
OMP: pid 47533 tid 47544 thread 3 bound to OS proc set {1-32}
OMP: pid 47533 tid 47537 thread 1 bound to OS proc set {1-32}
OMP: pid 47533 tid 47574 thread 11 bound to OS proc set {1-32}
OMP: pid 47533 tid 47548 thread 4 bound to OS proc set {1-32}
OMP: pid 47533 tid 47580 thread 12 bound to OS proc set {1-32}
OMP: pid 47533 tid 47559 thread 7 bound to OS proc set {1-32}
OMP: pid 47533 tid 47563 thread 8 bound to OS proc set {1-32}
OMP: pid 47533 tid 47572 thread 10 bound to OS proc set {1-32}
OMP: pid 47533 tid 47551 thread 5 bound to OS proc set {1-32}
OMP: pid 47533 tid 47567 thread 9 bound to OS proc set {1-32}
OMP: pid 47533 tid 47555 thread 6 bound to OS proc set {1-32}
OMP: pid 47533 tid 47593 thread 14 bound to OS proc set {1-32}
OMP: pid 47533 tid 47590 thread 13 bound to OS proc set {1-32}
OMP: pid 47533 tid 47599 thread 15 bound to OS proc set {1-32}
OMP: pid 47533 tid 47652 thread 28 bound to OS proc set {1-32}
OMP: pid 47533 tid 47660 thread 31 bound to OS proc set {1-32}
OMP: pid 47533 tid 47604 thread 16 bound to OS proc set {1-32}
OMP: pid 47533 tid 47636 thread 24 bound to OS proc set {1-32}
OMP: pid 47533 tid 47611 thread 18 bound to OS proc set {1-32}
OMP: pid 47533 tid 47632 thread 23 bound to OS proc set {1-32}
OMP: pid 47533 tid 47628 thread 22 bound to OS proc set {1-32}
OMP: pid 47533 tid 47648 thread 27 bound to OS proc set {1-32}
OMP: pid 47533 tid 47615 thread 19 bound to OS proc set {1-32}
OMP: pid 47533 tid 47608 thread 17 bound to OS proc set {1-32}
OMP: pid 47533 tid 47620 thread 20 bound to OS proc set {1-32}
OMP: pid 47533 tid 47624 thread 21 bound to OS proc set {1-32}
OMP: pid 47533 tid 47644 thread 26 bound to OS proc set {1-32}
OMP: pid 47533 tid 47641 thread 25 bound to OS proc set {1-32}
OMP: pid 47533 tid 47656 thread 29 bound to OS proc set {1-32}
OMP: pid 47533 tid 47658 thread 30 bound to OS proc set {1-32}


 NAS Parallel Benchmarks (NPB3.4-OMP) - EP Benchmark

 Number of random numbers generated:      8589934592
 Number of available threads:                     32

EP Benchmark Results:

CPU Time =     3.224
N = 2^   32
No. Gaussian Pairs =    3373275903.
Sums =     2.691444083863086D+09    2.691519118724448D+09
Counts:
  0    1572172634.
  1    1501108549.
  2     281805648.
  3      17761221.
  4        424017.
  5          3821.
  6            13.
  7             0.
  8             0.
  9             0.


 EP Benchmark Completed.
 Class           =                        C
 Size            =               8589934592
 Iterations      =                        0
 Time in seconds =                     3.22
 Total threads   =                       32
 Avail threads   =                       32
 Mop/s total     =                  2664.60
 Mop/s/thread    =                    83.27
 Operation type  = Random numbers generated
 Verification    =               SUCCESSFUL
 Version         =                    3.4.3
 Compile date    =              18 Feb 2026

 Compile options:
    FC           = gfortran
    FLINK        = $(FC)
    F_LIB        = -L/dss/dsshome1/09/ga27qam2/llvm-project/bu...
    F_INC        = (none)
    FFLAGS       = -O3 -fopenmp
    FLINKFLAGS   = -O3 -fopenmp
    RAND         = randi8


 Please send all errors/feedbacks to:

 NPB Development Team
 npb@nas.nasa.gov


