OMP: pid 47535 tid 47535 thread 0 bound to OS proc set {56-87}
OMP: pid 47535 tid 47545 thread 2 bound to OS proc set {56-87}
OMP: pid 47535 tid 47540 thread 1 bound to OS proc set {56-87}
OMP: pid 47535 tid 47547 thread 3 bound to OS proc set {56-87}
OMP: pid 47535 tid 47581 thread 12 bound to OS proc set {56-87}
OMP: pid 47535 tid 47577 thread 11 bound to OS proc set {56-87}
OMP: pid 47535 tid 47550 thread 4 bound to OS proc set {56-87}
OMP: pid 47535 tid 47587 thread 14 bound to OS proc set {56-87}
OMP: pid 47535 tid 47602 thread 18 bound to OS proc set {56-87}
OMP: pid 47535 tid 47566 thread 8 bound to OS proc set {56-87}
OMP: pid 47535 tid 47573 thread 10 bound to OS proc set {56-87}
OMP: pid 47535 tid 47591 thread 15 bound to OS proc set {56-87}
OMP: pid 47535 tid 47562 thread 7 bound to OS proc set {56-87}
OMP: pid 47535 tid 47554 thread 5 bound to OS proc set {56-87}
OMP: pid 47535 tid 47585 thread 13 bound to OS proc set {56-87}
OMP: pid 47535 tid 47558 thread 6 bound to OS proc set {56-87}
OMP: pid 47535 tid 47571 thread 9 bound to OS proc set {56-87}
OMP: pid 47535 tid 47606 thread 19 bound to OS proc set {56-87}
OMP: pid 47535 tid 47595 thread 16 bound to OS proc set {56-87}
OMP: pid 47535 tid 47654 thread 31 bound to OS proc set {56-87}
OMP: pid 47535 tid 47622 thread 23 bound to OS proc set {56-87}
OMP: pid 47535 tid 47598 thread 17 bound to OS proc set {56-87}
OMP: pid 47535 tid 47637 thread 27 bound to OS proc set {56-87}
OMP: pid 47535 tid 47640 thread 28 bound to OS proc set {56-87}
OMP: pid 47535 tid 47626 thread 24 bound to OS proc set {56-87}
OMP: pid 47535 tid 47634 thread 26 bound to OS proc set {56-87}
OMP: pid 47535 tid 47610 thread 20 bound to OS proc set {56-87}
OMP: pid 47535 tid 47647 thread 29 bound to OS proc set {56-87}
OMP: pid 47535 tid 47651 thread 30 bound to OS proc set {56-87}
OMP: pid 47535 tid 47618 thread 22 bound to OS proc set {56-87}
OMP: pid 47535 tid 47614 thread 21 bound to OS proc set {56-87}
OMP: pid 47535 tid 47631 thread 25 bound to OS proc set {56-87}


 NAS Parallel Benchmarks (NPB3.4-OMP) - EP Benchmark

 Number of random numbers generated:      8589934592
 Number of available threads:                     32

EP Benchmark Results:

CPU Time =     3.674
N = 2^   32
No. Gaussian Pairs =    3373275903.
Sums =     2.691444083863086D+09    2.691519118724447D+09
Counts:
  0    1572172634.
  1    1501108549.
  2     281805648.
  3      17761221.
  4        424017.
  5          3821.
  6            13.
  7             0.
  8             0.
  9             0.


 EP Benchmark Completed.
 Class           =                        C
 Size            =               8589934592
 Iterations      =                        0
 Time in seconds =                     3.67
 Total threads   =                       32
 Avail threads   =                       32
 Mop/s total     =                  2337.93
 Mop/s/thread    =                    73.06
 Operation type  = Random numbers generated
 Verification    =               SUCCESSFUL
 Version         =                    3.4.3
 Compile date    =              18 Feb 2026

 Compile options:
    FC           = gfortran
    FLINK        = $(FC)
    F_LIB        = -L/dss/dsshome1/09/ga27qam2/llvm-project/bu...
    F_INC        = (none)
    FFLAGS       = -O3 -fopenmp
    FLINKFLAGS   = -O3 -fopenmp
    RAND         = randi8


 Please send all errors/feedbacks to:

 NPB Development Team
 npb@nas.nasa.gov


