OMP: pid 48287 tid 48287 thread 0 bound to OS proc set {56-87}
OMP: pid 48287 tid 48347 thread 15 bound to OS proc set {56-87}
OMP: pid 48287 tid 48302 thread 3 bound to OS proc set {56-87}
OMP: pid 48287 tid 48295 thread 1 bound to OS proc set {56-87}
OMP: pid 48287 tid 48298 thread 2 bound to OS proc set {56-87}
OMP: pid 48287 tid 48304 thread 4 bound to OS proc set {56-87}
OMP: pid 48287 tid 48316 thread 8 bound to OS proc set {56-87}
OMP: pid 48287 tid 48326 thread 11 bound to OS proc set {56-87}
OMP: pid 48287 tid 48314 thread 7 bound to OS proc set {56-87}
OMP: pid 48287 tid 48330 thread 12 bound to OS proc set {56-87}
OMP: pid 48287 tid 48309 thread 6 bound to OS proc set {56-87}
OMP: pid 48287 tid 48307 thread 5 bound to OS proc set {56-87}
OMP: pid 48287 tid 48395 thread 28 bound to OS proc set {56-87}
OMP: pid 48287 tid 48322 thread 10 bound to OS proc set {56-87}
OMP: pid 48287 tid 48340 thread 14 bound to OS proc set {56-87}
OMP: pid 48287 tid 48385 thread 24 bound to OS proc set {56-87}
OMP: pid 48287 tid 48400 thread 30 bound to OS proc set {56-87}
OMP: pid 48287 tid 48319 thread 9 bound to OS proc set {56-87}
OMP: pid 48287 tid 48336 thread 13 bound to OS proc set {56-87}
OMP: pid 48287 tid 48390 thread 26 bound to OS proc set {56-87}
OMP: pid 48287 tid 48351 thread 16 bound to OS proc set {56-87}
OMP: pid 48287 tid 48392 thread 27 bound to OS proc set {56-87}
OMP: pid 48287 tid 48386 thread 25 bound to OS proc set {56-87}
OMP: pid 48287 tid 48402 thread 31 bound to OS proc set {56-87}
OMP: pid 48287 tid 48399 thread 29 bound to OS proc set {56-87}
OMP: pid 48287 tid 48364 thread 19 bound to OS proc set {56-87}
OMP: pid 48287 tid 48360 thread 18 bound to OS proc set {56-87}
OMP: pid 48287 tid 48379 thread 23 bound to OS proc set {56-87}
OMP: pid 48287 tid 48356 thread 17 bound to OS proc set {56-87}
OMP: pid 48287 tid 48368 thread 20 bound to OS proc set {56-87}
OMP: pid 48287 tid 48375 thread 22 bound to OS proc set {56-87}
OMP: pid 48287 tid 48371 thread 21 bound to OS proc set {56-87}


 NAS Parallel Benchmarks (NPB3.4-OMP) - EP Benchmark

 Number of random numbers generated:      8589934592
 Number of available threads:                     32

EP Benchmark Results:

CPU Time =     3.590
N = 2^   32
No. Gaussian Pairs =    3373275903.
Sums =     2.691444083863085D+09    2.691519118724447D+09
Counts:
  0    1572172634.
  1    1501108549.
  2     281805648.
  3      17761221.
  4        424017.
  5          3821.
  6            13.
  7             0.
  8             0.
  9             0.


 EP Benchmark Completed.
 Class           =                        C
 Size            =               8589934592
 Iterations      =                        0
 Time in seconds =                     3.59
 Total threads   =                       32
 Avail threads   =                       32
 Mop/s total     =                  2393.06
 Mop/s/thread    =                    74.78
 Operation type  = Random numbers generated
 Verification    =               SUCCESSFUL
 Version         =                    3.4.3
 Compile date    =              18 Feb 2026

 Compile options:
    FC           = gfortran
    FLINK        = $(FC)
    F_LIB        = -L/dss/dsshome1/09/ga27qam2/llvm-project/bu...
    F_INC        = (none)
    FFLAGS       = -O3 -fopenmp
    FLINKFLAGS   = -O3 -fopenmp
    RAND         = randi8


 Please send all errors/feedbacks to:

 NPB Development Team
 npb@nas.nasa.gov


