[DRM-pin] pid=106514 tid=106518 assigned=3-4 running_on=4
[DRM-pin] pid=106514 tid=106518 assigned=1-4 running_on=4
[DRM-pin] pid=106514 tid=106520 assigned=1-4 running_on=2
[DRM-pin] pid=106514 tid=106521 assigned=1-4 running_on=1


 NAS Parallel Benchmarks (NPB3.4-OMP) - CG Benchmark

 Size:      150000
 Iterations:                     75
 Number of available threads:     4

 Initialization time =           3.017 seconds

   iteration           ||r||                 zeta
        1       0.35328997525708E-12   109.9994423237398
        5       0.89292236328797E-15    28.6471670038893
       10       0.91248917156920E-15    28.9496695449003
       15       0.90699328233086E-15    28.9716336228371
       20       0.91520812089827E-15    28.9734210663747
       25       0.90826960297138E-15    28.9735863059382
       30       0.91030415669733E-15    28.9736033967628
       35       0.90990022719685E-15    28.9736053266246
       40       0.90688214666097E-15    28.9736055590700
       45       0.91112897913666E-15    28.9736055884132
       50       0.91030755044250E-15    28.9736055922485
       55       0.90407276976838E-15    28.9736055927632
       60       0.90820547568769E-15    28.9736055928340
       65       0.90512133597645E-15    28.9736055928440
       70       0.90294118630159E-15    28.9736055928455
       75       0.90201590657185E-15    28.9736055928458
 Benchmark completed 
 VERIFICATION SUCCESSFUL 
 Zeta is     0.2897360559285E+02
 Error is    0.2758926827966E-13


 CG Benchmark Completed.
 Class           =                        C
 Size            =                   150000
 Iterations      =                       75
 Time in seconds =                    21.63
 Total threads   =                        4
 Avail threads   =                        4
 Mop/s total     =                  6627.86
 Mop/s/thread    =                  1656.97
 Operation type  =           floating point
 Verification    =               SUCCESSFUL
 Version         =                    3.4.3
 Compile date    =              03 Sep 2026

 Compile options:
    FC           = gfortran
    FLINK        = $(FC)
    F_LIB        = -L$(LLVM_BUILD)/lib -lomp
    F_INC        = (none)
    FFLAGS       = -O3 -fopenmp
    FLINKFLAGS   = -O3 -fopenmp
    RAND         = randi8


 Please send all errors/feedbacks to:

 NPB Development Team
 npb@nas.nasa.gov


