[DRM-pin] pid=110730 tid=110736 assigned=9-16 running_on=13
[DRM-pin] pid=110730 tid=110735 assigned=9-16 running_on=12
[DRM-pin] pid=110730 tid=110737 assigned=9-16 running_on=15
[DRM-pin] pid=110730 tid=110734 assigned=9-16 running_on=11
[DRM-pin] pid=110730 tid=110733 assigned=9-16 running_on=9
[DRM-pin] pid=110730 tid=110739 assigned=9-16 running_on=9
[DRM-pin] pid=110730 tid=110738 assigned=9-16 running_on=9
[DRM-pin] pid=110730 tid=110733 assigned=1-16 running_on=10
[DRM-pin] pid=110730 tid=110748 assigned=1-16 running_on=7
[DRM-pin] pid=110730 tid=110739 assigned=1-16 running_on=9
[DRM-pin] pid=110730 tid=110735 assigned=1-16 running_on=12
[DRM-pin] pid=110730 tid=110734 assigned=1-16 running_on=11
[DRM-pin] pid=110730 tid=110736 assigned=1-16 running_on=13
[DRM-pin] pid=110730 tid=110738 assigned=1-16 running_on=14
[DRM-pin] pid=110730 tid=110741 assigned=1-16 running_on=6
[DRM-pin] pid=110730 tid=110745 assigned=1-16 running_on=13
[DRM-pin] pid=110730 tid=110747 assigned=1-16 running_on=7
[DRM-pin] pid=110730 tid=110742 assigned=1-16 running_on=4
[DRM-pin] pid=110730 tid=110743 assigned=1-16 running_on=2
[DRM-pin] pid=110730 tid=110750 assigned=1-16 running_on=3
[DRM-pin] pid=110730 tid=110752 assigned=1-16 running_on=1
[DRM-pin] pid=110730 tid=110737 assigned=1-16 running_on=15


 NAS Parallel Benchmarks (NPB3.4-OMP) - CG Benchmark

 Size:      150000
 Iterations:                     75
 Number of available threads:    16

 Initialization time =           0.953 seconds

   iteration           ||r||                 zeta
        1       0.35316300863346E-12   109.9994423237398
        5       0.89202147822103E-15    28.6471670038896
       10       0.91211010895884E-15    28.9496695449001
       15       0.90665533068724E-15    28.9716336228373
       20       0.91602980729715E-15    28.9734210663750
       25       0.90970464173342E-15    28.9735863059385
       30       0.90809769822717E-15    28.9736033967630
       35       0.91018752160334E-15    28.9736053266248
       40       0.90556377663073E-15    28.9736055590700
       45       0.91057340843537E-15    28.9736055884129
       50       0.91039558122427E-15    28.9736055922482
       55       0.90350069349496E-15    28.9736055927635
       60       0.90864330815970E-15    28.9736055928341
       65       0.90779044425614E-15    28.9736055928438
       70       0.90320744664717E-15    28.9736055928452
       75       0.89997563721357E-15    28.9736055928455
 Benchmark completed 
 VERIFICATION SUCCESSFUL 
 Zeta is     0.2897360559285E+02
 Error is    0.1581784714701E-13


 CG Benchmark Completed.
 Class           =                        C
 Size            =                   150000
 Iterations      =                       75
 Time in seconds =                     7.59
 Total threads   =                       16
 Avail threads   =                       16
 Mop/s total     =                 18885.84
 Mop/s/thread    =                  1180.36
 Operation type  =           floating point
 Verification    =               SUCCESSFUL
 Version         =                    3.4.3
 Compile date    =              03 Sep 2026

 Compile options:
    FC           = gfortran
    FLINK        = $(FC)
    F_LIB        = -L$(LLVM_BUILD)/lib -lomp
    F_INC        = (none)
    FFLAGS       = -O3 -fopenmp
    FLINKFLAGS   = -O3 -fopenmp
    RAND         = randi8


 Please send all errors/feedbacks to:

 NPB Development Team
 npb@nas.nasa.gov


