

 NAS Parallel Benchmarks (NPB3.4-OMP) - CG Benchmark

 Size:      150000
 Iterations:                     75
 Number of available threads:    32

 Initialization time =           0.478 seconds

   iteration           ||r||                 zeta
        1       0.35295248928178E-12   109.9994423237398
        5       0.89258994854982E-15    28.6471670038895
       10       0.91136652915133E-15    28.9496695448999
       15       0.90492770004093E-15    28.9716336228371
       20       0.91511212614495E-15    28.9734210663749
       25       0.91001542210132E-15    28.9735863059384
       30       0.90964664480792E-15    28.9736033967631
       35       0.90879535022681E-15    28.9736053266250
       40       0.90559586906519E-15    28.9736055590700
       45       0.91118095019508E-15    28.9736055884128
       50       0.90985272141132E-15    28.9736055922484
       55       0.90222227949978E-15    28.9736055927634
       60       0.90815635793402E-15    28.9736055928340
       65       0.90755860031845E-15    28.9736055928439
       70       0.90098385189503E-15    28.9736055928453
       75       0.90270546324606E-15    28.9736055928455
 Benchmark completed 
 VERIFICATION SUCCESSFUL 
 Zeta is     0.2897360559285E+02
 Error is    0.1777975066912E-13


 CG Benchmark Completed.
 Class           =                        C
 Size            =                   150000
 Iterations      =                       75
 Time in seconds =                     3.85
 Total threads   =                       32
 Avail threads   =                       32
 Mop/s total     =                 37215.34
 Mop/s/thread    =                  1162.98
 Operation type  =           floating point
 Verification    =               SUCCESSFUL
 Version         =                    3.4.3
 Compile date    =              03 Sep 2026

 Compile options:
    FC           = gfortran
    FLINK        = $(FC)
    F_LIB        = -L$(LLVM_BUILD)/lib -lomp
    F_INC        = (none)
    FFLAGS       = -O3 -fopenmp
    FLINKFLAGS   = -O3 -fopenmp
    RAND         = randi8


 Please send all errors/feedbacks to:

 NPB Development Team
 npb@nas.nasa.gov


