

 NAS Parallel Benchmarks (NPB3.4-OMP) - CG Benchmark

 Size:      150000
 Iterations:                     75
 Number of available threads:     4

 Initialization time =           2.775 seconds

   iteration           ||r||                 zeta
        1       0.35328997525708E-12   109.9994423237398
        5       0.89306209431957E-15    28.6471670038893
       10       0.91195641416666E-15    28.9496695449003
       15       0.90643388765568E-15    28.9716336228371
       20       0.91511864433844E-15    28.9734210663747
       25       0.90846641203651E-15    28.9735863059382
       30       0.91016879809392E-15    28.9736033967627
       35       0.91002340455493E-15    28.9736053266246
       40       0.90669947238141E-15    28.9736055590700
       45       0.90893690240430E-15    28.9736055884132
       50       0.91093352845429E-15    28.9736055922485
       55       0.90346505637792E-15    28.9736055927632
       60       0.90852445923548E-15    28.9736055928339
       65       0.90591696282245E-15    28.9736055928440
       70       0.90268718315688E-15    28.9736055928455
       75       0.90153706637587E-15    28.9736055928458
 Benchmark completed 
 VERIFICATION SUCCESSFUL 
 Zeta is     0.2897360559285E+02
 Error is    0.2807974416019E-13


 CG Benchmark Completed.
 Class           =                        C
 Size            =                   150000
 Iterations      =                       75
 Time in seconds =                    23.38
 Total threads   =                        4
 Avail threads   =                        4
 Mop/s total     =                  6132.38
 Mop/s/thread    =                  1533.09
 Operation type  =           floating point
 Verification    =               SUCCESSFUL
 Version         =                    3.4.3
 Compile date    =              03 Sep 2026

 Compile options:
    FC           = gfortran
    FLINK        = $(FC)
    F_LIB        = -L$(LLVM_BUILD)/lib -lomp
    F_INC        = (none)
    FFLAGS       = -O3 -fopenmp
    FLINKFLAGS   = -O3 -fopenmp
    RAND         = randi8


 Please send all errors/feedbacks to:

 NPB Development Team
 npb@nas.nasa.gov


