

 NAS Parallel Benchmarks (NPB3.4-OMP) - CG Benchmark

 Size:      150000
 Iterations:                     75
 Number of available threads:    16

 Initialization time =           0.782 seconds

   iteration           ||r||                 zeta
        1       0.35304139054221E-12   109.9994423237398
        5       0.89271894084893E-15    28.6471670038896
       10       0.91023953027259E-15    28.9496695448999
       15       0.90596414827976E-15    28.9716336228373
       20       0.91603397503987E-15    28.9734210663751
       25       0.90992324885467E-15    28.9735863059385
       30       0.90825597682822E-15    28.9736033967630
       35       0.91043696778897E-15    28.9736053266249
       40       0.90654005567526E-15    28.9736055590700
       45       0.90992614140757E-15    28.9736055884129
       50       0.91011148945991E-15    28.9736055922482
       55       0.90433061069615E-15    28.9736055927635
       60       0.90898542352396E-15    28.9736055928341
       65       0.90708807701675E-15    28.9736055928438
       70       0.90351671733868E-15    28.9736055928452
       75       0.90126048853964E-15    28.9736055928455
 Benchmark completed 
 VERIFICATION SUCCESSFUL 
 Zeta is     0.2897360559285E+02
 Error is    0.1630832302753E-13


 CG Benchmark Completed.
 Class           =                        C
 Size            =                   150000
 Iterations      =                       75
 Time in seconds =                     6.73
 Total threads   =                       16
 Avail threads   =                       16
 Mop/s total     =                 21305.09
 Mop/s/thread    =                  1331.57
 Operation type  =           floating point
 Verification    =               SUCCESSFUL
 Version         =                    3.4.3
 Compile date    =              03 Sep 2026

 Compile options:
    FC           = gfortran
    FLINK        = $(FC)
    F_LIB        = -L$(LLVM_BUILD)/lib -lomp
    F_INC        = (none)
    FFLAGS       = -O3 -fopenmp
    FLINKFLAGS   = -O3 -fopenmp
    RAND         = randi8


 Please send all errors/feedbacks to:

 NPB Development Team
 npb@nas.nasa.gov


