OMP: pid 177557 tid 177557 thread 0 bound to OS proc set {1}
OMP: pid 177557 tid 177560 thread 1 bound to OS proc set {9}
OMP: pid 177557 tid 177561 thread 2 bound to OS proc set {17}
OMP: pid 177557 tid 177562 thread 3 bound to OS proc set {25}


 NAS Parallel Benchmarks (NPB3.4-OMP) - CG Benchmark

 Size:      150000
 Iterations:                     75
 Number of available threads:     4

 Initialization time =           3.040 seconds

   iteration           ||r||                 zeta
        1       0.35328997525708E-12   109.9994423237398
        5       0.89239586860991E-15    28.6471670038893
       10       0.91333016294384E-15    28.9496695449003
       15       0.90550483376124E-15    28.9716336228371
       20       0.91561749000403E-15    28.9734210663747
       25       0.90936915316496E-15    28.9735863059382
       30       0.91038776625873E-15    28.9736033967627
       35       0.91068757834140E-15    28.9736053266246
       40       0.90739397256637E-15    28.9736055590700
       45       0.91006590191886E-15    28.9736055884132
       50       0.90952593140741E-15    28.9736055922485
       55       0.90380489960358E-15    28.9736055927632
       60       0.90877659965137E-15    28.9736055928339
       65       0.90567280879833E-15    28.9736055928440
       70       0.90344722509425E-15    28.9736055928455
       75       0.90159054375359E-15    28.9736055928458
 Benchmark completed 
 VERIFICATION SUCCESSFUL 
 Zeta is     0.2897360559285E+02
 Error is    0.2906069592124E-13


 CG Benchmark Completed.
 Class           =                        C
 Size            =                   150000
 Iterations      =                       75
 Time in seconds =                    22.91
 Total threads   =                        4
 Avail threads   =                        4
 Mop/s total     =                  6256.50
 Mop/s/thread    =                  1564.12
 Operation type  =           floating point
 Verification    =               SUCCESSFUL
 Version         =                    3.4.3
 Compile date    =              18 Feb 2026

 Compile options:
    FC           = gfortran
    FLINK        = $(FC)
    F_LIB        = -L/dss/dsshome1/09/ga27qam2/llvm-project/bu...
    F_INC        = (none)
    FFLAGS       = -O3 -fopenmp
    FLINKFLAGS   = -O3 -fopenmp
    RAND         = randi8


 Please send all errors/feedbacks to:

 NPB Development Team
 npb@nas.nasa.gov


