OMP: pid 184938 tid 184938 thread 0 bound to OS proc set {56}
OMP: pid 184938 tid 184940 thread 1 bound to OS proc set {57}
OMP: pid 184938 tid 184941 thread 2 bound to OS proc set {58}
OMP: pid 184938 tid 184942 thread 3 bound to OS proc set {59}
OMP: pid 184938 tid 184947 thread 8 bound to OS proc set {64}
OMP: pid 184938 tid 184957 thread 14 bound to OS proc set {70}
OMP: pid 184938 tid 184952 thread 11 bound to OS proc set {67}
OMP: pid 184938 tid 184955 thread 13 bound to OS proc set {69}
OMP: pid 184938 tid 184950 thread 9 bound to OS proc set {65}
OMP: pid 184938 tid 184951 thread 10 bound to OS proc set {66}
OMP: pid 184938 tid 184960 thread 16 bound to OS proc set {72}
OMP: pid 184938 tid 184946 thread 7 bound to OS proc set {63}
OMP: pid 184938 tid 184953 thread 12 bound to OS proc set {68}
OMP: pid 184938 tid 184958 thread 15 bound to OS proc set {71}
OMP: pid 184938 tid 184965 thread 19 bound to OS proc set {75}
OMP: pid 184938 tid 184963 thread 18 bound to OS proc set {74}
OMP: pid 184938 tid 184962 thread 17 bound to OS proc set {73}
OMP: pid 184938 tid 184943 thread 4 bound to OS proc set {60}
OMP: pid 184938 tid 184944 thread 5 bound to OS proc set {61}
OMP: pid 184938 tid 184984 thread 30 bound to OS proc set {86}
OMP: pid 184938 tid 184982 thread 29 bound to OS proc set {85}
OMP: pid 184938 tid 184970 thread 22 bound to OS proc set {78}
OMP: pid 184938 tid 184945 thread 6 bound to OS proc set {62}
OMP: pid 184938 tid 184966 thread 20 bound to OS proc set {76}
OMP: pid 184938 tid 184978 thread 27 bound to OS proc set {83}
OMP: pid 184938 tid 184971 thread 23 bound to OS proc set {79}
OMP: pid 184938 tid 184980 thread 28 bound to OS proc set {84}
OMP: pid 184938 tid 184985 thread 31 bound to OS proc set {87}
OMP: pid 184938 tid 184968 thread 21 bound to OS proc set {77}
OMP: pid 184938 tid 184972 thread 24 bound to OS proc set {80}
OMP: pid 184938 tid 184975 thread 25 bound to OS proc set {81}
OMP: pid 184938 tid 184976 thread 26 bound to OS proc set {82}


 NAS Parallel Benchmarks (NPB3.4-OMP) - CG Benchmark

 Size:      150000
 Iterations:                     75
 Number of available threads:    32

 Initialization time =           0.516 seconds

   iteration           ||r||                 zeta
        1       0.35320740066994E-12   109.9994423237398
        5       0.89214646815471E-15    28.6471670038895
       10       0.91285564722948E-15    28.9496695448999
       15       0.90618608066404E-15    28.9716336228371
       20       0.91536824602423E-15    28.9734210663749
       25       0.90949035872401E-15    28.9735863059385
       30       0.91058087930838E-15    28.9736033967631
       35       0.91029983157071E-15    28.9736053266249
       40       0.90637546096608E-15    28.9736055590699
       45       0.91149612257842E-15    28.9736055884128
       50       0.91027314349487E-15    28.9736055922484
       55       0.90424216171777E-15    28.9736055927634
       60       0.90937379537577E-15    28.9736055928340
       65       0.90716149845644E-15    28.9736055928439
       70       0.90261115532174E-15    28.9736055928452
       75       0.90203733639383E-15    28.9736055928455
 Benchmark completed 
 VERIFICATION SUCCESSFUL 
 Zeta is     0.2897360559285E+02
 Error is    0.1679879890806E-13


 CG Benchmark Completed.
 Class           =                        C
 Size            =                   150000
 Iterations      =                       75
 Time in seconds =                     3.77
 Total threads   =                       32
 Avail threads   =                       32
 Mop/s total     =                 37981.68
 Mop/s/thread    =                  1186.93
 Operation type  =           floating point
 Verification    =               SUCCESSFUL
 Version         =                    3.4.3
 Compile date    =              18 Feb 2026

 Compile options:
    FC           = gfortran
    FLINK        = $(FC)
    F_LIB        = -L/dss/dsshome1/09/ga27qam2/llvm-project/bu...
    F_INC        = (none)
    FFLAGS       = -O3 -fopenmp
    FLINKFLAGS   = -O3 -fopenmp
    RAND         = randi8


 Please send all errors/feedbacks to:

 NPB Development Team
 npb@nas.nasa.gov


