OMP: pid 177558 tid 177558 thread 0 bound to OS proc set {56}
OMP: pid 177558 tid 177564 thread 2 bound to OS proc set {72}
OMP: pid 177558 tid 177565 thread 3 bound to OS proc set {80}
OMP: pid 177558 tid 177563 thread 1 bound to OS proc set {64}


 NAS Parallel Benchmarks (NPB3.4-OMP) - CG Benchmark

 Size:      150000
 Iterations:                     75
 Number of available threads:     4

 Initialization time =           3.116 seconds

   iteration           ||r||                 zeta
        1       0.35322404624528E-12   109.9994423237398
        5       0.89124981733562E-15    28.6471670038893
       10       0.91294775899583E-15    28.9496695449003
       15       0.90701622711185E-15    28.9716336228371
       20       0.91358394927435E-15    28.9734210663747
       25       0.90881337043124E-15    28.9735863059382
       30       0.91017372116470E-15    28.9736033967627
       35       0.91048317098753E-15    28.9736053266246
       40       0.90722620526234E-15    28.9736055590700
       45       0.90985104064909E-15    28.9736055884132
       50       0.91066785586586E-15    28.9736055922485
       55       0.90383476346959E-15    28.9736055927632
       60       0.90787743121180E-15    28.9736055928339
       65       0.90552650433211E-15    28.9736055928440
       70       0.90341191034787E-15    28.9736055928455
       75       0.90167320133420E-15    28.9736055928458
 Benchmark completed 
 VERIFICATION SUCCESSFUL 
 Zeta is     0.2897360559285E+02
 Error is    0.2758926827966E-13


 CG Benchmark Completed.
 Class           =                        C
 Size            =                   150000
 Iterations      =                       75
 Time in seconds =                    23.56
 Total threads   =                        4
 Avail threads   =                        4
 Mop/s total     =                  6085.35
 Mop/s/thread    =                  1521.34
 Operation type  =           floating point
 Verification    =               SUCCESSFUL
 Version         =                    3.4.3
 Compile date    =              18 Feb 2026

 Compile options:
    FC           = gfortran
    FLINK        = $(FC)
    F_LIB        = -L/dss/dsshome1/09/ga27qam2/llvm-project/bu...
    F_INC        = (none)
    FFLAGS       = -O3 -fopenmp
    FLINKFLAGS   = -O3 -fopenmp
    RAND         = randi8


 Please send all errors/feedbacks to:

 NPB Development Team
 npb@nas.nasa.gov


