OMP: pid 113451 tid 113457 thread 2 bound to OS proc set {1-4}
OMP: pid 113451 tid 113451 thread 0 bound to OS proc set {1-4}
OMP: pid 113451 tid 113458 thread 3 bound to OS proc set {1-4}
OMP: pid 113451 tid 113456 thread 1 bound to OS proc set {1-4}


 NAS Parallel Benchmarks (NPB3.4-OMP) - CG Benchmark

 Size:      150000
 Iterations:                     75
 Number of available threads:     4

 Initialization time =           5.703 seconds

   iteration           ||r||                 zeta
        1       0.35339527216309E-12   109.9994423237398
        5       0.89350948803255E-15    28.6471670038893
       10       0.91239516470962E-15    28.9496695449003
       15       0.90741006894297E-15    28.9716336228371
       20       0.91474333665088E-15    28.9734210663747
       25       0.90866400883718E-15    28.9735863059382
       30       0.91049872901324E-15    28.9736033967627
       35       0.91060847086264E-15    28.9736053266246
       40       0.90711301989094E-15    28.9736055590700
       45       0.90943364230621E-15    28.9736055884132
       50       0.90979576271453E-15    28.9736055922485
       55       0.90382008039674E-15    28.9736055927632
       60       0.90918022432319E-15    28.9736055928339
       65       0.90577713923803E-15    28.9736055928440
       70       0.90379257627482E-15    28.9736055928455
       75       0.90125400666158E-15    28.9736055928458
 Benchmark completed 
 VERIFICATION SUCCESSFUL 
 Zeta is     0.2897360559285E+02
 Error is    0.2758926827966E-13


 CG Benchmark Completed.
 Class           =                        C
 Size            =                   150000
 Iterations      =                       75
 Time in seconds =                    55.49
 Total threads   =                        4
 Avail threads   =                        4
 Mop/s total     =                  2583.30
 Mop/s/thread    =                   645.82
 Operation type  =           floating point
 Verification    =               SUCCESSFUL
 Version         =                    3.4.3
 Compile date    =              03 Sep 2026

 Compile options:
    FC           = gfortran
    FLINK        = $(FC)
    F_LIB        = -L$(LLVM_BUILD)/lib -lomp
    F_INC        = (none)
    FFLAGS       = -O3 -fopenmp
    FLINKFLAGS   = -O3 -fopenmp
    RAND         = randi8


 Please send all errors/feedbacks to:

 NPB Development Team
 npb@nas.nasa.gov


