OMP: pid 151078 tid 151078 thread 0 bound to OS proc set {64-71}
OMP: pid 151078 tid 151101 thread 4 bound to OS proc set {64-71}
OMP: pid 151078 tid 151106 thread 7 bound to OS proc set {64-71}
OMP: pid 151078 tid 151099 thread 3 bound to OS proc set {64-71}
OMP: pid 151078 tid 151104 thread 6 bound to OS proc set {64-71}
OMP: pid 151078 tid 151102 thread 5 bound to OS proc set {64-71}
OMP: pid 151078 tid 151098 thread 2 bound to OS proc set {64-71}
OMP: pid 151078 tid 151096 thread 1 bound to OS proc set {64-71}
OMP: pid 151078 tid 151078 thread 0 bound to OS proc set {64-71}
[DRM-pin] pid=151078 tid=151098 assigned=68-71 running_on=70
OMP: pid 151078 tid 151098 thread 2 bound to OS proc set {64-71}
[DRM-pin] pid=151078 tid=151096 assigned=68-71 running_on=69
OMP: pid 151078 tid 151096 thread 1 bound to OS proc set {64-71}
[DRM-pin] pid=151078 tid=151099 assigned=68-71 running_on=70
OMP: pid 151078 tid 151099 thread 3 bound to OS proc set {64-71}


 NAS Parallel Benchmarks (NPB3.4-OMP) - CG Benchmark

 Size:      150000
 Iterations:                     75
 Number of available threads:     8

 Initialization time =           3.544 seconds

   iteration           ||r||                 zeta
        1       0.35328997525708E-12   109.9994423237398
        5       0.89259251659429E-15    28.6471670038893
       10       0.91235375906832E-15    28.9496695449003
       15       0.90744885072274E-15    28.9716336228371
       20       0.91477991417128E-15    28.9734210663747
       25       0.90983359735944E-15    28.9735863059382
       30       0.90917202396165E-15    28.9736033967628
       35       0.90989724049526E-15    28.9736053266246
       40       0.90707994764516E-15    28.9736055590700
       45       0.91012174909665E-15    28.9736055884132
       50       0.90870279612140E-15    28.9736055922486
       55       0.90285605754517E-15    28.9736055927632
       60       0.90815819675280E-15    28.9736055928339
       65       0.90670854873090E-15    28.9736055928440
       70       0.90200722853420E-15    28.9736055928455
       75       0.90165965924462E-15    28.9736055928458
 Benchmark completed 
 VERIFICATION SUCCESSFUL 
 Zeta is     0.2897360559285E+02
 Error is    0.2807974416019E-13


 CG Benchmark Completed.
 Class           =                        C
 Size            =                   150000
 Iterations      =                       75
 Time in seconds =                    22.12
 Total threads   =                        4
 Avail threads   =                        8
 Warning: Threads used differ from threads available
 Mop/s total     =                  6480.90
 Mop/s/thread    =                  1620.22
 Operation type  =           floating point
 Verification    =               SUCCESSFUL
 Version         =                    3.4.3
 Compile date    =              03 Sep 2026

 Compile options:
    FC           = gfortran
    FLINK        = $(FC)
    F_LIB        = -L$(LLVM_BUILD)/lib -lomp
    F_INC        = (none)
    FFLAGS       = -O3 -fopenmp
    FLINKFLAGS   = -O3 -fopenmp
    RAND         = randi8


 Please send all errors/feedbacks to:

 NPB Development Team
 npb@nas.nasa.gov


