OMP: pid 49164 tid 49271 thread 28 bound to OS proc set {1-32}
OMP: pid 49164 tid 49188 thread 8 bound to OS proc set {1-32}
OMP: pid 49164 tid 49169 thread 3 bound to OS proc set {1-32}
OMP: pid 49164 tid 49194 thread 10 bound to OS proc set {1-32}
OMP: pid 49164 tid 49182 thread 7 bound to OS proc set {1-32}
OMP: pid 49164 tid 49175 thread 4 bound to OS proc set {1-32}
OMP: pid 49164 tid 49180 thread 5 bound to OS proc set {1-32}
OMP: pid 49164 tid 49203 thread 12 bound to OS proc set {1-32}
OMP: pid 49164 tid 49197 thread 11 bound to OS proc set {1-32}
OMP: pid 49164 tid 49277 thread 30 bound to OS proc set {1-32}
OMP: pid 49164 tid 49273 thread 29 bound to OS proc set {1-32}
OMP: pid 49164 tid 49192 thread 9 bound to OS proc set {1-32}
OMP: pid 49164 tid 49181 thread 6 bound to OS proc set {1-32}
OMP: pid 49164 tid 49213 thread 15 bound to OS proc set {1-32}
OMP: pid 49164 tid 49206 thread 13 bound to OS proc set {1-32}
OMP: pid 49164 tid 49210 thread 14 bound to OS proc set {1-32}
OMP: pid 49164 tid 49239 thread 19 bound to OS proc set {1-32}
OMP: pid 49164 tid 49257 thread 24 bound to OS proc set {1-32}
OMP: pid 49164 tid 49218 thread 16 bound to OS proc set {1-32}
OMP: pid 49164 tid 49227 thread 17 bound to OS proc set {1-32}
OMP: pid 49164 tid 49253 thread 22 bound to OS proc set {1-32}
OMP: pid 49164 tid 49247 thread 20 bound to OS proc set {1-32}
OMP: pid 49164 tid 49249 thread 21 bound to OS proc set {1-32}
OMP: pid 49164 tid 49254 thread 23 bound to OS proc set {1-32}
OMP: pid 49164 tid 49233 thread 18 bound to OS proc set {1-32}
OMP: pid 49164 tid 49268 thread 27 bound to OS proc set {1-32}
OMP: pid 49164 tid 49168 thread 2 bound to OS proc set {1-32}
OMP: pid 49164 tid 49164 thread 0 bound to OS proc set {1-32}
OMP: pid 49164 tid 49166 thread 1 bound to OS proc set {1-32}
OMP: pid 49164 tid 49263 thread 26 bound to OS proc set {1-32}
OMP: pid 49164 tid 49260 thread 25 bound to OS proc set {1-32}
OMP: pid 49164 tid 49280 thread 31 bound to OS proc set {1-32}


 NAS Parallel Benchmarks (NPB3.4-OMP) - CG Benchmark

 Size:      150000
 Iterations:                     75
 Number of available threads:    32

 Initialization time =           1.170 seconds

   iteration           ||r||                 zeta
        1       0.35319642532794E-12   109.9994423237398
        5       0.89353639807121E-15    28.6471670038895
       10       0.91220806584551E-15    28.9496695449000
       15       0.90667717187928E-15    28.9716336228371
       20       0.91545095930323E-15    28.9734210663749
       25       0.90993530062679E-15    28.9735863059384
       30       0.90799524580373E-15    28.9736033967631
       35       0.90996717954575E-15    28.9736053266249
       40       0.90626329780181E-15    28.9736055590700
       45       0.91052849315360E-15    28.9736055884128
       50       0.90881430776959E-15    28.9736055922484
       55       0.90356208646592E-15    28.9736055927634
       60       0.90793426911775E-15    28.9736055928340
       65       0.90821675831182E-15    28.9736055928439
       70       0.90124420855594E-15    28.9736055928452
       75       0.90093957653885E-15    28.9736055928455
 Benchmark completed 
 VERIFICATION SUCCESSFUL 
 Zeta is     0.2897360559285E+02
 Error is    0.1630832302753E-13


 CG Benchmark Completed.
 Class           =                        C
 Size            =                   150000
 Iterations      =                       75
 Time in seconds =                    13.44
 Total threads   =                       32
 Avail threads   =                       32
 Mop/s total     =                 10669.16
 Mop/s/thread    =                   333.41
 Operation type  =           floating point
 Verification    =               SUCCESSFUL
 Version         =                    3.4.3
 Compile date    =              03 Sep 2026

 Compile options:
    FC           = gfortran
    FLINK        = $(FC)
    F_LIB        = -L$(LLVM_BUILD)/lib -lomp
    F_INC        = (none)
    FFLAGS       = -O3 -fopenmp
    FLINKFLAGS   = -O3 -fopenmp
    RAND         = randi8


 Please send all errors/feedbacks to:

 NPB Development Team
 npb@nas.nasa.gov


