OMP: pid 152391 tid 152436 thread 10 bound to OS proc set {64-79}
OMP: pid 152391 tid 152450 thread 15 bound to OS proc set {64-79}
OMP: pid 152391 tid 152442 thread 11 bound to OS proc set {64-79}
OMP: pid 152391 tid 152410 thread 3 bound to OS proc set {64-79}
OMP: pid 152391 tid 152443 thread 12 bound to OS proc set {64-79}
OMP: pid 152391 tid 152448 thread 14 bound to OS proc set {64-79}
OMP: pid 152391 tid 152406 thread 2 bound to OS proc set {64-79}
OMP: pid 152391 tid 152404 thread 1 bound to OS proc set {64-79}
OMP: pid 152391 tid 152426 thread 7 bound to OS proc set {64-79}
OMP: pid 152391 tid 152414 thread 4 bound to OS proc set {64-79}
OMP: pid 152391 tid 152415 thread 5 bound to OS proc set {64-79}
OMP: pid 152391 tid 152444 thread 13 bound to OS proc set {64-79}
OMP: pid 152391 tid 152422 thread 6 bound to OS proc set {64-79}
OMP: pid 152391 tid 152432 thread 8 bound to OS proc set {64-79}
OMP: pid 152391 tid 152391 thread 0 bound to OS proc set {64-79}
OMP: pid 152391 tid 152433 thread 9 bound to OS proc set {64-79}
OMP: pid 152391 tid 152391 thread 0 bound to OS proc set {64-79}
[DRM-pin] pid=152391 tid=152426 assigned=72-79 running_on=78
OMP: pid 152391 tid 152426 thread 7 bound to OS proc set {64-79}
[DRM-pin] pid=152391 tid=152422 assigned=72-79 running_on=72
OMP: pid 152391 tid 152422 thread 6 bound to OS proc set {64-79}
[DRM-pin] pid=152391 tid=152414 assigned=72-79 running_on=77
OMP: pid 152391 tid 152414 thread 4 bound to OS proc set {64-79}
[DRM-pin] pid=152391 tid=152404 assigned=72-79 running_on=74
OMP: pid 152391 tid 152404 thread 1 bound to OS proc set {64-79}
[DRM-pin] pid=152391 tid=152410 assigned=72-79 running_on=76
OMP: pid 152391 tid 152410 thread 3 bound to OS proc set {64-79}
[DRM-pin] pid=152391 tid=152406 assigned=72-79 running_on=72
OMP: pid 152391 tid 152406 thread 2 bound to OS proc set {64-79}
[DRM-pin] pid=152391 tid=152415 assigned=72-79 running_on=72
OMP: pid 152391 tid 152415 thread 5 bound to OS proc set {64-79}


 NAS Parallel Benchmarks (NPB3.4-OMP) - CG Benchmark

 Size:      150000
 Iterations:                     75
 Number of available threads:    16

 Initialization time =           2.045 seconds

   iteration           ||r||                 zeta
        1       0.35329766820887E-12   109.9994423237398
        5       0.89170082276588E-15    28.6471670038896
       10       0.91240443119909E-15    28.9496695449001
       15       0.90743995301308E-15    28.9716336228371
       20       0.91474027098940E-15    28.9734210663752
       25       0.90877009983586E-15    28.9735863059386
       30       0.90828437305744E-15    28.9736033967633
       35       0.91102725550077E-15    28.9736053266247
       40       0.90712106473579E-15    28.9736055590700
       45       0.90788625504065E-15    28.9736055884130
       50       0.90962119553210E-15    28.9736055922483
       55       0.90395034852208E-15    28.9736055927634
       60       0.90833240774478E-15    28.9736055928341
       65       0.90640550478183E-15    28.9736055928440
       70       0.90141765339445E-15    28.9736055928451
       75       0.90205176179569E-15    28.9736055928456
 Benchmark completed 
 VERIFICATION SUCCESSFUL 
 Zeta is     0.2897360559285E+02
 Error is    0.2072260595228E-13


 CG Benchmark Completed.
 Class           =                        C
 Size            =                   150000
 Iterations      =                       75
 Time in seconds =                    13.35
 Total threads   =                        8
 Avail threads   =                       16
 Warning: Threads used differ from threads available
 Mop/s total     =                 10736.06
 Mop/s/thread    =                  1342.01
 Operation type  =           floating point
 Verification    =               SUCCESSFUL
 Version         =                    3.4.3
 Compile date    =              03 Sep 2026

 Compile options:
    FC           = gfortran
    FLINK        = $(FC)
    F_LIB        = -L$(LLVM_BUILD)/lib -lomp
    F_INC        = (none)
    FFLAGS       = -O3 -fopenmp
    FLINKFLAGS   = -O3 -fopenmp
    RAND         = randi8


 Please send all errors/feedbacks to:

 NPB Development Team
 npb@nas.nasa.gov


