OMP: pid 152387 tid 152392 thread 1 bound to OS proc set {1-16}
OMP: pid 152387 tid 152387 thread 0 bound to OS proc set {1-16}
OMP: pid 152387 tid 152394 thread 3 bound to OS proc set {1-16}
OMP: pid 152387 tid 152393 thread 2 bound to OS proc set {1-16}
OMP: pid 152387 tid 152395 thread 4 bound to OS proc set {1-16}
OMP: pid 152387 tid 152398 thread 7 bound to OS proc set {1-16}
OMP: pid 152387 tid 152411 thread 10 bound to OS proc set {1-16}
OMP: pid 152387 tid 152428 thread 15 bound to OS proc set {1-16}
OMP: pid 152387 tid 152397 thread 6 bound to OS proc set {1-16}
OMP: pid 152387 tid 152418 thread 11 bound to OS proc set {1-16}
OMP: pid 152387 tid 152400 thread 8 bound to OS proc set {1-16}
OMP: pid 152387 tid 152421 thread 12 bound to OS proc set {1-16}
OMP: pid 152387 tid 152427 thread 14 bound to OS proc set {1-16}
OMP: pid 152387 tid 152396 thread 5 bound to OS proc set {1-16}
OMP: pid 152387 tid 152407 thread 9 bound to OS proc set {1-16}
OMP: pid 152387 tid 152423 thread 13 bound to OS proc set {1-16}


 NAS Parallel Benchmarks (NPB3.4-OMP) - CG Benchmark

 Size:      150000
 Iterations:                     75
 Number of available threads:    16

 Initialization time =           1.848 seconds

   iteration           ||r||                 zeta
        1       0.35320872676131E-12   109.9994423237398
        5       0.89199026588872E-15    28.6471670038896
       10       0.91202176959864E-15    28.9496695449000
       15       0.90584929586301E-15    28.9716336228373
       20       0.91517595009813E-15    28.9734210663751
       25       0.90850731596586E-15    28.9735863059385
       30       0.90790336593539E-15    28.9736033967630
       35       0.90980640059952E-15    28.9736053266249
       40       0.90646691458102E-15    28.9736055590700
       45       0.91050691823288E-15    28.9736055884129
       50       0.90962482362896E-15    28.9736055922483
       55       0.90486930600564E-15    28.9736055927635
       60       0.90788463294832E-15    28.9736055928341
       65       0.90741042559343E-15    28.9736055928438
       70       0.90327440096321E-15    28.9736055928452
       75       0.90121687935267E-15    28.9736055928455
 Benchmark completed 
 VERIFICATION SUCCESSFUL 
 Zeta is     0.2897360559285E+02
 Error is    0.1630832302753E-13


 CG Benchmark Completed.
 Class           =                        C
 Size            =                   150000
 Iterations      =                       75
 Time in seconds =                    21.41
 Total threads   =                       16
 Avail threads   =                       16
 Mop/s total     =                  6695.42
 Mop/s/thread    =                   418.46
 Operation type  =           floating point
 Verification    =               SUCCESSFUL
 Version         =                    3.4.3
 Compile date    =              03 Sep 2026

 Compile options:
    FC           = gfortran
    FLINK        = $(FC)
    F_LIB        = -L$(LLVM_BUILD)/lib -lomp
    F_INC        = (none)
    FFLAGS       = -O3 -fopenmp
    FLINKFLAGS   = -O3 -fopenmp
    RAND         = randi8


 Please send all errors/feedbacks to:

 NPB Development Team
 npb@nas.nasa.gov


