OMP: pid 113453 tid 113453 thread 0 bound to OS proc set {1-4}
OMP: pid 113453 tid 113463 thread 3 bound to OS proc set {1-4}
OMP: pid 113453 tid 113462 thread 2 bound to OS proc set {1-4}
OMP: pid 113453 tid 113459 thread 1 bound to OS proc set {1-4}


 NAS Parallel Benchmarks (NPB3.4-OMP) - CG Benchmark

 Size:      150000
 Iterations:                     75
 Number of available threads:     4

 Initialization time =           5.613 seconds

   iteration           ||r||                 zeta
        1       0.35328997525708E-12   109.9994423237398
        5       0.89275208960326E-15    28.6471670038893
       10       0.91207983217635E-15    28.9496695449003
       15       0.90769786053006E-15    28.9716336228371
       20       0.91361682508138E-15    28.9734210663747
       25       0.90852165602431E-15    28.9735863059382
       30       0.91061137253418E-15    28.9736033967627
       35       0.91098456426808E-15    28.9736053266246
       40       0.90627194359733E-15    28.9736055590700
       45       0.91043373107655E-15    28.9736055884132
       50       0.90983727628865E-15    28.9736055922485
       55       0.90324988403673E-15    28.9736055927632
       60       0.90740718982532E-15    28.9736055928339
       65       0.90523076758148E-15    28.9736055928440
       70       0.90263333651690E-15    28.9736055928455
       75       0.90114050449060E-15    28.9736055928458
 Benchmark completed 
 VERIFICATION SUCCESSFUL 
 Zeta is     0.2897360559285E+02
 Error is    0.2857022004072E-13


 CG Benchmark Completed.
 Class           =                        C
 Size            =                   150000
 Iterations      =                       75
 Time in seconds =                    56.19
 Total threads   =                        4
 Avail threads   =                        4
 Mop/s total     =                  2551.09
 Mop/s/thread    =                   637.77
 Operation type  =           floating point
 Verification    =               SUCCESSFUL
 Version         =                    3.4.3
 Compile date    =              03 Sep 2026

 Compile options:
    FC           = gfortran
    FLINK        = $(FC)
    F_LIB        = -L$(LLVM_BUILD)/lib -lomp
    F_INC        = (none)
    FFLAGS       = -O3 -fopenmp
    FLINKFLAGS   = -O3 -fopenmp
    RAND         = randi8


 Please send all errors/feedbacks to:

 NPB Development Team
 npb@nas.nasa.gov


