OMP: pid 151079 tid 151079 thread 0 bound to OS proc set {1-8}
OMP: pid 151079 tid 151107 thread 4 bound to OS proc set {1-8}
OMP: pid 151079 tid 151110 thread 7 bound to OS proc set {1-8}
OMP: pid 151079 tid 151109 thread 6 bound to OS proc set {1-8}
OMP: pid 151079 tid 151108 thread 5 bound to OS proc set {1-8}
OMP: pid 151079 tid 151105 thread 3 bound to OS proc set {1-8}
OMP: pid 151079 tid 151103 thread 2 bound to OS proc set {1-8}
OMP: pid 151079 tid 151100 thread 1 bound to OS proc set {1-8}


 NAS Parallel Benchmarks (NPB3.4-OMP) - CG Benchmark

 Size:      150000
 Iterations:                     75
 Number of available threads:     8

 Initialization time =           3.450 seconds

   iteration           ||r||                 zeta
        1       0.35332967676533E-12   109.9994423237398
        5       0.89210359892981E-15    28.6471670038896
       10       0.91166568330867E-15    28.9496695449001
       15       0.90724149198175E-15    28.9716336228371
       20       0.91531367452292E-15    28.9734210663752
       25       0.90894287160115E-15    28.9735863059386
       30       0.90805961973253E-15    28.9736033967633
       35       0.90996773057844E-15    28.9736053266247
       40       0.90537107195096E-15    28.9736055590700
       45       0.90773624556918E-15    28.9736055884130
       50       0.90913080487320E-15    28.9736055922483
       55       0.90428966895541E-15    28.9736055927634
       60       0.90880903861399E-15    28.9736055928341
       65       0.90601469123472E-15    28.9736055928440
       70       0.90134956959468E-15    28.9736055928451
       75       0.90316235987086E-15    28.9736055928456
 Benchmark completed 
 VERIFICATION SUCCESSFUL 
 Zeta is     0.2897360559285E+02
 Error is    0.2023213007175E-13


 CG Benchmark Completed.
 Class           =                        C
 Size            =                   150000
 Iterations      =                       75
 Time in seconds =                    34.19
 Total threads   =                        8
 Avail threads   =                        8
 Mop/s total     =                  4192.90
 Mop/s/thread    =                   524.11
 Operation type  =           floating point
 Verification    =               SUCCESSFUL
 Version         =                    3.4.3
 Compile date    =              03 Sep 2026

 Compile options:
    FC           = gfortran
    FLINK        = $(FC)
    F_LIB        = -L$(LLVM_BUILD)/lib -lomp
    F_INC        = (none)
    FFLAGS       = -O3 -fopenmp
    FLINKFLAGS   = -O3 -fopenmp
    RAND         = randi8


 Please send all errors/feedbacks to:

 NPB Development Team
 npb@nas.nasa.gov


