OMP: pid 152390 tid 152390 thread 0 bound to OS proc set {64-79}
OMP: pid 152390 tid 152401 thread 1 bound to OS proc set {64-79}
OMP: pid 152390 tid 152413 thread 3 bound to OS proc set {64-79}
OMP: pid 152390 tid 152408 thread 2 bound to OS proc set {64-79}
OMP: pid 152390 tid 152431 thread 7 bound to OS proc set {64-79}
OMP: pid 152390 tid 152416 thread 4 bound to OS proc set {64-79}
OMP: pid 152390 tid 152430 thread 6 bound to OS proc set {64-79}
OMP: pid 152390 tid 152424 thread 5 bound to OS proc set {64-79}
OMP: pid 152390 tid 152453 thread 15 bound to OS proc set {64-79}
OMP: pid 152390 tid 152452 thread 14 bound to OS proc set {64-79}
OMP: pid 152390 tid 152435 thread 8 bound to OS proc set {64-79}
OMP: pid 152390 tid 152446 thread 10 bound to OS proc set {64-79}
OMP: pid 152390 tid 152440 thread 9 bound to OS proc set {64-79}
OMP: pid 152390 tid 152449 thread 12 bound to OS proc set {64-79}
OMP: pid 152390 tid 152447 thread 11 bound to OS proc set {64-79}
OMP: pid 152390 tid 152451 thread 13 bound to OS proc set {64-79}
[DRM-pin] pid=152390 tid=152446 assigned=64-79 running_on=78
[DRM-pin] pid=152390 tid=152451 assigned=64-79 running_on=65
[DRM-pin] pid=152390 tid=152430 assigned=64-79 running_on=76
[DRM-pin] pid=152390 tid=152416 assigned=64-79 running_on=72
[DRM-pin] pid=152390 tid=152424 assigned=64-79 running_on=79
[DRM-pin] pid=152390 tid=152401 assigned=64-79 running_on=73
[DRM-pin] pid=152390 tid=152431 assigned=64-79 running_on=71
[DRM-pin] pid=152390 tid=152447 assigned=64-79 running_on=68
[DRM-pin] pid=152390 tid=152408 assigned=64-79 running_on=67
[DRM-pin] pid=152390 tid=152413 assigned=64-79 running_on=77
[DRM-pin] pid=152390 tid=152449 assigned=64-79 running_on=76
[DRM-pin] pid=152390 tid=152440 assigned=64-79 running_on=73
[DRM-pin] pid=152390 tid=152453 assigned=64-79 running_on=64
[DRM-pin] pid=152390 tid=152452 assigned=64-79 running_on=66
[DRM-pin] pid=152390 tid=152435 assigned=64-79 running_on=75
[DRM-pin] pid=152390 tid=152431 assigned=64-71 running_on=71
OMP: pid 152390 tid 152390 thread 0 bound to OS proc set {64-79}
[DRM-pin] pid=152390 tid=152424 assigned=64-71 running_on=64
OMP: pid 152390 tid 152431 thread 7 bound to OS proc set {64-79}
[DRM-pin] pid=152390 tid=152401 assigned=64-71 running_on=70
OMP: pid 152390 tid 152424 thread 5 bound to OS proc set {64-79}
OMP: pid 152390 tid 152401 thread 1 bound to OS proc set {64-79}
[DRM-pin] pid=152390 tid=152430 assigned=64-71 running_on=64
[DRM-pin] pid=152390 tid=152416 assigned=64-71 running_on=70
OMP: pid 152390 tid 152430 thread 6 bound to OS proc set {64-79}
OMP: pid 152390 tid 152416 thread 4 bound to OS proc set {64-79}
[DRM-pin] pid=152390 tid=152408 assigned=64-71 running_on=67
OMP: pid 152390 tid 152408 thread 2 bound to OS proc set {64-79}
[DRM-pin] pid=152390 tid=152413 assigned=64-71 running_on=64
OMP: pid 152390 tid 152413 thread 3 bound to OS proc set {64-79}
[DRM-pin] pid=152390 tid=152408 assigned=64-79 running_on=67
OMP: pid 152390 tid 152390 thread 0 bound to OS proc set {64-79}
[DRM-pin] pid=152390 tid=152431 assigned=64-79 running_on=71
OMP: pid 152390 tid 152449 thread 12 bound to OS proc set {64-79}
OMP: pid 152390 tid 152453 thread 15 bound to OS proc set {64-79}
OMP: pid 152390 tid 152451 thread 13 bound to OS proc set {64-79}
OMP: pid 152390 tid 152452 thread 14 bound to OS proc set {64-79}
[DRM-pin] pid=152390 tid=152401 assigned=64-79 running_on=70
OMP: pid 152390 tid 152446 thread 10 bound to OS proc set {64-79}
OMP: pid 152390 tid 152447 thread 11 bound to OS proc set {64-79}
[DRM-pin] pid=152390 tid=152416 assigned=64-79 running_on=66
OMP: pid 152390 tid 152440 thread 9 bound to OS proc set {64-79}
OMP: pid 152390 tid 152435 thread 8 bound to OS proc set {64-79}
OMP: pid 152390 tid 152408 thread 2 bound to OS proc set {64-79}
OMP: pid 152390 tid 152431 thread 7 bound to OS proc set {64-79}
OMP: pid 152390 tid 152401 thread 1 bound to OS proc set {64-79}
[DRM-pin] pid=152390 tid=152413 assigned=64-79 running_on=69
OMP: pid 152390 tid 152416 thread 4 bound to OS proc set {64-79}
OMP: pid 152390 tid 152413 thread 3 bound to OS proc set {64-79}
[DRM-pin] pid=152390 tid=152430 assigned=64-79 running_on=68
OMP: pid 152390 tid 152430 thread 6 bound to OS proc set {64-79}
[DRM-pin] pid=152390 tid=152424 assigned=64-79 running_on=64
OMP: pid 152390 tid 152424 thread 5 bound to OS proc set {64-79}


 NAS Parallel Benchmarks (NPB3.4-OMP) - CG Benchmark

 Size:      150000
 Iterations:                     75
 Number of available threads:    16

 Initialization time =           2.000 seconds

   iteration           ||r||                 zeta
        1       0.35329229537130E-12   109.9994423237398
        5       0.89179493503815E-15    28.6471670038896
       10       0.91082414559262E-15    28.9496695449000
       15       0.90676250744037E-15    28.9716336228371
       20       0.91472138365369E-15    28.9734210663752
       25       0.90786699124264E-15    28.9735863059386
       30       0.90797803994791E-15    28.9736033967633
       35       0.90992106439585E-15    28.9736053266247
       40       0.90624129138725E-15    28.9736055590700
       45       0.90808537247604E-15    28.9736055884130
       50       0.91068780705087E-15    28.9736055922483
       55       0.90326172471556E-15    28.9736055927634
       60       0.90903244404822E-15    28.9736055928341
       65       0.90718276299525E-15    28.9736055928440
       70       0.90197207366583E-15    28.9736055928452
       75       0.90210185776364E-15    28.9736055928456
 Benchmark completed 
 VERIFICATION SUCCESSFUL 
 Zeta is     0.2897360559285E+02
 Error is    0.2072260595228E-13


 CG Benchmark Completed.
 Class           =                        C
 Size            =                   150000
 Iterations      =                       75
 Time in seconds =                    13.41
 Total threads   =                       16
 Avail threads   =                       16
 Mop/s total     =                 10688.37
 Mop/s/thread    =                   668.02
 Operation type  =           floating point
 Verification    =               SUCCESSFUL
 Version         =                    3.4.3
 Compile date    =              03 Sep 2026

 Compile options:
    FC           = gfortran
    FLINK        = $(FC)
    F_LIB        = -L$(LLVM_BUILD)/lib -lomp
    F_INC        = (none)
    FFLAGS       = -O3 -fopenmp
    FLINKFLAGS   = -O3 -fopenmp
    RAND         = randi8


 Please send all errors/feedbacks to:

 NPB Development Team
 npb@nas.nasa.gov


