OMP: pid 49163 tid 49177 thread 1 bound to OS proc set {64-95}
OMP: pid 49163 tid 49163 thread 0 bound to OS proc set {64-95}
OMP: pid 49163 tid 49221 thread 10 bound to OS proc set {64-95}
OMP: pid 49163 tid 49183 thread 2 bound to OS proc set {64-95}
OMP: pid 49163 tid 49189 thread 3 bound to OS proc set {64-95}
OMP: pid 49163 tid 49207 thread 7 bound to OS proc set {64-95}
OMP: pid 49163 tid 49232 thread 12 bound to OS proc set {64-95}
OMP: pid 49163 tid 49215 thread 8 bound to OS proc set {64-95}
OMP: pid 49163 tid 49224 thread 11 bound to OS proc set {64-95}
OMP: pid 49163 tid 49195 thread 4 bound to OS proc set {64-95}
OMP: pid 49163 tid 49204 thread 6 bound to OS proc set {64-95}
OMP: pid 49163 tid 49220 thread 9 bound to OS proc set {64-95}
OMP: pid 49163 tid 49201 thread 5 bound to OS proc set {64-95}
OMP: pid 49163 tid 49235 thread 13 bound to OS proc set {64-95}
OMP: pid 49163 tid 49244 thread 16 bound to OS proc set {64-95}
OMP: pid 49163 tid 49246 thread 17 bound to OS proc set {64-95}
OMP: pid 49163 tid 49252 thread 18 bound to OS proc set {64-95}
OMP: pid 49163 tid 49237 thread 14 bound to OS proc set {64-95}
OMP: pid 49163 tid 49290 thread 31 bound to OS proc set {64-95}
OMP: pid 49163 tid 49279 thread 24 bound to OS proc set {64-95}
OMP: pid 49163 tid 49287 thread 28 bound to OS proc set {64-95}
OMP: pid 49163 tid 49285 thread 26 bound to OS proc set {64-95}
OMP: pid 49163 tid 49258 thread 19 bound to OS proc set {64-95}
OMP: pid 49163 tid 49286 thread 27 bound to OS proc set {64-95}
OMP: pid 49163 tid 49261 thread 20 bound to OS proc set {64-95}
OMP: pid 49163 tid 49269 thread 22 bound to OS proc set {64-95}
OMP: pid 49163 tid 49289 thread 30 bound to OS proc set {64-95}
OMP: pid 49163 tid 49241 thread 15 bound to OS proc set {64-95}
OMP: pid 49163 tid 49288 thread 29 bound to OS proc set {64-95}
OMP: pid 49163 tid 49282 thread 25 bound to OS proc set {64-95}
OMP: pid 49163 tid 49274 thread 23 bound to OS proc set {64-95}
OMP: pid 49163 tid 49264 thread 21 bound to OS proc set {64-95}
OMP: pid 49163 tid 49163 thread 0 bound to OS proc set {64-95}
[DRM-pin] pid=49163 tid=49204 assigned=80-95 running_on=87
[DRM-pin] pid=49163 tid=49215 assigned=80-95 running_on=92
OMP: pid 49163 tid 49204 thread 6 bound to OS proc set {64-95}
OMP: pid 49163 tid 49215 thread 8 bound to OS proc set {64-95}
[DRM-pin] pid=49163 tid=49183 assigned=80-95 running_on=90
[DRM-pin] pid=49163 tid=49207 assigned=80-95 running_on=89
OMP: pid 49163 tid 49183 thread 2 bound to OS proc set {64-95}
OMP: pid 49163 tid 49207 thread 7 bound to OS proc set {64-95}
[DRM-pin] pid=49163 tid=49189 assigned=80-95 running_on=81
[DRM-pin] pid=49163 tid=49220 assigned=80-95 running_on=94
OMP: pid 49163 tid 49189 thread 3 bound to OS proc set {64-95}
OMP: pid 49163 tid 49220 thread 9 bound to OS proc set {64-95}
[DRM-pin] pid=49163 tid=49201 assigned=80-95 running_on=84
OMP: pid 49163 tid 49201 thread 5 bound to OS proc set {64-95}
[DRM-pin] pid=49163 tid=49177 assigned=80-95 running_on=80
OMP: pid 49163 tid 49177 thread 1 bound to OS proc set {64-95}
[DRM-pin] pid=49163 tid=49235 assigned=80-95 running_on=80
OMP: pid 49163 tid 49235 thread 13 bound to OS proc set {64-95}
[DRM-pin] pid=49163 tid=49221 assigned=80-95 running_on=80
OMP: pid 49163 tid 49221 thread 10 bound to OS proc set {64-95}
[DRM-pin] pid=49163 tid=49237 assigned=80-95 running_on=80
OMP: pid 49163 tid 49237 thread 14 bound to OS proc set {64-95}
[DRM-pin] pid=49163 tid=49241 assigned=80-95 running_on=80
OMP: pid 49163 tid 49241 thread 15 bound to OS proc set {64-95}
[DRM-pin] pid=49163 tid=49195 assigned=80-95 running_on=80
OMP: pid 49163 tid 49195 thread 4 bound to OS proc set {64-95}
[DRM-pin] pid=49163 tid=49224 assigned=80-95 running_on=80
OMP: pid 49163 tid 49224 thread 11 bound to OS proc set {64-95}
[DRM-pin] pid=49163 tid=49232 assigned=80-95 running_on=80
OMP: pid 49163 tid 49232 thread 12 bound to OS proc set {64-95}


 NAS Parallel Benchmarks (NPB3.4-OMP) - CG Benchmark

 Size:      150000
 Iterations:                     75
 Number of available threads:    32

 Initialization time =           1.348 seconds

   iteration           ||r||                 zeta
        1       0.35307012327920E-12   109.9994423237398
        5       0.89269331638043E-15    28.6471670038896
       10       0.91194369344821E-15    28.9496695449000
       15       0.90566405588198E-15    28.9716336228373
       20       0.91501949196917E-15    28.9734210663751
       25       0.90875638337486E-15    28.9735863059385
       30       0.90893633134773E-15    28.9736033967631
       35       0.90999366547266E-15    28.9736053266248
       40       0.90537851799445E-15    28.9736055590700
       45       0.90966426290281E-15    28.9736055884130
       50       0.91009223724355E-15    28.9736055922482
       55       0.90393848597869E-15    28.9736055927636
       60       0.90978497450350E-15    28.9736055928341
       65       0.90899271508736E-15    28.9736055928438
       70       0.90248397133786E-15    28.9736055928452
       75       0.90216335447731E-15    28.9736055928455
 Benchmark completed 
 VERIFICATION SUCCESSFUL 
 Zeta is     0.2897360559285E+02
 Error is    0.1630832302753E-13


 CG Benchmark Completed.
 Class           =                        C
 Size            =                   150000
 Iterations      =                       75
 Time in seconds =                     7.35
 Total threads   =                       16
 Avail threads   =                       32
 Warning: Threads used differ from threads available
 Mop/s total     =                 19503.18
 Mop/s/thread    =                  1218.95
 Operation type  =           floating point
 Verification    =               SUCCESSFUL
 Version         =                    3.4.3
 Compile date    =              03 Sep 2026

 Compile options:
    FC           = gfortran
    FLINK        = $(FC)
    F_LIB        = -L$(LLVM_BUILD)/lib -lomp
    F_INC        = (none)
    FFLAGS       = -O3 -fopenmp
    FLINKFLAGS   = -O3 -fopenmp
    RAND         = randi8


 Please send all errors/feedbacks to:

 NPB Development Team
 npb@nas.nasa.gov


