OMP: pid 73581 tid 73581 thread 0 bound to OS proc set {1-32}
OMP: pid 73581 tid 73592 thread 2 bound to OS proc set {1-32}
OMP: pid 73581 tid 73596 thread 3 bound to OS proc set {1-32}
OMP: pid 73581 tid 73586 thread 1 bound to OS proc set {1-32}
OMP: pid 73581 tid 73617 thread 10 bound to OS proc set {1-32}
OMP: pid 73581 tid 73633 thread 15 bound to OS proc set {1-32}
OMP: pid 73581 tid 73626 thread 12 bound to OS proc set {1-32}
OMP: pid 73581 tid 73621 thread 11 bound to OS proc set {1-32}
OMP: pid 73581 tid 73613 thread 8 bound to OS proc set {1-32}
OMP: pid 73581 tid 73636 thread 16 bound to OS proc set {1-32}
OMP: pid 73581 tid 73650 thread 19 bound to OS proc set {1-32}
OMP: pid 73581 tid 73645 thread 18 bound to OS proc set {1-32}
OMP: pid 73581 tid 73642 thread 17 bound to OS proc set {1-32}
OMP: pid 73581 tid 73609 thread 7 bound to OS proc set {1-32}
OMP: pid 73581 tid 73628 thread 13 bound to OS proc set {1-32}
OMP: pid 73581 tid 73615 thread 9 bound to OS proc set {1-32}
OMP: pid 73581 tid 73630 thread 14 bound to OS proc set {1-32}
OMP: pid 73581 tid 73601 thread 4 bound to OS proc set {1-32}
OMP: pid 73581 tid 73665 thread 23 bound to OS proc set {1-32}
OMP: pid 73581 tid 73670 thread 25 bound to OS proc set {1-32}
OMP: pid 73581 tid 73664 thread 22 bound to OS proc set {1-32}
OMP: pid 73581 tid 73689 thread 30 bound to OS proc set {1-32}
OMP: pid 73581 tid 73673 thread 26 bound to OS proc set {1-32}
OMP: pid 73581 tid 73676 thread 28 bound to OS proc set {1-32}
OMP: pid 73581 tid 73655 thread 20 bound to OS proc set {1-32}
OMP: pid 73581 tid 73666 thread 24 bound to OS proc set {1-32}
OMP: pid 73581 tid 73604 thread 6 bound to OS proc set {1-32}
OMP: pid 73581 tid 73602 thread 5 bound to OS proc set {1-32}
OMP: pid 73581 tid 73691 thread 31 bound to OS proc set {1-32}
OMP: pid 73581 tid 73681 thread 29 bound to OS proc set {1-32}
OMP: pid 73581 tid 73674 thread 27 bound to OS proc set {1-32}
OMP: pid 73581 tid 73658 thread 21 bound to OS proc set {1-32}
[DRM-pin] pid=73581 tid=73601 assigned=1-32 running_on=29
[DRM-pin] pid=73581 tid=73681 assigned=1-32 running_on=6
[DRM-pin] pid=73581 tid=73592 assigned=1-32 running_on=24
[DRM-pin] pid=73581 tid=73689 assigned=1-32 running_on=11
[DRM-pin] pid=73581 tid=73621 assigned=1-32 running_on=15
[DRM-pin] pid=73581 tid=73626 assigned=1-32 running_on=23
[DRM-pin] pid=73581 tid=73615 assigned=1-32 running_on=20
[DRM-pin] pid=73581 tid=73655 assigned=1-32 running_on=26
[DRM-pin] pid=73581 tid=73617 assigned=1-32 running_on=22
[DRM-pin] pid=73581 tid=73658 assigned=1-32 running_on=9
[DRM-pin] pid=73581 tid=73691 assigned=1-32 running_on=28
[DRM-pin] pid=73581 tid=73664 assigned=1-32 running_on=12
[DRM-pin] pid=73581 tid=73636 assigned=1-32 running_on=31
[DRM-pin] pid=73581 tid=73613 assigned=1-32 running_on=19
[DRM-pin] pid=73581 tid=73586 assigned=1-32 running_on=2
[DRM-pin] pid=73581 tid=73609 assigned=1-32 running_on=16
[DRM-pin] pid=73581 tid=73666 assigned=1-32 running_on=31
[DRM-pin] pid=73581 tid=73604 assigned=1-32 running_on=1
[DRM-pin] pid=73581 tid=73673 assigned=1-32 running_on=5
[DRM-pin] pid=73581 tid=73670 assigned=1-32 running_on=17
[DRM-pin] pid=73581 tid=73633 assigned=1-32 running_on=18
[DRM-pin] pid=73581 tid=73596 assigned=1-32 running_on=30
[DRM-pin] pid=73581 tid=73665 assigned=1-32 running_on=30
[DRM-pin] pid=73581 tid=73642 assigned=1-32 running_on=8
[DRM-pin] pid=73581 tid=73630 assigned=1-32 running_on=13
[DRM-pin] pid=73581 tid=73674 assigned=1-32 running_on=18
[DRM-pin] pid=73581 tid=73645 assigned=1-32 running_on=10
[DRM-pin] pid=73581 tid=73628 assigned=1-32 running_on=14
[DRM-pin] pid=73581 tid=73676 assigned=1-32 running_on=21
[DRM-pin] pid=73581 tid=73602 assigned=1-32 running_on=30
[DRM-pin] pid=73581 tid=73650 assigned=1-32 running_on=7
[DRM-pin] pid=73581 tid=73626 assigned=17-32 running_on=23
OMP: pid 73581 tid 73581 thread 0 bound to OS proc set {1-32}
OMP: pid 73581 tid 73626 thread 12 bound to OS proc set {1-32}
[DRM-pin] pid=73581 tid=73601 assigned=17-32 running_on=29
OMP: pid 73581 tid 73601 thread 4 bound to OS proc set {1-32}
[DRM-pin] pid=73581 tid=73617 assigned=17-32 running_on=22
[DRM-pin] pid=73581 tid=73633 assigned=17-32 running_on=18
OMP: pid 73581 tid 73617 thread 10 bound to OS proc set {1-32}
OMP: pid 73581 tid 73633 thread 15 bound to OS proc set {1-32}
[DRM-pin] pid=73581 tid=73613 assigned=17-32 running_on=26
OMP: pid 73581 tid 73613 thread 8 bound to OS proc set {1-32}
[DRM-pin] pid=73581 tid=73615 assigned=17-32 running_on=20
OMP: pid 73581 tid 73615 thread 9 bound to OS proc set {1-32}
[DRM-pin] pid=73581 tid=73602 assigned=17-32 running_on=30
[DRM-pin] pid=73581 tid=73592 assigned=17-32 running_on=24
OMP: pid 73581 tid 73602 thread 5 bound to OS proc set {1-32}
OMP: pid 73581 tid 73592 thread 2 bound to OS proc set {1-32}
[DRM-pin] pid=73581 tid=73596 assigned=17-32 running_on=17
OMP: pid 73581 tid 73596 thread 3 bound to OS proc set {1-32}
[DRM-pin] pid=73581 tid=73630 assigned=17-32 running_on=18
OMP: pid 73581 tid 73630 thread 14 bound to OS proc set {1-32}
[DRM-pin] pid=73581 tid=73609 assigned=17-32 running_on=22
[DRM-pin] pid=73581 tid=73628 assigned=17-32 running_on=26
OMP: pid 73581 tid 73609 thread 7 bound to OS proc set {1-32}
[DRM-pin] pid=73581 tid=73604 assigned=17-32 running_on=18
OMP: pid 73581 tid 73628 thread 13 bound to OS proc set {1-32}
OMP: pid 73581 tid 73604 thread 6 bound to OS proc set {1-32}
[DRM-pin] pid=73581 tid=73621 assigned=17-32 running_on=22
OMP: pid 73581 tid 73621 thread 11 bound to OS proc set {1-32}
[DRM-pin] pid=73581 tid=73586 assigned=17-32 running_on=17
OMP: pid 73581 tid 73586 thread 1 bound to OS proc set {1-32}


 NAS Parallel Benchmarks (NPB3.4-OMP) - FT Benchmark

 Size                :  512x 512x 512
 Iterations                  :     20
 Number of available threads :     32

 T =    1     Checksum =    5.195078707457D+02    5.149019699238D+02
 T =    2     Checksum =    5.155422171134D+02    5.127578201997D+02
 T =    3     Checksum =    5.144678022222D+02    5.122251847514D+02
 T =    4     Checksum =    5.140150594328D+02    5.121090289018D+02
 T =    5     Checksum =    5.137550426810D+02    5.121143685824D+02
 T =    6     Checksum =    5.135811056728D+02    5.121496764568D+02
 T =    7     Checksum =    5.134569343165D+02    5.121870921893D+02
 T =    8     Checksum =    5.133651975661D+02    5.122193250322D+02
 T =    9     Checksum =    5.132955192805D+02    5.122454735794D+02
 T =   10     Checksum =    5.132410471738D+02    5.122663649603D+02
 T =   11     Checksum =    5.131971141679D+02    5.122830879827D+02
 T =   12     Checksum =    5.131605205716D+02    5.122965869718D+02
 T =   13     Checksum =    5.131290734194D+02    5.123075927445D+02
 T =   14     Checksum =    5.131012720314D+02    5.123166486553D+02
 T =   15     Checksum =    5.130760908195D+02    5.123241541685D+02
 T =   16     Checksum =    5.130528295923D+02    5.123304037599D+02
 T =   17     Checksum =    5.130310107773D+02    5.123356167976D+02
 T =   18     Checksum =    5.130103090133D+02    5.123399592211D+02
 T =   19     Checksum =    5.129905029333D+02    5.123435588985D+02
 T =   20     Checksum =    5.129714421109D+02    5.123465164008D+02
 Result verification successful
 class = C


 FT Benchmark Completed.
 Class           =                        C
 Size            =            512x 512x 512
 Iterations      =                       20
 Time in seconds =                     8.49
 Total threads   =                       16
 Avail threads   =                       32
 Warning: Threads used differ from threads available
 Mop/s total     =                 46708.78
 Mop/s/thread    =                  2919.30
 Operation type  =           floating point
 Verification    =               SUCCESSFUL
 Version         =                    3.4.3
 Compile date    =              03 Sep 2026

 Compile options:
    FC           = gfortran
    FLINK        = $(FC)
    F_LIB        = -L$(LLVM_BUILD)/lib -lomp
    F_INC        = (none)
    FFLAGS       = -O3 -fopenmp
    FLINKFLAGS   = -O3 -fopenmp
    RAND         = randi8


 Please send all errors/feedbacks to:

 NPB Development Team
 npb@nas.nasa.gov


