OMP: pid 178987 tid 178987 thread 0 bound to OS proc set {1}
OMP: pid 178987 tid 178990 thread 1 bound to OS proc set {5}
OMP: pid 178987 tid 178991 thread 2 bound to OS proc set {9}
OMP: pid 178987 tid 178992 thread 3 bound to OS proc set {13}
OMP: pid 178987 tid 178996 thread 7 bound to OS proc set {29}
OMP: pid 178987 tid 178993 thread 4 bound to OS proc set {17}
OMP: pid 178987 tid 178995 thread 6 bound to OS proc set {25}
OMP: pid 178987 tid 178994 thread 5 bound to OS proc set {21}


 NAS Parallel Benchmarks (NPB3.4-OMP) - CG Benchmark

 Size:      150000
 Iterations:                     75
 Number of available threads:     8

 Initialization time =           1.576 seconds

   iteration           ||r||                 zeta
        1       0.35331947271751E-12   109.9994423237398
        5       0.89204717469835E-15    28.6471670038896
       10       0.91191325645549E-15    28.9496695449001
       15       0.90788300154698E-15    28.9716336228370
       20       0.91519241775553E-15    28.9734210663752
       25       0.90905063331319E-15    28.9735863059386
       30       0.90937224137693E-15    28.9736033967633
       35       0.91085364300750E-15    28.9736053266247
       40       0.90716753481133E-15    28.9736055590700
       45       0.90837828650094E-15    28.9736055884130
       50       0.90934572321150E-15    28.9736055922483
       55       0.90368885165237E-15    28.9736055927634
       60       0.90935220800568E-15    28.9736055928341
       65       0.90663359350326E-15    28.9736055928440
       70       0.90202109730899E-15    28.9736055928452
       75       0.90186500254107E-15    28.9736055928456
 Benchmark completed 
 VERIFICATION SUCCESSFUL 
 Zeta is     0.2897360559285E+02
 Error is    0.2072260595228E-13


 CG Benchmark Completed.
 Class           =                        C
 Size            =                   150000
 Iterations      =                       75
 Time in seconds =                    11.11
 Total threads   =                        8
 Avail threads   =                        8
 Mop/s total     =                 12899.14
 Mop/s/thread    =                  1612.39
 Operation type  =           floating point
 Verification    =               SUCCESSFUL
 Version         =                    3.4.3
 Compile date    =              18 Feb 2026

 Compile options:
    FC           = gfortran
    FLINK        = $(FC)
    F_LIB        = -L/dss/dsshome1/09/ga27qam2/llvm-project/bu...
    F_INC        = (none)
    FFLAGS       = -O3 -fopenmp
    FLINKFLAGS   = -O3 -fopenmp
    RAND         = randi8


 Please send all errors/feedbacks to:

 NPB Development Team
 npb@nas.nasa.gov


