OMP: pid 181229 tid 181229 thread 0 bound to OS proc set {56}
OMP: pid 181229 tid 181242 thread 5 bound to OS proc set {66}
OMP: pid 181229 tid 181238 thread 3 bound to OS proc set {62}
OMP: pid 181229 tid 181261 thread 15 bound to OS proc set {86}
OMP: pid 181229 tid 181250 thread 8 bound to OS proc set {72}
OMP: pid 181229 tid 181236 thread 2 bound to OS proc set {60}
OMP: pid 181229 tid 181244 thread 6 bound to OS proc set {68}
OMP: pid 181229 tid 181258 thread 12 bound to OS proc set {80}
OMP: pid 181229 tid 181248 thread 7 bound to OS proc set {70}
OMP: pid 181229 tid 181257 thread 11 bound to OS proc set {78}
OMP: pid 181229 tid 181260 thread 14 bound to OS proc set {84}
OMP: pid 181229 tid 181234 thread 1 bound to OS proc set {58}
OMP: pid 181229 tid 181240 thread 4 bound to OS proc set {64}
OMP: pid 181229 tid 181259 thread 13 bound to OS proc set {82}
OMP: pid 181229 tid 181255 thread 10 bound to OS proc set {76}
OMP: pid 181229 tid 181253 thread 9 bound to OS proc set {74}


 NAS Parallel Benchmarks (NPB3.4-OMP) - CG Benchmark

 Size:      150000
 Iterations:                     75
 Number of available threads:    16

 Initialization time =           0.865 seconds

   iteration           ||r||                 zeta
        1       0.35303531552071E-12   109.9994423237398
        5       0.89378632473670E-15    28.6471670038896
       10       0.91158057141137E-15    28.9496695449000
       15       0.90756483883852E-15    28.9716336228373
       20       0.91491659608641E-15    28.9734210663750
       25       0.90943019884843E-15    28.9735863059385
       30       0.90843445295535E-15    28.9736033967630
       35       0.91131064297218E-15    28.9736053266248
       40       0.90565545498441E-15    28.9736055590700
       45       0.91000491704531E-15    28.9736055884129
       50       0.90982115704217E-15    28.9736055922482
       55       0.90415413190240E-15    28.9736055927636
       60       0.90974072005963E-15    28.9736055928341
       65       0.90811081018325E-15    28.9736055928438
       70       0.90213512024271E-15    28.9736055928452
       75       0.90292843133214E-15    28.9736055928455
 Benchmark completed 
 VERIFICATION SUCCESSFUL 
 Zeta is     0.2897360559285E+02
 Error is    0.1630832302753E-13


 CG Benchmark Completed.
 Class           =                        C
 Size            =                   150000
 Iterations      =                       75
 Time in seconds =                     6.34
 Total threads   =                       16
 Avail threads   =                       16
 Mop/s total     =                 22615.14
 Mop/s/thread    =                  1413.45
 Operation type  =           floating point
 Verification    =               SUCCESSFUL
 Version         =                    3.4.3
 Compile date    =              18 Feb 2026

 Compile options:
    FC           = gfortran
    FLINK        = $(FC)
    F_LIB        = -L/dss/dsshome1/09/ga27qam2/llvm-project/bu...
    F_INC        = (none)
    FFLAGS       = -O3 -fopenmp
    FLINKFLAGS   = -O3 -fopenmp
    RAND         = randi8


 Please send all errors/feedbacks to:

 NPB Development Team
 npb@nas.nasa.gov


