OMP: pid 21354 tid 21354 thread 0 bound to OS proc set {56-59}
OMP: pid 21354 tid 21359 thread 2 bound to OS proc set {56-59}
OMP: pid 21354 tid 21361 thread 3 bound to OS proc set {56-59}
OMP: pid 21354 tid 21358 thread 1 bound to OS proc set {56-59}


 NAS Parallel Benchmarks (NPB3.4-OMP) - CG Benchmark

 Size:      150000
 Iterations:                     75
 Number of available threads:     4

 Initialization time =           6.482 seconds

   iteration           ||r||                 zeta
        1       0.35328997525708E-12   109.9994423237398
        5       0.89152203547838E-15    28.6471670038893
       10       0.91283630560383E-15    28.9496695449003
       15       0.90642266591888E-15    28.9716336228371
       20       0.91409009249744E-15    28.9734210663747
       25       0.90930514584328E-15    28.9735863059383
       30       0.91107636766160E-15    28.9736033967627
       35       0.90968056180006E-15    28.9736053266246
       40       0.90743586279007E-15    28.9736055590700
       45       0.90933741567541E-15    28.9736055884132
       50       0.91097582650023E-15    28.9736055922485
       55       0.90292496509982E-15    28.9736055927632
       60       0.90698056450069E-15    28.9736055928339
       65       0.90568418421835E-15    28.9736055928440
       70       0.90301639676287E-15    28.9736055928455
       75       0.90209606726477E-15    28.9736055928458
 Benchmark completed 
 VERIFICATION SUCCESSFUL 
 Zeta is     0.2897360559285E+02
 Error is    0.2758926827966E-13


 CG Benchmark Completed.
 Class           =                        C
 Size            =                   150000
 Iterations      =                       75
 Time in seconds =                    53.91
 Total threads   =                        4
 Avail threads   =                        4
 Mop/s total     =                  2658.80
 Mop/s/thread    =                   664.70
 Operation type  =           floating point
 Verification    =               SUCCESSFUL
 Version         =                    3.4.3
 Compile date    =              18 Feb 2026

 Compile options:
    FC           = gfortran
    FLINK        = $(FC)
    F_LIB        = -L/dss/dsshome1/09/ga27qam2/llvm-project/bu...
    F_INC        = (none)
    FFLAGS       = -O3 -fopenmp
    FLINKFLAGS   = -O3 -fopenmp
    RAND         = randi8


 Please send all errors/feedbacks to:

 NPB Development Team
 npb@nas.nasa.gov


