OMP: pid 30904 tid 30904 thread 0 bound to OS proc set {56-71}
OMP: pid 30904 tid 30919 thread 1 bound to OS proc set {56-71}
OMP: pid 30904 tid 30923 thread 3 bound to OS proc set {56-71}
OMP: pid 30904 tid 30957 thread 12 bound to OS proc set {56-71}
OMP: pid 30904 tid 30965 thread 15 bound to OS proc set {56-71}
OMP: pid 30904 tid 30920 thread 2 bound to OS proc set {56-71}
OMP: pid 30904 tid 30961 thread 14 bound to OS proc set {56-71}
OMP: pid 30904 tid 30947 thread 10 bound to OS proc set {56-71}
OMP: pid 30904 tid 30939 thread 8 bound to OS proc set {56-71}
OMP: pid 30904 tid 30953 thread 11 bound to OS proc set {56-71}
OMP: pid 30904 tid 30959 thread 13 bound to OS proc set {56-71}
OMP: pid 30904 tid 30924 thread 4 bound to OS proc set {56-71}
OMP: pid 30904 tid 30942 thread 9 bound to OS proc set {56-71}
OMP: pid 30904 tid 30930 thread 5 bound to OS proc set {56-71}
OMP: pid 30904 tid 30931 thread 6 bound to OS proc set {56-71}
OMP: pid 30904 tid 30935 thread 7 bound to OS proc set {56-71}


 NAS Parallel Benchmarks (NPB3.4-OMP) - CG Benchmark

 Size:      150000
 Iterations:                     75
 Number of available threads:    16

 Initialization time =           2.000 seconds

   iteration           ||r||                 zeta
        1       0.35309899330982E-12   109.9994423237398
        5       0.89278662620171E-15    28.6471670038897
       10       0.91217884902154E-15    28.9496695449000
       15       0.90695456977192E-15    28.9716336228373
       20       0.91405872267925E-15    28.9734210663750
       25       0.90985846860151E-15    28.9735863059385
       30       0.90916740617525E-15    28.9736033967630
       35       0.91015639989338E-15    28.9736053266249
       40       0.90580026812078E-15    28.9736055590700
       45       0.90998308911780E-15    28.9736055884130
       50       0.90974051412796E-15    28.9736055922483
       55       0.90404820704210E-15    28.9736055927635
       60       0.91001489572114E-15    28.9736055928342
       65       0.90783736562877E-15    28.9736055928438
       70       0.90216026316895E-15    28.9736055928452
       75       0.90137040273039E-15    28.9736055928455
 Benchmark completed 
 VERIFICATION SUCCESSFUL 
 Zeta is     0.2897360559285E+02
 Error is    0.1581784714701E-13


 CG Benchmark Completed.
 Class           =                        C
 Size            =                   150000
 Iterations      =                       75
 Time in seconds =                    17.75
 Total threads   =                       16
 Avail threads   =                       16
 Mop/s total     =                  8076.36
 Mop/s/thread    =                   504.77
 Operation type  =           floating point
 Verification    =               SUCCESSFUL
 Version         =                    3.4.3
 Compile date    =              18 Feb 2026

 Compile options:
    FC           = gfortran
    FLINK        = $(FC)
    F_LIB        = -L/dss/dsshome1/09/ga27qam2/llvm-project/bu...
    F_INC        = (none)
    FFLAGS       = -O3 -fopenmp
    FLINKFLAGS   = -O3 -fopenmp
    RAND         = randi8


 Please send all errors/feedbacks to:

 NPB Development Team
 npb@nas.nasa.gov


