OMP: pid 30903 tid 30903 thread 0 bound to OS proc set {56-71}
OMP: pid 30903 tid 30925 thread 4 bound to OS proc set {56-71}
OMP: pid 30903 tid 30933 thread 7 bound to OS proc set {56-71}
OMP: pid 30903 tid 30916 thread 1 bound to OS proc set {56-71}
OMP: pid 30903 tid 30917 thread 2 bound to OS proc set {56-71}
OMP: pid 30903 tid 30921 thread 3 bound to OS proc set {56-71}
OMP: pid 30903 tid 30929 thread 6 bound to OS proc set {56-71}
OMP: pid 30903 tid 30927 thread 5 bound to OS proc set {56-71}
OMP: pid 30903 tid 30962 thread 12 bound to OS proc set {56-71}
OMP: pid 30903 tid 30968 thread 15 bound to OS proc set {56-71}
OMP: pid 30903 tid 30952 thread 11 bound to OS proc set {56-71}
OMP: pid 30903 tid 30938 thread 8 bound to OS proc set {56-71}
OMP: pid 30903 tid 30940 thread 9 bound to OS proc set {56-71}
OMP: pid 30903 tid 30945 thread 10 bound to OS proc set {56-71}
OMP: pid 30903 tid 30967 thread 14 bound to OS proc set {56-71}
OMP: pid 30903 tid 30966 thread 13 bound to OS proc set {56-71}


 NAS Parallel Benchmarks (NPB3.4-OMP) - CG Benchmark

 Size:      150000
 Iterations:                     75
 Number of available threads:    16

 Initialization time =           2.004 seconds

   iteration           ||r||                 zeta
        1       0.35307904286955E-12   109.9994423237398
        5       0.89189341966150E-15    28.6471670038896
       10       0.91277681498088E-15    28.9496695448999
       15       0.90634705518699E-15    28.9716336228373
       20       0.91446539512740E-15    28.9734210663750
       25       0.90960780892483E-15    28.9735863059385
       30       0.90976570124534E-15    28.9736033967630
       35       0.91079513846643E-15    28.9736053266249
       40       0.90652098127947E-15    28.9736055590700
       45       0.91117573866886E-15    28.9736055884129
       50       0.90947650448876E-15    28.9736055922482
       55       0.90464638911011E-15    28.9736055927636
       60       0.90931839066726E-15    28.9736055928341
       65       0.90780218686500E-15    28.9736055928438
       70       0.90208930797087E-15    28.9736055928452
       75       0.90208319324821E-15    28.9736055928455
 Benchmark completed 
 VERIFICATION SUCCESSFUL 
 Zeta is     0.2897360559285E+02
 Error is    0.1679879890806E-13


 CG Benchmark Completed.
 Class           =                        C
 Size            =                   150000
 Iterations      =                       75
 Time in seconds =                    18.13
 Total threads   =                       16
 Avail threads   =                       16
 Mop/s total     =                  7907.01
 Mop/s/thread    =                   494.19
 Operation type  =           floating point
 Verification    =               SUCCESSFUL
 Version         =                    3.4.3
 Compile date    =              18 Feb 2026

 Compile options:
    FC           = gfortran
    FLINK        = $(FC)
    F_LIB        = -L/dss/dsshome1/09/ga27qam2/llvm-project/bu...
    F_INC        = (none)
    FFLAGS       = -O3 -fopenmp
    FLINKFLAGS   = -O3 -fopenmp
    RAND         = randi8


 Please send all errors/feedbacks to:

 NPB Development Team
 npb@nas.nasa.gov


