OMP: pid 43173 tid 43191 thread 8 bound to OS proc set {1-32}
OMP: pid 43173 tid 43196 thread 11 bound to OS proc set {1-32}
OMP: pid 43173 tid 43173 thread 0 bound to OS proc set {1-32}
OMP: pid 43173 tid 43192 thread 9 bound to OS proc set {1-32}
OMP: pid 43173 tid 43193 thread 10 bound to OS proc set {1-32}
OMP: pid 43173 tid 43182 thread 3 bound to OS proc set {1-32}
OMP: pid 43173 tid 43179 thread 1 bound to OS proc set {1-32}
OMP: pid 43173 tid 43181 thread 2 bound to OS proc set {1-32}
OMP: pid 43173 tid 43209 thread 16 bound to OS proc set {1-32}
OMP: pid 43173 tid 43218 thread 19 bound to OS proc set {1-32}
OMP: pid 43173 tid 43214 thread 18 bound to OS proc set {1-32}
OMP: pid 43173 tid 43210 thread 17 bound to OS proc set {1-32}
OMP: pid 43173 tid 43238 thread 24 bound to OS proc set {1-32}
OMP: pid 43173 tid 43242 thread 25 bound to OS proc set {1-32}
OMP: pid 43173 tid 43199 thread 12 bound to OS proc set {1-32}
OMP: pid 43173 tid 43204 thread 15 bound to OS proc set {1-32}
OMP: pid 43173 tid 43200 thread 13 bound to OS proc set {1-32}
OMP: pid 43173 tid 43202 thread 14 bound to OS proc set {1-32}
OMP: pid 43173 tid 43255 thread 27 bound to OS proc set {1-32}
OMP: pid 43173 tid 43188 thread 7 bound to OS proc set {1-32}
OMP: pid 43173 tid 43184 thread 4 bound to OS proc set {1-32}
OMP: pid 43173 tid 43221 thread 20 bound to OS proc set {1-32}
OMP: pid 43173 tid 43186 thread 6 bound to OS proc set {1-32}
OMP: pid 43173 tid 43185 thread 5 bound to OS proc set {1-32}
OMP: pid 43173 tid 43249 thread 26 bound to OS proc set {1-32}
OMP: pid 43173 tid 43226 thread 21 bound to OS proc set {1-32}
OMP: pid 43173 tid 43230 thread 22 bound to OS proc set {1-32}
OMP: pid 43173 tid 43272 thread 30 bound to OS proc set {1-32}
OMP: pid 43173 tid 43262 thread 28 bound to OS proc set {1-32}
OMP: pid 43173 tid 43266 thread 29 bound to OS proc set {1-32}
OMP: pid 43173 tid 43276 thread 31 bound to OS proc set {1-32}
OMP: pid 43173 tid 43234 thread 23 bound to OS proc set {1-32}
OMP: pid 43173 tid 43173 thread 0 bound to OS proc set {1-32}
OMP: pid 43173 tid 43179 thread 1 bound to OS proc set {1-32}
OMP: pid 43173 tid 43181 thread 2 bound to OS proc set {1-32}
OMP: pid 43173 tid 43199 thread 12 bound to OS proc set {1-32}
OMP: pid 43173 tid 43202 thread 14 bound to OS proc set {1-32}
OMP: pid 43173 tid 43200 thread 13 bound to OS proc set {1-32}
OMP: pid 43173 tid 43188 thread 7 bound to OS proc set {1-32}
OMP: pid 43173 tid 43184 thread 4 bound to OS proc set {1-32}
OMP: pid 43173 tid 43186 thread 6 bound to OS proc set {1-32}
OMP: pid 43173 tid 43204 thread 15 bound to OS proc set {1-32}
OMP: pid 43173 tid 43196 thread 11 bound to OS proc set {1-32}
OMP: pid 43173 tid 43192 thread 9 bound to OS proc set {1-32}
OMP: pid 43173 tid 43191 thread 8 bound to OS proc set {1-32}
OMP: pid 43173 tid 43185 thread 5 bound to OS proc set {1-32}
OMP: pid 43173 tid 43193 thread 10 bound to OS proc set {1-32}
OMP: pid 43173 tid 43182 thread 3 bound to OS proc set {1-32}


 NAS Parallel Benchmarks (NPB3.4-OMP) - CG Benchmark

 Size:      150000
 Iterations:                     75
 Number of available threads:    32

 Initialization time =           1.410 seconds

   iteration           ||r||                 zeta
        1       0.35303789916332E-12   109.9994423237398
        5       0.89221944058071E-15    28.6471670038897
       10       0.91194052250558E-15    28.9496695448999
       15       0.90715419500858E-15    28.9716336228373
       20       0.91395942879571E-15    28.9734210663750
       25       0.90954228528739E-15    28.9735863059385
       30       0.90916867325066E-15    28.9736033967630
       35       0.91005816929172E-15    28.9736053266249
       40       0.90541388099620E-15    28.9736055590700
       45       0.91121156846870E-15    28.9736055884130
       50       0.91011860571027E-15    28.9736055922482
       55       0.90355536334519E-15    28.9736055927636
       60       0.90897125607091E-15    28.9736055928342
       65       0.90740978192223E-15    28.9736055928438
       70       0.90224605037354E-15    28.9736055928452
       75       0.90035837245874E-15    28.9736055928454
 Benchmark completed 
 VERIFICATION SUCCESSFUL 
 Zeta is     0.2897360559285E+02
 Error is    0.1532737126648E-13


 CG Benchmark Completed.
 Class           =                        C
 Size            =                   150000
 Iterations      =                       75
 Time in seconds =                     7.78
 Total threads   =                       16
 Avail threads   =                       32
 Warning: Threads used differ from threads available
 Mop/s total     =                 18424.76
 Mop/s/thread    =                  1151.55
 Operation type  =           floating point
 Verification    =               SUCCESSFUL
 Version         =                    3.4.3
 Compile date    =              18 Feb 2026

 Compile options:
    FC           = gfortran
    FLINK        = $(FC)
    F_LIB        = -L/dss/dsshome1/09/ga27qam2/llvm-project/bu...
    F_INC        = (none)
    FFLAGS       = -O3 -fopenmp
    FLINKFLAGS   = -O3 -fopenmp
    RAND         = randi8


 Please send all errors/feedbacks to:

 NPB Development Team
 npb@nas.nasa.gov


