OMP: pid 21355 tid 21355 thread 0 bound to OS proc set {56-59}
OMP: pid 21355 tid 21365 thread 3 bound to OS proc set {56-59}
OMP: pid 21355 tid 21364 thread 2 bound to OS proc set {56-59}
OMP: pid 21355 tid 21363 thread 1 bound to OS proc set {56-59}


 NAS Parallel Benchmarks (NPB3.4-OMP) - CG Benchmark

 Size:      150000
 Iterations:                     75
 Number of available threads:     4

 Initialization time =           6.488 seconds

   iteration           ||r||                 zeta
        1       0.35342824839249E-12   109.9994423237398
        5       0.89328567772356E-15    28.6471670038893
       10       0.91328047533285E-15    28.9496695449003
       15       0.90678506551536E-15    28.9716336228371
       20       0.91424571241590E-15    28.9734210663747
       25       0.90915565412833E-15    28.9735863059382
       30       0.90983900148815E-15    28.9736033967627
       35       0.91006818330782E-15    28.9736053266246
       40       0.90754033824434E-15    28.9736055590700
       45       0.91051155262561E-15    28.9736055884132
       50       0.91010867983545E-15    28.9736055922485
       55       0.90353080118934E-15    28.9736055927632
       60       0.90742503073472E-15    28.9736055928340
       65       0.90579410545116E-15    28.9736055928440
       70       0.90254958858955E-15    28.9736055928455
       75       0.90095957720723E-15    28.9736055928458
 Benchmark completed 
 VERIFICATION SUCCESSFUL 
 Zeta is     0.2897360559285E+02
 Error is    0.2807974416019E-13


 CG Benchmark Completed.
 Class           =                        C
 Size            =                   150000
 Iterations      =                       75
 Time in seconds =                    52.21
 Total threads   =                        4
 Avail threads   =                        4
 Mop/s total     =                  2745.40
 Mop/s/thread    =                   686.35
 Operation type  =           floating point
 Verification    =               SUCCESSFUL
 Version         =                    3.4.3
 Compile date    =              18 Feb 2026

 Compile options:
    FC           = gfortran
    FLINK        = $(FC)
    F_LIB        = -L/dss/dsshome1/09/ga27qam2/llvm-project/bu...
    F_INC        = (none)
    FFLAGS       = -O3 -fopenmp
    FLINKFLAGS   = -O3 -fopenmp
    RAND         = randi8


 Please send all errors/feedbacks to:

 NPB Development Team
 npb@nas.nasa.gov


