OMP: pid 26616 tid 26616 thread 0 bound to OS proc set {1-8}
OMP: pid 26616 tid 26635 thread 1 bound to OS proc set {1-8}
OMP: pid 26616 tid 26638 thread 3 bound to OS proc set {1-8}
OMP: pid 26616 tid 26643 thread 6 bound to OS proc set {1-8}
OMP: pid 26616 tid 26636 thread 2 bound to OS proc set {1-8}
OMP: pid 26616 tid 26639 thread 4 bound to OS proc set {1-8}
OMP: pid 26616 tid 26645 thread 7 bound to OS proc set {1-8}
OMP: pid 26616 tid 26641 thread 5 bound to OS proc set {1-8}
OMP: pid 26616 tid 26616 thread 0 bound to OS proc set {1-8}
OMP: pid 26616 tid 26636 thread 2 bound to OS proc set {1-8}
OMP: pid 26616 tid 26638 thread 3 bound to OS proc set {1-8}
OMP: pid 26616 tid 26635 thread 1 bound to OS proc set {1-8}


 NAS Parallel Benchmarks (NPB3.4-OMP) - CG Benchmark

 Size:      150000
 Iterations:                     75
 Number of available threads:     8

 Initialization time =           3.548 seconds

   iteration           ||r||                 zeta
        1       0.35328997525708E-12   109.9994423237398
        5       0.89254490121429E-15    28.6471670038893
       10       0.91248303475113E-15    28.9496695449003
       15       0.90764971050820E-15    28.9716336228371
       20       0.91490955007879E-15    28.9734210663747
       25       0.90924433134066E-15    28.9735863059382
       30       0.91121909578886E-15    28.9736033967627
       35       0.91097647853924E-15    28.9736053266246
       40       0.90743280765996E-15    28.9736055590700
       45       0.90931310100196E-15    28.9736055884132
       50       0.90979884221071E-15    28.9736055922486
       55       0.90412595861733E-15    28.9736055927632
       60       0.90745388408365E-15    28.9736055928339
       65       0.90610265340181E-15    28.9736055928440
       70       0.90337263320833E-15    28.9736055928455
       75       0.90157352858691E-15    28.9736055928458
 Benchmark completed 
 VERIFICATION SUCCESSFUL 
 Zeta is     0.2897360559285E+02
 Error is    0.2758926827966E-13


 CG Benchmark Completed.
 Class           =                        C
 Size            =                   150000
 Iterations      =                       75
 Time in seconds =                    21.82
 Total threads   =                        4
 Avail threads   =                        8
 Warning: Threads used differ from threads available
 Mop/s total     =                  6569.03
 Mop/s/thread    =                  1642.26
 Operation type  =           floating point
 Verification    =               SUCCESSFUL
 Version         =                    3.4.3
 Compile date    =              18 Feb 2026

 Compile options:
    FC           = gfortran
    FLINK        = $(FC)
    F_LIB        = -L/dss/dsshome1/09/ga27qam2/llvm-project/bu...
    F_INC        = (none)
    FFLAGS       = -O3 -fopenmp
    FLINKFLAGS   = -O3 -fopenmp
    RAND         = randi8


 Please send all errors/feedbacks to:

 NPB Development Team
 npb@nas.nasa.gov


