OMP: pid 21356 tid 21356 thread 0 bound to OS proc set {1-4}
OMP: pid 21356 tid 21367 thread 3 bound to OS proc set {1-4}
OMP: pid 21356 tid 21366 thread 2 bound to OS proc set {1-4}
OMP: pid 21356 tid 21360 thread 1 bound to OS proc set {1-4}
OMP: pid 21356 tid 21356 thread 0 bound to OS proc set {1-4}
OMP: pid 21356 tid 21360 thread 1 bound to OS proc set {1-4}


 NAS Parallel Benchmarks (NPB3.4-OMP) - CG Benchmark

 Size:      150000
 Iterations:                     75
 Number of available threads:     4

 Initialization time =           6.161 seconds

   iteration           ||r||                 zeta
        1       0.35329458058168E-12   109.9994423237398
        5       0.89057131352343E-15    28.6471670038882
       10       0.91232177993651E-15    28.9496695449005
       15       0.90700043803169E-15    28.9716336228368
       20       0.91740803860011E-15    28.9734210663758
       25       0.90861907517485E-15    28.9735863059383
       30       0.90994394544350E-15    28.9736033967627
       35       0.91238552369224E-15    28.9736053266252
       40       0.90749239885491E-15    28.9736055590703
       45       0.90792179306562E-15    28.9736055884132
       50       0.90984787896662E-15    28.9736055922487
       55       0.90321705019971E-15    28.9736055927623
       60       0.90611038167671E-15    28.9736055928346
       65       0.90314789648515E-15    28.9736055928435
       70       0.90248998240125E-15    28.9736055928450
       75       0.90185366652182E-15    28.9736055928458
 Benchmark completed 
 VERIFICATION SUCCESSFUL 
 Zeta is     0.2897360559285E+02
 Error is    0.2611784063808E-13


 CG Benchmark Completed.
 Class           =                        C
 Size            =                   150000
 Iterations      =                       75
 Time in seconds =                    46.16
 Total threads   =                        2
 Avail threads   =                        4
 Warning: Threads used differ from threads available
 Mop/s total     =                  3105.38
 Mop/s/thread    =                  1552.69
 Operation type  =           floating point
 Verification    =               SUCCESSFUL
 Version         =                    3.4.3
 Compile date    =              18 Feb 2026

 Compile options:
    FC           = gfortran
    FLINK        = $(FC)
    F_LIB        = -L/dss/dsshome1/09/ga27qam2/llvm-project/bu...
    F_INC        = (none)
    FFLAGS       = -O3 -fopenmp
    FLINKFLAGS   = -O3 -fopenmp
    RAND         = randi8


 Please send all errors/feedbacks to:

 NPB Development Team
 npb@nas.nasa.gov


