OMP: pid 186457 tid 186457 thread 0 bound to OS proc set {56}
OMP: pid 186457 tid 186465 thread 3 bound to OS proc set {59}
OMP: pid 186457 tid 186463 thread 2 bound to OS proc set {58}
OMP: pid 186457 tid 186467 thread 4 bound to OS proc set {60}
OMP: pid 186457 tid 186502 thread 19 bound to OS proc set {75}
OMP: pid 186457 tid 186489 thread 14 bound to OS proc set {70}
OMP: pid 186457 tid 186471 thread 6 bound to OS proc set {62}
OMP: pid 186457 tid 186515 thread 27 bound to OS proc set {83}
OMP: pid 186457 tid 186477 thread 8 bound to OS proc set {64}
OMP: pid 186457 tid 186481 thread 10 bound to OS proc set {66}
OMP: pid 186457 tid 186492 thread 15 bound to OS proc set {71}
OMP: pid 186457 tid 186498 thread 18 bound to OS proc set {74}
OMP: pid 186457 tid 186479 thread 9 bound to OS proc set {65}
OMP: pid 186457 tid 186483 thread 11 bound to OS proc set {67}
OMP: pid 186457 tid 186487 thread 13 bound to OS proc set {69}
OMP: pid 186457 tid 186496 thread 16 bound to OS proc set {72}
OMP: pid 186457 tid 186469 thread 5 bound to OS proc set {61}
OMP: pid 186457 tid 186485 thread 12 bound to OS proc set {68}
OMP: pid 186457 tid 186504 thread 20 bound to OS proc set {76}
OMP: pid 186457 tid 186509 thread 23 bound to OS proc set {79}
OMP: pid 186457 tid 186511 thread 24 bound to OS proc set {80}
OMP: pid 186457 tid 186512 thread 25 bound to OS proc set {81}
OMP: pid 186457 tid 186461 thread 1 bound to OS proc set {57}
OMP: pid 186457 tid 186474 thread 7 bound to OS proc set {63}
OMP: pid 186457 tid 186520 thread 31 bound to OS proc set {87}
OMP: pid 186457 tid 186517 thread 28 bound to OS proc set {84}
OMP: pid 186457 tid 186519 thread 30 bound to OS proc set {86}
OMP: pid 186457 tid 186513 thread 26 bound to OS proc set {82}
OMP: pid 186457 tid 186497 thread 17 bound to OS proc set {73}
OMP: pid 186457 tid 186506 thread 22 bound to OS proc set {78}
OMP: pid 186457 tid 186505 thread 21 bound to OS proc set {77}
OMP: pid 186457 tid 186518 thread 29 bound to OS proc set {85}


 NAS Parallel Benchmarks (NPB3.4-OMP) - FT Benchmark

 Size                :  512x 512x 512
 Iterations                  :     20
 Number of available threads :     32

 T =    1     Checksum =    5.195078707457D+02    5.149019699238D+02
 T =    2     Checksum =    5.155422171134D+02    5.127578201997D+02
 T =    3     Checksum =    5.144678022222D+02    5.122251847514D+02
 T =    4     Checksum =    5.140150594328D+02    5.121090289018D+02
 T =    5     Checksum =    5.137550426810D+02    5.121143685824D+02
 T =    6     Checksum =    5.135811056728D+02    5.121496764568D+02
 T =    7     Checksum =    5.134569343165D+02    5.121870921893D+02
 T =    8     Checksum =    5.133651975661D+02    5.122193250322D+02
 T =    9     Checksum =    5.132955192805D+02    5.122454735794D+02
 T =   10     Checksum =    5.132410471738D+02    5.122663649603D+02
 T =   11     Checksum =    5.131971141679D+02    5.122830879827D+02
 T =   12     Checksum =    5.131605205716D+02    5.122965869718D+02
 T =   13     Checksum =    5.131290734194D+02    5.123075927445D+02
 T =   14     Checksum =    5.131012720314D+02    5.123166486553D+02
 T =   15     Checksum =    5.130760908195D+02    5.123241541685D+02
 T =   16     Checksum =    5.130528295923D+02    5.123304037599D+02
 T =   17     Checksum =    5.130310107773D+02    5.123356167976D+02
 T =   18     Checksum =    5.130103090133D+02    5.123399592211D+02
 T =   19     Checksum =    5.129905029333D+02    5.123435588985D+02
 T =   20     Checksum =    5.129714421109D+02    5.123465164008D+02
 Result verification successful
 class = C


 FT Benchmark Completed.
 Class           =                        C
 Size            =            512x 512x 512
 Iterations      =                       20
 Time in seconds =                     4.04
 Total threads   =                       32
 Avail threads   =                       32
 Mop/s total     =                 98009.39
 Mop/s/thread    =                  3062.79
 Operation type  =           floating point
 Verification    =               SUCCESSFUL
 Version         =                    3.4.3
 Compile date    =              18 Feb 2026

 Compile options:
    FC           = gfortran
    FLINK        = $(FC)
    F_LIB        = -L/dss/dsshome1/09/ga27qam2/llvm-project/bu...
    F_INC        = (none)
    FFLAGS       = -O3 -fopenmp
    FLINKFLAGS   = -O3 -fopenmp
    RAND         = randi8


 Please send all errors/feedbacks to:

 NPB Development Team
 npb@nas.nasa.gov


