OMP: pid 180376 tid 180376 thread 0 bound to OS proc set {56}
OMP: pid 180376 tid 180385 thread 3 bound to OS proc set {68}
OMP: pid 180376 tid 180381 thread 1 bound to OS proc set {60}
OMP: pid 180376 tid 180383 thread 2 bound to OS proc set {64}
OMP: pid 180376 tid 180390 thread 6 bound to OS proc set {80}
OMP: pid 180376 tid 180391 thread 7 bound to OS proc set {84}
OMP: pid 180376 tid 180386 thread 4 bound to OS proc set {72}
OMP: pid 180376 tid 180388 thread 5 bound to OS proc set {76}


 NAS Parallel Benchmarks (NPB3.4-OMP) - CG Benchmark

 Size:      150000
 Iterations:                     75
 Number of available threads:     8

 Initialization time =           1.624 seconds

   iteration           ||r||                 zeta
        1       0.35329245237095E-12   109.9994423237398
        5       0.89231957773063E-15    28.6471670038896
       10       0.91221740994152E-15    28.9496695449000
       15       0.90649171164264E-15    28.9716336228370
       20       0.91331824284541E-15    28.9734210663752
       25       0.90916692900131E-15    28.9735863059386
       30       0.90827020720689E-15    28.9736033967633
       35       0.91007334910689E-15    28.9736053266247
       40       0.90562399134935E-15    28.9736055590700
       45       0.90850923898464E-15    28.9736055884130
       50       0.90995322680258E-15    28.9736055922483
       55       0.90330038000478E-15    28.9736055927634
       60       0.90816270196444E-15    28.9736055928341
       65       0.90555785371509E-15    28.9736055928440
       70       0.90253235625023E-15    28.9736055928452
       75       0.90243092587535E-15    28.9736055928456
 Benchmark completed 
 VERIFICATION SUCCESSFUL 
 Zeta is     0.2897360559285E+02
 Error is    0.2023213007175E-13


 CG Benchmark Completed.
 Class           =                        C
 Size            =                   150000
 Iterations      =                       75
 Time in seconds =                    12.88
 Total threads   =                        8
 Avail threads   =                        8
 Mop/s total     =                 11133.20
 Mop/s/thread    =                  1391.65
 Operation type  =           floating point
 Verification    =               SUCCESSFUL
 Version         =                    3.4.3
 Compile date    =              18 Feb 2026

 Compile options:
    FC           = gfortran
    FLINK        = $(FC)
    F_LIB        = -L/dss/dsshome1/09/ga27qam2/llvm-project/bu...
    F_INC        = (none)
    FFLAGS       = -O3 -fopenmp
    FLINKFLAGS   = -O3 -fopenmp
    RAND         = randi8


 Please send all errors/feedbacks to:

 NPB Development Team
 npb@nas.nasa.gov


