OMP: pid 180375 tid 180375 thread 0 bound to OS proc set {1}
OMP: pid 180375 tid 180379 thread 2 bound to OS proc set {9}
OMP: pid 180375 tid 180378 thread 1 bound to OS proc set {5}
OMP: pid 180375 tid 180389 thread 7 bound to OS proc set {29}
OMP: pid 180375 tid 180380 thread 3 bound to OS proc set {13}
OMP: pid 180375 tid 180382 thread 4 bound to OS proc set {17}
OMP: pid 180375 tid 180387 thread 6 bound to OS proc set {25}
OMP: pid 180375 tid 180384 thread 5 bound to OS proc set {21}


 NAS Parallel Benchmarks (NPB3.4-OMP) - CG Benchmark

 Size:      150000
 Iterations:                     75
 Number of available threads:     8

 Initialization time =           1.575 seconds

   iteration           ||r||                 zeta
        1       0.35330905905205E-12   109.9994423237398
        5       0.89257180740980E-15    28.6471670038896
       10       0.91077737042952E-15    28.9496695449000
       15       0.90763339173550E-15    28.9716336228371
       20       0.91423411967011E-15    28.9734210663752
       25       0.90742664676673E-15    28.9735863059386
       30       0.91006119058232E-15    28.9736033967633
       35       0.90987518187835E-15    28.9736053266247
       40       0.90540532884295E-15    28.9736055590700
       45       0.90824947005131E-15    28.9736055884130
       50       0.90860047782786E-15    28.9736055922483
       55       0.90249468930295E-15    28.9736055927634
       60       0.90788843832623E-15    28.9736055928341
       65       0.90626215596695E-15    28.9736055928440
       70       0.90221877635356E-15    28.9736055928452
       75       0.90314675315195E-15    28.9736055928456
 Benchmark completed 
 VERIFICATION SUCCESSFUL 
 Zeta is     0.2897360559285E+02
 Error is    0.2072260595228E-13


 CG Benchmark Completed.
 Class           =                        C
 Size            =                   150000
 Iterations      =                       75
 Time in seconds =                    11.08
 Total threads   =                        8
 Avail threads   =                        8
 Mop/s total     =                 12933.45
 Mop/s/thread    =                  1616.68
 Operation type  =           floating point
 Verification    =               SUCCESSFUL
 Version         =                    3.4.3
 Compile date    =              18 Feb 2026

 Compile options:
    FC           = gfortran
    FLINK        = $(FC)
    F_LIB        = -L/dss/dsshome1/09/ga27qam2/llvm-project/bu...
    F_INC        = (none)
    FFLAGS       = -O3 -fopenmp
    FLINKFLAGS   = -O3 -fopenmp
    RAND         = randi8


 Please send all errors/feedbacks to:

 NPB Development Team
 npb@nas.nasa.gov


