OMP: pid 185564 tid 185564 thread 0 bound to OS proc set {56}
OMP: pid 185564 tid 185566 thread 1 bound to OS proc set {57}
OMP: pid 185564 tid 185568 thread 3 bound to OS proc set {59}
OMP: pid 185564 tid 185573 thread 8 bound to OS proc set {64}
OMP: pid 185564 tid 185576 thread 9 bound to OS proc set {65}
OMP: pid 185564 tid 185586 thread 15 bound to OS proc set {71}
OMP: pid 185564 tid 185613 thread 31 bound to OS proc set {87}
OMP: pid 185564 tid 185584 thread 14 bound to OS proc set {70}
OMP: pid 185564 tid 185570 thread 5 bound to OS proc set {61}
OMP: pid 185564 tid 185567 thread 2 bound to OS proc set {58}
OMP: pid 185564 tid 185581 thread 12 bound to OS proc set {68}
OMP: pid 185564 tid 185607 thread 27 bound to OS proc set {83}
OMP: pid 185564 tid 185579 thread 11 bound to OS proc set {67}
OMP: pid 185564 tid 185577 thread 10 bound to OS proc set {66}
OMP: pid 185564 tid 185592 thread 19 bound to OS proc set {75}
OMP: pid 185564 tid 185582 thread 13 bound to OS proc set {69}
OMP: pid 185564 tid 185611 thread 30 bound to OS proc set {86}
OMP: pid 185564 tid 185610 thread 29 bound to OS proc set {85}
OMP: pid 185564 tid 185590 thread 18 bound to OS proc set {74}
OMP: pid 185564 tid 185572 thread 7 bound to OS proc set {63}
OMP: pid 185564 tid 185587 thread 16 bound to OS proc set {72}
OMP: pid 185564 tid 185571 thread 6 bound to OS proc set {62}
OMP: pid 185564 tid 185588 thread 17 bound to OS proc set {73}
OMP: pid 185564 tid 185569 thread 4 bound to OS proc set {60}
OMP: pid 185564 tid 185600 thread 24 bound to OS proc set {80}
OMP: pid 185564 tid 185604 thread 26 bound to OS proc set {82}
OMP: pid 185564 tid 185609 thread 28 bound to OS proc set {84}
OMP: pid 185564 tid 185593 thread 20 bound to OS proc set {76}
OMP: pid 185564 tid 185602 thread 25 bound to OS proc set {81}
OMP: pid 185564 tid 185594 thread 21 bound to OS proc set {77}
OMP: pid 185564 tid 185596 thread 22 bound to OS proc set {78}
OMP: pid 185564 tid 185599 thread 23 bound to OS proc set {79}


 NAS Parallel Benchmarks (NPB3.4-OMP) - CG Benchmark

 Size:      150000
 Iterations:                     75
 Number of available threads:    32

 Initialization time =           0.520 seconds

   iteration           ||r||                 zeta
        1       0.35316843578949E-12   109.9994423237398
        5       0.89284017306298E-15    28.6471670038895
       10       0.91268522690198E-15    28.9496695448999
       15       0.90650524922041E-15    28.9716336228371
       20       0.91451496051724E-15    28.9734210663749
       25       0.90890380477988E-15    28.9735863059384
       30       0.90964488936018E-15    28.9736033967631
       35       0.91015492351188E-15    28.9736053266249
       40       0.90664774035681E-15    28.9736055590699
       45       0.91176198330676E-15    28.9736055884127
       50       0.91084401269456E-15    28.9736055922484
       55       0.90360293677474E-15    28.9736055927634
       60       0.90826938214626E-15    28.9736055928340
       65       0.90796162067206E-15    28.9736055928439
       70       0.90220376364633E-15    28.9736055928453
       75       0.90299316809889E-15    28.9736055928455
 Benchmark completed 
 VERIFICATION SUCCESSFUL 
 Zeta is     0.2897360559285E+02
 Error is    0.1728927478859E-13


 CG Benchmark Completed.
 Class           =                        C
 Size            =                   150000
 Iterations      =                       75
 Time in seconds =                     3.82
 Total threads   =                       32
 Avail threads   =                       32
 Mop/s total     =                 37482.36
 Mop/s/thread    =                  1171.32
 Operation type  =           floating point
 Verification    =               SUCCESSFUL
 Version         =                    3.4.3
 Compile date    =              18 Feb 2026

 Compile options:
    FC           = gfortran
    FLINK        = $(FC)
    F_LIB        = -L/dss/dsshome1/09/ga27qam2/llvm-project/bu...
    F_INC        = (none)
    FFLAGS       = -O3 -fopenmp
    FLINKFLAGS   = -O3 -fopenmp
    RAND         = randi8


 Please send all errors/feedbacks to:

 NPB Development Team
 npb@nas.nasa.gov


