OMP: pid 182714 tid 182714 thread 0 bound to OS proc set {56}
OMP: pid 182714 tid 182732 thread 4 bound to OS proc set {64}
OMP: pid 182714 tid 182723 thread 1 bound to OS proc set {58}
OMP: pid 182714 tid 182728 thread 3 bound to OS proc set {62}
OMP: pid 182714 tid 182725 thread 2 bound to OS proc set {60}
OMP: pid 182714 tid 182745 thread 15 bound to OS proc set {86}
OMP: pid 182714 tid 182741 thread 11 bound to OS proc set {78}
OMP: pid 182714 tid 182737 thread 7 bound to OS proc set {70}
OMP: pid 182714 tid 182744 thread 14 bound to OS proc set {84}
OMP: pid 182714 tid 182742 thread 12 bound to OS proc set {80}
OMP: pid 182714 tid 182734 thread 5 bound to OS proc set {66}
OMP: pid 182714 tid 182738 thread 8 bound to OS proc set {72}
OMP: pid 182714 tid 182736 thread 6 bound to OS proc set {68}
OMP: pid 182714 tid 182743 thread 13 bound to OS proc set {82}
OMP: pid 182714 tid 182739 thread 9 bound to OS proc set {74}
OMP: pid 182714 tid 182740 thread 10 bound to OS proc set {76}


 NAS Parallel Benchmarks (NPB3.4-OMP) - CG Benchmark

 Size:      150000
 Iterations:                     75
 Number of available threads:    16

 Initialization time =           0.862 seconds

   iteration           ||r||                 zeta
        1       0.35304463749360E-12   109.9994423237398
        5       0.89306599041561E-15    28.6471670038896
       10       0.91131621368591E-15    28.9496695448999
       15       0.90513911155300E-15    28.9716336228373
       20       0.91478260584571E-15    28.9734210663750
       25       0.91019681662206E-15    28.9735863059385
       30       0.90843427867265E-15    28.9736033967630
       35       0.91016995964721E-15    28.9736053266248
       40       0.90582062823517E-15    28.9736055590700
       45       0.91126020147115E-15    28.9736055884129
       50       0.91105674029147E-15    28.9736055922482
       55       0.90439756147209E-15    28.9736055927636
       60       0.90980892933492E-15    28.9736055928341
       65       0.90740141617915E-15    28.9736055928438
       70       0.90206199133985E-15    28.9736055928452
       75       0.90098761833119E-15    28.9736055928455
 Benchmark completed 
 VERIFICATION SUCCESSFUL 
 Zeta is     0.2897360559285E+02
 Error is    0.1581784714701E-13


 CG Benchmark Completed.
 Class           =                        C
 Size            =                   150000
 Iterations      =                       75
 Time in seconds =                     6.22
 Total threads   =                       16
 Avail threads   =                       16
 Mop/s total     =                 23036.33
 Mop/s/thread    =                  1439.77
 Operation type  =           floating point
 Verification    =               SUCCESSFUL
 Version         =                    3.4.3
 Compile date    =              18 Feb 2026

 Compile options:
    FC           = gfortran
    FLINK        = $(FC)
    F_LIB        = -L/dss/dsshome1/09/ga27qam2/llvm-project/bu...
    F_INC        = (none)
    FFLAGS       = -O3 -fopenmp
    FLINKFLAGS   = -O3 -fopenmp
    RAND         = randi8


 Please send all errors/feedbacks to:

 NPB Development Team
 npb@nas.nasa.gov


