OMP: pid 178547 tid 178547 thread 0 bound to OS proc set {56}
OMP: pid 178547 tid 178554 thread 3 bound to OS proc set {80}
OMP: pid 178547 tid 178552 thread 2 bound to OS proc set {72}
OMP: pid 178547 tid 178549 thread 1 bound to OS proc set {64}


 NAS Parallel Benchmarks (NPB3.4-OMP) - CG Benchmark

 Size:      150000
 Iterations:                     75
 Number of available threads:     4

 Initialization time =           3.119 seconds

   iteration           ||r||                 zeta
        1       0.35322125458928E-12   109.9994423237398
        5       0.89325214081970E-15    28.6471670038893
       10       0.91239439813450E-15    28.9496695449003
       15       0.90773127447618E-15    28.9716336228371
       20       0.91480114698265E-15    28.9734210663747
       25       0.90870471791800E-15    28.9735863059382
       30       0.90997354284279E-15    28.9736033967627
       35       0.91122712736122E-15    28.9736053266246
       40       0.90667221969400E-15    28.9736055590700
       45       0.90933315502922E-15    28.9736055884132
       50       0.90963418578046E-15    28.9736055922485
       55       0.90427837836213E-15    28.9736055927632
       60       0.90851403317080E-15    28.9736055928339
       65       0.90520432937297E-15    28.9736055928440
       70       0.90300096610706E-15    28.9736055928455
       75       0.90087409197616E-15    28.9736055928458
 Benchmark completed 
 VERIFICATION SUCCESSFUL 
 Zeta is     0.2897360559285E+02
 Error is    0.2758926827966E-13


 CG Benchmark Completed.
 Class           =                        C
 Size            =                   150000
 Iterations      =                       75
 Time in seconds =                    23.42
 Total threads   =                        4
 Avail threads   =                        4
 Mop/s total     =                  6121.81
 Mop/s/thread    =                  1530.45
 Operation type  =           floating point
 Verification    =               SUCCESSFUL
 Version         =                    3.4.3
 Compile date    =              18 Feb 2026

 Compile options:
    FC           = gfortran
    FLINK        = $(FC)
    F_LIB        = -L/dss/dsshome1/09/ga27qam2/llvm-project/bu...
    F_INC        = (none)
    FFLAGS       = -O3 -fopenmp
    FLINKFLAGS   = -O3 -fopenmp
    RAND         = randi8


 Please send all errors/feedbacks to:

 NPB Development Team
 npb@nas.nasa.gov


