OMP: pid 180865 tid 180865 thread 0 bound to OS proc set {56}
OMP: pid 180865 tid 180868 thread 3 bound to OS proc set {68}
OMP: pid 180865 tid 180872 thread 7 bound to OS proc set {84}
OMP: pid 180865 tid 180866 thread 1 bound to OS proc set {60}
OMP: pid 180865 tid 180869 thread 4 bound to OS proc set {72}
OMP: pid 180865 tid 180871 thread 6 bound to OS proc set {80}
OMP: pid 180865 tid 180867 thread 2 bound to OS proc set {64}
OMP: pid 180865 tid 180870 thread 5 bound to OS proc set {76}


 NAS Parallel Benchmarks (NPB3.4-OMP) - CG Benchmark

 Size:      150000
 Iterations:                     75
 Number of available threads:     8

 Initialization time =           1.612 seconds

   iteration           ||r||                 zeta
        1       0.35332845578368E-12   109.9994423237398
        5       0.89242671111553E-15    28.6471670038896
       10       0.91200255851353E-15    28.9496695449000
       15       0.90714205688507E-15    28.9716336228371
       20       0.91463540062670E-15    28.9734210663752
       25       0.90780582991995E-15    28.9735863059386
       30       0.90872099926104E-15    28.9736033967633
       35       0.91032029846307E-15    28.9736053266247
       40       0.90593722421481E-15    28.9736055590700
       45       0.90708764856011E-15    28.9736055884130
       50       0.91129075984172E-15    28.9736055922483
       55       0.90342391967970E-15    28.9736055927634
       60       0.90826939306618E-15    28.9736055928341
       65       0.90635749361483E-15    28.9736055928440
       70       0.90138577938593E-15    28.9736055928452
       75       0.90296394073268E-15    28.9736055928456
 Benchmark completed 
 VERIFICATION SUCCESSFUL 
 Zeta is     0.2897360559285E+02
 Error is    0.2121308183281E-13


 CG Benchmark Completed.
 Class           =                        C
 Size            =                   150000
 Iterations      =                       75
 Time in seconds =                    12.48
 Total threads   =                        8
 Avail threads   =                        8
 Mop/s total     =                 11489.15
 Mop/s/thread    =                  1436.14
 Operation type  =           floating point
 Verification    =               SUCCESSFUL
 Version         =                    3.4.3
 Compile date    =              18 Feb 2026

 Compile options:
    FC           = gfortran
    FLINK        = $(FC)
    F_LIB        = -L/dss/dsshome1/09/ga27qam2/llvm-project/bu...
    F_INC        = (none)
    FFLAGS       = -O3 -fopenmp
    FLINKFLAGS   = -O3 -fopenmp
    RAND         = randi8


 Please send all errors/feedbacks to:

 NPB Development Team
 npb@nas.nasa.gov


