OMP: pid 178548 tid 178548 thread 0 bound to OS proc set {1}
OMP: pid 178548 tid 178550 thread 1 bound to OS proc set {9}
OMP: pid 178548 tid 178553 thread 2 bound to OS proc set {17}
OMP: pid 178548 tid 178555 thread 3 bound to OS proc set {25}


 NAS Parallel Benchmarks (NPB3.4-OMP) - CG Benchmark

 Size:      150000
 Iterations:                     75
 Number of available threads:     4

 Initialization time =           3.008 seconds

   iteration           ||r||                 zeta
        1       0.35328997525708E-12   109.9994423237398
        5       0.89188629597138E-15    28.6471670038893
       10       0.91199666492778E-15    28.9496695449003
       15       0.90747706414357E-15    28.9716336228371
       20       0.91446611377084E-15    28.9734210663747
       25       0.90945453826132E-15    28.9735863059382
       30       0.91015528756244E-15    28.9736033967627
       35       0.90984494054214E-15    28.9736053266246
       40       0.90768957635857E-15    28.9736055590700
       45       0.91102947359665E-15    28.9736055884132
       50       0.91094764401685E-15    28.9736055922485
       55       0.90329752804826E-15    28.9736055927632
       60       0.90688014687590E-15    28.9736055928340
       65       0.90659403616360E-15    28.9736055928440
       70       0.90186371420687E-15    28.9736055928455
       75       0.90114900050817E-15    28.9736055928458
 Benchmark completed 
 VERIFICATION SUCCESSFUL 
 Zeta is     0.2897360559285E+02
 Error is    0.2807974416019E-13


 CG Benchmark Completed.
 Class           =                        C
 Size            =                   150000
 Iterations      =                       75
 Time in seconds =                    20.87
 Total threads   =                        4
 Avail threads   =                        4
 Mop/s total     =                  6867.70
 Mop/s/thread    =                  1716.92
 Operation type  =           floating point
 Verification    =               SUCCESSFUL
 Version         =                    3.4.3
 Compile date    =              18 Feb 2026

 Compile options:
    FC           = gfortran
    FLINK        = $(FC)
    F_LIB        = -L/dss/dsshome1/09/ga27qam2/llvm-project/bu...
    F_INC        = (none)
    FFLAGS       = -O3 -fopenmp
    FLINKFLAGS   = -O3 -fopenmp
    RAND         = randi8


 Please send all errors/feedbacks to:

 NPB Development Team
 npb@nas.nasa.gov


