# arm=drm repeat=3 job=J01_ft alg=ft threads=32 start_offset=0.000 window=48.123
=== iteration 1 start_epoch_ms=1788485581667 ===
[DRM-pin] pid=78543 tid=78568 assigned=1-32 running_on=26
[DRM-pin] pid=78543 tid=78544 assigned=1-32 running_on=1
[DRM-pin] pid=78543 tid=78554 assigned=1-32 running_on=11
[DRM-pin] pid=78543 tid=78572 assigned=1-32 running_on=30
[DRM-pin] pid=78543 tid=78563 assigned=1-32 running_on=21
[DRM-pin] pid=78543 tid=78558 assigned=1-32 running_on=15
[DRM-pin] pid=78543 tid=78547 assigned=1-32 running_on=3
[DRM-pin] pid=78543 tid=78574 assigned=1-32 running_on=16
[DRM-pin] pid=78543 tid=78552 assigned=1-32 running_on=9
[DRM-pin] pid=78543 tid=78567 assigned=1-32 running_on=25
[DRM-pin] pid=78543 tid=78566 assigned=1-32 running_on=24
[DRM-pin] pid=78543 tid=78570 assigned=1-32 running_on=28
[DRM-pin] pid=78543 tid=78575 assigned=1-32 running_on=4
[DRM-pin] pid=78543 tid=78546 assigned=1-32 running_on=2
[DRM-pin] pid=78543 tid=78560 assigned=1-32 running_on=18
[DRM-pin] pid=78543 tid=78562 assigned=1-32 running_on=20
[DRM-pin] pid=78543 tid=78569 assigned=1-32 running_on=27
[DRM-pin] pid=78543 tid=78565 assigned=1-32 running_on=23
[DRM-pin] pid=78543 tid=78561 assigned=1-32 running_on=19
[DRM-pin] pid=78543 tid=78548 assigned=1-32 running_on=5
[DRM-pin] pid=78543 tid=78571 assigned=1-32 running_on=29
[DRM-pin] pid=78543 tid=78555 assigned=1-32 running_on=12
[DRM-pin] pid=78543 tid=78564 assigned=1-32 running_on=22
[DRM-pin] pid=78543 tid=78573 assigned=1-32 running_on=31
[DRM-pin] pid=78543 tid=78556 assigned=1-32 running_on=13
[DRM-pin] pid=78543 tid=78551 assigned=1-32 running_on=8
[DRM-pin] pid=78543 tid=78557 assigned=1-32 running_on=14
[DRM-pin] pid=78543 tid=78553 assigned=1-32 running_on=10
[DRM-pin] pid=78543 tid=78559 assigned=1-32 running_on=17
[DRM-pin] pid=78543 tid=78549 assigned=1-32 running_on=6
[DRM-pin] pid=78543 tid=78550 assigned=1-32 running_on=7


 NAS Parallel Benchmarks (NPB3.4-OMP) - FT Benchmark

 Size                :  512x 512x 512
 Iterations                  :     20
 Number of available threads :     32

 T =    1     Checksum =    5.195078707457D+02    5.149019699238D+02
 T =    2     Checksum =    5.155422171134D+02    5.127578201997D+02
 T =    3     Checksum =    5.144678022222D+02    5.122251847514D+02
 T =    4     Checksum =    5.140150594328D+02    5.121090289018D+02
 T =    5     Checksum =    5.137550426810D+02    5.121143685824D+02
 T =    6     Checksum =    5.135811056728D+02    5.121496764568D+02
 T =    7     Checksum =    5.134569343165D+02    5.121870921893D+02
 T =    8     Checksum =    5.133651975661D+02    5.122193250322D+02
 T =    9     Checksum =    5.132955192805D+02    5.122454735794D+02
 T =   10     Checksum =    5.132410471738D+02    5.122663649603D+02
 T =   11     Checksum =    5.131971141679D+02    5.122830879827D+02
 T =   12     Checksum =    5.131605205716D+02    5.122965869718D+02
 T =   13     Checksum =    5.131290734194D+02    5.123075927445D+02
 T =   14     Checksum =    5.131012720314D+02    5.123166486553D+02
 T =   15     Checksum =    5.130760908195D+02    5.123241541685D+02
 T =   16     Checksum =    5.130528295923D+02    5.123304037599D+02
 T =   17     Checksum =    5.130310107773D+02    5.123356167976D+02
 T =   18     Checksum =    5.130103090133D+02    5.123399592211D+02
 T =   19     Checksum =    5.129905029333D+02    5.123435588985D+02
 T =   20     Checksum =    5.129714421109D+02    5.123465164008D+02
 Result verification successful
 class = C


 FT Benchmark Completed.
 Class           =                        C
 Size            =            512x 512x 512
 Iterations      =                       20
 Time in seconds =                     4.28
 Total threads   =                       32
 Avail threads   =                       32
 Mop/s total     =                 92546.23
 Mop/s/thread    =                  2892.07
 Operation type  =           floating point
 Verification    =               SUCCESSFUL
 Version         =                    3.4.3
 Compile date    =              03 Sep 2026

 Compile options:
    FC           = gfortran
    FLINK        = $(FC)
    F_LIB        = -L$(LLVM_BUILD)/lib -lomp
    F_INC        = (none)
    FFLAGS       = -O3 -fopenmp
    FLINKFLAGS   = -O3 -fopenmp
    RAND         = randi8


 Please send all errors/feedbacks to:

 NPB Development Team
 npb@nas.nasa.gov


=== iteration 2 start_epoch_ms=1788485586797 ===
[DRM-pin] pid=78576 tid=78578 assigned=17-32 running_on=32
[DRM-pin] pid=78576 tid=78586 assigned=17-32 running_on=17
[DRM-pin] pid=78576 tid=78581 assigned=17-32 running_on=17
[DRM-pin] pid=78576 tid=78589 assigned=17-32 running_on=17
[DRM-pin] pid=78576 tid=78588 assigned=17-32 running_on=17
[DRM-pin] pid=78576 tid=78583 assigned=17-32 running_on=17
[DRM-pin] pid=78576 tid=78579 assigned=17-32 running_on=17
[DRM-pin] pid=78576 tid=78580 assigned=17-32 running_on=17
[DRM-pin] pid=78576 tid=78591 assigned=17-32 running_on=17
[DRM-pin] pid=78576 tid=78582 assigned=17-32 running_on=17
[DRM-pin] pid=78576 tid=78584 assigned=17-32 running_on=17
[DRM-pin] pid=78576 tid=78587 assigned=17-32 running_on=17
[DRM-pin] pid=78576 tid=78590 assigned=17-32 running_on=17
[DRM-pin] pid=78576 tid=78585 assigned=17-32 running_on=17
[DRM-pin] pid=78576 tid=78592 assigned=17-32 running_on=17
[DRM-pin] pid=78576 tid=78581 assigned=11-20 running_on=20
[DRM-pin] pid=78576 tid=78582 assigned=11-20 running_on=19
[DRM-pin] pid=78576 tid=78585 assigned=11-20 running_on=18
[DRM-pin] pid=78576 tid=78586 assigned=11-20 running_on=17
[DRM-pin] pid=78576 tid=78579 assigned=11-20 running_on=17
[DRM-pin] pid=78576 tid=78584 assigned=11-20 running_on=12
[DRM-pin] pid=78576 tid=78580 assigned=11-20 running_on=13
[DRM-pin] pid=78576 tid=78578 assigned=11-20 running_on=12
[DRM-pin] pid=78576 tid=78583 assigned=11-20 running_on=13
[DRM-pin] pid=78576 tid=78579 assigned=1-16 running_on=13
[DRM-pin] pid=78576 tid=78592 assigned=1-16 running_on=14
[DRM-pin] pid=78576 tid=78587 assigned=1-16 running_on=5
[DRM-pin] pid=78576 tid=78584 assigned=1-16 running_on=14
[DRM-pin] pid=78576 tid=78586 assigned=1-16 running_on=12
[DRM-pin] pid=78576 tid=78582 assigned=1-16 running_on=1
[DRM-pin] pid=78576 tid=78578 assigned=1-16 running_on=3
[DRM-pin] pid=78576 tid=78585 assigned=1-16 running_on=4
[DRM-pin] pid=78576 tid=78581 assigned=1-16 running_on=2
[DRM-pin] pid=78576 tid=78583 assigned=1-16 running_on=16
[DRM-pin] pid=78576 tid=78591 assigned=1-16 running_on=6
[DRM-pin] pid=78576 tid=78589 assigned=1-16 running_on=7
[DRM-pin] pid=78576 tid=78590 assigned=1-16 running_on=3
[DRM-pin] pid=78576 tid=78588 assigned=1-16 running_on=12
[DRM-pin] pid=78576 tid=78580 assigned=1-16 running_on=15
[DRM-pin] pid=78576 tid=78585 assigned=1-10 running_on=4
[DRM-pin] pid=78576 tid=78583 assigned=1-10 running_on=10
[DRM-pin] pid=78576 tid=78579 assigned=1-10 running_on=1
[DRM-pin] pid=78576 tid=78582 assigned=1-10 running_on=2
[DRM-pin] pid=78576 tid=78580 assigned=1-10 running_on=10
[DRM-pin] pid=78576 tid=78578 assigned=1-10 running_on=3
[DRM-pin] pid=78576 tid=78581 assigned=1-10 running_on=2
[DRM-pin] pid=78576 tid=78586 assigned=1-10 running_on=10
[DRM-pin] pid=78576 tid=78584 assigned=1-10 running_on=10
[DRM-pin] pid=78576 tid=78580 assigned=1-8 running_on=4
[DRM-pin] pid=78576 tid=78578 assigned=1-8 running_on=5
[DRM-pin] pid=78576 tid=78579 assigned=1-8 running_on=1
[DRM-pin] pid=78576 tid=78583 assigned=1-8 running_on=8
[DRM-pin] pid=78576 tid=78581 assigned=1-8 running_on=1
[DRM-pin] pid=78576 tid=78584 assigned=1-8 running_on=1
[DRM-pin] pid=78576 tid=78582 assigned=1-8 running_on=2
[DRM-pin] pid=78576 tid=78578 assigned=1-10 running_on=5
[DRM-pin] pid=78576 tid=78579 assigned=1-10 running_on=2
[DRM-pin] pid=78576 tid=78582 assigned=1-10 running_on=1
[DRM-pin] pid=78576 tid=78584 assigned=1-10 running_on=7
[DRM-pin] pid=78576 tid=78580 assigned=1-10 running_on=4
[DRM-pin] pid=78576 tid=78581 assigned=1-10 running_on=8
[DRM-pin] pid=78576 tid=78583 assigned=1-10 running_on=8


 NAS Parallel Benchmarks (NPB3.4-OMP) - FT Benchmark

 Size                :  512x 512x 512
 Iterations                  :     20
 Number of available threads :     32

 T =    1     Checksum =    5.195078707457D+02    5.149019699238D+02
 T =    2     Checksum =    5.155422171134D+02    5.127578201997D+02
 T =    3     Checksum =    5.144678022222D+02    5.122251847514D+02
 T =    4     Checksum =    5.140150594328D+02    5.121090289018D+02
 T =    5     Checksum =    5.137550426810D+02    5.121143685824D+02
 T =    6     Checksum =    5.135811056728D+02    5.121496764568D+02
 T =    7     Checksum =    5.134569343165D+02    5.121870921893D+02
 T =    8     Checksum =    5.133651975661D+02    5.122193250322D+02
 T =    9     Checksum =    5.132955192805D+02    5.122454735794D+02
 T =   10     Checksum =    5.132410471738D+02    5.122663649603D+02
 T =   11     Checksum =    5.131971141679D+02    5.122830879827D+02
 T =   12     Checksum =    5.131605205716D+02    5.122965869718D+02
 T =   13     Checksum =    5.131290734194D+02    5.123075927445D+02
 T =   14     Checksum =    5.131012720314D+02    5.123166486553D+02
 T =   15     Checksum =    5.130760908195D+02    5.123241541685D+02
 T =   16     Checksum =    5.130528295923D+02    5.123304037599D+02
 T =   17     Checksum =    5.130310107773D+02    5.123356167976D+02
 T =   18     Checksum =    5.130103090133D+02    5.123399592211D+02
 T =   19     Checksum =    5.129905029333D+02    5.123435588985D+02
 T =   20     Checksum =    5.129714421109D+02    5.123465164008D+02
 Result verification successful
 class = C


 FT Benchmark Completed.
 Class           =                        C
 Size            =            512x 512x 512
 Iterations      =                       20
 Time in seconds =                     9.28
 Total threads   =                       10
 Avail threads   =                       32
 Warning: Threads used differ from threads available
 Mop/s total     =                 42711.39
 Mop/s/thread    =                  4271.14
 Operation type  =           floating point
 Verification    =               SUCCESSFUL
 Version         =                    3.4.3
 Compile date    =              03 Sep 2026

 Compile options:
    FC           = gfortran
    FLINK        = $(FC)
    F_LIB        = -L$(LLVM_BUILD)/lib -lomp
    F_INC        = (none)
    FFLAGS       = -O3 -fopenmp
    FLINKFLAGS   = -O3 -fopenmp
    RAND         = randi8


 Please send all errors/feedbacks to:

 NPB Development Team
 npb@nas.nasa.gov


=== iteration 3 start_epoch_ms=1788485597382 ===
[DRM-pin] pid=78711 tid=78718 assigned=25-32 running_on=25
[DRM-pin] pid=78711 tid=78716 assigned=25-32 running_on=25
[DRM-pin] pid=78711 tid=78713 assigned=25-32 running_on=25
[DRM-pin] pid=78711 tid=78714 assigned=25-32 running_on=25
[DRM-pin] pid=78711 tid=78719 assigned=25-32 running_on=25
[DRM-pin] pid=78711 tid=78715 assigned=25-32 running_on=25
[DRM-pin] pid=78711 tid=78717 assigned=25-32 running_on=25
[DRM-pin] pid=78711 tid=78715 assigned=17-24 running_on=18
[DRM-pin] pid=78711 tid=78716 assigned=17-24 running_on=17
[DRM-pin] pid=78711 tid=78718 assigned=17-24 running_on=17
[DRM-pin] pid=78711 tid=78719 assigned=17-24 running_on=17
[DRM-pin] pid=78711 tid=78714 assigned=17-24 running_on=18
[DRM-pin] pid=78711 tid=78713 assigned=17-24 running_on=17
[DRM-pin] pid=78711 tid=78717 assigned=17-24 running_on=17
[DRM-pin] pid=78711 tid=78716 assigned=13-18 running_on=18
[DRM-pin] pid=78711 tid=78713 assigned=13-18 running_on=14
[DRM-pin] pid=78711 tid=78717 assigned=13-18 running_on=17
[DRM-pin] pid=78711 tid=78715 assigned=13-18 running_on=15
[DRM-pin] pid=78711 tid=78714 assigned=13-18 running_on=15
[DRM-pin] pid=78711 tid=78715 assigned=17-24 running_on=18
[DRM-pin] pid=78711 tid=78716 assigned=17-24 running_on=17
[DRM-pin] pid=78711 tid=78714 assigned=17-24 running_on=17
[DRM-pin] pid=78711 tid=78717 assigned=17-24 running_on=17
[DRM-pin] pid=78711 tid=78713 assigned=17-24 running_on=20
[DRM-pin] pid=78711 tid=78713 assigned=19-24 running_on=20
[DRM-pin] pid=78711 tid=78716 assigned=19-24 running_on=23
[DRM-pin] pid=78711 tid=78717 assigned=19-24 running_on=22
[DRM-pin] pid=78711 tid=78714 assigned=19-24 running_on=23
[DRM-pin] pid=78711 tid=78715 assigned=19-24 running_on=22
[DRM-pin] pid=78711 tid=78713 assigned=16-20 running_on=20
[DRM-pin] pid=78711 tid=78716 assigned=16-20 running_on=17
[DRM-pin] pid=78711 tid=78715 assigned=16-20 running_on=16
[DRM-pin] pid=78711 tid=78714 assigned=16-20 running_on=16
[DRM-pin] pid=78711 tid=78715 assigned=13-18 running_on=16
[DRM-pin] pid=78711 tid=78714 assigned=13-18 running_on=18
[DRM-pin] pid=78711 tid=78716 assigned=13-18 running_on=17
[DRM-pin] pid=78711 tid=78713 assigned=13-18 running_on=14
[DRM-pin] pid=78711 tid=78717 assigned=13-18 running_on=15
[DRM-pin] pid=78711 tid=78714 assigned=17-24 running_on=18
[DRM-pin] pid=78711 tid=78717 assigned=17-24 running_on=17
[DRM-pin] pid=78711 tid=78716 assigned=17-24 running_on=17
[DRM-pin] pid=78711 tid=78715 assigned=17-24 running_on=17
[DRM-pin] pid=78711 tid=78713 assigned=17-24 running_on=17
[DRM-pin] pid=78711 tid=78716 assigned=13-18 running_on=18
[DRM-pin] pid=78711 tid=78715 assigned=13-18 running_on=13
[DRM-pin] pid=78711 tid=78717 assigned=13-18 running_on=16
[DRM-pin] pid=78711 tid=78713 assigned=13-18 running_on=17
[DRM-pin] pid=78711 tid=78714 assigned=13-18 running_on=13
[DRM-pin] pid=78711 tid=78717 assigned=9-16 running_on=16
[DRM-pin] pid=78711 tid=78716 assigned=9-16 running_on=14
[DRM-pin] pid=78711 tid=78719 assigned=9-16 running_on=9
[DRM-pin] pid=78711 tid=78718 assigned=9-16 running_on=9
[DRM-pin] pid=78711 tid=78713 assigned=9-16 running_on=9
[DRM-pin] pid=78711 tid=78715 assigned=9-16 running_on=13
[DRM-pin] pid=78711 tid=78714 assigned=9-16 running_on=10
[DRM-pin] pid=78711 tid=78714 assigned=7-12 running_on=10
[DRM-pin] pid=78711 tid=78713 assigned=7-12 running_on=9
[DRM-pin] pid=78711 tid=78715 assigned=7-12 running_on=10
[DRM-pin] pid=78711 tid=78717 assigned=7-12 running_on=11
[DRM-pin] pid=78711 tid=78716 assigned=7-12 running_on=7
[DRM-pin] pid=78711 tid=78715 assigned=1-8 running_on=8
[DRM-pin] pid=78711 tid=78716 assigned=1-8 running_on=7
[DRM-pin] pid=78711 tid=78713 assigned=1-8 running_on=2
[DRM-pin] pid=78711 tid=78714 assigned=1-8 running_on=3
[DRM-pin] pid=78711 tid=78717 assigned=1-8 running_on=4
[DRM-pin] pid=78711 tid=78718 assigned=1-8 running_on=6
[DRM-pin] pid=78711 tid=78719 assigned=1-8 running_on=5


 NAS Parallel Benchmarks (NPB3.4-OMP) - FT Benchmark

 Size                :  512x 512x 512
 Iterations                  :     20
 Number of available threads :     32

 T =    1     Checksum =    5.195078707457D+02    5.149019699238D+02
 T =    2     Checksum =    5.155422171134D+02    5.127578201997D+02
 T =    3     Checksum =    5.144678022222D+02    5.122251847514D+02
 T =    4     Checksum =    5.140150594328D+02    5.121090289018D+02
 T =    5     Checksum =    5.137550426810D+02    5.121143685824D+02
 T =    6     Checksum =    5.135811056728D+02    5.121496764568D+02
 T =    7     Checksum =    5.134569343165D+02    5.121870921893D+02
 T =    8     Checksum =    5.133651975661D+02    5.122193250322D+02
 T =    9     Checksum =    5.132955192805D+02    5.122454735794D+02
 T =   10     Checksum =    5.132410471738D+02    5.122663649603D+02
 T =   11     Checksum =    5.131971141679D+02    5.122830879827D+02
 T =   12     Checksum =    5.131605205716D+02    5.122965869718D+02
 T =   13     Checksum =    5.131290734194D+02    5.123075927445D+02
 T =   14     Checksum =    5.131012720314D+02    5.123166486553D+02
 T =   15     Checksum =    5.130760908195D+02    5.123241541685D+02
 T =   16     Checksum =    5.130528295923D+02    5.123304037599D+02
 T =   17     Checksum =    5.130310107773D+02    5.123356167976D+02
 T =   18     Checksum =    5.130103090133D+02    5.123399592211D+02
 T =   19     Checksum =    5.129905029333D+02    5.123435588985D+02
 T =   20     Checksum =    5.129714421109D+02    5.123465164008D+02
 Result verification successful
 class = C


 FT Benchmark Completed.
 Class           =                        C
 Size            =            512x 512x 512
 Iterations      =                       20
 Time in seconds =                    23.40
 Total threads   =                        8
 Avail threads   =                       32
 Warning: Threads used differ from threads available
 Mop/s total     =                 16941.02
 Mop/s/thread    =                  2117.63
 Operation type  =           floating point
 Verification    =               SUCCESSFUL
 Version         =                    3.4.3
 Compile date    =              03 Sep 2026

 Compile options:
    FC           = gfortran
    FLINK        = $(FC)
    F_LIB        = -L$(LLVM_BUILD)/lib -lomp
    F_INC        = (none)
    FFLAGS       = -O3 -fopenmp
    FLINKFLAGS   = -O3 -fopenmp
    RAND         = randi8


 Please send all errors/feedbacks to:

 NPB Development Team
 npb@nas.nasa.gov


=== iteration 4 start_epoch_ms=1788485623292 ===
[DRM-pin] pid=78923 tid=78928 assigned=25-30 running_on=25
[DRM-pin] pid=78923 tid=78925 assigned=25-30 running_on=26
[DRM-pin] pid=78923 tid=78927 assigned=25-30 running_on=27
[DRM-pin] pid=78923 tid=78929 assigned=25-30 running_on=25
[DRM-pin] pid=78923 tid=78926 assigned=25-30 running_on=25
[DRM-pin] pid=78923 tid=78927 assigned=25-32 running_on=27
[DRM-pin] pid=78923 tid=78925 assigned=25-32 running_on=26
[DRM-pin] pid=78923 tid=78928 assigned=25-32 running_on=30
[DRM-pin] pid=78923 tid=78931 assigned=25-32 running_on=32
[DRM-pin] pid=78923 tid=78930 assigned=25-32 running_on=25
[DRM-pin] pid=78923 tid=78929 assigned=25-32 running_on=30
[DRM-pin] pid=78923 tid=78926 assigned=25-32 running_on=25
[DRM-pin] pid=78923 tid=78925 assigned=17-24 running_on=18
[DRM-pin] pid=78923 tid=78927 assigned=17-24 running_on=17
[DRM-pin] pid=78923 tid=78928 assigned=17-24 running_on=17
[DRM-pin] pid=78923 tid=78931 assigned=17-24 running_on=17
[DRM-pin] pid=78923 tid=78930 assigned=17-24 running_on=19
[DRM-pin] pid=78923 tid=78929 assigned=17-24 running_on=18
[DRM-pin] pid=78923 tid=78926 assigned=17-24 running_on=18
[DRM-pin] pid=78923 tid=78929 assigned=11-20 running_on=18
[DRM-pin] pid=78923 tid=78927 assigned=11-20 running_on=19
[DRM-pin] pid=78923 tid=78930 assigned=11-20 running_on=19
[DRM-pin] pid=78923 tid=78931 assigned=11-20 running_on=20
[DRM-pin] pid=78923 tid=78926 assigned=11-20 running_on=17
[DRM-pin] pid=78923 tid=78925 assigned=11-20 running_on=20
[DRM-pin] pid=78923 tid=78932 assigned=11-20 running_on=12
[DRM-pin] pid=78923 tid=78933 assigned=11-20 running_on=15
[DRM-pin] pid=78923 tid=78928 assigned=11-20 running_on=17
[DRM-pin] pid=78923 tid=78927 assigned=9-16 running_on=16
[DRM-pin] pid=78923 tid=78925 assigned=9-16 running_on=12
[DRM-pin] pid=78923 tid=78929 assigned=9-16 running_on=15
[DRM-pin] pid=78923 tid=78931 assigned=9-16 running_on=9
[DRM-pin] pid=78923 tid=78930 assigned=9-16 running_on=14
[DRM-pin] pid=78923 tid=78928 assigned=9-16 running_on=16
[DRM-pin] pid=78923 tid=78926 assigned=9-16 running_on=9
[DRM-pin] pid=78923 tid=78928 assigned=7-12 running_on=12
[DRM-pin] pid=78923 tid=78925 assigned=7-12 running_on=11
[DRM-pin] pid=78923 tid=78927 assigned=7-12 running_on=10
[DRM-pin] pid=78923 tid=78929 assigned=7-12 running_on=7
[DRM-pin] pid=78923 tid=78926 assigned=7-12 running_on=9
[DRM-pin] pid=78923 tid=78927 assigned=1-8 running_on=7
[DRM-pin] pid=78923 tid=78926 assigned=1-8 running_on=1
[DRM-pin] pid=78923 tid=78925 assigned=1-8 running_on=2
[DRM-pin] pid=78923 tid=78929 assigned=1-8 running_on=7
[DRM-pin] pid=78923 tid=78928 assigned=1-8 running_on=3
[DRM-pin] pid=78923 tid=78931 assigned=1-8 running_on=4
[DRM-pin] pid=78923 tid=78930 assigned=1-8 running_on=5


 NAS Parallel Benchmarks (NPB3.4-OMP) - FT Benchmark

 Size                :  512x 512x 512
 Iterations                  :     20
 Number of available threads :     32

 T =    1     Checksum =    5.195078707457D+02    5.149019699238D+02
 T =    2     Checksum =    5.155422171134D+02    5.127578201997D+02
 T =    3     Checksum =    5.144678022222D+02    5.122251847514D+02
 T =    4     Checksum =    5.140150594328D+02    5.121090289018D+02
 T =    5     Checksum =    5.137550426810D+02    5.121143685824D+02
 T =    6     Checksum =    5.135811056728D+02    5.121496764568D+02
 T =    7     Checksum =    5.134569343165D+02    5.121870921893D+02
 T =    8     Checksum =    5.133651975661D+02    5.122193250322D+02
 T =    9     Checksum =    5.132955192805D+02    5.122454735794D+02
 T =   10     Checksum =    5.132410471738D+02    5.122663649603D+02
 T =   11     Checksum =    5.131971141679D+02    5.122830879827D+02
 T =   12     Checksum =    5.131605205716D+02    5.122965869718D+02
 T =   13     Checksum =    5.131290734194D+02    5.123075927445D+02
 T =   14     Checksum =    5.131012720314D+02    5.123166486553D+02
 T =   15     Checksum =    5.130760908195D+02    5.123241541685D+02
 T =   16     Checksum =    5.130528295923D+02    5.123304037599D+02
 T =   17     Checksum =    5.130310107773D+02    5.123356167976D+02
 T =   18     Checksum =    5.130103090133D+02    5.123399592211D+02
 T =   19     Checksum =    5.129905029333D+02    5.123435588985D+02
 T =   20     Checksum =    5.129714421109D+02    5.123465164008D+02
 Result verification successful
 class = C


 FT Benchmark Completed.
 Class           =                        C
 Size            =            512x 512x 512
 Iterations      =                       20
 Time in seconds =                    21.59
 Total threads   =                        8
 Avail threads   =                       32
 Warning: Threads used differ from threads available
 Mop/s total     =                 18358.65
 Mop/s/thread    =                  2294.83
 Operation type  =           floating point
 Verification    =               SUCCESSFUL
 Version         =                    3.4.3
 Compile date    =              03 Sep 2026

 Compile options:
    FC           = gfortran
    FLINK        = $(FC)
    F_LIB        = -L$(LLVM_BUILD)/lib -lomp
    F_INC        = (none)
    FFLAGS       = -O3 -fopenmp
    FLINKFLAGS   = -O3 -fopenmp
    RAND         = randi8


 Please send all errors/feedbacks to:

 NPB Development Team
 npb@nas.nasa.gov


