# arm=drm repeat=3 job=J06_ep alg=ep threads=32 start_offset=21.026 window=44.272
=== iteration 1 start_epoch_ms=1788485602690 ===
[DRM-pin] pid=78785 tid=78788 assigned=25-30 running_on=26
[DRM-pin] pid=78785 tid=78789 assigned=25-30 running_on=25
[DRM-pin] pid=78785 tid=78787 assigned=25-30 running_on=25
[DRM-pin] pid=78785 tid=78790 assigned=25-30 running_on=25
[DRM-pin] pid=78785 tid=78791 assigned=25-30 running_on=25


 NAS Parallel Benchmarks (NPB3.4-OMP) - EP Benchmark

 Number of random numbers generated:      8589934592
 Number of available threads:                     32

EP Benchmark Results:

CPU Time =    48.033
N = 2^   32
No. Gaussian Pairs =    3373275903.
Sums =     2.691444083862943D+09    2.691519118724515D+09
Counts:
  0    1572172634.
  1    1501108549.
  2     281805648.
  3      17761221.
  4        424017.
  5          3821.
  6            13.
  7             0.
  8             0.
  9             0.


 EP Benchmark Completed.
 Class           =                        C
 Size            =               8589934592
 Iterations      =                        0
 Time in seconds =                    48.03
 Total threads   =                        6
 Avail threads   =                       32
 Warning: Threads used differ from threads available
 Mop/s total     =                   178.84
 Mop/s/thread    =                    29.81
 Operation type  = Random numbers generated
 Verification    =               SUCCESSFUL
 Version         =                    3.4.3
 Compile date    =              03 Sep 2026

 Compile options:
    FC           = gfortran
    FLINK        = $(FC)
    F_LIB        = -L$(LLVM_BUILD)/lib -lomp
    F_INC        = (none)
    FFLAGS       = -O3 -fopenmp
    FLINKFLAGS   = -O3 -fopenmp
    RAND         = randi8


 Please send all errors/feedbacks to:

 NPB Development Team
 npb@nas.nasa.gov


