OMP: pid 184477 tid 184477 thread 0 bound to OS proc set {1}
OMP: pid 184477 tid 184482 thread 2 bound to OS proc set {3}
OMP: pid 184477 tid 184480 thread 1 bound to OS proc set {2}
OMP: pid 184477 tid 184485 thread 3 bound to OS proc set {4}
OMP: pid 184477 tid 184491 thread 6 bound to OS proc set {7}
OMP: pid 184477 tid 184487 thread 4 bound to OS proc set {5}
OMP: pid 184477 tid 184489 thread 5 bound to OS proc set {6}
OMP: pid 184477 tid 184510 thread 15 bound to OS proc set {16}
OMP: pid 184477 tid 184504 thread 12 bound to OS proc set {13}
OMP: pid 184477 tid 184495 thread 8 bound to OS proc set {9}
OMP: pid 184477 tid 184512 thread 16 bound to OS proc set {17}
OMP: pid 184477 tid 184501 thread 11 bound to OS proc set {12}
OMP: pid 184477 tid 184508 thread 14 bound to OS proc set {15}
OMP: pid 184477 tid 184506 thread 13 bound to OS proc set {14}
OMP: pid 184477 tid 184497 thread 9 bound to OS proc set {10}
OMP: pid 184477 tid 184517 thread 19 bound to OS proc set {20}
OMP: pid 184477 tid 184493 thread 7 bound to OS proc set {8}
OMP: pid 184477 tid 184539 thread 30 bound to OS proc set {31}
OMP: pid 184477 tid 184534 thread 27 bound to OS proc set {28}
OMP: pid 184477 tid 184537 thread 29 bound to OS proc set {30}
OMP: pid 184477 tid 184526 thread 23 bound to OS proc set {24}
OMP: pid 184477 tid 184519 thread 20 bound to OS proc set {21}
OMP: pid 184477 tid 184535 thread 28 bound to OS proc set {29}
OMP: pid 184477 tid 184513 thread 17 bound to OS proc set {18}
OMP: pid 184477 tid 184499 thread 10 bound to OS proc set {11}
OMP: pid 184477 tid 184540 thread 31 bound to OS proc set {32}
OMP: pid 184477 tid 184524 thread 22 bound to OS proc set {23}
OMP: pid 184477 tid 184515 thread 18 bound to OS proc set {19}
OMP: pid 184477 tid 184522 thread 21 bound to OS proc set {22}
OMP: pid 184477 tid 184528 thread 24 bound to OS proc set {25}
OMP: pid 184477 tid 184532 thread 26 bound to OS proc set {27}
OMP: pid 184477 tid 184530 thread 25 bound to OS proc set {26}


 NAS Parallel Benchmarks (NPB3.4-OMP) - EP Benchmark

 Number of random numbers generated:      8589934592
 Number of available threads:                     32

EP Benchmark Results:

CPU Time =     1.766
N = 2^   32
No. Gaussian Pairs =    3373275903.
Sums =     2.691444083863086D+09    2.691519118724447D+09
Counts:
  0    1572172634.
  1    1501108549.
  2     281805648.
  3      17761221.
  4        424017.
  5          3821.
  6            13.
  7             0.
  8             0.
  9             0.


 EP Benchmark Completed.
 Class           =                        C
 Size            =               8589934592
 Iterations      =                        0
 Time in seconds =                     1.77
 Total threads   =                       32
 Avail threads   =                       32
 Mop/s total     =                  4863.32
 Mop/s/thread    =                   151.98
 Operation type  = Random numbers generated
 Verification    =               SUCCESSFUL
 Version         =                    3.4.3
 Compile date    =              18 Feb 2026

 Compile options:
    FC           = gfortran
    FLINK        = $(FC)
    F_LIB        = -L/dss/dsshome1/09/ga27qam2/llvm-project/bu...
    F_INC        = (none)
    FFLAGS       = -O3 -fopenmp
    FLINKFLAGS   = -O3 -fopenmp
    RAND         = randi8


 Please send all errors/feedbacks to:

 NPB Development Team
 npb@nas.nasa.gov


