OMP: pid 27394 tid 27394 thread 0 bound to OS proc set {56-63}
OMP: pid 27394 tid 27420 thread 3 bound to OS proc set {56-63}
OMP: pid 27394 tid 27417 thread 1 bound to OS proc set {56-63}
OMP: pid 27394 tid 27424 thread 6 bound to OS proc set {56-63}
OMP: pid 27394 tid 27419 thread 2 bound to OS proc set {56-63}
OMP: pid 27394 tid 27422 thread 4 bound to OS proc set {56-63}
OMP: pid 27394 tid 27426 thread 7 bound to OS proc set {56-63}
OMP: pid 27394 tid 27423 thread 5 bound to OS proc set {56-63}


 NAS Parallel Benchmarks (NPB3.4-OMP) - CG Benchmark

 Size:      150000
 Iterations:                     75
 Number of available threads:     8

 Initialization time =           3.371 seconds

   iteration           ||r||                 zeta
        1       0.35328373006192E-12   109.9994423237398
        5       0.89171120401023E-15    28.6471670038896
       10       0.91174042468181E-15    28.9496695449000
       15       0.90699297411767E-15    28.9716336228371
       20       0.91444287025014E-15    28.9734210663752
       25       0.90848425034035E-15    28.9735863059386
       30       0.90897650448394E-15    28.9736033967633
       35       0.91016623524526E-15    28.9736053266247
       40       0.90640247738494E-15    28.9736055590700
       45       0.90840523364963E-15    28.9736055884130
       50       0.91033078373861E-15    28.9736055922483
       55       0.90336011896176E-15    28.9736055927634
       60       0.90844057345148E-15    28.9736055928340
       65       0.90637341304971E-15    28.9736055928440
       70       0.90247266263141E-15    28.9736055928452
       75       0.90255051533893E-15    28.9736055928456
 Benchmark completed 
 VERIFICATION SUCCESSFUL 
 Zeta is     0.2897360559285E+02
 Error is    0.1974165419122E-13


 CG Benchmark Completed.
 Class           =                        C
 Size            =                   150000
 Iterations      =                       75
 Time in seconds =                    29.83
 Total threads   =                        8
 Avail threads   =                        8
 Mop/s total     =                  4804.94
 Mop/s/thread    =                   600.62
 Operation type  =           floating point
 Verification    =               SUCCESSFUL
 Version         =                    3.4.3
 Compile date    =              18 Feb 2026

 Compile options:
    FC           = gfortran
    FLINK        = $(FC)
    F_LIB        = -L/dss/dsshome1/09/ga27qam2/llvm-project/bu...
    F_INC        = (none)
    FFLAGS       = -O3 -fopenmp
    FLINKFLAGS   = -O3 -fopenmp
    RAND         = randi8


 Please send all errors/feedbacks to:

 NPB Development Team
 npb@nas.nasa.gov


