OMP: pid 44325 tid 44394 thread 19 bound to OS proc set {1-32}
OMP: pid 44325 tid 44381 thread 17 bound to OS proc set {1-32}
OMP: pid 44325 tid 44399 thread 20 bound to OS proc set {1-32}
OMP: pid 44325 tid 44416 thread 23 bound to OS proc set {1-32}
OMP: pid 44325 tid 44331 thread 1 bound to OS proc set {1-32}
OMP: pid 44325 tid 44363 thread 11 bound to OS proc set {1-32}
OMP: pid 44325 tid 44348 thread 8 bound to OS proc set {1-32}
OMP: pid 44325 tid 44358 thread 10 bound to OS proc set {1-32}
OMP: pid 44325 tid 44368 thread 14 bound to OS proc set {1-32}
OMP: pid 44325 tid 44346 thread 7 bound to OS proc set {1-32}
OMP: pid 44325 tid 44366 thread 13 bound to OS proc set {1-32}
OMP: pid 44325 tid 44364 thread 12 bound to OS proc set {1-32}
OMP: pid 44325 tid 44336 thread 4 bound to OS proc set {1-32}
OMP: pid 44325 tid 44354 thread 9 bound to OS proc set {1-32}
OMP: pid 44325 tid 44378 thread 16 bound to OS proc set {1-32}
OMP: pid 44325 tid 44325 thread 0 bound to OS proc set {1-32}
OMP: pid 44325 tid 44344 thread 6 bound to OS proc set {1-32}
OMP: pid 44325 tid 44335 thread 3 bound to OS proc set {1-32}
OMP: pid 44325 tid 44333 thread 2 bound to OS proc set {1-32}
OMP: pid 44325 tid 44340 thread 5 bound to OS proc set {1-32}
OMP: pid 44325 tid 44443 thread 28 bound to OS proc set {1-32}
OMP: pid 44325 tid 44446 thread 30 bound to OS proc set {1-32}
OMP: pid 44325 tid 44388 thread 18 bound to OS proc set {1-32}
OMP: pid 44325 tid 44438 thread 27 bound to OS proc set {1-32}
OMP: pid 44325 tid 44421 thread 24 bound to OS proc set {1-32}
OMP: pid 44325 tid 44431 thread 26 bound to OS proc set {1-32}
OMP: pid 44325 tid 44427 thread 25 bound to OS proc set {1-32}
OMP: pid 44325 tid 44374 thread 15 bound to OS proc set {1-32}
OMP: pid 44325 tid 44410 thread 22 bound to OS proc set {1-32}
OMP: pid 44325 tid 44406 thread 21 bound to OS proc set {1-32}
OMP: pid 44325 tid 44445 thread 29 bound to OS proc set {1-32}
OMP: pid 44325 tid 44447 thread 31 bound to OS proc set {1-32}
OMP: pid 44325 tid 44325 thread 0 bound to OS proc set {1-32}
OMP: pid 44325 tid 44331 thread 1 bound to OS proc set {1-32}
OMP: pid 44325 tid 44333 thread 2 bound to OS proc set {1-32}
OMP: pid 44325 tid 44348 thread 8 bound to OS proc set {1-32}
OMP: pid 44325 tid 44364 thread 12 bound to OS proc set {1-32}
OMP: pid 44325 tid 44363 thread 11 bound to OS proc set {1-32}
OMP: pid 44325 tid 44366 thread 13 bound to OS proc set {1-32}
OMP: pid 44325 tid 44358 thread 10 bound to OS proc set {1-32}
OMP: pid 44325 tid 44354 thread 9 bound to OS proc set {1-32}
OMP: pid 44325 tid 44335 thread 3 bound to OS proc set {1-32}
OMP: pid 44325 tid 44368 thread 14 bound to OS proc set {1-32}
OMP: pid 44325 tid 44374 thread 15 bound to OS proc set {1-32}
OMP: pid 44325 tid 44336 thread 4 bound to OS proc set {1-32}
OMP: pid 44325 tid 44340 thread 5 bound to OS proc set {1-32}
OMP: pid 44325 tid 44344 thread 6 bound to OS proc set {1-32}
OMP: pid 44325 tid 44346 thread 7 bound to OS proc set {1-32}


 NAS Parallel Benchmarks (NPB3.4-OMP) - CG Benchmark

 Size:      150000
 Iterations:                     75
 Number of available threads:    32

 Initialization time =           1.320 seconds

   iteration           ||r||                 zeta
        1       0.35297777220129E-12   109.9994423237398
        5       0.89256500521035E-15    28.6471670038896
       10       0.91186805508276E-15    28.9496695448999
       15       0.90663406917434E-15    28.9716336228373
       20       0.91444756423400E-15    28.9734210663750
       25       0.90861857749863E-15    28.9735863059385
       30       0.90855711865651E-15    28.9736033967630
       35       0.90999557162552E-15    28.9736053266248
       40       0.90617374472084E-15    28.9736055590700
       45       0.90993692108202E-15    28.9736055884129
       50       0.91048625985897E-15    28.9736055922482
       55       0.90310381020096E-15    28.9736055927635
       60       0.90787380746121E-15    28.9736055928342
       65       0.90815509996301E-15    28.9736055928438
       70       0.90272888690510E-15    28.9736055928452
       75       0.90193666043272E-15    28.9736055928454
 Benchmark completed 
 VERIFICATION SUCCESSFUL 
 Zeta is     0.2897360559285E+02
 Error is    0.1483689538595E-13


 CG Benchmark Completed.
 Class           =                        C
 Size            =                   150000
 Iterations      =                       75
 Time in seconds =                     7.40
 Total threads   =                       16
 Avail threads   =                       32
 Warning: Threads used differ from threads available
 Mop/s total     =                 19365.49
 Mop/s/thread    =                  1210.34
 Operation type  =           floating point
 Verification    =               SUCCESSFUL
 Version         =                    3.4.3
 Compile date    =              18 Feb 2026

 Compile options:
    FC           = gfortran
    FLINK        = $(FC)
    F_LIB        = -L/dss/dsshome1/09/ga27qam2/llvm-project/bu...
    F_INC        = (none)
    FFLAGS       = -O3 -fopenmp
    FLINKFLAGS   = -O3 -fopenmp
    RAND         = randi8


 Please send all errors/feedbacks to:

 NPB Development Team
 npb@nas.nasa.gov


