OMP: pid 44323 tid 44367 thread 8 bound to OS proc set {56-87}
OMP: pid 44323 tid 44387 thread 12 bound to OS proc set {56-87}
OMP: pid 44323 tid 44396 thread 15 bound to OS proc set {56-87}
OMP: pid 44323 tid 44389 thread 13 bound to OS proc set {56-87}
OMP: pid 44323 tid 44373 thread 9 bound to OS proc set {56-87}
OMP: pid 44323 tid 44379 thread 11 bound to OS proc set {56-87}
OMP: pid 44323 tid 44375 thread 10 bound to OS proc set {56-87}
OMP: pid 44323 tid 44414 thread 19 bound to OS proc set {56-87}
OMP: pid 44323 tid 44419 thread 20 bound to OS proc set {56-87}
OMP: pid 44323 tid 44323 thread 0 bound to OS proc set {56-87}
OMP: pid 44323 tid 44339 thread 3 bound to OS proc set {56-87}
OMP: pid 44323 tid 44334 thread 2 bound to OS proc set {56-87}
OMP: pid 44323 tid 44360 thread 7 bound to OS proc set {56-87}
OMP: pid 44323 tid 44329 thread 1 bound to OS proc set {56-87}
OMP: pid 44323 tid 44429 thread 22 bound to OS proc set {56-87}
OMP: pid 44323 tid 44343 thread 4 bound to OS proc set {56-87}
OMP: pid 44323 tid 44355 thread 6 bound to OS proc set {56-87}
OMP: pid 44323 tid 44349 thread 5 bound to OS proc set {56-87}
OMP: pid 44323 tid 44402 thread 17 bound to OS proc set {56-87}
OMP: pid 44323 tid 44400 thread 16 bound to OS proc set {56-87}
OMP: pid 44323 tid 44423 thread 21 bound to OS proc set {56-87}
OMP: pid 44323 tid 44407 thread 18 bound to OS proc set {56-87}
OMP: pid 44323 tid 44435 thread 24 bound to OS proc set {56-87}
OMP: pid 44323 tid 44436 thread 25 bound to OS proc set {56-87}
OMP: pid 44323 tid 44439 thread 26 bound to OS proc set {56-87}
OMP: pid 44323 tid 44390 thread 14 bound to OS proc set {56-87}
OMP: pid 44323 tid 44442 thread 27 bound to OS proc set {56-87}
OMP: pid 44323 tid 44451 thread 30 bound to OS proc set {56-87}
OMP: pid 44323 tid 44448 thread 28 bound to OS proc set {56-87}
OMP: pid 44323 tid 44450 thread 29 bound to OS proc set {56-87}
OMP: pid 44323 tid 44433 thread 23 bound to OS proc set {56-87}
OMP: pid 44323 tid 44452 thread 31 bound to OS proc set {56-87}


 NAS Parallel Benchmarks (NPB3.4-OMP) - CG Benchmark

 Size:      150000
 Iterations:                     75
 Number of available threads:    32

 Initialization time =           1.257 seconds

   iteration           ||r||                 zeta
        1       0.35316234550257E-12   109.9994423237398
        5       0.89267185235923E-15    28.6471670038895
       10       0.91221006643402E-15    28.9496695449000
       15       0.90640160725976E-15    28.9716336228372
       20       0.91502152535218E-15    28.9734210663749
       25       0.90963343787801E-15    28.9735863059384
       30       0.90965163370164E-15    28.9736033967631
       35       0.90903271196792E-15    28.9736053266249
       40       0.90645706259484E-15    28.9736055590699
       45       0.91086735127725E-15    28.9736055884127
       50       0.90887793619159E-15    28.9736055922484
       55       0.90276014707386E-15    28.9736055927634
       60       0.90986020385419E-15    28.9736055928340
       65       0.90707265326009E-15    28.9736055928439
       70       0.90225710542421E-15    28.9736055928452
       75       0.90201997372422E-15    28.9736055928455
 Benchmark completed 
 VERIFICATION SUCCESSFUL 
 Zeta is     0.2897360559285E+02
 Error is    0.1728927478859E-13


 CG Benchmark Completed.
 Class           =                        C
 Size            =                   150000
 Iterations      =                       75
 Time in seconds =                    11.66
 Total threads   =                       32
 Avail threads   =                       32
 Mop/s total     =                 12294.84
 Mop/s/thread    =                   384.21
 Operation type  =           floating point
 Verification    =               SUCCESSFUL
 Version         =                    3.4.3
 Compile date    =              18 Feb 2026

 Compile options:
    FC           = gfortran
    FLINK        = $(FC)
    F_LIB        = -L/dss/dsshome1/09/ga27qam2/llvm-project/bu...
    F_INC        = (none)
    FFLAGS       = -O3 -fopenmp
    FLINKFLAGS   = -O3 -fopenmp
    RAND         = randi8


 Please send all errors/feedbacks to:

 NPB Development Team
 npb@nas.nasa.gov


