OMP: pid 22414 tid 22414 thread 0 bound to OS proc set {56-59}
OMP: pid 22414 tid 22424 thread 1 bound to OS proc set {56-59}
OMP: pid 22414 tid 22427 thread 3 bound to OS proc set {56-59}
OMP: pid 22414 tid 22425 thread 2 bound to OS proc set {56-59}


 NAS Parallel Benchmarks (NPB3.4-OMP) - CG Benchmark

 Size:      150000
 Iterations:                     75
 Number of available threads:     4

 Initialization time =           6.506 seconds

   iteration           ||r||                 zeta
        1       0.35342946902939E-12   109.9994423237398
        5       0.89239092238181E-15    28.6471670038893
       10       0.91157314217841E-15    28.9496695449003
       15       0.90709210482327E-15    28.9716336228371
       20       0.91535901274893E-15    28.9734210663747
       25       0.90845969124460E-15    28.9735863059382
       30       0.91047462126273E-15    28.9736033967627
       35       0.91061761474744E-15    28.9736053266246
       40       0.90783450769340E-15    28.9736055590700
       45       0.91028778018581E-15    28.9736055884132
       50       0.90944204913550E-15    28.9736055922486
       55       0.90387921766316E-15    28.9736055927632
       60       0.90934340244137E-15    28.9736055928339
       65       0.90595854790012E-15    28.9736055928440
       70       0.90237853880297E-15    28.9736055928455
       75       0.90090121628633E-15    28.9736055928458
 Benchmark completed 
 VERIFICATION SUCCESSFUL 
 Zeta is     0.2897360559285E+02
 Error is    0.2758926827966E-13


 CG Benchmark Completed.
 Class           =                        C
 Size            =                   150000
 Iterations      =                       75
 Time in seconds =                    56.31
 Total threads   =                        4
 Avail threads   =                        4
 Mop/s total     =                  2545.84
 Mop/s/thread    =                   636.46
 Operation type  =           floating point
 Verification    =               SUCCESSFUL
 Version         =                    3.4.3
 Compile date    =              18 Feb 2026

 Compile options:
    FC           = gfortran
    FLINK        = $(FC)
    F_LIB        = -L/dss/dsshome1/09/ga27qam2/llvm-project/bu...
    F_INC        = (none)
    FFLAGS       = -O3 -fopenmp
    FLINKFLAGS   = -O3 -fopenmp
    RAND         = randi8


 Please send all errors/feedbacks to:

 NPB Development Team
 npb@nas.nasa.gov


