OMP: pid 44322 tid 44322 thread 0 bound to OS proc set {56-87}
OMP: pid 44322 tid 44338 thread 1 bound to OS proc set {56-87}
OMP: pid 44322 tid 44342 thread 2 bound to OS proc set {56-87}
OMP: pid 44322 tid 44347 thread 3 bound to OS proc set {56-87}
OMP: pid 44322 tid 44382 thread 12 bound to OS proc set {56-87}
OMP: pid 44322 tid 44385 thread 15 bound to OS proc set {56-87}
OMP: pid 44322 tid 44362 thread 8 bound to OS proc set {56-87}
OMP: pid 44322 tid 44357 thread 7 bound to OS proc set {56-87}
OMP: pid 44322 tid 44350 thread 4 bound to OS proc set {56-87}
OMP: pid 44322 tid 44384 thread 14 bound to OS proc set {56-87}
OMP: pid 44322 tid 44383 thread 13 bound to OS proc set {56-87}
OMP: pid 44322 tid 44376 thread 11 bound to OS proc set {56-87}
OMP: pid 44322 tid 44353 thread 6 bound to OS proc set {56-87}
OMP: pid 44322 tid 44370 thread 9 bound to OS proc set {56-87}
OMP: pid 44322 tid 44432 thread 28 bound to OS proc set {56-87}
OMP: pid 44322 tid 44391 thread 16 bound to OS proc set {56-87}
OMP: pid 44322 tid 44371 thread 10 bound to OS proc set {56-87}
OMP: pid 44322 tid 44351 thread 5 bound to OS proc set {56-87}
OMP: pid 44322 tid 44449 thread 31 bound to OS proc set {56-87}
OMP: pid 44322 tid 44395 thread 18 bound to OS proc set {56-87}
OMP: pid 44322 tid 44409 thread 23 bound to OS proc set {56-87}
OMP: pid 44322 tid 44444 thread 30 bound to OS proc set {56-87}
OMP: pid 44322 tid 44401 thread 20 bound to OS proc set {56-87}
OMP: pid 44322 tid 44393 thread 17 bound to OS proc set {56-87}
OMP: pid 44322 tid 44440 thread 29 bound to OS proc set {56-87}
OMP: pid 44322 tid 44397 thread 19 bound to OS proc set {56-87}
OMP: pid 44322 tid 44405 thread 22 bound to OS proc set {56-87}
OMP: pid 44322 tid 44403 thread 21 bound to OS proc set {56-87}
OMP: pid 44322 tid 44428 thread 27 bound to OS proc set {56-87}
OMP: pid 44322 tid 44411 thread 24 bound to OS proc set {56-87}
OMP: pid 44322 tid 44417 thread 25 bound to OS proc set {56-87}
OMP: pid 44322 tid 44422 thread 26 bound to OS proc set {56-87}


 NAS Parallel Benchmarks (NPB3.4-OMP) - CG Benchmark

 Size:      150000
 Iterations:                     75
 Number of available threads:    32

 Initialization time =           1.181 seconds

   iteration           ||r||                 zeta
        1       0.35320227074332E-12   109.9994423237398
        5       0.89280542129198E-15    28.6471670038895
       10       0.91095243020911E-15    28.9496695448999
       15       0.90662179929283E-15    28.9716336228371
       20       0.91445745104698E-15    28.9734210663749
       25       0.90883116797297E-15    28.9735863059384
       30       0.90903480763875E-15    28.9736033967631
       35       0.90994336411909E-15    28.9736053266250
       40       0.90793730880443E-15    28.9736055590699
       45       0.91012754988340E-15    28.9736055884127
       50       0.90867338129230E-15    28.9736055922484
       55       0.90268186195809E-15    28.9736055927634
       60       0.90738241009011E-15    28.9736055928340
       65       0.90806036812214E-15    28.9736055928439
       70       0.90208373036489E-15    28.9736055928452
       75       0.90111543828541E-15    28.9736055928455
 Benchmark completed 
 VERIFICATION SUCCESSFUL 
 Zeta is     0.2897360559285E+02
 Error is    0.1581784714701E-13


 CG Benchmark Completed.
 Class           =                        C
 Size            =                   150000
 Iterations      =                       75
 Time in seconds =                    11.71
 Total threads   =                       32
 Avail threads   =                       32
 Mop/s total     =                 12242.37
 Mop/s/thread    =                   382.57
 Operation type  =           floating point
 Verification    =               SUCCESSFUL
 Version         =                    3.4.3
 Compile date    =              18 Feb 2026

 Compile options:
    FC           = gfortran
    FLINK        = $(FC)
    F_LIB        = -L/dss/dsshome1/09/ga27qam2/llvm-project/bu...
    F_INC        = (none)
    FFLAGS       = -O3 -fopenmp
    FLINKFLAGS   = -O3 -fopenmp
    RAND         = randi8


 Please send all errors/feedbacks to:

 NPB Development Team
 npb@nas.nasa.gov


