OMP: pid 27397 tid 27415 thread 3 bound to OS proc set {56-63}
OMP: pid 27397 tid 27408 thread 1 bound to OS proc set {56-63}
OMP: pid 27397 tid 27418 thread 4 bound to OS proc set {56-63}
OMP: pid 27397 tid 27413 thread 2 bound to OS proc set {56-63}
OMP: pid 27397 tid 27397 thread 0 bound to OS proc set {56-63}
OMP: pid 27397 tid 27427 thread 7 bound to OS proc set {56-63}
OMP: pid 27397 tid 27425 thread 6 bound to OS proc set {56-63}
OMP: pid 27397 tid 27421 thread 5 bound to OS proc set {56-63}


 NAS Parallel Benchmarks (NPB3.4-OMP) - CG Benchmark

 Size:      150000
 Iterations:                     75
 Number of available threads:     8

 Initialization time =           3.365 seconds

   iteration           ||r||                 zeta
        1       0.35331889709578E-12   109.9994423237398
        5       0.89218413102507E-15    28.6471670038896
       10       0.91254208079107E-15    28.9496695449000
       15       0.90636855080028E-15    28.9716336228371
       20       0.91386471859948E-15    28.9734210663752
       25       0.90896413972891E-15    28.9735863059386
       30       0.90785432490075E-15    28.9736033967633
       35       0.91053019324063E-15    28.9736053266247
       40       0.90678032011821E-15    28.9736055590700
       45       0.90777190074923E-15    28.9736055884130
       50       0.91002336499604E-15    28.9736055922483
       55       0.90337001976814E-15    28.9736055927634
       60       0.90876606087235E-15    28.9736055928341
       65       0.90610905275704E-15    28.9736055928440
       70       0.90263224218196E-15    28.9736055928451
       75       0.90097868046038E-15    28.9736055928456
 Benchmark completed 
 VERIFICATION SUCCESSFUL 
 Zeta is     0.2897360559285E+02
 Error is    0.2072260595228E-13


 CG Benchmark Completed.
 Class           =                        C
 Size            =                   150000
 Iterations      =                       75
 Time in seconds =                    29.19
 Total threads   =                        8
 Avail threads   =                        8
 Mop/s total     =                  4910.51
 Mop/s/thread    =                   613.81
 Operation type  =           floating point
 Verification    =               SUCCESSFUL
 Version         =                    3.4.3
 Compile date    =              18 Feb 2026

 Compile options:
    FC           = gfortran
    FLINK        = $(FC)
    F_LIB        = -L/dss/dsshome1/09/ga27qam2/llvm-project/bu...
    F_INC        = (none)
    FFLAGS       = -O3 -fopenmp
    FLINKFLAGS   = -O3 -fopenmp
    RAND         = randi8


 Please send all errors/feedbacks to:

 NPB Development Team
 npb@nas.nasa.gov


