OMP: pid 22415 tid 22423 thread 2 bound to OS proc set {56-59}
OMP: pid 22415 tid 22422 thread 1 bound to OS proc set {56-59}
OMP: pid 22415 tid 22426 thread 3 bound to OS proc set {56-59}
OMP: pid 22415 tid 22415 thread 0 bound to OS proc set {56-59}


 NAS Parallel Benchmarks (NPB3.4-OMP) - CG Benchmark

 Size:      150000
 Iterations:                     75
 Number of available threads:     4

 Initialization time =           6.614 seconds

   iteration           ||r||                 zeta
        1       0.35339527216309E-12   109.9994423237398
        5       0.89267677727843E-15    28.6471670038893
       10       0.91316000173869E-15    28.9496695449003
       15       0.90754253126693E-15    28.9716336228371
       20       0.91413399613787E-15    28.9734210663747
       25       0.90898698909541E-15    28.9735863059382
       30       0.91075164984192E-15    28.9736033967627
       35       0.90966775393295E-15    28.9736053266246
       40       0.90680921221007E-15    28.9736055590700
       45       0.90934546063555E-15    28.9736055884132
       50       0.90957718472466E-15    28.9736055922485
       55       0.90353440007580E-15    28.9736055927632
       60       0.90695112783754E-15    28.9736055928339
       65       0.90536855516467E-15    28.9736055928440
       70       0.90321047702579E-15    28.9736055928455
       75       0.89985523527939E-15    28.9736055928458
 Benchmark completed 
 VERIFICATION SUCCESSFUL 
 Zeta is     0.2897360559285E+02
 Error is    0.2660831651861E-13


 CG Benchmark Completed.
 Class           =                        C
 Size            =                   150000
 Iterations      =                       75
 Time in seconds =                    54.31
 Total threads   =                        4
 Avail threads   =                        4
 Mop/s total     =                  2639.62
 Mop/s/thread    =                   659.90
 Operation type  =           floating point
 Verification    =               SUCCESSFUL
 Version         =                    3.4.3
 Compile date    =              18 Feb 2026

 Compile options:
    FC           = gfortran
    FLINK        = $(FC)
    F_LIB        = -L/dss/dsshome1/09/ga27qam2/llvm-project/bu...
    F_INC        = (none)
    FFLAGS       = -O3 -fopenmp
    FLINKFLAGS   = -O3 -fopenmp
    RAND         = randi8


 Please send all errors/feedbacks to:

 NPB Development Team
 npb@nas.nasa.gov


