OMP: pid 44324 tid 44324 thread 0 bound to OS proc set {1-32}
OMP: pid 44324 tid 44332 thread 3 bound to OS proc set {1-32}
OMP: pid 44324 tid 44328 thread 2 bound to OS proc set {1-32}
OMP: pid 44324 tid 44392 thread 16 bound to OS proc set {1-32}
OMP: pid 44324 tid 44327 thread 1 bound to OS proc set {1-32}
OMP: pid 44324 tid 44369 thread 11 bound to OS proc set {1-32}
OMP: pid 44324 tid 44372 thread 12 bound to OS proc set {1-32}
OMP: pid 44324 tid 44408 thread 19 bound to OS proc set {1-32}
OMP: pid 44324 tid 44337 thread 4 bound to OS proc set {1-32}
OMP: pid 44324 tid 44356 thread 8 bound to OS proc set {1-32}
OMP: pid 44324 tid 44352 thread 7 bound to OS proc set {1-32}
OMP: pid 44324 tid 44380 thread 14 bound to OS proc set {1-32}
OMP: pid 44324 tid 44398 thread 17 bound to OS proc set {1-32}
OMP: pid 44324 tid 44430 thread 28 bound to OS proc set {1-32}
OMP: pid 44324 tid 44377 thread 13 bound to OS proc set {1-32}
OMP: pid 44324 tid 44418 thread 23 bound to OS proc set {1-32}
OMP: pid 44324 tid 44437 thread 30 bound to OS proc set {1-32}
OMP: pid 44324 tid 44386 thread 15 bound to OS proc set {1-32}
OMP: pid 44324 tid 44412 thread 20 bound to OS proc set {1-32}
OMP: pid 44324 tid 44361 thread 10 bound to OS proc set {1-32}
OMP: pid 44324 tid 44345 thread 6 bound to OS proc set {1-32}
OMP: pid 44324 tid 44359 thread 9 bound to OS proc set {1-32}
OMP: pid 44324 tid 44434 thread 29 bound to OS proc set {1-32}
OMP: pid 44324 tid 44341 thread 5 bound to OS proc set {1-32}
OMP: pid 44324 tid 44420 thread 24 bound to OS proc set {1-32}
OMP: pid 44324 tid 44441 thread 31 bound to OS proc set {1-32}
OMP: pid 44324 tid 44425 thread 26 bound to OS proc set {1-32}
OMP: pid 44324 tid 44415 thread 22 bound to OS proc set {1-32}
OMP: pid 44324 tid 44413 thread 21 bound to OS proc set {1-32}
OMP: pid 44324 tid 44424 thread 25 bound to OS proc set {1-32}
OMP: pid 44324 tid 44426 thread 27 bound to OS proc set {1-32}
OMP: pid 44324 tid 44404 thread 18 bound to OS proc set {1-32}
OMP: pid 44324 tid 44377 thread 13 bound to OS proc set {1-32}
OMP: pid 44324 tid 44369 thread 11 bound to OS proc set {1-32}
OMP: pid 44324 tid 44380 thread 14 bound to OS proc set {1-32}
OMP: pid 44324 tid 44372 thread 12 bound to OS proc set {1-32}
OMP: pid 44324 tid 44356 thread 8 bound to OS proc set {1-32}
OMP: pid 44324 tid 44345 thread 6 bound to OS proc set {1-32}
OMP: pid 44324 tid 44341 thread 5 bound to OS proc set {1-32}
OMP: pid 44324 tid 44327 thread 1 bound to OS proc set {1-32}
OMP: pid 44324 tid 44361 thread 10 bound to OS proc set {1-32}
OMP: pid 44324 tid 44324 thread 0 bound to OS proc set {1-32}
OMP: pid 44324 tid 44352 thread 7 bound to OS proc set {1-32}
OMP: pid 44324 tid 44332 thread 3 bound to OS proc set {1-32}
OMP: pid 44324 tid 44386 thread 15 bound to OS proc set {1-32}
OMP: pid 44324 tid 44337 thread 4 bound to OS proc set {1-32}
OMP: pid 44324 tid 44359 thread 9 bound to OS proc set {1-32}
OMP: pid 44324 tid 44328 thread 2 bound to OS proc set {1-32}


 NAS Parallel Benchmarks (NPB3.4-OMP) - CG Benchmark

 Size:      150000
 Iterations:                     75
 Number of available threads:    32

 Initialization time =           1.158 seconds

   iteration           ||r||                 zeta
        1       0.35335566523128E-12   109.9994423237398
        5       0.89251084916137E-15    28.6471670038896
       10       0.91320350117654E-15    28.9496695449000
       15       0.90575500988702E-15    28.9716336228373
       20       0.91499412629059E-15    28.9734210663751
       25       0.90936989886105E-15    28.9735863059385
       30       0.90888261445735E-15    28.9736033967630
       35       0.91101935442278E-15    28.9736053266248
       40       0.90653600474998E-15    28.9736055590700
       45       0.91095561144642E-15    28.9736055884129
       50       0.91026184963585E-15    28.9736055922482
       55       0.90377105353583E-15    28.9736055927636
       60       0.90827812815524E-15    28.9736055928341
       65       0.90821772053379E-15    28.9736055928438
       70       0.90280659626447E-15    28.9736055928452
       75       0.90244362152689E-15    28.9736055928454
 Benchmark completed 
 VERIFICATION SUCCESSFUL 
 Zeta is     0.2897360559285E+02
 Error is    0.1434641950542E-13


 CG Benchmark Completed.
 Class           =                        C
 Size            =                   150000
 Iterations      =                       75
 Time in seconds =                     7.05
 Total threads   =                       16
 Avail threads   =                       32
 Warning: Threads used differ from threads available
 Mop/s total     =                 20337.96
 Mop/s/thread    =                  1271.12
 Operation type  =           floating point
 Verification    =               SUCCESSFUL
 Version         =                    3.4.3
 Compile date    =              18 Feb 2026

 Compile options:
    FC           = gfortran
    FLINK        = $(FC)
    F_LIB        = -L/dss/dsshome1/09/ga27qam2/llvm-project/bu...
    F_INC        = (none)
    FFLAGS       = -O3 -fopenmp
    FLINKFLAGS   = -O3 -fopenmp
    RAND         = randi8


 Please send all errors/feedbacks to:

 NPB Development Team
 npb@nas.nasa.gov


