OMP: pid 185987 tid 185987 thread 0 bound to OS proc set {1}
OMP: pid 185987 tid 185992 thread 1 bound to OS proc set {2}
OMP: pid 185987 tid 185994 thread 2 bound to OS proc set {3}
OMP: pid 185987 tid 186005 thread 7 bound to OS proc set {8}
OMP: pid 185987 tid 185996 thread 3 bound to OS proc set {4}
OMP: pid 185987 tid 186020 thread 14 bound to OS proc set {15}
OMP: pid 185987 tid 186009 thread 8 bound to OS proc set {9}
OMP: pid 185987 tid 186018 thread 13 bound to OS proc set {14}
OMP: pid 185987 tid 186017 thread 12 bound to OS proc set {13}
OMP: pid 185987 tid 186016 thread 11 bound to OS proc set {12}
OMP: pid 185987 tid 186003 thread 6 bound to OS proc set {7}
OMP: pid 185987 tid 186025 thread 16 bound to OS proc set {17}
OMP: pid 185987 tid 186029 thread 18 bound to OS proc set {19}
OMP: pid 185987 tid 186024 thread 15 bound to OS proc set {16}
OMP: pid 185987 tid 186000 thread 5 bound to OS proc set {6}
OMP: pid 185987 tid 186046 thread 27 bound to OS proc set {28}
OMP: pid 185987 tid 186011 thread 9 bound to OS proc set {10}
OMP: pid 185987 tid 186031 thread 19 bound to OS proc set {20}
OMP: pid 185987 tid 186012 thread 10 bound to OS proc set {11}
OMP: pid 185987 tid 185998 thread 4 bound to OS proc set {5}
OMP: pid 185987 tid 186047 thread 28 bound to OS proc set {29}
OMP: pid 185987 tid 186036 thread 22 bound to OS proc set {23}
OMP: pid 185987 tid 186038 thread 23 bound to OS proc set {24}
OMP: pid 185987 tid 186026 thread 17 bound to OS proc set {18}
OMP: pid 185987 tid 186050 thread 31 bound to OS proc set {32}
OMP: pid 185987 tid 186032 thread 20 bound to OS proc set {21}
OMP: pid 185987 tid 186049 thread 30 bound to OS proc set {31}
OMP: pid 185987 tid 186048 thread 29 bound to OS proc set {30}
OMP: pid 185987 tid 186039 thread 24 bound to OS proc set {25}
OMP: pid 185987 tid 186044 thread 26 bound to OS proc set {27}
OMP: pid 185987 tid 186042 thread 25 bound to OS proc set {26}
OMP: pid 185987 tid 186034 thread 21 bound to OS proc set {22}


 NAS Parallel Benchmarks (NPB3.4-OMP) - CG Benchmark

 Size:      150000
 Iterations:                     75
 Number of available threads:    32

 Initialization time =           0.518 seconds

   iteration           ||r||                 zeta
        1       0.35321745092247E-12   109.9994423237398
        5       0.89302671935900E-15    28.6471670038895
       10       0.91201867464993E-15    28.9496695448999
       15       0.90523489860862E-15    28.9716336228371
       20       0.91477271130312E-15    28.9734210663749
       25       0.90926553302935E-15    28.9735863059384
       30       0.91054455550078E-15    28.9736033967631
       35       0.90972045938947E-15    28.9736053266250
       40       0.90658123169371E-15    28.9736055590699
       45       0.91120597937713E-15    28.9736055884127
       50       0.90875028117484E-15    28.9736055922484
       55       0.90211880473585E-15    28.9736055927634
       60       0.90952463736563E-15    28.9736055928340
       65       0.90681009247654E-15    28.9736055928439
       70       0.90106602577562E-15    28.9736055928452
       75       0.90278247475434E-15    28.9736055928455
 Benchmark completed 
 VERIFICATION SUCCESSFUL 
 Zeta is     0.2897360559285E+02
 Error is    0.1679879890806E-13


 CG Benchmark Completed.
 Class           =                        C
 Size            =                   150000
 Iterations      =                       75
 Time in seconds =                     3.65
 Total threads   =                       32
 Avail threads   =                       32
 Mop/s total     =                 39318.80
 Mop/s/thread    =                  1228.71
 Operation type  =           floating point
 Verification    =               SUCCESSFUL
 Version         =                    3.4.3
 Compile date    =              18 Feb 2026

 Compile options:
    FC           = gfortran
    FLINK        = $(FC)
    F_LIB        = -L/dss/dsshome1/09/ga27qam2/llvm-project/bu...
    F_INC        = (none)
    FFLAGS       = -O3 -fopenmp
    FLINKFLAGS   = -O3 -fopenmp
    RAND         = randi8


 Please send all errors/feedbacks to:

 NPB Development Team
 npb@nas.nasa.gov


