OMP: pid 180591 tid 180592 thread 1 bound to OS proc set {60}
OMP: pid 180591 tid 180591 thread 0 bound to OS proc set {56}
OMP: pid 180591 tid 180593 thread 2 bound to OS proc set {64}
OMP: pid 180591 tid 180595 thread 4 bound to OS proc set {72}
OMP: pid 180591 tid 180596 thread 5 bound to OS proc set {76}
OMP: pid 180591 tid 180597 thread 6 bound to OS proc set {80}
OMP: pid 180591 tid 180594 thread 3 bound to OS proc set {68}
OMP: pid 180591 tid 180598 thread 7 bound to OS proc set {84}


 NAS Parallel Benchmarks (NPB3.4-OMP) - CG Benchmark

 Size:      150000
 Iterations:                     75
 Number of available threads:     8

 Initialization time =           1.599 seconds

   iteration           ||r||                 zeta
        1       0.35334345612292E-12   109.9994423237398
        5       0.89186804825769E-15    28.6471670038896
       10       0.91150536072813E-15    28.9496695449000
       15       0.90700383401326E-15    28.9716336228371
       20       0.91476609908688E-15    28.9734210663752
       25       0.90826346716759E-15    28.9735863059386
       30       0.90897283904429E-15    28.9736033967633
       35       0.91057209692150E-15    28.9736053266247
       40       0.90534569562468E-15    28.9736055590700
       45       0.90793949520395E-15    28.9736055884130
       50       0.90967165401765E-15    28.9736055922483
       55       0.90334771718254E-15    28.9736055927634
       60       0.90810836692572E-15    28.9736055928340
       65       0.90545322578395E-15    28.9736055928440
       70       0.90231069035180E-15    28.9736055928452
       75       0.90182959039876E-15    28.9736055928456
 Benchmark completed 
 VERIFICATION SUCCESSFUL 
 Zeta is     0.2897360559285E+02
 Error is    0.2072260595228E-13


 CG Benchmark Completed.
 Class           =                        C
 Size            =                   150000
 Iterations      =                       75
 Time in seconds =                    11.67
 Total threads   =                        8
 Avail threads   =                        8
 Mop/s total     =                 12287.25
 Mop/s/thread    =                  1535.91
 Operation type  =           floating point
 Verification    =               SUCCESSFUL
 Version         =                    3.4.3
 Compile date    =              18 Feb 2026

 Compile options:
    FC           = gfortran
    FLINK        = $(FC)
    F_LIB        = -L/dss/dsshome1/09/ga27qam2/llvm-project/bu...
    F_INC        = (none)
    FFLAGS       = -O3 -fopenmp
    FLINKFLAGS   = -O3 -fopenmp
    RAND         = randi8


 Please send all errors/feedbacks to:

 NPB Development Team
 npb@nas.nasa.gov


