OMP: pid 182274 tid 182274 thread 0 bound to OS proc set {56}
OMP: pid 182274 tid 182293 thread 3 bound to OS proc set {62}
OMP: pid 182274 tid 182292 thread 2 bound to OS proc set {60}
OMP: pid 182274 tid 182291 thread 1 bound to OS proc set {58}
OMP: pid 182274 tid 182298 thread 8 bound to OS proc set {72}
OMP: pid 182274 tid 182305 thread 15 bound to OS proc set {86}
OMP: pid 182274 tid 182302 thread 12 bound to OS proc set {80}
OMP: pid 182274 tid 182301 thread 11 bound to OS proc set {78}
OMP: pid 182274 tid 182297 thread 7 bound to OS proc set {70}
OMP: pid 182274 tid 182304 thread 14 bound to OS proc set {84}
OMP: pid 182274 tid 182294 thread 4 bound to OS proc set {64}
OMP: pid 182274 tid 182303 thread 13 bound to OS proc set {82}
OMP: pid 182274 tid 182295 thread 5 bound to OS proc set {66}
OMP: pid 182274 tid 182300 thread 10 bound to OS proc set {76}
OMP: pid 182274 tid 182299 thread 9 bound to OS proc set {74}
OMP: pid 182274 tid 182296 thread 6 bound to OS proc set {68}


 NAS Parallel Benchmarks (NPB3.4-OMP) - CG Benchmark

 Size:      150000
 Iterations:                     75
 Number of available threads:    16

 Initialization time =           0.868 seconds

   iteration           ||r||                 zeta
        1       0.35304474223347E-12   109.9994423237398
        5       0.89203823372598E-15    28.6471670038897
       10       0.91358498264229E-15    28.9496695449000
       15       0.90638964994490E-15    28.9716336228373
       20       0.91460128381158E-15    28.9734210663750
       25       0.90909260680914E-15    28.9735863059385
       30       0.90996444738756E-15    28.9736033967630
       35       0.91146654721521E-15    28.9736053266249
       40       0.90597703729305E-15    28.9736055590700
       45       0.90933147694237E-15    28.9736055884129
       50       0.91051693860998E-15    28.9736055922483
       55       0.90347278729188E-15    28.9736055927635
       60       0.90777156609261E-15    28.9736055928341
       65       0.90857488887336E-15    28.9736055928438
       70       0.90086665844902E-15    28.9736055928452
       75       0.90070745492470E-15    28.9736055928455
 Benchmark completed 
 VERIFICATION SUCCESSFUL 
 Zeta is     0.2897360559285E+02
 Error is    0.1581784714701E-13


 CG Benchmark Completed.
 Class           =                        C
 Size            =                   150000
 Iterations      =                       75
 Time in seconds =                     6.70
 Total threads   =                       16
 Avail threads   =                       16
 Mop/s total     =                 21400.54
 Mop/s/thread    =                  1337.53
 Operation type  =           floating point
 Verification    =               SUCCESSFUL
 Version         =                    3.4.3
 Compile date    =              18 Feb 2026

 Compile options:
    FC           = gfortran
    FLINK        = $(FC)
    F_LIB        = -L/dss/dsshome1/09/ga27qam2/llvm-project/bu...
    F_INC        = (none)
    FFLAGS       = -O3 -fopenmp
    FLINKFLAGS   = -O3 -fopenmp
    RAND         = randi8


 Please send all errors/feedbacks to:

 NPB Development Team
 npb@nas.nasa.gov


