OMP: pid 184939 tid 184939 thread 0 bound to OS proc set {1}
OMP: pid 184939 tid 184954 thread 2 bound to OS proc set {3}
OMP: pid 184939 tid 184956 thread 3 bound to OS proc set {4}
OMP: pid 184939 tid 184986 thread 15 bound to OS proc set {16}
OMP: pid 184939 tid 184949 thread 1 bound to OS proc set {2}
OMP: pid 184939 tid 184959 thread 4 bound to OS proc set {5}
OMP: pid 184939 tid 184969 thread 8 bound to OS proc set {9}
OMP: pid 184939 tid 184987 thread 16 bound to OS proc set {17}
OMP: pid 184939 tid 184990 thread 19 bound to OS proc set {20}
OMP: pid 184939 tid 184964 thread 6 bound to OS proc set {7}
OMP: pid 184939 tid 184967 thread 7 bound to OS proc set {8}
OMP: pid 184939 tid 184977 thread 11 bound to OS proc set {12}
OMP: pid 184939 tid 184983 thread 14 bound to OS proc set {15}
OMP: pid 184939 tid 184991 thread 20 bound to OS proc set {21}
OMP: pid 184939 tid 184961 thread 5 bound to OS proc set {6}
OMP: pid 184939 tid 185001 thread 30 bound to OS proc set {31}
OMP: pid 184939 tid 184989 thread 18 bound to OS proc set {19}
OMP: pid 184939 tid 184993 thread 22 bound to OS proc set {23}
OMP: pid 184939 tid 184973 thread 9 bound to OS proc set {10}
OMP: pid 184939 tid 184999 thread 28 bound to OS proc set {29}
OMP: pid 184939 tid 184981 thread 13 bound to OS proc set {14}
OMP: pid 184939 tid 184974 thread 10 bound to OS proc set {11}
OMP: pid 184939 tid 184995 thread 24 bound to OS proc set {25}
OMP: pid 184939 tid 184994 thread 23 bound to OS proc set {24}
OMP: pid 184939 tid 184988 thread 17 bound to OS proc set {18}
OMP: pid 184939 tid 184997 thread 26 bound to OS proc set {27}
OMP: pid 184939 tid 184998 thread 27 bound to OS proc set {28}
OMP: pid 184939 tid 184979 thread 12 bound to OS proc set {13}
OMP: pid 184939 tid 184992 thread 21 bound to OS proc set {22}
OMP: pid 184939 tid 185002 thread 31 bound to OS proc set {32}
OMP: pid 184939 tid 185000 thread 29 bound to OS proc set {30}
OMP: pid 184939 tid 184996 thread 25 bound to OS proc set {26}


 NAS Parallel Benchmarks (NPB3.4-OMP) - CG Benchmark

 Size:      150000
 Iterations:                     75
 Number of available threads:    32

 Initialization time =           0.514 seconds

   iteration           ||r||                 zeta
        1       0.35307970615689E-12   109.9994423237398
        5       0.89299655575092E-15    28.6471670038895
       10       0.91181958180690E-15    28.9496695448999
       15       0.90681214750857E-15    28.9716336228371
       20       0.91465153061542E-15    28.9734210663749
       25       0.90961693217672E-15    28.9735863059384
       30       0.90981079388416E-15    28.9736033967631
       35       0.91114025539351E-15    28.9736053266249
       40       0.90596125037550E-15    28.9736055590699
       45       0.91058478476061E-15    28.9736055884128
       50       0.90924731614688E-15    28.9736055922484
       55       0.90380167328130E-15    28.9736055927634
       60       0.90882843846255E-15    28.9736055928340
       65       0.90859515244787E-15    28.9736055928439
       70       0.90103360810898E-15    28.9736055928452
       75       0.90162962392411E-15    28.9736055928455
 Benchmark completed 
 VERIFICATION SUCCESSFUL 
 Zeta is     0.2897360559285E+02
 Error is    0.1630832302753E-13


 CG Benchmark Completed.
 Class           =                        C
 Size            =                   150000
 Iterations      =                       75
 Time in seconds =                     3.50
 Total threads   =                       32
 Avail threads   =                       32
 Mop/s total     =                 40995.39
 Mop/s/thread    =                  1281.11
 Operation type  =           floating point
 Verification    =               SUCCESSFUL
 Version         =                    3.4.3
 Compile date    =              18 Feb 2026

 Compile options:
    FC           = gfortran
    FLINK        = $(FC)
    F_LIB        = -L/dss/dsshome1/09/ga27qam2/llvm-project/bu...
    F_INC        = (none)
    FFLAGS       = -O3 -fopenmp
    FLINKFLAGS   = -O3 -fopenmp
    RAND         = randi8


 Please send all errors/feedbacks to:

 NPB Development Team
 npb@nas.nasa.gov


