OMP: pid 179937 tid 179937 thread 0 bound to OS proc set {56}
OMP: pid 179937 tid 179943 thread 1 bound to OS proc set {60}
OMP: pid 179937 tid 179946 thread 2 bound to OS proc set {64}
OMP: pid 179937 tid 179948 thread 3 bound to OS proc set {68}
OMP: pid 179937 tid 179949 thread 4 bound to OS proc set {72}
OMP: pid 179937 tid 179951 thread 6 bound to OS proc set {80}
OMP: pid 179937 tid 179950 thread 5 bound to OS proc set {76}
OMP: pid 179937 tid 179952 thread 7 bound to OS proc set {84}


 NAS Parallel Benchmarks (NPB3.4-OMP) - CG Benchmark

 Size:      150000
 Iterations:                     75
 Number of available threads:     8

 Initialization time =           1.596 seconds

   iteration           ||r||                 zeta
        1       0.35332065884419E-12   109.9994423237398
        5       0.89246546855048E-15    28.6471670038896
       10       0.91147975498935E-15    28.9496695449001
       15       0.90830923333628E-15    28.9716336228371
       20       0.91415607454981E-15    28.9734210663752
       25       0.90860132846265E-15    28.9735863059386
       30       0.90919392550129E-15    28.9736033967633
       35       0.91130781850250E-15    28.9736053266247
       40       0.90635679123866E-15    28.9736055590700
       45       0.90760840042804E-15    28.9736055884130
       50       0.91005112280385E-15    28.9736055922483
       55       0.90337701508518E-15    28.9736055927634
       60       0.90933874553263E-15    28.9736055928340
       65       0.90504828357541E-15    28.9736055928440
       70       0.90215538228418E-15    28.9736055928452
       75       0.90264191615450E-15    28.9736055928456
 Benchmark completed 
 VERIFICATION SUCCESSFUL 
 Zeta is     0.2897360559285E+02
 Error is    0.2023213007175E-13


 CG Benchmark Completed.
 Class           =                        C
 Size            =                   150000
 Iterations      =                       75
 Time in seconds =                    11.49
 Total threads   =                        8
 Avail threads   =                        8
 Mop/s total     =                 12473.86
 Mop/s/thread    =                  1559.23
 Operation type  =           floating point
 Verification    =               SUCCESSFUL
 Version         =                    3.4.3
 Compile date    =              18 Feb 2026

 Compile options:
    FC           = gfortran
    FLINK        = $(FC)
    F_LIB        = -L/dss/dsshome1/09/ga27qam2/llvm-project/bu...
    F_INC        = (none)
    FFLAGS       = -O3 -fopenmp
    FLINKFLAGS   = -O3 -fopenmp
    RAND         = randi8


 Please send all errors/feedbacks to:

 NPB Development Team
 npb@nas.nasa.gov


