PID: 201119
native_threads_start = 1
OMP: pid 201119 tid 201122 thread 2 bound to OS proc set {0-7}
OMP: pid 201119 tid 201121 thread 1 bound to OS proc set {0-7}
OMP: pid 201119 tid 201119 thread 0 bound to OS proc set {0-7}
OMP: pid 201119 tid 201123 thread 3 bound to OS proc set {0-7}
OMP: pid 201119 tid 201124 thread 4 bound to OS proc set {0-7}
OMP: pid 201119 tid 201127 thread 7 bound to OS proc set {0-7}
OMP: pid 201119 tid 201126 thread 6 bound to OS proc set {0-7}
OMP: pid 201119 tid 201125 thread 5 bound to OS proc set {0-7}
[REGION 1] pthread id: 22597836205376, omp tid: 5/8
[REGION 1] pthread id: 22598238858304, omp tid: 3/8
[REGION 1] pthread id: 22598609861440, omp tid: 1/8
[REGION 1] pthread id: 22598037531840, omp tid: 4/8
[REGION 1] pthread id: 22598613521216, omp tid: 0/8
[REGION 1] pthread id: 22597433552448, omp tid: 7/8
[REGION 1] pthread id: 22597634878912, omp tid: 6/8
[REGION 1] pthread id: 22598408526784, omp tid: 2/8
[REGION 2] pthread id: 22598613521216, omp tid: 0/8
[REGION 2] pthread id: 22598609861440, omp tid: 1/8
[REGION 2] pthread id: 22598238858304, omp tid: 3/8
[REGION 2] pthread id: 22598037531840, omp tid: 4/8
[REGION 2] pthread id: 22597836205376, omp tid: 5/8
[REGION 2] pthread id: 22597433552448, omp tid: 7/8
[REGION 2] pthread id: 22598408526784, omp tid: 2/8
[REGION 2] pthread id: 22597634878912, omp tid: 6/8
native_threads_end = 8
 Iterations      =                        2
 Time in seconds =                     4.04
 Total threads   =                        8
 Avail threads   =                        8
 Mop/s total     =                     0.00
 Mop/s/thread    =                     0.00
 Operation type  =           floating point
done
