PID: 201000
native_threads_start = 1
OMP: pid 201000 tid 201000 thread 0 bound to OS proc set {0-3}
OMP: pid 201000 tid 201001 thread 1 bound to OS proc set {0-3}
OMP: pid 201000 tid 201003 thread 2 bound to OS proc set {0-3}
OMP: pid 201000 tid 201004 thread 3 bound to OS proc set {0-3}
[REGION 1] pthread id: 23294815720256, omp tid: 0/4
[REGION 1] pthread id: 23294812060480, omp tid: 1/4
[REGION 1] pthread id: 23294744943552, omp tid: 2/4
[REGION 1] pthread id: 23294677826624, omp tid: 3/4
OMP: pid 201000 tid 201001 thread 1 bound to OS proc set {0-3}
OMP: pid 201000 tid 201000 thread 0 bound to OS proc set {0-3}
[REGION 2] pthread id: 23294812060480, omp tid: 1/2
[REGION 2] pthread id: 23294815720256, omp tid: 0/2
native_threads_end = 4
 Iterations      =                        2
 Time in seconds =                     4.04
 Total threads   =                        4
 Avail threads   =                        4
 Mop/s total     =                     0.00
 Mop/s/thread    =                     0.00
 Operation type  =           floating point
done
