PID: 201923
native_threads_start = 1
OMP: pid 201923 tid 201923 thread 0 bound to OS proc set {0-63}
OMP: pid 201923 tid 201947 thread 12 bound to OS proc set {0-63}
OMP: pid 201923 tid 201957 thread 16 bound to OS proc set {0-63}
OMP: pid 201923 tid 202023 thread 52 bound to OS proc set {0-63}
OMP: pid 201923 tid 202015 thread 48 bound to OS proc set {0-63}
OMP: pid 201923 tid 201955 thread 15 bound to OS proc set {0-63}
OMP: pid 201923 tid 201929 thread 2 bound to OS proc set {0-63}
OMP: pid 201923 tid 201931 thread 3 bound to OS proc set {0-63}
OMP: pid 201923 tid 201953 thread 14 bound to OS proc set {0-63}
OMP: pid 201923 tid 201962 thread 19 bound to OS proc set {0-63}
OMP: pid 201923 tid 201926 thread 1 bound to OS proc set {0-63}
OMP: pid 201923 tid 202018 thread 50 bound to OS proc set {0-63}
OMP: pid 201923 tid 201950 thread 13 bound to OS proc set {0-63}
OMP: pid 201923 tid 202029 thread 55 bound to OS proc set {0-63}
OMP: pid 201923 tid 201961 thread 18 bound to OS proc set {0-63}
OMP: pid 201923 tid 201975 thread 28 bound to OS proc set {0-63}
OMP: pid 201923 tid 202026 thread 54 bound to OS proc set {0-63}
OMP: pid 201923 tid 201959 thread 17 bound to OS proc set {0-63}
OMP: pid 201923 tid 201933 thread 4 bound to OS proc set {0-63}
OMP: pid 201923 tid 201941 thread 8 bound to OS proc set {0-63}
OMP: pid 201923 tid 201982 thread 31 bound to OS proc set {0-63}
OMP: pid 201923 tid 202038 thread 60 bound to OS proc set {0-63}
OMP: pid 201923 tid 202021 thread 51 bound to OS proc set {0-63}
OMP: pid 201923 tid 202016 thread 49 bound to OS proc set {0-63}
OMP: pid 201923 tid 202041 thread 62 bound to OS proc set {0-63}
OMP: pid 201923 tid 201978 thread 30 bound to OS proc set {0-63}
OMP: pid 201923 tid 202024 thread 53 bound to OS proc set {0-63}
OMP: pid 201923 tid 202037 thread 59 bound to OS proc set {0-63}
OMP: pid 201923 tid 201974 thread 27 bound to OS proc set {0-63}
OMP: pid 201923 tid 201963 thread 20 bound to OS proc set {0-63}
OMP: pid 201923 tid 202031 thread 56 bound to OS proc set {0-63}
OMP: pid 201923 tid 202034 thread 58 bound to OS proc set {0-63}
OMP: pid 201923 tid 201969 thread 24 bound to OS proc set {0-63}
OMP: pid 201923 tid 201983 thread 32 bound to OS proc set {0-63}
OMP: pid 201923 tid 202039 thread 61 bound to OS proc set {0-63}
OMP: pid 201923 tid 201972 thread 26 bound to OS proc set {0-63}
OMP: pid 201923 tid 201966 thread 22 bound to OS proc set {0-63}
OMP: pid 201923 tid 201976 thread 29 bound to OS proc set {0-63}
OMP: pid 201923 tid 201970 thread 25 bound to OS proc set {0-63}
OMP: pid 201923 tid 202032 thread 57 bound to OS proc set {0-63}
OMP: pid 201923 tid 201965 thread 21 bound to OS proc set {0-63}
OMP: pid 201923 tid 201939 thread 7 bound to OS proc set {0-63}
OMP: pid 201923 tid 201946 thread 11 bound to OS proc set {0-63}
OMP: pid 201923 tid 201968 thread 23 bound to OS proc set {0-63}
OMP: pid 201923 tid 202007 thread 44 bound to OS proc set {0-63}
OMP: pid 201923 tid 201937 thread 6 bound to OS proc set {0-63}
OMP: pid 201923 tid 201944 thread 10 bound to OS proc set {0-63}
OMP: pid 201923 tid 201999 thread 40 bound to OS proc set {0-63}
OMP: pid 201923 tid 201935 thread 5 bound to OS proc set {0-63}
OMP: pid 201923 tid 201943 thread 9 bound to OS proc set {0-63}
OMP: pid 201923 tid 201991 thread 36 bound to OS proc set {0-63}
OMP: pid 201923 tid 201990 thread 35 bound to OS proc set {0-63}
OMP: pid 201923 tid 201986 thread 34 bound to OS proc set {0-63}
OMP: pid 201923 tid 201984 thread 33 bound to OS proc set {0-63}
OMP: pid 201923 tid 202014 thread 47 bound to OS proc set {0-63}
OMP: pid 201923 tid 202010 thread 46 bound to OS proc set {0-63}
OMP: pid 201923 tid 202008 thread 45 bound to OS proc set {0-63}
OMP: pid 201923 tid 202006 thread 43 bound to OS proc set {0-63}
OMP: pid 201923 tid 202002 thread 42 bound to OS proc set {0-63}
OMP: pid 201923 tid 202000 thread 41 bound to OS proc set {0-63}
OMP: pid 201923 tid 201998 thread 39 bound to OS proc set {0-63}
OMP: pid 201923 tid 201994 thread 38 bound to OS proc set {0-63}
OMP: pid 201923 tid 201992 thread 37 bound to OS proc set {0-63}
OMP: pid 201923 tid 202044 thread 63 bound to OS proc set {0-63}
[REGION 1] pthread id: 22655080032576, omp tid: 61/64
[REGION 1] pthread id: 22655214282816, omp tid: 59/64
[REGION 1] pthread id: 22661790954816, omp tid: 21/64
[REGION 1] pthread id: 22664945069248, omp tid: 4/64
[REGION 1] pthread id: 22655147157696, omp tid: 60/64
[REGION 1] pthread id: 22663267348800, omp tid: 13/64
[REGION 1] pthread id: 22657093309248, omp tid: 49/64
[REGION 1] pthread id: 22656422221120, omp tid: 53/64
[REGION 1] pthread id: 22665527708480, omp tid: 1/64
[REGION 1] pthread id: 22660247448000, omp tid: 30/64
[REGION 1] pthread id: 22665347722176, omp tid: 2/64
[REGION 1] pthread id: 22656556463168, omp tid: 51/64
[REGION 1] pthread id: 22665146395712, omp tid: 3/64
[REGION 1] pthread id: 22662462042944, omp tid: 17/64
[REGION 1] pthread id: 22660448749888, omp tid: 29/64
[REGION 1] pthread id: 22662663369408, omp tid: 16/64
[REGION 1] pthread id: 22659844782784, omp tid: 32/64
[REGION 1] pthread id: 22656489342144, omp tid: 52/64
[REGION 1] pthread id: 22658502606528, omp tid: 40/64
[REGION 1] pthread id: 22661455410624, omp tid: 22/64
[REGION 1] pthread id: 22659911903808, omp tid: 31/64
[REGION 1] pthread id: 22664139763392, omp tid: 8/64
[REGION 1] pthread id: 22655549827008, omp tid: 58/64
[REGION 1] pthread id: 22661321176768, omp tid: 24/64
[REGION 1] pthread id: 22665531368256, omp tid: 0/64
[REGION 1] pthread id: 22660918536128, omp tid: 26/64
[REGION 1] pthread id: 22655818254016, omp tid: 56/64
[REGION 1] pthread id: 22662059381824, omp tid: 19/64
[REGION 1] pthread id: 22661992264896, omp tid: 20/64
[REGION 1] pthread id: 22660582991936, omp tid: 27/64
[REGION 1] pthread id: 22655751128896, omp tid: 57/64
[REGION 1] pthread id: 22656220919232, omp tid: 54/64
[REGION 1] pthread id: 22656892007360, omp tid: 50/64
[REGION 1] pthread id: 22655885375040, omp tid: 55/64
[REGION 1] pthread id: 22659173694656, omp tid: 36/64
[REGION 1] pthread id: 22654543194688, omp tid: 63/64
[REGION 1] pthread id: 22660515870912, omp tid: 28/64
[REGION 1] pthread id: 22654878738880, omp tid: 62/64
[REGION 1] pthread id: 22661388293696, omp tid: 23/64
[REGION 1] pthread id: 22663468667072, omp tid: 12/64
[REGION 1] pthread id: 22663066022336, omp tid: 14/64
[REGION 1] pthread id: 22661119862592, omp tid: 25/64
[REGION 1] pthread id: 22657160430272, omp tid: 48/64
[REGION 1] pthread id: 22662260716480, omp tid: 18/64
[REGION 1] pthread id: 22662864695872, omp tid: 15/64
[REGION 1] pthread id: 22663938436928, omp tid: 9/64
[REGION 1] pthread id: 22664743742784, omp tid: 5/64
[REGION 1] pthread id: 22659576359872, omp tid: 34/64
[REGION 1] pthread id: 22659240815680, omp tid: 35/64
[REGION 1] pthread id: 22658905271744, omp tid: 38/64
[REGION 1] pthread id: 22664341089856, omp tid: 7/64
[REGION 1] pthread id: 22658569727552, omp tid: 39/64
[REGION 1] pthread id: 22663871320000, omp tid: 10/64
[REGION 1] pthread id: 22659777661760, omp tid: 33/64
[REGION 1] pthread id: 22663535784000, omp tid: 11/64
[REGION 1] pthread id: 22658234183616, omp tid: 42/64
[REGION 1] pthread id: 22664542416320, omp tid: 6/64
[REGION 1] pthread id: 22657831518400, omp tid: 44/64
[REGION 1] pthread id: 22657227551296, omp tid: 47/64
[REGION 1] pthread id: 22658435485504, omp tid: 41/64
[REGION 1] pthread id: 22659106573632, omp tid: 37/64
[REGION 1] pthread id: 22657898639424, omp tid: 43/64
[REGION 1] pthread id: 22657563095488, omp tid: 46/64
[REGION 1] pthread id: 22657764397376, omp tid: 45/64
OMP: pid 201923 tid 201959 thread 17 bound to OS proc set {0-63}
OMP: pid 201923 tid 201962 thread 19 bound to OS proc set {0-63}
[REGION 2] pthread id: 22662059381824, omp tid: 19/32
OMP: pid 201923 tid 201982 thread 31 bound to OS proc set {0-63}
[REGION 2] pthread id: 22659911903808, omp tid: 31/32
OMP: pid 201923 tid 201957 thread 16 bound to OS proc set {0-63}
[REGION 2] pthread id: 22662663369408, omp tid: 16/32
[REGION 2] pthread id: 22662462042944, omp tid: 17/32
OMP: pid 201923 tid 201963 thread 20 bound to OS proc set {0-63}
OMP: pid 201923 tid 201975 thread 28 bound to OS proc set {0-63}
[REGION 2] pthread id: 22661992264896, omp tid: 20/32
OMP: pid 201923 tid 201966 thread 22 bound to OS proc set {0-63}
OMP: pid 201923 tid 201968 thread 23 bound to OS proc set {0-63}
[REGION 2] pthread id: 22661455410624, omp tid: 22/32
[REGION 2] pthread id: 22661388293696, omp tid: 23/32
OMP: pid 201923 tid 201978 thread 30 bound to OS proc set {0-63}
[REGION 2] pthread id: 22660247448000, omp tid: 30/32
[REGION 2] pthread id: 22660515870912, omp tid: 28/32
OMP: pid 201923 tid 201941 thread 8 bound to OS proc set {0-63}
[REGION 2] pthread id: 22664139763392, omp tid: 8/32
OMP: pid 201923 tid 201923 thread 0 bound to OS proc set {0-63}
OMP: pid 201923 tid 201969 thread 24 bound to OS proc set {0-63}
[REGION 2] pthread id: 22665531368256, omp tid: 0/32
[REGION 2] pthread id: 22661321176768, omp tid: 24/32
OMP: pid 201923 tid 201926 thread 1 bound to OS proc set {0-63}
OMP: pid 201923 tid 201972 thread 26 bound to OS proc set {0-63}
OMP: pid 201923 tid 201970 thread 25 bound to OS proc set {0-63}
[REGION 2] pthread id: 22661119862592, omp tid: 25/32
[REGION 2] pthread id: 22660918536128, omp tid: 26/32
OMP: pid 201923 tid 201929 thread 2 bound to OS proc set {0-63}
[REGION 2] pthread id: 22665347722176, omp tid: 2/32
[REGION 2] pthread id: 22665527708480, omp tid: 1/32
OMP: pid 201923 tid 201965 thread 21 bound to OS proc set {0-63}
OMP: pid 201923 tid 201947 thread 12 bound to OS proc set {0-63}
[REGION 2] pthread id: 22663468667072, omp tid: 12/32
[REGION 2] pthread id: 22661790954816, omp tid: 21/32
OMP: pid 201923 tid 201933 thread 4 bound to OS proc set {0-63}
[REGION 2] pthread id: 22664945069248, omp tid: 4/32
OMP: pid 201923 tid 201943 thread 9 bound to OS proc set {0-63}
[REGION 2] pthread id: 22663938436928, omp tid: 9/32
OMP: pid 201923 tid 201935 thread 5 bound to OS proc set {0-63}
[REGION 2] pthread id: 22664743742784, omp tid: 5/32
OMP: pid 201923 tid 201944 thread 10 bound to OS proc set {0-63}
[REGION 2] pthread id: 22663871320000, omp tid: 10/32
OMP: pid 201923 tid 201946 thread 11 bound to OS proc set {0-63}
[REGION 2] pthread id: 22663535784000, omp tid: 11/32
OMP: pid 201923 tid 201939 thread 7 bound to OS proc set {0-63}
[REGION 2] pthread id: 22664341089856, omp tid: 7/32
OMP: pid 201923 tid 201937 thread 6 bound to OS proc set {0-63}
[REGION 2] pthread id: 22664542416320, omp tid: 6/32
OMP: pid 201923 tid 201961 thread 18 bound to OS proc set {0-63}
[REGION 2] pthread id: 22662260716480, omp tid: 18/32
OMP: pid 201923 tid 201950 thread 13 bound to OS proc set {0-63}
[REGION 2] pthread id: 22663267348800, omp tid: 13/32
OMP: pid 201923 tid 201955 thread 15 bound to OS proc set {0-63}
[REGION 2] pthread id: 22662864695872, omp tid: 15/32
OMP: pid 201923 tid 201974 thread 27 bound to OS proc set {0-63}
[REGION 2] pthread id: 22660582991936, omp tid: 27/32
OMP: pid 201923 tid 201953 thread 14 bound to OS proc set {0-63}
[REGION 2] pthread id: 22663066022336, omp tid: 14/32
OMP: pid 201923 tid 201931 thread 3 bound to OS proc set {0-63}
OMP: pid 201923 tid 201976 thread 29 bound to OS proc set {0-63}
[REGION 2] pthread id: 22665146395712, omp tid: 3/32
[REGION 2] pthread id: 22660448749888, omp tid: 29/32
native_threads_end = 64
 Iterations      =                        2
 Time in seconds =                     4.17
 Total threads   =                       64
 Avail threads   =                       64
 Mop/s total     =                     0.00
 Mop/s/thread    =                     0.00
 Operation type  =           floating point
done
