PID: 201120
native_threads_start = 1
OMP: pid 201120 tid 201120 thread 0 bound to OS proc set {0-7}
OMP: pid 201120 tid 201128 thread 1 bound to OS proc set {0-7}
OMP: pid 201120 tid 201129 thread 2 bound to OS proc set {0-7}
OMP: pid 201120 tid 201131 thread 4 bound to OS proc set {0-7}
OMP: pid 201120 tid 201134 thread 7 bound to OS proc set {0-7}
OMP: pid 201120 tid 201133 thread 6 bound to OS proc set {0-7}
OMP: pid 201120 tid 201132 thread 5 bound to OS proc set {0-7}
OMP: pid 201120 tid 201130 thread 3 bound to OS proc set {0-7}
[REGION 1] pthread id: 23440044159808, omp tid: 0/8
[REGION 1] pthread id: 23439973383104, omp tid: 2/8
[REGION 1] pthread id: 23439716895936, omp tid: 4/8
[REGION 1] pthread id: 23439515545152, omp tid: 7/8
[REGION 1] pthread id: 23439582662080, omp tid: 6/8
[REGION 1] pthread id: 23439649779008, omp tid: 5/8
[REGION 1] pthread id: 23440040500032, omp tid: 1/8
[REGION 1] pthread id: 23439784012864, omp tid: 3/8
[REGION 2] pthread id: 23439784012864, omp tid: 3/8
[REGION 2] pthread id: 23440044159808, omp tid: 0/8
[REGION 2] pthread id: 23439973383104, omp tid: 2/8
[REGION 2] pthread id: 23440040500032, omp tid: 1/8
[REGION 2] pthread id: 23439716895936, omp tid: 4/8
[REGION 2] pthread id: 23439515545152, omp tid: 7/8
[REGION 2] pthread id: 23439582662080, omp tid: 6/8
[REGION 2] pthread id: 23439649779008, omp tid: 5/8
native_threads_end = 8
 Iterations      =                        2
 Time in seconds =                     4.10
 Total threads   =                        8
 Avail threads   =                        8
 Mop/s total     =                     0.00
 Mop/s/thread    =                     0.00
 Operation type  =           floating point
done
