OMP: pid 46987 tid 47056 thread 16 bound to OS proc set {1-32}
OMP: pid 46987 tid 47004 thread 4 bound to OS proc set {1-32}
OMP: pid 46987 tid 47065 thread 18 bound to OS proc set {1-32}
OMP: pid 46987 tid 47019 thread 8 bound to OS proc set {1-32}
OMP: pid 46987 tid 47052 thread 15 bound to OS proc set {1-32}
OMP: pid 46987 tid 47011 thread 6 bound to OS proc set {1-32}
OMP: pid 46987 tid 47031 thread 11 bound to OS proc set {1-32}
OMP: pid 46987 tid 47015 thread 7 bound to OS proc set {1-32}
OMP: pid 46987 tid 47036 thread 12 bound to OS proc set {1-32}
OMP: pid 46987 tid 47008 thread 5 bound to OS proc set {1-32}
OMP: pid 46987 tid 47028 thread 10 bound to OS proc set {1-32}
OMP: pid 46987 tid 47039 thread 13 bound to OS proc set {1-32}
OMP: pid 46987 tid 47109 thread 30 bound to OS proc set {1-32}
OMP: pid 46987 tid 47102 thread 28 bound to OS proc set {1-32}
OMP: pid 46987 tid 47060 thread 17 bound to OS proc set {1-32}
OMP: pid 46987 tid 47046 thread 14 bound to OS proc set {1-32}
OMP: pid 46987 tid 47023 thread 9 bound to OS proc set {1-32}
OMP: pid 46987 tid 47087 thread 23 bound to OS proc set {1-32}
OMP: pid 46987 tid 47069 thread 19 bound to OS proc set {1-32}
OMP: pid 46987 tid 47091 thread 24 bound to OS proc set {1-32}
OMP: pid 46987 tid 47078 thread 21 bound to OS proc set {1-32}
OMP: pid 46987 tid 47073 thread 20 bound to OS proc set {1-32}
OMP: pid 46987 tid 47100 thread 27 bound to OS proc set {1-32}
OMP: pid 46987 tid 47094 thread 25 bound to OS proc set {1-32}
OMP: pid 46987 tid 47083 thread 22 bound to OS proc set {1-32}
OMP: pid 46987 tid 47098 thread 26 bound to OS proc set {1-32}
OMP: pid 46987 tid 46987 thread 0 bound to OS proc set {1-32}
OMP: pid 46987 tid 47001 thread 3 bound to OS proc set {1-32}
OMP: pid 46987 tid 46997 thread 2 bound to OS proc set {1-32}
OMP: pid 46987 tid 46994 thread 1 bound to OS proc set {1-32}
OMP: pid 46987 tid 47105 thread 29 bound to OS proc set {1-32}
OMP: pid 46987 tid 47111 thread 31 bound to OS proc set {1-32}


 NAS Parallel Benchmarks (NPB3.4-OMP) - EP Benchmark

 Number of random numbers generated:      8589934592
 Number of available threads:                     32

EP Benchmark Results:

CPU Time =     3.180
N = 2^   32
No. Gaussian Pairs =    3373275903.
Sums =     2.691444083863086D+09    2.691519118724447D+09
Counts:
  0    1572172634.
  1    1501108549.
  2     281805648.
  3      17761221.
  4        424017.
  5          3821.
  6            13.
  7             0.
  8             0.
  9             0.


 EP Benchmark Completed.
 Class           =                        C
 Size            =               8589934592
 Iterations      =                        0
 Time in seconds =                     3.18
 Total threads   =                       32
 Avail threads   =                       32
 Mop/s total     =                  2701.04
 Mop/s/thread    =                    84.41
 Operation type  = Random numbers generated
 Verification    =               SUCCESSFUL
 Version         =                    3.4.3
 Compile date    =              18 Feb 2026

 Compile options:
    FC           = gfortran
    FLINK        = $(FC)
    F_LIB        = -L/dss/dsshome1/09/ga27qam2/llvm-project/bu...
    F_INC        = (none)
    FFLAGS       = -O3 -fopenmp
    FLINKFLAGS   = -O3 -fopenmp
    RAND         = randi8


 Please send all errors/feedbacks to:

 NPB Development Team
 npb@nas.nasa.gov


