

 NAS Parallel Benchmarks (NPB3.4-OMP) - CG Benchmark

 Size:      150000
 Iterations:                     75
 Number of available threads:    32

 Initialization time =           0.474 seconds

   iteration           ||r||                 zeta
        1       0.35322167333908E-12   109.9994423237398
        5       0.89292681290327E-15    28.6471670038895
       10       0.91166387815822E-15    28.9496695448999
       15       0.90686463532863E-15    28.9716336228371
       20       0.91460116572892E-15    28.9734210663749
       25       0.90808754476529E-15    28.9735863059384
       30       0.90947792946401E-15    28.9736033967631
       35       0.90922215951525E-15    28.9736053266250
       40       0.90689970828674E-15    28.9736055590699
       45       0.91064699259249E-15    28.9736055884128
       50       0.90878123397527E-15    28.9736055922484
       55       0.90267111325246E-15    28.9736055927634
       60       0.90825391859186E-15    28.9736055928340
       65       0.90684272128174E-15    28.9736055928439
       70       0.90111462583356E-15    28.9736055928453
       75       0.90148995970004E-15    28.9736055928455
 Benchmark completed 
 VERIFICATION SUCCESSFUL 
 Zeta is     0.2897360559285E+02
 Error is    0.1777975066912E-13


 CG Benchmark Completed.
 Class           =                        C
 Size            =                   150000
 Iterations      =                       75
 Time in seconds =                     4.03
 Total threads   =                       32
 Avail threads   =                       32
 Mop/s total     =                 35594.67
 Mop/s/thread    =                  1112.33
 Operation type  =           floating point
 Verification    =               SUCCESSFUL
 Version         =                    3.4.3
 Compile date    =              03 Sep 2026

 Compile options:
    FC           = gfortran
    FLINK        = $(FC)
    F_LIB        = -L$(LLVM_BUILD)/lib -lomp
    F_INC        = (none)
    FFLAGS       = -O3 -fopenmp
    FLINKFLAGS   = -O3 -fopenmp
    RAND         = randi8


 Please send all errors/feedbacks to:

 NPB Development Team
 npb@nas.nasa.gov


