[DRM-pin] pid=106082 tid=106087 assigned=3-4 running_on=4
[DRM-pin] pid=106082 tid=106087 assigned=1-4 running_on=3
[DRM-pin] pid=106082 tid=106090 assigned=1-4 running_on=1
[DRM-pin] pid=106082 tid=106089 assigned=1-4 running_on=2


 NAS Parallel Benchmarks (NPB3.4-OMP) - CG Benchmark

 Size:      150000
 Iterations:                     75
 Number of available threads:     4

 Initialization time =           3.084 seconds

   iteration           ||r||                 zeta
        1       0.35328997525708E-12   109.9994423237398
        5       0.89282987735822E-15    28.6471670038894
       10       0.91200513311887E-15    28.9496695449003
       15       0.90689024135054E-15    28.9716336228371
       20       0.91585803232050E-15    28.9734210663747
       25       0.90986991402164E-15    28.9735863059382
       30       0.91112646374108E-15    28.9736033967627
       35       0.90991961992916E-15    28.9736053266246
       40       0.90744456501697E-15    28.9736055590700
       45       0.91120816075560E-15    28.9736055884132
       50       0.90903783475521E-15    28.9736055922485
       55       0.90355200237589E-15    28.9736055927632
       60       0.90823246557826E-15    28.9736055928339
       65       0.90492782669269E-15    28.9736055928440
       70       0.90271271194098E-15    28.9736055928455
       75       0.90013497547704E-15    28.9736055928458
 Benchmark completed 
 VERIFICATION SUCCESSFUL 
 Zeta is     0.2897360559285E+02
 Error is    0.2758926827966E-13


 CG Benchmark Completed.
 Class           =                        C
 Size            =                   150000
 Iterations      =                       75
 Time in seconds =                    24.23
 Total threads   =                        4
 Avail threads   =                        4
 Mop/s total     =                  5915.43
 Mop/s/thread    =                  1478.86
 Operation type  =           floating point
 Verification    =               SUCCESSFUL
 Version         =                    3.4.3
 Compile date    =              03 Sep 2026

 Compile options:
    FC           = gfortran
    FLINK        = $(FC)
    F_LIB        = -L$(LLVM_BUILD)/lib -lomp
    F_INC        = (none)
    FFLAGS       = -O3 -fopenmp
    FLINKFLAGS   = -O3 -fopenmp
    RAND         = randi8


 Please send all errors/feedbacks to:

 NPB Development Team
 npb@nas.nasa.gov


