

 NAS Parallel Benchmarks (NPB3.4-OMP) - CG Benchmark

 Size:      150000
 Iterations:                     75
 Number of available threads:    16

 Initialization time =           0.777 seconds

   iteration           ||r||                 zeta
        1       0.35305095674347E-12   109.9994423237398
        5       0.89230195804307E-15    28.6471670038896
       10       0.91202429259434E-15    28.9496695449000
       15       0.90631890345893E-15    28.9716336228373
       20       0.91482255798854E-15    28.9734210663750
       25       0.90929408720067E-15    28.9735863059385
       30       0.90813666745432E-15    28.9736033967630
       35       0.91018455804197E-15    28.9736053266249
       40       0.90577730835423E-15    28.9736055590700
       45       0.91127839141761E-15    28.9736055884129
       50       0.90927526611106E-15    28.9736055922483
       55       0.90412772437429E-15    28.9736055927636
       60       0.90883499040553E-15    28.9736055928341
       65       0.90761721675410E-15    28.9736055928438
       70       0.90149527041252E-15    28.9736055928452
       75       0.90088059493687E-15    28.9736055928455
 Benchmark completed 
 VERIFICATION SUCCESSFUL 
 Zeta is     0.2897360559285E+02
 Error is    0.1581784714701E-13


 CG Benchmark Completed.
 Class           =                        C
 Size            =                   150000
 Iterations      =                       75
 Time in seconds =                     6.36
 Total threads   =                       16
 Avail threads   =                       16
 Mop/s total     =                 22527.60
 Mop/s/thread    =                  1407.98
 Operation type  =           floating point
 Verification    =               SUCCESSFUL
 Version         =                    3.4.3
 Compile date    =              03 Sep 2026

 Compile options:
    FC           = gfortran
    FLINK        = $(FC)
    F_LIB        = -L$(LLVM_BUILD)/lib -lomp
    F_INC        = (none)
    FFLAGS       = -O3 -fopenmp
    FLINKFLAGS   = -O3 -fopenmp
    RAND         = randi8


 Please send all errors/feedbacks to:

 NPB Development Team
 npb@nas.nasa.gov


