[DRM-pin] pid=113069 tid=113094 assigned=17-32 running_on=17
[DRM-pin] pid=113069 tid=113101 assigned=17-32 running_on=22
[DRM-pin] pid=113069 tid=113099 assigned=17-32 running_on=19
[DRM-pin] pid=113069 tid=113095 assigned=17-32 running_on=18
[DRM-pin] pid=113069 tid=113107 assigned=17-32 running_on=24
[DRM-pin] pid=113069 tid=113100 assigned=17-32 running_on=21
[DRM-pin] pid=113069 tid=113103 assigned=17-32 running_on=23
[DRM-pin] pid=113069 tid=113092 assigned=17-32 running_on=18
[DRM-pin] pid=113069 tid=113089 assigned=17-32 running_on=21
[DRM-pin] pid=113069 tid=113082 assigned=17-32 running_on=19
[DRM-pin] pid=113069 tid=113075 assigned=17-32 running_on=23
[DRM-pin] pid=113069 tid=113085 assigned=17-32 running_on=24
[DRM-pin] pid=113069 tid=113078 assigned=17-32 running_on=22
[DRM-pin] pid=113069 tid=113086 assigned=17-32 running_on=18
[DRM-pin] pid=113069 tid=113080 assigned=17-32 running_on=21
[DRM-pin] pid=113069 tid=113080 assigned=1-32 running_on=19
[DRM-pin] pid=113069 tid=113089 assigned=1-32 running_on=21
[DRM-pin] pid=113069 tid=113107 assigned=1-32 running_on=31
[DRM-pin] pid=113069 tid=113125 assigned=1-32 running_on=3
[DRM-pin] pid=113069 tid=113132 assigned=1-32 running_on=9
[DRM-pin] pid=113069 tid=113075 assigned=1-32 running_on=23
[DRM-pin] pid=113069 tid=113099 assigned=1-32 running_on=28
[DRM-pin] pid=113069 tid=113092 assigned=1-32 running_on=25
[DRM-pin] pid=113069 tid=113103 assigned=1-32 running_on=18
[DRM-pin] pid=113069 tid=113086 assigned=1-32 running_on=29
[DRM-pin] pid=113069 tid=113095 assigned=1-32 running_on=30
[DRM-pin] pid=113069 tid=113101 assigned=1-32 running_on=22
[DRM-pin] pid=113069 tid=113078 assigned=1-32 running_on=27
[DRM-pin] pid=113069 tid=113094 assigned=1-32 running_on=17
[DRM-pin] pid=113069 tid=113085 assigned=1-32 running_on=24
[DRM-pin] pid=113069 tid=113115 assigned=1-32 running_on=28
[DRM-pin] pid=113069 tid=113111 assigned=1-32 running_on=27
[DRM-pin] pid=113069 tid=113117 assigned=1-32 running_on=29
[DRM-pin] pid=113069 tid=113100 assigned=1-32 running_on=20
[DRM-pin] pid=113069 tid=113129 assigned=1-32 running_on=9
[DRM-pin] pid=113069 tid=113128 assigned=1-32 running_on=6
[DRM-pin] pid=113069 tid=113109 assigned=1-32 running_on=26
[DRM-pin] pid=113069 tid=113108 assigned=1-32 running_on=1
[DRM-pin] pid=113069 tid=113118 assigned=1-32 running_on=30
[DRM-pin] pid=113069 tid=113123 assigned=1-32 running_on=28
[DRM-pin] pid=113069 tid=113120 assigned=1-32 running_on=4
[DRM-pin] pid=113069 tid=113126 assigned=1-32 running_on=7
[DRM-pin] pid=113069 tid=113082 assigned=1-32 running_on=26
[DRM-pin] pid=113069 tid=113133 assigned=1-32 running_on=30
[DRM-pin] pid=113069 tid=113131 assigned=1-32 running_on=20
[DRM-pin] pid=113069 tid=113130 assigned=1-32 running_on=5


 NAS Parallel Benchmarks (NPB3.4-OMP) - CG Benchmark

 Size:      150000
 Iterations:                     75
 Number of available threads:    32

 Initialization time =           0.647 seconds

   iteration           ||r||                 zeta
        1       0.35313196230172E-12   109.9994423237398
        5       0.89271161964727E-15    28.6471670038896
       10       0.91222650105427E-15    28.9496695449000
       15       0.90702819601133E-15    28.9716336228373
       20       0.91409111605028E-15    28.9734210663750
       25       0.91014890737377E-15    28.9735863059385
       30       0.90966276310853E-15    28.9736033967631
       35       0.90957441948996E-15    28.9736053266249
       40       0.90713477514785E-15    28.9736055590699
       45       0.91108446218055E-15    28.9736055884128
       50       0.91031268744292E-15    28.9736055922484
       55       0.90182279163296E-15    28.9736055927634
       60       0.90881052647853E-15    28.9736055928340
       65       0.90656198878929E-15    28.9736055928439
       70       0.90067064727534E-15    28.9736055928453
       75       0.90198554916152E-15    28.9736055928455
 Benchmark completed 
 VERIFICATION SUCCESSFUL 
 Zeta is     0.2897360559285E+02
 Error is    0.1679879890806E-13


 CG Benchmark Completed.
 Class           =                        C
 Size            =                   150000
 Iterations      =                       75
 Time in seconds =                     4.78
 Total threads   =                       32
 Avail threads   =                       32
 Mop/s total     =                 30006.91
 Mop/s/thread    =                   937.72
 Operation type  =           floating point
 Verification    =               SUCCESSFUL
 Version         =                    3.4.3
 Compile date    =              03 Sep 2026

 Compile options:
    FC           = gfortran
    FLINK        = $(FC)
    F_LIB        = -L$(LLVM_BUILD)/lib -lomp
    F_INC        = (none)
    FFLAGS       = -O3 -fopenmp
    FLINKFLAGS   = -O3 -fopenmp
    RAND         = randi8


 Please send all errors/feedbacks to:

 NPB Development Team
 npb@nas.nasa.gov


