[DRM-pin] pid=110289 tid=110294 assigned=9-16 running_on=12
[DRM-pin] pid=110289 tid=110292 assigned=9-16 running_on=9
[DRM-pin] pid=110289 tid=110296 assigned=9-16 running_on=15
[DRM-pin] pid=110289 tid=110293 assigned=9-16 running_on=11
[DRM-pin] pid=110289 tid=110297 assigned=9-16 running_on=9
[DRM-pin] pid=110289 tid=110298 assigned=9-16 running_on=10
[DRM-pin] pid=110289 tid=110295 assigned=9-16 running_on=13
[DRM-pin] pid=110289 tid=110293 assigned=1-16 running_on=11
[DRM-pin] pid=110289 tid=110292 assigned=1-16 running_on=9
[DRM-pin] pid=110289 tid=110295 assigned=1-16 running_on=13
[DRM-pin] pid=110289 tid=110297 assigned=1-16 running_on=14
[DRM-pin] pid=110289 tid=110294 assigned=1-16 running_on=12
[DRM-pin] pid=110289 tid=110296 assigned=1-16 running_on=15
[DRM-pin] pid=110289 tid=110298 assigned=1-16 running_on=10
[DRM-pin] pid=110289 tid=110303 assigned=1-16 running_on=7
[DRM-pin] pid=110289 tid=110299 assigned=1-16 running_on=4
[DRM-pin] pid=110289 tid=110301 assigned=1-16 running_on=3
[DRM-pin] pid=110289 tid=110304 assigned=1-16 running_on=6
[DRM-pin] pid=110289 tid=110306 assigned=1-16 running_on=1
[DRM-pin] pid=110289 tid=110302 assigned=1-16 running_on=5
[DRM-pin] pid=110289 tid=110300 assigned=1-16 running_on=8
[DRM-pin] pid=110289 tid=110305 assigned=1-16 running_on=2


 NAS Parallel Benchmarks (NPB3.4-OMP) - CG Benchmark

 Size:      150000
 Iterations:                     75
 Number of available threads:    16

 Initialization time =           0.939 seconds

   iteration           ||r||                 zeta
        1       0.35329229537130E-12   109.9994423237398
        5       0.89272860579658E-15    28.6471670038896
       10       0.91172887260424E-15    28.9496695449000
       15       0.90770073225061E-15    28.9716336228373
       20       0.91471906527784E-15    28.9734210663750
       25       0.90962198544400E-15    28.9735863059385
       30       0.90908451031373E-15    28.9736033967630
       35       0.91126942346948E-15    28.9736053266248
       40       0.90564000520661E-15    28.9736055590700
       45       0.90987133232481E-15    28.9736055884129
       50       0.91082188868243E-15    28.9736055922482
       55       0.90441864323631E-15    28.9736055927635
       60       0.90869574680406E-15    28.9736055928341
       65       0.90775612238488E-15    28.9736055928438
       70       0.90226410366988E-15    28.9736055928452
       75       0.90210718238367E-15    28.9736055928455
 Benchmark completed 
 VERIFICATION SUCCESSFUL 
 Zeta is     0.2897360559285E+02
 Error is    0.1581784714701E-13


 CG Benchmark Completed.
 Class           =                        C
 Size            =                   150000
 Iterations      =                       75
 Time in seconds =                     7.26
 Total threads   =                       16
 Avail threads   =                       16
 Mop/s total     =                 19750.88
 Mop/s/thread    =                  1234.43
 Operation type  =           floating point
 Verification    =               SUCCESSFUL
 Version         =                    3.4.3
 Compile date    =              03 Sep 2026

 Compile options:
    FC           = gfortran
    FLINK        = $(FC)
    F_LIB        = -L$(LLVM_BUILD)/lib -lomp
    F_INC        = (none)
    FFLAGS       = -O3 -fopenmp
    FLINKFLAGS   = -O3 -fopenmp
    RAND         = randi8


 Please send all errors/feedbacks to:

 NPB Development Team
 npb@nas.nasa.gov


