

 NAS Parallel Benchmarks (NPB3.4-OMP) - CG Benchmark

 Size:      150000
 Iterations:                     75
 Number of available threads:     4

 Initialization time =           2.794 seconds

   iteration           ||r||                 zeta
        1       0.35328997525708E-12   109.9994423237398
        5       0.89231054727254E-15    28.6471670038893
       10       0.91244478297407E-15    28.9496695449003
       15       0.90781024462095E-15    28.9716336228371
       20       0.91478443054187E-15    28.9734210663747
       25       0.90779327117190E-15    28.9735863059382
       30       0.91012054308375E-15    28.9736033967627
       35       0.91145452092947E-15    28.9736053266246
       40       0.90765910274535E-15    28.9736055590700
       45       0.91173614061543E-15    28.9736055884132
       50       0.90960941259811E-15    28.9736055922485
       55       0.90333619685146E-15    28.9736055927632
       60       0.90872391666126E-15    28.9736055928339
       65       0.90475920623711E-15    28.9736055928440
       70       0.90235240865062E-15    28.9736055928455
       75       0.90141047049139E-15    28.9736055928458
 Benchmark completed 
 VERIFICATION SUCCESSFUL 
 Zeta is     0.2897360559285E+02
 Error is    0.2758926827966E-13


 CG Benchmark Completed.
 Class           =                        C
 Size            =                   150000
 Iterations      =                       75
 Time in seconds =                    25.04
 Total threads   =                        4
 Avail threads   =                        4
 Mop/s total     =                  5725.65
 Mop/s/thread    =                  1431.41
 Operation type  =           floating point
 Verification    =               SUCCESSFUL
 Version         =                    3.4.3
 Compile date    =              03 Sep 2026

 Compile options:
    FC           = gfortran
    FLINK        = $(FC)
    F_LIB        = -L$(LLVM_BUILD)/lib -lomp
    F_INC        = (none)
    FFLAGS       = -O3 -fopenmp
    FLINKFLAGS   = -O3 -fopenmp
    RAND         = randi8


 Please send all errors/feedbacks to:

 NPB Development Team
 npb@nas.nasa.gov


