PID: 200564
native_threads_start = 1
[SEQ region 1] requested=16 native_threads_before=1
OMP: pid 200564 tid 200578 thread 14 bound to OS proc set {0-15}
OMP: pid 200564 tid 200565 thread 1 bound to OS proc set {0-15}
OMP: pid 200564 tid 200564 thread 0 bound to OS proc set {0-15}
OMP: pid 200564 tid 200572 thread 8 bound to OS proc set {0-15}
OMP: pid 200564 tid 200579 thread 15 bound to OS proc set {0-15}
OMP: pid 200564 tid 200566 thread 2 bound to OS proc set {0-15}
OMP: pid 200564 tid 200576 thread 12 bound to OS proc set {0-15}
OMP: pid 200564 tid 200575 thread 11 bound to OS proc set {0-15}
OMP: pid 200564 tid 200568 thread 4 bound to OS proc set {0-15}
OMP: pid 200564 tid 200567 thread 3 bound to OS proc set {0-15}
OMP: pid 200564 tid 200569 thread 5 bound to OS proc set {0-15}
OMP: pid 200564 tid 200571 thread 7 bound to OS proc set {0-15}
OMP: pid 200564 tid 200574 thread 10 bound to OS proc set {0-15}
OMP: pid 200564 tid 200577 thread 13 bound to OS proc set {0-15}
OMP: pid 200564 tid 200570 thread 6 bound to OS proc set {0-15}
OMP: pid 200564 tid 200573 thread 9 bound to OS proc set {0-15}
[SEQ region 1] omp_tid=5/16 pthread=22658569727296 os_tid=200569
[SEQ region 1] omp_tid=12/16 pthread=22657160442048 os_tid=200576
[SEQ region 1] omp_tid=14/16 pthread=22657026208192 os_tid=200578
[SEQ region 1] omp_tid=15/16 pthread=22656690680384 os_tid=200579
[SEQ region 1] omp_tid=7/16 pthread=22658167074368 os_tid=200571
[SEQ region 1] omp_tid=11/16 pthread=22657495986240 os_tid=200575
[SEQ region 1] omp_tid=9/16 pthread=22657764421440 os_tid=200573
[SEQ region 1] omp_tid=3/16 pthread=22658972380224 os_tid=200567
[SEQ region 1] omp_tid=2/16 pthread=22659173706688 os_tid=200566
[SEQ region 1] omp_tid=13/16 pthread=22657093325120 os_tid=200577
[SEQ region 1] omp_tid=10/16 pthread=22657697304512 os_tid=200574
[SEQ region 1] omp_tid=4/16 pthread=22658771053760 os_tid=200568
[SEQ region 1] omp_tid=0/16 pthread=22659329098560 os_tid=200564
[SEQ region 1] omp_tid=8/16 pthread=22657965747904 os_tid=200572
[SEQ region 1] omp_tid=1/16 pthread=22659325438784 os_tid=200565
[SEQ region 1] omp_tid=6/16 pthread=22658368400832 os_tid=200570
[SEQ region 1] team_size=16 native_threads_after=16
[SEQ region 2] requested=4 native_threads_before=16
OMP: pid 200564 tid 200564 thread 0 bound to OS proc set {0-15}
OMP: pid 200564 tid 200566 thread 2 bound to OS proc set {0-15}
OMP: pid 200564 tid 200565 thread 1 bound to OS proc set {0-15}
OMP: pid 200564 tid 200567 thread 3 bound to OS proc set {0-15}
[SEQ region 2] omp_tid=0/4 pthread=22659329098560 os_tid=200564
[SEQ region 2] omp_tid=3/4 pthread=22658972380224 os_tid=200567
[SEQ region 2] omp_tid=2/4 pthread=22659173706688 os_tid=200566
[SEQ region 2] omp_tid=1/4 pthread=22659325438784 os_tid=200565
[SEQ region 2] team_size=4 native_threads_after=16
[SEQ region 3] requested=4 native_threads_before=16
[SEQ region 3] omp_tid=0/4 pthread=22659329098560 os_tid=200564
[SEQ region 3] omp_tid=3/4 pthread=22658972380224 os_tid=200567
[SEQ region 3] omp_tid=2/4 pthread=22659173706688 os_tid=200566
[SEQ region 3] omp_tid=1/4 pthread=22659325438784 os_tid=200565
[SEQ region 3] team_size=4 native_threads_after=16
native_threads_end = 16
 Iterations      =                        2
 Time in seconds =                     3.01
 Total threads   =                       16
 Avail threads   =                       16
 Mop/s total     =                     0.00
 Mop/s/thread    =                     0.00
 Operation type  =           floating point
done
