[DRM-pin] pid=105436 tid=105441 assigned=58-59 running_on=58
[DRM-pin] pid=105436 tid=105441 assigned=56-59 running_on=58
[DRM-pin] pid=105436 tid=105443 assigned=56-59 running_on=57
[DRM-pin] pid=105436 tid=105444 assigned=56-59 running_on=56


 NAS Parallel Benchmarks (NPB3.4-OMP) - CG Benchmark

 Size:      150000
 Iterations:                     75
 Number of available threads:     4

 Initialization time =           3.126 seconds

   iteration           ||r||                 zeta
        1       0.35328997525708E-12   109.9994423237398
        5       0.89310467404160E-15    28.6471670038893
       10       0.91335804628483E-15    28.9496695449003
       15       0.90609037875659E-15    28.9716336228371
       20       0.91477816777109E-15    28.9734210663747
       25       0.90897162140379E-15    28.9735863059382
       30       0.91079028731937E-15    28.9736033967627
       35       0.91041303432440E-15    28.9736053266246
       40       0.90758750649015E-15    28.9736055590700
       45       0.90862291264960E-15    28.9736055884132
       50       0.90979049359043E-15    28.9736055922485
       55       0.90267915251337E-15    28.9736055927632
       60       0.90841103286169E-15    28.9736055928339
       65       0.90488391156599E-15    28.9736055928440
       70       0.90253049945713E-15    28.9736055928455
       75       0.90037022913209E-15    28.9736055928458
 Benchmark completed 
 VERIFICATION SUCCESSFUL 
 Zeta is     0.2897360559285E+02
 Error is    0.2807974416019E-13


 CG Benchmark Completed.
 Class           =                        C
 Size            =                   150000
 Iterations      =                       75
 Time in seconds =                    27.78
 Total threads   =                        4
 Avail threads   =                        4
 Mop/s total     =                  5159.79
 Mop/s/thread    =                  1289.95
 Operation type  =           floating point
 Verification    =               SUCCESSFUL
 Version         =                    3.4.3
 Compile date    =              03 Sep 2026

 Compile options:
    FC           = gfortran
    FLINK        = $(FC)
    F_LIB        = -L$(LLVM_BUILD)/lib -lomp
    F_INC        = (none)
    FFLAGS       = -O3 -fopenmp
    FLINKFLAGS   = -O3 -fopenmp
    RAND         = randi8


 Please send all errors/feedbacks to:

 NPB Development Team
 npb@nas.nasa.gov


