[DRM-pin] pid=109581 tid=109587 assigned=80-87 running_on=82
[DRM-pin] pid=109581 tid=109589 assigned=80-87 running_on=84
[DRM-pin] pid=109581 tid=109590 assigned=80-87 running_on=85
[DRM-pin] pid=109581 tid=109588 assigned=80-87 running_on=83
[DRM-pin] pid=109581 tid=109585 assigned=80-87 running_on=80
[DRM-pin] pid=109581 tid=109584 assigned=80-87 running_on=80
[DRM-pin] pid=109581 tid=109586 assigned=80-87 running_on=80
[DRM-pin] pid=109581 tid=109589 assigned=56-71 running_on=59
[DRM-pin] pid=109581 tid=109593 assigned=56-71 running_on=67
[DRM-pin] pid=109581 tid=109587 assigned=56-71 running_on=58
[DRM-pin] pid=109581 tid=109588 assigned=56-71 running_on=58
[DRM-pin] pid=109581 tid=109591 assigned=56-71 running_on=57
[DRM-pin] pid=109581 tid=109598 assigned=56-71 running_on=63
[DRM-pin] pid=109581 tid=109586 assigned=56-71 running_on=58
[DRM-pin] pid=109581 tid=109585 assigned=56-71 running_on=60
[DRM-pin] pid=109581 tid=109590 assigned=56-71 running_on=58
[DRM-pin] pid=109581 tid=109594 assigned=56-71 running_on=62
[DRM-pin] pid=109581 tid=109600 assigned=56-71 running_on=57
[DRM-pin] pid=109581 tid=109604 assigned=56-71 running_on=64
[DRM-pin] pid=109581 tid=109601 assigned=56-71 running_on=65
[DRM-pin] pid=109581 tid=109597 assigned=56-71 running_on=66
[DRM-pin] pid=109581 tid=109584 assigned=56-71 running_on=60


 NAS Parallel Benchmarks (NPB3.4-OMP) - CG Benchmark

 Size:      150000
 Iterations:                     75
 Number of available threads:    16

 Initialization time =           1.029 seconds

   iteration           ||r||                 zeta
        1       0.35331001844781E-12   109.9994423237398
        5       0.89173045018796E-15    28.6471670038896
       10       0.91226067728668E-15    28.9496695449000
       15       0.90692031145264E-15    28.9716336228372
       20       0.91482793626003E-15    28.9734210663751
       25       0.90958184606665E-15    28.9735863059385
       30       0.90867628024943E-15    28.9736033967630
       35       0.91158619487653E-15    28.9736053266248
       40       0.90629682543662E-15    28.9736055590700
       45       0.91014834393897E-15    28.9736055884130
       50       0.91075328860825E-15    28.9736055922482
       55       0.90435853510995E-15    28.9736055927635
       60       0.90727847033064E-15    28.9736055928341
       65       0.90851542326576E-15    28.9736055928438
       70       0.90093904363284E-15    28.9736055928453
       75       0.90248097230372E-15    28.9736055928455
 Benchmark completed 
 VERIFICATION SUCCESSFUL 
 Zeta is     0.2897360559285E+02
 Error is    0.1679879890806E-13


 CG Benchmark Completed.
 Class           =                        C
 Size            =                   150000
 Iterations      =                       75
 Time in seconds =                     7.40
 Total threads   =                       16
 Avail threads   =                       16
 Mop/s total     =                 19368.78
 Mop/s/thread    =                  1210.55
 Operation type  =           floating point
 Verification    =               SUCCESSFUL
 Version         =                    3.4.3
 Compile date    =              03 Sep 2026

 Compile options:
    FC           = gfortran
    FLINK        = $(FC)
    F_LIB        = -L$(LLVM_BUILD)/lib -lomp
    F_INC        = (none)
    FFLAGS       = -O3 -fopenmp
    FLINKFLAGS   = -O3 -fopenmp
    RAND         = randi8


 Please send all errors/feedbacks to:

 NPB Development Team
 npb@nas.nasa.gov


