

 NAS Parallel Benchmarks (NPB3.4-OMP) - CG Benchmark

 Size:      150000
 Iterations:                     75
 Number of available threads:    16

 Initialization time =           0.774 seconds

   iteration           ||r||                 zeta
        1       0.35326598822083E-12   109.9994423237398
        5       0.89248705607412E-15    28.6471670038897
       10       0.91237780226943E-15    28.9496695449000
       15       0.90632057091122E-15    28.9716336228373
       20       0.91476897271229E-15    28.9734210663750
       25       0.90974264652804E-15    28.9735863059385
       30       0.90751640853434E-15    28.9736033967630
       35       0.91035685597615E-15    28.9736053266248
       40       0.90625159889177E-15    28.9736055590700
       45       0.91003987018786E-15    28.9736055884129
       50       0.90983734815520E-15    28.9736055922483
       55       0.90355321349715E-15    28.9736055927636
       60       0.90782420764071E-15    28.9736055928341
       65       0.90851345133578E-15    28.9736055928438
       70       0.90232974912343E-15    28.9736055928452
       75       0.90205361753809E-15    28.9736055928455
 Benchmark completed 
 VERIFICATION SUCCESSFUL 
 Zeta is     0.2897360559285E+02
 Error is    0.1630832302753E-13


 CG Benchmark Completed.
 Class           =                        C
 Size            =                   150000
 Iterations      =                       75
 Time in seconds =                     6.26
 Total threads   =                       16
 Avail threads   =                       16
 Mop/s total     =                 22885.31
 Mop/s/thread    =                  1430.33
 Operation type  =           floating point
 Verification    =               SUCCESSFUL
 Version         =                    3.4.3
 Compile date    =              03 Sep 2026

 Compile options:
    FC           = gfortran
    FLINK        = $(FC)
    F_LIB        = -L$(LLVM_BUILD)/lib -lomp
    F_INC        = (none)
    FFLAGS       = -O3 -fopenmp
    FLINKFLAGS   = -O3 -fopenmp
    RAND         = randi8


 Please send all errors/feedbacks to:

 NPB Development Team
 npb@nas.nasa.gov


