

 NAS Parallel Benchmarks (NPB3.4-OMP) - CG Benchmark

 Size:      150000
 Iterations:                     75
 Number of available threads:     4

 Initialization time =           2.636 seconds

   iteration           ||r||                 zeta
        1       0.35328997525708E-12   109.9994423237398
        5       0.89251699983136E-15    28.6471670038893
       10       0.91353854667770E-15    28.9496695449003
       15       0.90759232294915E-15    28.9716336228371
       20       0.91552684733925E-15    28.9734210663747
       25       0.90880735834677E-15    28.9735863059382
       30       0.90970768075404E-15    28.9736033967627
       35       0.91050245931722E-15    28.9736053266246
       40       0.90717903847727E-15    28.9736055590699
       45       0.90922244515583E-15    28.9736055884132
       50       0.91086575506146E-15    28.9736055922485
       55       0.90381556532522E-15    28.9736055927632
       60       0.90788676647051E-15    28.9736055928339
       65       0.90561632747462E-15    28.9736055928440
       70       0.90312901116849E-15    28.9736055928455
       75       0.90132135918264E-15    28.9736055928458
 Benchmark completed 
 VERIFICATION SUCCESSFUL 
 Zeta is     0.2897360559285E+02
 Error is    0.2758926827966E-13


 CG Benchmark Completed.
 Class           =                        C
 Size            =                   150000
 Iterations      =                       75
 Time in seconds =                    21.25
 Total threads   =                        4
 Avail threads   =                        4
 Mop/s total     =                  6747.01
 Mop/s/thread    =                  1686.75
 Operation type  =           floating point
 Verification    =               SUCCESSFUL
 Version         =                    3.4.3
 Compile date    =              03 Sep 2026

 Compile options:
    FC           = gfortran
    FLINK        = $(FC)
    F_LIB        = -L$(LLVM_BUILD)/lib -lomp
    F_INC        = (none)
    FFLAGS       = -O3 -fopenmp
    FLINKFLAGS   = -O3 -fopenmp
    RAND         = randi8


 Please send all errors/feedbacks to:

 NPB Development Team
 npb@nas.nasa.gov


