OMP: pid 61152 tid 61152 thread 0 bound to OS proc set {1-32}
OMP: pid 61152 tid 61159 thread 3 bound to OS proc set {1-32}
OMP: pid 61152 tid 61158 thread 2 bound to OS proc set {1-32}
OMP: pid 61152 tid 61157 thread 1 bound to OS proc set {1-32}
OMP: pid 61152 tid 61190 thread 11 bound to OS proc set {1-32}
OMP: pid 61152 tid 61177 thread 8 bound to OS proc set {1-32}
OMP: pid 61152 tid 61205 thread 15 bound to OS proc set {1-32}
OMP: pid 61152 tid 61194 thread 12 bound to OS proc set {1-32}
OMP: pid 61152 tid 61162 thread 4 bound to OS proc set {1-32}
OMP: pid 61152 tid 61186 thread 10 bound to OS proc set {1-32}
OMP: pid 61152 tid 61170 thread 7 bound to OS proc set {1-32}
OMP: pid 61152 tid 61184 thread 9 bound to OS proc set {1-32}
OMP: pid 61152 tid 61167 thread 6 bound to OS proc set {1-32}
OMP: pid 61152 tid 61201 thread 14 bound to OS proc set {1-32}
OMP: pid 61152 tid 61263 thread 30 bound to OS proc set {1-32}
OMP: pid 61152 tid 61164 thread 5 bound to OS proc set {1-32}
OMP: pid 61152 tid 61256 thread 28 bound to OS proc set {1-32}
OMP: pid 61152 tid 61208 thread 16 bound to OS proc set {1-32}
OMP: pid 61152 tid 61215 thread 18 bound to OS proc set {1-32}
OMP: pid 61152 tid 61220 thread 19 bound to OS proc set {1-32}
OMP: pid 61152 tid 61267 thread 31 bound to OS proc set {1-32}
OMP: pid 61152 tid 61232 thread 22 bound to OS proc set {1-32}
OMP: pid 61152 tid 61243 thread 25 bound to OS proc set {1-32}
OMP: pid 61152 tid 61224 thread 20 bound to OS proc set {1-32}
OMP: pid 61152 tid 61199 thread 13 bound to OS proc set {1-32}
OMP: pid 61152 tid 61260 thread 29 bound to OS proc set {1-32}
OMP: pid 61152 tid 61236 thread 23 bound to OS proc set {1-32}
OMP: pid 61152 tid 61240 thread 24 bound to OS proc set {1-32}
OMP: pid 61152 tid 61228 thread 21 bound to OS proc set {1-32}
OMP: pid 61152 tid 61247 thread 26 bound to OS proc set {1-32}
OMP: pid 61152 tid 61252 thread 27 bound to OS proc set {1-32}
OMP: pid 61152 tid 61211 thread 17 bound to OS proc set {1-32}
[DRM-pin] pid=61152 tid=61208 assigned=1-32 running_on=9
[DRM-pin] pid=61152 tid=61224 assigned=1-32 running_on=25
[DRM-pin] pid=61152 tid=61158 assigned=1-32 running_on=12
[DRM-pin] pid=61152 tid=61186 assigned=1-32 running_on=27
[DRM-pin] pid=61152 tid=61170 assigned=1-32 running_on=30
[DRM-pin] pid=61152 tid=61256 assigned=1-32 running_on=22
[DRM-pin] pid=61152 tid=61167 assigned=1-32 running_on=28
[DRM-pin] pid=61152 tid=61205 assigned=1-32 running_on=24
[DRM-pin] pid=61152 tid=61232 assigned=1-32 running_on=31
[DRM-pin] pid=61152 tid=61247 assigned=1-32 running_on=4
[DRM-pin] pid=61152 tid=61215 assigned=1-32 running_on=20
[DRM-pin] pid=61152 tid=61162 assigned=1-32 running_on=15
[DRM-pin] pid=61152 tid=61184 assigned=1-32 running_on=19
[DRM-pin] pid=61152 tid=61190 assigned=1-32 running_on=11
[DRM-pin] pid=61152 tid=61260 assigned=1-32 running_on=29
[DRM-pin] pid=61152 tid=61194 assigned=1-32 running_on=13
[DRM-pin] pid=61152 tid=61243 assigned=1-32 running_on=21
[DRM-pin] pid=61152 tid=61201 assigned=1-32 running_on=16
[DRM-pin] pid=61152 tid=61164 assigned=1-32 running_on=17
[DRM-pin] pid=61152 tid=61252 assigned=1-32 running_on=2
[DRM-pin] pid=61152 tid=61220 assigned=1-32 running_on=26
[DRM-pin] pid=61152 tid=61228 assigned=1-32 running_on=3
[DRM-pin] pid=61152 tid=61177 assigned=1-32 running_on=6
[DRM-pin] pid=61152 tid=61240 assigned=1-32 running_on=18
[DRM-pin] pid=61152 tid=61159 assigned=1-32 running_on=14
[DRM-pin] pid=61152 tid=61199 assigned=1-32 running_on=7
[DRM-pin] pid=61152 tid=61263 assigned=1-32 running_on=5
[DRM-pin] pid=61152 tid=61267 assigned=1-32 running_on=23
[DRM-pin] pid=61152 tid=61236 assigned=1-32 running_on=8
[DRM-pin] pid=61152 tid=61211 assigned=1-32 running_on=2
[DRM-pin] pid=61152 tid=61157 assigned=1-32 running_on=10


 NAS Parallel Benchmarks (NPB3.4-OMP) - EP Benchmark

 Number of random numbers generated:      8589934592
 Number of available threads:                     32

EP Benchmark Results:

CPU Time =     6.026
N = 2^   32
No. Gaussian Pairs =    3373275903.
Sums =     2.691444083863086D+09    2.691519118724447D+09
Counts:
  0    1572172634.
  1    1501108549.
  2     281805648.
  3      17761221.
  4        424017.
  5          3821.
  6            13.
  7             0.
  8             0.
  9             0.


 EP Benchmark Completed.
 Class           =                        C
 Size            =               8589934592
 Iterations      =                        0
 Time in seconds =                     6.03
 Total threads   =                       32
 Avail threads   =                       32
 Mop/s total     =                  1425.42
 Mop/s/thread    =                    44.54
 Operation type  = Random numbers generated
 Verification    =               SUCCESSFUL
 Version         =                    3.4.3
 Compile date    =              03 Sep 2026

 Compile options:
    FC           = gfortran
    FLINK        = $(FC)
    F_LIB        = -L$(LLVM_BUILD)/lib -lomp
    F_INC        = (none)
    FFLAGS       = -O3 -fopenmp
    FLINKFLAGS   = -O3 -fopenmp
    RAND         = randi8


 Please send all errors/feedbacks to:

 NPB Development Team
 npb@nas.nasa.gov


