OMP: pid 61155 tid 61155 thread 0 bound to OS proc set {64-95}
OMP: pid 61155 tid 61172 thread 3 bound to OS proc set {64-95}
OMP: pid 61155 tid 61169 thread 2 bound to OS proc set {64-95}
OMP: pid 61155 tid 61166 thread 1 bound to OS proc set {64-95}
OMP: pid 61155 tid 61212 thread 15 bound to OS proc set {64-95}
OMP: pid 61155 tid 61202 thread 12 bound to OS proc set {64-95}
OMP: pid 61155 tid 61175 thread 4 bound to OS proc set {64-95}
OMP: pid 61155 tid 61209 thread 14 bound to OS proc set {64-95}
OMP: pid 61155 tid 61189 thread 8 bound to OS proc set {64-95}
OMP: pid 61155 tid 61198 thread 11 bound to OS proc set {64-95}
OMP: pid 61155 tid 61185 thread 7 bound to OS proc set {64-95}
OMP: pid 61155 tid 61206 thread 13 bound to OS proc set {64-95}
OMP: pid 61155 tid 61195 thread 10 bound to OS proc set {64-95}
OMP: pid 61155 tid 61179 thread 5 bound to OS proc set {64-95}
OMP: pid 61155 tid 61217 thread 16 bound to OS proc set {64-95}
OMP: pid 61155 tid 61226 thread 18 bound to OS proc set {64-95}
OMP: pid 61155 tid 61272 thread 30 bound to OS proc set {64-95}
OMP: pid 61155 tid 61181 thread 6 bound to OS proc set {64-95}
OMP: pid 61155 tid 61230 thread 19 bound to OS proc set {64-95}
OMP: pid 61155 tid 61245 thread 23 bound to OS proc set {64-95}
OMP: pid 61155 tid 61266 thread 28 bound to OS proc set {64-95}
OMP: pid 61155 tid 61276 thread 31 bound to OS proc set {64-95}
OMP: pid 61155 tid 61193 thread 9 bound to OS proc set {64-95}
OMP: pid 61155 tid 61222 thread 17 bound to OS proc set {64-95}
OMP: pid 61155 tid 61241 thread 22 bound to OS proc set {64-95}
OMP: pid 61155 tid 61257 thread 26 bound to OS proc set {64-95}
OMP: pid 61155 tid 61262 thread 27 bound to OS proc set {64-95}
OMP: pid 61155 tid 61233 thread 20 bound to OS proc set {64-95}
OMP: pid 61155 tid 61249 thread 24 bound to OS proc set {64-95}
OMP: pid 61155 tid 61270 thread 29 bound to OS proc set {64-95}
OMP: pid 61155 tid 61237 thread 21 bound to OS proc set {64-95}
OMP: pid 61155 tid 61253 thread 25 bound to OS proc set {64-95}


 NAS Parallel Benchmarks (NPB3.4-OMP) - EP Benchmark

 Number of random numbers generated:      8589934592
 Number of available threads:                     32

EP Benchmark Results:

CPU Time =     7.561
N = 2^   32
No. Gaussian Pairs =    3373275903.
Sums =     2.691444083863086D+09    2.691519118724447D+09
Counts:
  0    1572172634.
  1    1501108549.
  2     281805648.
  3      17761221.
  4        424017.
  5          3821.
  6            13.
  7             0.
  8             0.
  9             0.


 EP Benchmark Completed.
 Class           =                        C
 Size            =               8589934592
 Iterations      =                        0
 Time in seconds =                     7.56
 Total threads   =                       32
 Avail threads   =                       32
 Mop/s total     =                  1136.15
 Mop/s/thread    =                    35.50
 Operation type  = Random numbers generated
 Verification    =               SUCCESSFUL
 Version         =                    3.4.3
 Compile date    =              03 Sep 2026

 Compile options:
    FC           = gfortran
    FLINK        = $(FC)
    F_LIB        = -L$(LLVM_BUILD)/lib -lomp
    F_INC        = (none)
    FFLAGS       = -O3 -fopenmp
    FLINKFLAGS   = -O3 -fopenmp
    RAND         = randi8


 Please send all errors/feedbacks to:

 NPB Development Team
 npb@nas.nasa.gov


