OMP: pid 174304 tid 174304 thread 0 bound to OS proc set {1-16}
OMP: pid 174304 tid 174323 thread 1 bound to OS proc set {1-16}
OMP: pid 174304 tid 174324 thread 2 bound to OS proc set {1-16}
OMP: pid 174304 tid 174366 thread 14 bound to OS proc set {1-16}
OMP: pid 174304 tid 174353 thread 11 bound to OS proc set {1-16}
OMP: pid 174304 tid 174341 thread 7 bound to OS proc set {1-16}
OMP: pid 174304 tid 174358 thread 12 bound to OS proc set {1-16}
OMP: pid 174304 tid 174328 thread 3 bound to OS proc set {1-16}
OMP: pid 174304 tid 174370 thread 15 bound to OS proc set {1-16}
OMP: pid 174304 tid 174343 thread 8 bound to OS proc set {1-16}
OMP: pid 174304 tid 174337 thread 6 bound to OS proc set {1-16}
OMP: pid 174304 tid 174332 thread 4 bound to OS proc set {1-16}
OMP: pid 174304 tid 174365 thread 13 bound to OS proc set {1-16}
OMP: pid 174304 tid 174350 thread 10 bound to OS proc set {1-16}
OMP: pid 174304 tid 174334 thread 5 bound to OS proc set {1-16}
OMP: pid 174304 tid 174346 thread 9 bound to OS proc set {1-16}
OMP: pid 174304 tid 174304 thread 0 bound to OS proc set {1-16}
[DRM-pin] pid=174304 tid=174323 assigned=1-8 running_on=1
[DRM-pin] pid=174304 tid=174328 assigned=1-8 running_on=3
OMP: pid 174304 tid 174323 thread 1 bound to OS proc set {1-16}
OMP: pid 174304 tid 174328 thread 3 bound to OS proc set {1-16}
[DRM-pin] pid=174304 tid=174324 assigned=1-8 running_on=3
[DRM-pin] pid=174304 tid=174332 assigned=1-8 running_on=1
OMP: pid 174304 tid 174324 thread 2 bound to OS proc set {1-16}
OMP: pid 174304 tid 174332 thread 4 bound to OS proc set {1-16}
[DRM-pin] pid=174304 tid=174334 assigned=1-8 running_on=6
[DRM-pin] pid=174304 tid=174341 assigned=1-8 running_on=1
OMP: pid 174304 tid 174334 thread 5 bound to OS proc set {1-16}
OMP: pid 174304 tid 174341 thread 7 bound to OS proc set {1-16}
[DRM-pin] pid=174304 tid=174337 assigned=1-8 running_on=1
OMP: pid 174304 tid 174337 thread 6 bound to OS proc set {1-16}


 NAS Parallel Benchmarks (NPB3.4-OMP) - EP Benchmark

 Number of random numbers generated:      8589934592
 Number of available threads:                     16

EP Benchmark Results:

CPU Time =    20.137
N = 2^   32
No. Gaussian Pairs =    3373275903.
Sums =     2.691444083862811D+09    2.691519118724567D+09
Counts:
  0    1572172634.
  1    1501108549.
  2     281805648.
  3      17761221.
  4        424017.
  5          3821.
  6            13.
  7             0.
  8             0.
  9             0.


 EP Benchmark Completed.
 Class           =                        C
 Size            =               8589934592
 Iterations      =                        0
 Time in seconds =                    20.14
 Total threads   =                        8
 Avail threads   =                       16
 Warning: Threads used differ from threads available
 Mop/s total     =                   426.58
 Mop/s/thread    =                    53.32
 Operation type  = Random numbers generated
 Verification    =               SUCCESSFUL
 Version         =                    3.4.3
 Compile date    =              03 Sep 2026

 Compile options:
    FC           = gfortran
    FLINK        = $(FC)
    F_LIB        = -L$(LLVM_BUILD)/lib -lomp
    F_INC        = (none)
    FFLAGS       = -O3 -fopenmp
    FLINKFLAGS   = -O3 -fopenmp
    RAND         = randi8


 Please send all errors/feedbacks to:

 NPB Development Team
 npb@nas.nasa.gov


