OMP: pid 61154 tid 61154 thread 0 bound to OS proc set {64-95}
OMP: pid 61154 tid 61173 thread 2 bound to OS proc set {64-95}
OMP: pid 61154 tid 61176 thread 3 bound to OS proc set {64-95}
OMP: pid 61154 tid 61161 thread 1 bound to OS proc set {64-95}
OMP: pid 61154 tid 61180 thread 4 bound to OS proc set {64-95}
OMP: pid 61154 tid 61197 thread 8 bound to OS proc set {64-95}
OMP: pid 61154 tid 61213 thread 10 bound to OS proc set {64-95}
OMP: pid 61154 tid 61204 thread 9 bound to OS proc set {64-95}
OMP: pid 61154 tid 61192 thread 7 bound to OS proc set {64-95}
OMP: pid 61154 tid 61188 thread 6 bound to OS proc set {64-95}
OMP: pid 61154 tid 61183 thread 5 bound to OS proc set {64-95}
OMP: pid 61154 tid 61216 thread 11 bound to OS proc set {64-95}
OMP: pid 61154 tid 61219 thread 12 bound to OS proc set {64-95}
OMP: pid 61154 tid 61227 thread 14 bound to OS proc set {64-95}
OMP: pid 61154 tid 61231 thread 15 bound to OS proc set {64-95}
OMP: pid 61154 tid 61223 thread 13 bound to OS proc set {64-95}
OMP: pid 61154 tid 61248 thread 19 bound to OS proc set {64-95}
OMP: pid 61154 tid 61235 thread 16 bound to OS proc set {64-95}
OMP: pid 61154 tid 61275 thread 27 bound to OS proc set {64-95}
OMP: pid 61154 tid 61239 thread 17 bound to OS proc set {64-95}
OMP: pid 61154 tid 61250 thread 20 bound to OS proc set {64-95}
OMP: pid 61154 tid 61259 thread 22 bound to OS proc set {64-95}
OMP: pid 61154 tid 61244 thread 18 bound to OS proc set {64-95}
OMP: pid 61154 tid 61254 thread 21 bound to OS proc set {64-95}
OMP: pid 61154 tid 61264 thread 23 bound to OS proc set {64-95}
OMP: pid 61154 tid 61268 thread 24 bound to OS proc set {64-95}
OMP: pid 61154 tid 61274 thread 26 bound to OS proc set {64-95}
OMP: pid 61154 tid 61271 thread 25 bound to OS proc set {64-95}
OMP: pid 61154 tid 61281 thread 31 bound to OS proc set {64-95}
OMP: pid 61154 tid 61280 thread 30 bound to OS proc set {64-95}
OMP: pid 61154 tid 61279 thread 29 bound to OS proc set {64-95}
OMP: pid 61154 tid 61278 thread 28 bound to OS proc set {64-95}


 NAS Parallel Benchmarks (NPB3.4-OMP) - EP Benchmark

 Number of random numbers generated:      8589934592
 Number of available threads:                     32

EP Benchmark Results:

CPU Time =     7.702
N = 2^   32
No. Gaussian Pairs =    3373275903.
Sums =     2.691444083863086D+09    2.691519118724448D+09
Counts:
  0    1572172634.
  1    1501108549.
  2     281805648.
  3      17761221.
  4        424017.
  5          3821.
  6            13.
  7             0.
  8             0.
  9             0.


 EP Benchmark Completed.
 Class           =                        C
 Size            =               8589934592
 Iterations      =                        0
 Time in seconds =                     7.70
 Total threads   =                       32
 Avail threads   =                       32
 Mop/s total     =                  1115.33
 Mop/s/thread    =                    34.85
 Operation type  = Random numbers generated
 Verification    =               SUCCESSFUL
 Version         =                    3.4.3
 Compile date    =              03 Sep 2026

 Compile options:
    FC           = gfortran
    FLINK        = $(FC)
    F_LIB        = -L$(LLVM_BUILD)/lib -lomp
    F_INC        = (none)
    FFLAGS       = -O3 -fopenmp
    FLINKFLAGS   = -O3 -fopenmp
    RAND         = randi8


 Please send all errors/feedbacks to:

 NPB Development Team
 npb@nas.nasa.gov


