OMP: pid 174305 tid 174326 thread 3 bound to OS proc set {1-16}
OMP: pid 174305 tid 174318 thread 1 bound to OS proc set {1-16}
OMP: pid 174305 tid 174340 thread 6 bound to OS proc set {1-16}
OMP: pid 174305 tid 174319 thread 2 bound to OS proc set {1-16}
OMP: pid 174305 tid 174335 thread 5 bound to OS proc set {1-16}
OMP: pid 174305 tid 174330 thread 4 bound to OS proc set {1-16}
OMP: pid 174305 tid 174305 thread 0 bound to OS proc set {1-16}
OMP: pid 174305 tid 174376 thread 12 bound to OS proc set {1-16}
OMP: pid 174305 tid 174378 thread 14 bound to OS proc set {1-16}
OMP: pid 174305 tid 174379 thread 15 bound to OS proc set {1-16}
OMP: pid 174305 tid 174377 thread 13 bound to OS proc set {1-16}
OMP: pid 174305 tid 174348 thread 7 bound to OS proc set {1-16}
OMP: pid 174305 tid 174352 thread 8 bound to OS proc set {1-16}
OMP: pid 174305 tid 174368 thread 10 bound to OS proc set {1-16}
OMP: pid 174305 tid 174356 thread 9 bound to OS proc set {1-16}
OMP: pid 174305 tid 174373 thread 11 bound to OS proc set {1-16}
[DRM-pin] pid=174305 tid=174376 assigned=1-16 running_on=16
[DRM-pin] pid=174305 tid=174335 assigned=1-16 running_on=7
[DRM-pin] pid=174305 tid=174319 assigned=1-16 running_on=15
[DRM-pin] pid=174305 tid=174352 assigned=1-16 running_on=6
[DRM-pin] pid=174305 tid=174330 assigned=1-16 running_on=8
[DRM-pin] pid=174305 tid=174340 assigned=1-16 running_on=11
[DRM-pin] pid=174305 tid=174318 assigned=1-16 running_on=14
[DRM-pin] pid=174305 tid=174368 assigned=1-16 running_on=4
[DRM-pin] pid=174305 tid=174356 assigned=1-16 running_on=9
[DRM-pin] pid=174305 tid=174377 assigned=1-16 running_on=2
[DRM-pin] pid=174305 tid=174373 assigned=1-16 running_on=16
[DRM-pin] pid=174305 tid=174326 assigned=1-16 running_on=6
[DRM-pin] pid=174305 tid=174378 assigned=1-16 running_on=16
[DRM-pin] pid=174305 tid=174348 assigned=1-16 running_on=15
[DRM-pin] pid=174305 tid=174379 assigned=1-16 running_on=2


 NAS Parallel Benchmarks (NPB3.4-OMP) - EP Benchmark

 Number of random numbers generated:      8589934592
 Number of available threads:                     16

EP Benchmark Results:

CPU Time =    12.599
N = 2^   32
No. Gaussian Pairs =    3373275903.
Sums =     2.691444083862575D+09    2.691519118725088D+09
Counts:
  0    1572172634.
  1    1501108549.
  2     281805648.
  3      17761221.
  4        424017.
  5          3821.
  6            13.
  7             0.
  8             0.
  9             0.


 EP Benchmark Completed.
 Class           =                        C
 Size            =               8589934592
 Iterations      =                        0
 Time in seconds =                    12.60
 Total threads   =                       16
 Avail threads   =                       16
 Mop/s total     =                   681.79
 Mop/s/thread    =                    42.61
 Operation type  = Random numbers generated
 Verification    =               SUCCESSFUL
 Version         =                    3.4.3
 Compile date    =              03 Sep 2026

 Compile options:
    FC           = gfortran
    FLINK        = $(FC)
    F_LIB        = -L$(LLVM_BUILD)/lib -lomp
    F_INC        = (none)
    FFLAGS       = -O3 -fopenmp
    FLINKFLAGS   = -O3 -fopenmp
    RAND         = randi8


 Please send all errors/feedbacks to:

 NPB Development Team
 npb@nas.nasa.gov


