OMP: pid 61153 tid 61187 thread 8 bound to OS proc set {1-32}
OMP: pid 61153 tid 61196 thread 10 bound to OS proc set {1-32}
OMP: pid 61153 tid 61200 thread 11 bound to OS proc set {1-32}
OMP: pid 61153 tid 61203 thread 12 bound to OS proc set {1-32}
OMP: pid 61153 tid 61207 thread 13 bound to OS proc set {1-32}
OMP: pid 61153 tid 61191 thread 9 bound to OS proc set {1-32}
OMP: pid 61153 tid 61165 thread 2 bound to OS proc set {1-32}
OMP: pid 61153 tid 61168 thread 3 bound to OS proc set {1-32}
OMP: pid 61153 tid 61182 thread 7 bound to OS proc set {1-32}
OMP: pid 61153 tid 61171 thread 4 bound to OS proc set {1-32}
OMP: pid 61153 tid 61174 thread 5 bound to OS proc set {1-32}
OMP: pid 61153 tid 61178 thread 6 bound to OS proc set {1-32}
OMP: pid 61153 tid 61210 thread 14 bound to OS proc set {1-32}
OMP: pid 61153 tid 61214 thread 15 bound to OS proc set {1-32}
OMP: pid 61153 tid 61265 thread 28 bound to OS proc set {1-32}
OMP: pid 61153 tid 61229 thread 19 bound to OS proc set {1-32}
OMP: pid 61153 tid 61251 thread 24 bound to OS proc set {1-32}
OMP: pid 61153 tid 61234 thread 20 bound to OS proc set {1-32}
OMP: pid 61153 tid 61242 thread 22 bound to OS proc set {1-32}
OMP: pid 61153 tid 61269 thread 29 bound to OS proc set {1-32}
OMP: pid 61153 tid 61261 thread 27 bound to OS proc set {1-32}
OMP: pid 61153 tid 61258 thread 26 bound to OS proc set {1-32}
OMP: pid 61153 tid 61246 thread 23 bound to OS proc set {1-32}
OMP: pid 61153 tid 61255 thread 25 bound to OS proc set {1-32}
OMP: pid 61153 tid 61225 thread 18 bound to OS proc set {1-32}
OMP: pid 61153 tid 61238 thread 21 bound to OS proc set {1-32}
OMP: pid 61153 tid 61273 thread 30 bound to OS proc set {1-32}
OMP: pid 61153 tid 61218 thread 16 bound to OS proc set {1-32}
OMP: pid 61153 tid 61221 thread 17 bound to OS proc set {1-32}
OMP: pid 61153 tid 61153 thread 0 bound to OS proc set {1-32}
OMP: pid 61153 tid 61163 thread 1 bound to OS proc set {1-32}
OMP: pid 61153 tid 61277 thread 31 bound to OS proc set {1-32}
OMP: pid 61153 tid 61153 thread 0 bound to OS proc set {1-32}
[DRM-pin] pid=61153 tid=61171 assigned=17-32 running_on=31
[DRM-pin] pid=61153 tid=61210 assigned=17-32 running_on=22
OMP: pid 61153 tid 61171 thread 4 bound to OS proc set {1-32}
[DRM-pin] pid=61153 tid=61196 assigned=17-32 running_on=17
OMP: pid 61153 tid 61210 thread 14 bound to OS proc set {1-32}
OMP: pid 61153 tid 61196 thread 10 bound to OS proc set {1-32}
[DRM-pin] pid=61153 tid=61203 assigned=17-32 running_on=18
[DRM-pin] pid=61153 tid=61191 assigned=17-32 running_on=26
OMP: pid 61153 tid 61203 thread 12 bound to OS proc set {1-32}
[DRM-pin] pid=61153 tid=61165 assigned=17-32 running_on=32
OMP: pid 61153 tid 61191 thread 9 bound to OS proc set {1-32}
OMP: pid 61153 tid 61165 thread 2 bound to OS proc set {1-32}
[DRM-pin] pid=61153 tid=61187 assigned=17-32 running_on=32
[DRM-pin] pid=61153 tid=61200 assigned=17-32 running_on=19
OMP: pid 61153 tid 61187 thread 8 bound to OS proc set {1-32}
OMP: pid 61153 tid 61200 thread 11 bound to OS proc set {1-32}
[DRM-pin] pid=61153 tid=61163 assigned=17-32 running_on=18
[DRM-pin] pid=61153 tid=61207 assigned=17-32 running_on=20
OMP: pid 61153 tid 61163 thread 1 bound to OS proc set {1-32}
OMP: pid 61153 tid 61207 thread 13 bound to OS proc set {1-32}
[DRM-pin] pid=61153 tid=61168 assigned=17-32 running_on=29
[DRM-pin] pid=61153 tid=61178 assigned=17-32 running_on=17
OMP: pid 61153 tid 61168 thread 3 bound to OS proc set {1-32}
OMP: pid 61153 tid 61178 thread 6 bound to OS proc set {1-32}
[DRM-pin] pid=61153 tid=61182 assigned=17-32 running_on=17
OMP: pid 61153 tid 61182 thread 7 bound to OS proc set {1-32}
[DRM-pin] pid=61153 tid=61174 assigned=17-32 running_on=17
OMP: pid 61153 tid 61174 thread 5 bound to OS proc set {1-32}
[DRM-pin] pid=61153 tid=61214 assigned=17-32 running_on=17
OMP: pid 61153 tid 61214 thread 15 bound to OS proc set {1-32}


 NAS Parallel Benchmarks (NPB3.4-OMP) - EP Benchmark

 Number of random numbers generated:      8589934592
 Number of available threads:                     32

EP Benchmark Results:

CPU Time =    10.230
N = 2^   32
No. Gaussian Pairs =    3373275903.
Sums =     2.691444083862575D+09    2.691519118725088D+09
Counts:
  0    1572172634.
  1    1501108549.
  2     281805648.
  3      17761221.
  4        424017.
  5          3821.
  6            13.
  7             0.
  8             0.
  9             0.


 EP Benchmark Completed.
 Class           =                        C
 Size            =               8589934592
 Iterations      =                        0
 Time in seconds =                    10.23
 Total threads   =                       16
 Avail threads   =                       32
 Warning: Threads used differ from threads available
 Mop/s total     =                   839.66
 Mop/s/thread    =                    52.48
 Operation type  = Random numbers generated
 Verification    =               SUCCESSFUL
 Version         =                    3.4.3
 Compile date    =              03 Sep 2026

 Compile options:
    FC           = gfortran
    FLINK        = $(FC)
    F_LIB        = -L$(LLVM_BUILD)/lib -lomp
    F_INC        = (none)
    FFLAGS       = -O3 -fopenmp
    FLINKFLAGS   = -O3 -fopenmp
    RAND         = randi8


 Please send all errors/feedbacks to:

 NPB Development Team
 npb@nas.nasa.gov


