OMP: pid 142010 tid 142010 thread 0 bound to OS proc set {1-16}
OMP: pid 142010 tid 142054 thread 12 bound to OS proc set {1-16}
OMP: pid 142010 tid 142018 thread 3 bound to OS proc set {1-16}
OMP: pid 142010 tid 142015 thread 2 bound to OS proc set {1-16}
OMP: pid 142010 tid 142037 thread 7 bound to OS proc set {1-16}
OMP: pid 142010 tid 142061 thread 14 bound to OS proc set {1-16}
OMP: pid 142010 tid 142013 thread 1 bound to OS proc set {1-16}
OMP: pid 142010 tid 142057 thread 13 bound to OS proc set {1-16}
OMP: pid 142010 tid 142048 thread 10 bound to OS proc set {1-16}
OMP: pid 142010 tid 142042 thread 8 bound to OS proc set {1-16}
OMP: pid 142010 tid 142024 thread 4 bound to OS proc set {1-16}
OMP: pid 142010 tid 142051 thread 11 bound to OS proc set {1-16}
OMP: pid 142010 tid 142033 thread 6 bound to OS proc set {1-16}
OMP: pid 142010 tid 142028 thread 5 bound to OS proc set {1-16}
OMP: pid 142010 tid 142064 thread 15 bound to OS proc set {1-16}
OMP: pid 142010 tid 142045 thread 9 bound to OS proc set {1-16}
[DRM-pin] pid=142010 tid=142042 assigned=1-16 running_on=1
[DRM-pin] pid=142010 tid=142045 assigned=1-16 running_on=9
[DRM-pin] pid=142010 tid=142018 assigned=1-16 running_on=11
[DRM-pin] pid=142010 tid=142024 assigned=1-16 running_on=14
[DRM-pin] pid=142010 tid=142051 assigned=1-16 running_on=12
[DRM-pin] pid=142010 tid=142064 assigned=1-16 running_on=8
[DRM-pin] pid=142010 tid=142013 assigned=1-16 running_on=3
[DRM-pin] pid=142010 tid=142048 assigned=1-16 running_on=4
[DRM-pin] pid=142010 tid=142057 assigned=1-16 running_on=15
[DRM-pin] pid=142010 tid=142028 assigned=1-16 running_on=9
[DRM-pin] pid=142010 tid=142054 assigned=1-16 running_on=5
[DRM-pin] pid=142010 tid=142061 assigned=1-16 running_on=7
[DRM-pin] pid=142010 tid=142015 assigned=1-16 running_on=10
[DRM-pin] pid=142010 tid=142037 assigned=1-16 running_on=6
[DRM-pin] pid=142010 tid=142033 assigned=1-16 running_on=13


 NAS Parallel Benchmarks (NPB3.4-OMP) - EP Benchmark

 Number of random numbers generated:      8589934592
 Number of available threads:                     16

EP Benchmark Results:

CPU Time =    12.052
N = 2^   32
No. Gaussian Pairs =    3373275903.
Sums =     2.691444083862575D+09    2.691519118725088D+09
Counts:
  0    1572172634.
  1    1501108549.
  2     281805648.
  3      17761221.
  4        424017.
  5          3821.
  6            13.
  7             0.
  8             0.
  9             0.


 EP Benchmark Completed.
 Class           =                        C
 Size            =               8589934592
 Iterations      =                        0
 Time in seconds =                    12.05
 Total threads   =                       16
 Avail threads   =                       16
 Mop/s total     =                   712.72
 Mop/s/thread    =                    44.55
 Operation type  = Random numbers generated
 Verification    =               SUCCESSFUL
 Version         =                    3.4.3
 Compile date    =              03 Sep 2026

 Compile options:
    FC           = gfortran
    FLINK        = $(FC)
    F_LIB        = -L$(LLVM_BUILD)/lib -lomp
    F_INC        = (none)
    FFLAGS       = -O3 -fopenmp
    FLINKFLAGS   = -O3 -fopenmp
    RAND         = randi8


 Please send all errors/feedbacks to:

 NPB Development Team
 npb@nas.nasa.gov


