OMP: pid 42245 tid 42268 thread 8 bound to OS proc set {1-32}
OMP: pid 42245 tid 42270 thread 9 bound to OS proc set {1-32}
OMP: pid 42245 tid 42253 thread 2 bound to OS proc set {1-32}
OMP: pid 42245 tid 42265 thread 7 bound to OS proc set {1-32}
OMP: pid 42245 tid 42287 thread 12 bound to OS proc set {1-32}
OMP: pid 42245 tid 42255 thread 3 bound to OS proc set {1-32}
OMP: pid 42245 tid 42277 thread 10 bound to OS proc set {1-32}
OMP: pid 42245 tid 42257 thread 4 bound to OS proc set {1-32}
OMP: pid 42245 tid 42306 thread 16 bound to OS proc set {1-32}
OMP: pid 42245 tid 42259 thread 5 bound to OS proc set {1-32}
OMP: pid 42245 tid 42359 thread 28 bound to OS proc set {1-32}
OMP: pid 42245 tid 42252 thread 1 bound to OS proc set {1-32}
OMP: pid 42245 tid 42304 thread 15 bound to OS proc set {1-32}
OMP: pid 42245 tid 42370 thread 31 bound to OS proc set {1-32}
OMP: pid 42245 tid 42262 thread 6 bound to OS proc set {1-32}
OMP: pid 42245 tid 42354 thread 27 bound to OS proc set {1-32}
OMP: pid 42245 tid 42341 thread 24 bound to OS proc set {1-32}
OMP: pid 42245 tid 42351 thread 26 bound to OS proc set {1-32}
OMP: pid 42245 tid 42346 thread 25 bound to OS proc set {1-32}
OMP: pid 42245 tid 42284 thread 11 bound to OS proc set {1-32}
OMP: pid 42245 tid 42311 thread 17 bound to OS proc set {1-32}
OMP: pid 42245 tid 42363 thread 29 bound to OS proc set {1-32}
OMP: pid 42245 tid 42245 thread 0 bound to OS proc set {1-32}
OMP: pid 42245 tid 42367 thread 30 bound to OS proc set {1-32}
OMP: pid 42245 tid 42314 thread 18 bound to OS proc set {1-32}
OMP: pid 42245 tid 42318 thread 19 bound to OS proc set {1-32}
OMP: pid 42245 tid 42300 thread 14 bound to OS proc set {1-32}
OMP: pid 42245 tid 42295 thread 13 bound to OS proc set {1-32}
OMP: pid 42245 tid 42323 thread 20 bound to OS proc set {1-32}
OMP: pid 42245 tid 42329 thread 21 bound to OS proc set {1-32}
OMP: pid 42245 tid 42337 thread 23 bound to OS proc set {1-32}
OMP: pid 42245 tid 42334 thread 22 bound to OS proc set {1-32}
OMP: pid 42245 tid 42245 thread 0 bound to OS proc set {1-32}
[DRM-pin] pid=42245 tid=42284 assigned=1-16 running_on=16
[DRM-pin] pid=42245 tid=42277 assigned=1-16 running_on=5
OMP: pid 42245 tid 42284 thread 11 bound to OS proc set {1-32}
[DRM-pin] pid=42245 tid=42252 assigned=1-16 running_on=2
OMP: pid 42245 tid 42277 thread 10 bound to OS proc set {1-32}
[DRM-pin] pid=42245 tid=42287 assigned=1-16 running_on=1
OMP: pid 42245 tid 42252 thread 1 bound to OS proc set {1-32}
OMP: pid 42245 tid 42287 thread 12 bound to OS proc set {1-32}
[DRM-pin] pid=42245 tid=42268 assigned=1-16 running_on=7
OMP: pid 42245 tid 42268 thread 8 bound to OS proc set {1-32}
[DRM-pin] pid=42245 tid=42265 assigned=1-16 running_on=6
[DRM-pin] pid=42245 tid=42255 assigned=1-16 running_on=1
OMP: pid 42245 tid 42255 thread 3 bound to OS proc set {1-32}
[DRM-pin] pid=42245 tid=42253 assigned=1-16 running_on=1
[DRM-pin] pid=42245 tid=42259 assigned=1-16 running_on=9
OMP: pid 42245 tid 42253 thread 2 bound to OS proc set {1-32}
[DRM-pin] pid=42245 tid=42300 assigned=1-16 running_on=1
OMP: pid 42245 tid 42259 thread 5 bound to OS proc set {1-32}
OMP: pid 42245 tid 42300 thread 14 bound to OS proc set {1-32}
[DRM-pin] pid=42245 tid=42295 assigned=1-16 running_on=1
OMP: pid 42245 tid 42295 thread 13 bound to OS proc set {1-32}
[DRM-pin] pid=42245 tid=42257 assigned=1-16 running_on=2
[DRM-pin] pid=42245 tid=42270 assigned=1-16 running_on=11
OMP: pid 42245 tid 42257 thread 4 bound to OS proc set {1-32}
OMP: pid 42245 tid 42270 thread 9 bound to OS proc set {1-32}
[DRM-pin] pid=42245 tid=42262 assigned=1-16 running_on=1
OMP: pid 42245 tid 42262 thread 6 bound to OS proc set {1-32}
[DRM-pin] pid=42245 tid=42304 assigned=1-16 running_on=1
OMP: pid 42245 tid 42304 thread 15 bound to OS proc set {1-32}
OMP: pid 42245 tid 42265 thread 7 bound to OS proc set {1-32}


 NAS Parallel Benchmarks (NPB3.4-OMP) - EP Benchmark

 Number of random numbers generated:      8589934592
 Number of available threads:                     32

EP Benchmark Results:

CPU Time =    10.231
N = 2^   32
No. Gaussian Pairs =    3373275903.
Sums =     2.691444083862575D+09    2.691519118725088D+09
Counts:
  0    1572172634.
  1    1501108549.
  2     281805648.
  3      17761221.
  4        424017.
  5          3821.
  6            13.
  7             0.
  8             0.
  9             0.


 EP Benchmark Completed.
 Class           =                        C
 Size            =               8589934592
 Iterations      =                        0
 Time in seconds =                    10.23
 Total threads   =                       16
 Avail threads   =                       32
 Warning: Threads used differ from threads available
 Mop/s total     =                   839.63
 Mop/s/thread    =                    52.48
 Operation type  = Random numbers generated
 Verification    =               SUCCESSFUL
 Version         =                    3.4.3
 Compile date    =              03 Sep 2026

 Compile options:
    FC           = gfortran
    FLINK        = $(FC)
    F_LIB        = -L$(LLVM_BUILD)/lib -lomp
    F_INC        = (none)
    FFLAGS       = -O3 -fopenmp
    FLINKFLAGS   = -O3 -fopenmp
    RAND         = randi8


 Please send all errors/feedbacks to:

 NPB Development Team
 npb@nas.nasa.gov


