OMP: pid 179783 tid 179783 thread 0 bound to OS proc set {56}
OMP: pid 179783 tid 179792 thread 1 bound to OS proc set {60}
OMP: pid 179783 tid 179794 thread 3 bound to OS proc set {68}
OMP: pid 179783 tid 179793 thread 2 bound to OS proc set {64}
OMP: pid 179783 tid 179797 thread 6 bound to OS proc set {80}
OMP: pid 179783 tid 179795 thread 4 bound to OS proc set {72}
OMP: pid 179783 tid 179796 thread 5 bound to OS proc set {76}
OMP: pid 179783 tid 179798 thread 7 bound to OS proc set {84}


 NAS Parallel Benchmarks (NPB3.4-OMP) - CG Benchmark

 Size:      150000
 Iterations:                     75
 Number of available threads:     8

 Initialization time =           1.608 seconds

   iteration           ||r||                 zeta
        1       0.35329766820887E-12   109.9994423237398
        5       0.89173043700579E-15    28.6471670038896
       10       0.91133642275633E-15    28.9496695449000
       15       0.90797732830646E-15    28.9716336228370
       20       0.91405002635502E-15    28.9734210663752
       25       0.90825660614853E-15    28.9735863059386
       30       0.90989047899940E-15    28.9736033967633
       35       0.91012542645747E-15    28.9736053266247
       40       0.90640702415030E-15    28.9736055590700
       45       0.90765586503076E-15    28.9736055884130
       50       0.90890838672305E-15    28.9736055922483
       55       0.90233218156612E-15    28.9736055927634
       60       0.90944952324357E-15    28.9736055928341
       65       0.90618550057728E-15    28.9736055928440
       70       0.90145968767471E-15    28.9736055928451
       75       0.90277961261680E-15    28.9736055928456
 Benchmark completed 
 VERIFICATION SUCCESSFUL 
 Zeta is     0.2897360559285E+02
 Error is    0.1974165419122E-13


 CG Benchmark Completed.
 Class           =                        C
 Size            =                   150000
 Iterations      =                       75
 Time in seconds =                    12.04
 Total threads   =                        8
 Avail threads   =                        8
 Mop/s total     =                 11908.34
 Mop/s/thread    =                  1488.54
 Operation type  =           floating point
 Verification    =               SUCCESSFUL
 Version         =                    3.4.3
 Compile date    =              18 Feb 2026

 Compile options:
    FC           = gfortran
    FLINK        = $(FC)
    F_LIB        = -L/dss/dsshome1/09/ga27qam2/llvm-project/bu...
    F_INC        = (none)
    FFLAGS       = -O3 -fopenmp
    FLINKFLAGS   = -O3 -fopenmp
    RAND         = randi8


 Please send all errors/feedbacks to:

 NPB Development Team
 npb@nas.nasa.gov


