

 NAS Parallel Benchmarks (NPB3.4-OMP) - CG Benchmark

 Size:      150000
 Iterations:                     75
 Number of available threads:     8

 Initialization time =           1.436 seconds

   iteration           ||r||                 zeta
        1       0.35330883228541E-12   109.9994423237398
        5       0.89204887459305E-15    28.6471670038896
       10       0.91085062636194E-15    28.9496695449000
       15       0.90639497693519E-15    28.9716336228370
       20       0.91407046915638E-15    28.9734210663752
       25       0.90972294475385E-15    28.9735863059386
       30       0.90843890625118E-15    28.9736033967633
       35       0.91056858757381E-15    28.9736053266247
       40       0.90618435702291E-15    28.9736055590700
       45       0.90750012136649E-15    28.9736055884130
       50       0.90940753107862E-15    28.9736055922483
       55       0.90354341755711E-15    28.9736055927634
       60       0.90828132199473E-15    28.9736055928341
       65       0.90559957372816E-15    28.9736055928440
       70       0.90248545009247E-15    28.9736055928452
       75       0.90224616600177E-15    28.9736055928456
 Benchmark completed 
 VERIFICATION SUCCESSFUL 
 Zeta is     0.2897360559285E+02
 Error is    0.2072260595228E-13


 CG Benchmark Completed.
 Class           =                        C
 Size            =                   150000
 Iterations      =                       75
 Time in seconds =                    12.14
 Total threads   =                        8
 Avail threads   =                        8
 Mop/s total     =                 11810.62
 Mop/s/thread    =                  1476.33
 Operation type  =           floating point
 Verification    =               SUCCESSFUL
 Version         =                    3.4.3
 Compile date    =              03 Sep 2026

 Compile options:
    FC           = gfortran
    FLINK        = $(FC)
    F_LIB        = -L$(LLVM_BUILD)/lib -lomp
    F_INC        = (none)
    FFLAGS       = -O3 -fopenmp
    FLINKFLAGS   = -O3 -fopenmp
    RAND         = randi8


 Please send all errors/feedbacks to:

 NPB Development Team
 npb@nas.nasa.gov


