

 NAS Parallel Benchmarks (NPB3.4-OMP) - CG Benchmark

 Size:      150000
 Iterations:                     75
 Number of available threads:     4

 Initialization time =           2.768 seconds

   iteration           ||r||                 zeta
        1       0.35329458058168E-12   109.9994423237398
        5       0.89258194147140E-15    28.6471670038893
       10       0.91245905873642E-15    28.9496695449003
       15       0.90831587597495E-15    28.9716336228371
       20       0.91514564950861E-15    28.9734210663747
       25       0.90808045669167E-15    28.9735863059382
       30       0.91085913868088E-15    28.9736033967628
       35       0.90982431477999E-15    28.9736053266246
       40       0.90795218341891E-15    28.9736055590700
       45       0.90905440148273E-15    28.9736055884132
       50       0.91060439688889E-15    28.9736055922486
       55       0.90347979319763E-15    28.9736055927632
       60       0.90888459488226E-15    28.9736055928339
       65       0.90682559888050E-15    28.9736055928440
       70       0.90287891217405E-15    28.9736055928455
       75       0.90193935052206E-15    28.9736055928458
 Benchmark completed 
 VERIFICATION SUCCESSFUL 
 Zeta is     0.2897360559285E+02
 Error is    0.2758926827966E-13


 CG Benchmark Completed.
 Class           =                        C
 Size            =                   150000
 Iterations      =                       75
 Time in seconds =                    23.88
 Total threads   =                        4
 Avail threads   =                        4
 Mop/s total     =                  6002.37
 Mop/s/thread    =                  1500.59
 Operation type  =           floating point
 Verification    =               SUCCESSFUL
 Version         =                    3.4.3
 Compile date    =              03 Sep 2026

 Compile options:
    FC           = gfortran
    FLINK        = $(FC)
    F_LIB        = -L$(LLVM_BUILD)/lib -lomp
    F_INC        = (none)
    FFLAGS       = -O3 -fopenmp
    FLINKFLAGS   = -O3 -fopenmp
    RAND         = randi8


 Please send all errors/feedbacks to:

 NPB Development Team
 npb@nas.nasa.gov


