[DRM-pin] pid=105636 tid=105638 assigned=3-4 running_on=3
[DRM-pin] pid=105636 tid=105638 assigned=1-4 running_on=3
[DRM-pin] pid=105636 tid=105641 assigned=1-4 running_on=1
[DRM-pin] pid=105636 tid=105640 assigned=1-4 running_on=2


 NAS Parallel Benchmarks (NPB3.4-OMP) - CG Benchmark

 Size:      150000
 Iterations:                     75
 Number of available threads:     4

 Initialization time =           3.001 seconds

   iteration           ||r||                 zeta
        1       0.35328997525708E-12   109.9994423237398
        5       0.89238996738122E-15    28.6471670038893
       10       0.91219858473593E-15    28.9496695449003
       15       0.90573583743836E-15    28.9716336228371
       20       0.91444629844748E-15    28.9734210663748
       25       0.90977931931247E-15    28.9735863059382
       30       0.91110659594401E-15    28.9736033967627
       35       0.91070507747566E-15    28.9736053266246
       40       0.90711937850723E-15    28.9736055590700
       45       0.90951039753396E-15    28.9736055884132
       50       0.91048471058307E-15    28.9736055922485
       55       0.90438104794672E-15    28.9736055927632
       60       0.90884975453672E-15    28.9736055928339
       65       0.90539960328964E-15    28.9736055928440
       70       0.90317503588622E-15    28.9736055928455
       75       0.90044750645191E-15    28.9736055928458
 Benchmark completed 
 VERIFICATION SUCCESSFUL 
 Zeta is     0.2897360559285E+02
 Error is    0.2758926827966E-13


 CG Benchmark Completed.
 Class           =                        C
 Size            =                   150000
 Iterations      =                       75
 Time in seconds =                    24.39
 Total threads   =                        4
 Avail threads   =                        4
 Mop/s total     =                  5878.00
 Mop/s/thread    =                  1469.50
 Operation type  =           floating point
 Verification    =               SUCCESSFUL
 Version         =                    3.4.3
 Compile date    =              03 Sep 2026

 Compile options:
    FC           = gfortran
    FLINK        = $(FC)
    F_LIB        = -L$(LLVM_BUILD)/lib -lomp
    F_INC        = (none)
    FFLAGS       = -O3 -fopenmp
    FLINKFLAGS   = -O3 -fopenmp
    RAND         = randi8


 Please send all errors/feedbacks to:

 NPB Development Team
 npb@nas.nasa.gov


