[DRM-pin] pid=107705 tid=107713 assigned=5-8 running_on=5
[DRM-pin] pid=107705 tid=107716 assigned=5-8 running_on=6
[DRM-pin] pid=107705 tid=107715 assigned=5-8 running_on=5
[DRM-pin] pid=107705 tid=107715 assigned=1-8 running_on=5
[DRM-pin] pid=107705 tid=107718 assigned=1-8 running_on=4
[DRM-pin] pid=107705 tid=107716 assigned=1-8 running_on=6
[DRM-pin] pid=107705 tid=107717 assigned=1-8 running_on=2
[DRM-pin] pid=107705 tid=107720 assigned=1-8 running_on=1
[DRM-pin] pid=107705 tid=107713 assigned=1-8 running_on=7
[DRM-pin] pid=107705 tid=107719 assigned=1-8 running_on=3


 NAS Parallel Benchmarks (NPB3.4-OMP) - CG Benchmark

 Size:      150000
 Iterations:                     75
 Number of available threads:     8

 Initialization time =           1.620 seconds

   iteration           ||r||                 zeta
        1       0.35323154871146E-12   109.9994423237398
        5       0.89291722908892E-15    28.6471670038893
       10       0.91254826712768E-15    28.9496695449000
       15       0.90703435110614E-15    28.9716336228371
       20       0.91593590875797E-15    28.9734210663752
       25       0.90874250461016E-15    28.9735863059386
       30       0.90880813158535E-15    28.9736033967633
       35       0.91092585642283E-15    28.9736053266247
       40       0.90591970962037E-15    28.9736055590700
       45       0.90864666040374E-15    28.9736055884130
       50       0.90957497803009E-15    28.9736055922483
       55       0.90219168269806E-15    28.9736055927634
       60       0.90895711264518E-15    28.9736055928341
       65       0.90611804664299E-15    28.9736055928440
       70       0.90285789576664E-15    28.9736055928451
       75       0.90208108672154E-15    28.9736055928456
 Benchmark completed 
 VERIFICATION SUCCESSFUL 
 Zeta is     0.2897360559285E+02
 Error is    0.2121308183281E-13


 CG Benchmark Completed.
 Class           =                        C
 Size            =                   150000
 Iterations      =                       75
 Time in seconds =                    11.68
 Total threads   =                        8
 Avail threads   =                        8
 Mop/s total     =                 12273.46
 Mop/s/thread    =                  1534.18
 Operation type  =           floating point
 Verification    =               SUCCESSFUL
 Version         =                    3.4.3
 Compile date    =              03 Sep 2026

 Compile options:
    FC           = gfortran
    FLINK        = $(FC)
    F_LIB        = -L$(LLVM_BUILD)/lib -lomp
    F_INC        = (none)
    FFLAGS       = -O3 -fopenmp
    FLINKFLAGS   = -O3 -fopenmp
    RAND         = randi8


 Please send all errors/feedbacks to:

 NPB Development Team
 npb@nas.nasa.gov


