[DRM-pin] pid=107097 tid=107101 assigned=60-63 running_on=62
[DRM-pin] pid=107097 tid=107099 assigned=60-63 running_on=61
[DRM-pin] pid=107097 tid=107102 assigned=60-63 running_on=60
[DRM-pin] pid=107097 tid=107102 assigned=56-63 running_on=60
[DRM-pin] pid=107097 tid=107101 assigned=56-63 running_on=62
[DRM-pin] pid=107097 tid=107099 assigned=56-63 running_on=61
[DRM-pin] pid=107097 tid=107103 assigned=56-63 running_on=58
[DRM-pin] pid=107097 tid=107107 assigned=56-63 running_on=57
[DRM-pin] pid=107097 tid=107106 assigned=56-63 running_on=59
[DRM-pin] pid=107097 tid=107104 assigned=56-63 running_on=56


 NAS Parallel Benchmarks (NPB3.4-OMP) - CG Benchmark

 Size:      150000
 Iterations:                     75
 Number of available threads:     8

 Initialization time =           1.553 seconds

   iteration           ||r||                 zeta
        1       0.35328997525708E-12   109.9994423237398
        5       0.89246308453934E-15    28.6471670038893
       10       0.91151440252234E-15    28.9496695449000
       15       0.90736150244653E-15    28.9716336228371
       20       0.91371761476217E-15    28.9734210663752
       25       0.90891271887512E-15    28.9735863059386
       30       0.90877454259414E-15    28.9736033967633
       35       0.91030484593935E-15    28.9736053266247
       40       0.90613334151708E-15    28.9736055590700
       45       0.90822292840600E-15    28.9736055884130
       50       0.91003101920547E-15    28.9736055922483
       55       0.90254825727598E-15    28.9736055927634
       60       0.90883812246819E-15    28.9736055928341
       65       0.90692990809248E-15    28.9736055928440
       70       0.90116486153762E-15    28.9736055928452
       75       0.90285276273333E-15    28.9736055928456
 Benchmark completed 
 VERIFICATION SUCCESSFUL 
 Zeta is     0.2897360559285E+02
 Error is    0.1974165419122E-13


 CG Benchmark Completed.
 Class           =                        C
 Size            =                   150000
 Iterations      =                       75
 Time in seconds =                    12.63
 Total threads   =                        8
 Avail threads   =                        8
 Mop/s total     =                 11352.78
 Mop/s/thread    =                  1419.10
 Operation type  =           floating point
 Verification    =               SUCCESSFUL
 Version         =                    3.4.3
 Compile date    =              03 Sep 2026

 Compile options:
    FC           = gfortran
    FLINK        = $(FC)
    F_LIB        = -L$(LLVM_BUILD)/lib -lomp
    F_INC        = (none)
    FFLAGS       = -O3 -fopenmp
    FLINKFLAGS   = -O3 -fopenmp
    RAND         = randi8


 Please send all errors/feedbacks to:

 NPB Development Team
 npb@nas.nasa.gov


