

 NAS Parallel Benchmarks (NPB3.4-OMP) - CG Benchmark

 Size:      150000
 Iterations:                     75
 Number of available threads:     8

 Initialization time =           1.391 seconds

   iteration           ||r||                 zeta
        1       0.35332350204340E-12   109.9994423237398
        5       0.89238323624460E-15    28.6471670038896
       10       0.91165539712673E-15    28.9496695449001
       15       0.90788409076665E-15    28.9716336228370
       20       0.91379562095108E-15    28.9734210663752
       25       0.90793820820665E-15    28.9735863059386
       30       0.90856796389935E-15    28.9736033967633
       35       0.91143047594271E-15    28.9736053266247
       40       0.90659270714251E-15    28.9736055590700
       45       0.90846293984248E-15    28.9736055884130
       50       0.90962395093245E-15    28.9736055922483
       55       0.90375930813829E-15    28.9736055927634
       60       0.90911154603127E-15    28.9736055928341
       65       0.90519407000385E-15    28.9736055928440
       70       0.90227978591068E-15    28.9736055928452
       75       0.90183075780495E-15    28.9736055928456
 Benchmark completed 
 VERIFICATION SUCCESSFUL 
 Zeta is     0.2897360559285E+02
 Error is    0.2072260595228E-13


 CG Benchmark Completed.
 Class           =                        C
 Size            =                   150000
 Iterations      =                       75
 Time in seconds =                    11.67
 Total threads   =                        8
 Avail threads   =                        8
 Mop/s total     =                 12282.04
 Mop/s/thread    =                  1535.26
 Operation type  =           floating point
 Verification    =               SUCCESSFUL
 Version         =                    3.4.3
 Compile date    =              03 Sep 2026

 Compile options:
    FC           = gfortran
    FLINK        = $(FC)
    F_LIB        = -L$(LLVM_BUILD)/lib -lomp
    F_INC        = (none)
    FFLAGS       = -O3 -fopenmp
    FLINKFLAGS   = -O3 -fopenmp
    RAND         = randi8


 Please send all errors/feedbacks to:

 NPB Development Team
 npb@nas.nasa.gov


