

 NAS Parallel Benchmarks (NPB3.4-OMP) - CG Benchmark

 Size:      150000
 Iterations:                     75
 Number of available threads:    16

 Initialization time =           0.778 seconds

   iteration           ||r||                 zeta
        1       0.35307069930651E-12   109.9994423237398
        5       0.89242562443422E-15    28.6471670038896
       10       0.91210497644318E-15    28.9496695449000
       15       0.90547387687368E-15    28.9716336228373
       20       0.91487589399384E-15    28.9734210663750
       25       0.90939179563513E-15    28.9735863059385
       30       0.90901554191366E-15    28.9736033967631
       35       0.91054307652120E-15    28.9736053266249
       40       0.90565499218445E-15    28.9736055590700
       45       0.90915390581352E-15    28.9736055884129
       50       0.90989901281599E-15    28.9736055922482
       55       0.90388919894069E-15    28.9736055927636
       60       0.90805309779430E-15    28.9736055928341
       65       0.90787256609267E-15    28.9736055928438
       70       0.90219394938960E-15    28.9736055928452
       75       0.90199482525842E-15    28.9736055928455
 Benchmark completed 
 VERIFICATION SUCCESSFUL 
 Zeta is     0.2897360559285E+02
 Error is    0.1581784714701E-13


 CG Benchmark Completed.
 Class           =                        C
 Size            =                   150000
 Iterations      =                       75
 Time in seconds =                     6.17
 Total threads   =                       16
 Avail threads   =                       16
 Mop/s total     =                 23223.75
 Mop/s/thread    =                  1451.48
 Operation type  =           floating point
 Verification    =               SUCCESSFUL
 Version         =                    3.4.3
 Compile date    =              03 Sep 2026

 Compile options:
    FC           = gfortran
    FLINK        = $(FC)
    F_LIB        = -L$(LLVM_BUILD)/lib -lomp
    F_INC        = (none)
    FFLAGS       = -O3 -fopenmp
    FLINKFLAGS   = -O3 -fopenmp
    RAND         = randi8


 Please send all errors/feedbacks to:

 NPB Development Team
 npb@nas.nasa.gov


