

 NAS Parallel Benchmarks (NPB3.4-OMP) - CG Benchmark

 Size:      150000
 Iterations:                     75
 Number of available threads:    32

 Initialization time =           0.470 seconds

   iteration           ||r||                 zeta
        1       0.35326865740431E-12   109.9994423237398
        5       0.89267106226271E-15    28.6471670038896
       10       0.91241223694365E-15    28.9496695448999
       15       0.90593407766262E-15    28.9716336228372
       20       0.91431218625234E-15    28.9734210663749
       25       0.90961191482354E-15    28.9735863059384
       30       0.90996740803261E-15    28.9736033967631
       35       0.90944060835113E-15    28.9736053266250
       40       0.90703382380593E-15    28.9736055590699
       45       0.91009224975613E-15    28.9736055884127
       50       0.90849841891851E-15    28.9736055922484
       55       0.90398275789889E-15    28.9736055927634
       60       0.90892846705806E-15    28.9736055928340
       65       0.90774838950629E-15    28.9736055928439
       70       0.90064698940248E-15    28.9736055928453
       75       0.90162688239044E-15    28.9736055928455
 Benchmark completed 
 VERIFICATION SUCCESSFUL 
 Zeta is     0.2897360559285E+02
 Error is    0.1679879890806E-13


 CG Benchmark Completed.
 Class           =                        C
 Size            =                   150000
 Iterations      =                       75
 Time in seconds =                     3.62
 Total threads   =                       32
 Avail threads   =                       32
 Mop/s total     =                 39569.13
 Mop/s/thread    =                  1236.54
 Operation type  =           floating point
 Verification    =               SUCCESSFUL
 Version         =                    3.4.3
 Compile date    =              03 Sep 2026

 Compile options:
    FC           = gfortran
    FLINK        = $(FC)
    F_LIB        = -L$(LLVM_BUILD)/lib -lomp
    F_INC        = (none)
    FFLAGS       = -O3 -fopenmp
    FLINKFLAGS   = -O3 -fopenmp
    RAND         = randi8


 Please send all errors/feedbacks to:

 NPB Development Team
 npb@nas.nasa.gov


