PID: 201424
native_threads_start = 1
OMP: pid 201424 tid 201424 thread 0 bound to OS proc set {0-15}
OMP: pid 201424 tid 201435 thread 8 bound to OS proc set {0-15}
OMP: pid 201424 tid 201436 thread 9 bound to OS proc set {0-15}
OMP: pid 201424 tid 201437 thread 10 bound to OS proc set {0-15}
OMP: pid 201424 tid 201438 thread 11 bound to OS proc set {0-15}
OMP: pid 201424 tid 201439 thread 12 bound to OS proc set {0-15}
OMP: pid 201424 tid 201440 thread 13 bound to OS proc set {0-15}
OMP: pid 201424 tid 201441 thread 14 bound to OS proc set {0-15}
OMP: pid 201424 tid 201442 thread 15 bound to OS proc set {0-15}
OMP: pid 201424 tid 201431 thread 4 bound to OS proc set {0-15}
OMP: pid 201424 tid 201434 thread 7 bound to OS proc set {0-15}
OMP: pid 201424 tid 201433 thread 6 bound to OS proc set {0-15}
OMP: pid 201424 tid 201432 thread 5 bound to OS proc set {0-15}
OMP: pid 201424 tid 201430 thread 3 bound to OS proc set {0-15}
OMP: pid 201424 tid 201429 thread 2 bound to OS proc set {0-15}
OMP: pid 201424 tid 201427 thread 1 bound to OS proc set {0-15}
[REGION 1] pthread id: 22563432649536, omp tid: 0/16
[REGION 1] pthread id: 22563294755904, omp tid: 3/16
[REGION 1] pthread id: 22562959171264, omp tid: 8/16
[REGION 1] pthread id: 22562824937408, omp tid: 10/16
[REGION 1] pthread id: 22562892054336, omp tid: 9/16
[REGION 1] pthread id: 22563227638976, omp tid: 4/16
[REGION 1] pthread id: 22562690703552, omp tid: 12/16
[REGION 1] pthread id: 22563361872832, omp tid: 2/16
[REGION 1] pthread id: 22562489352768, omp tid: 15/16
[REGION 1] pthread id: 22562556469696, omp tid: 14/16
[REGION 1] pthread id: 22563428989760, omp tid: 1/16
[REGION 1] pthread id: 22562757820480, omp tid: 11/16
[REGION 1] pthread id: 22563026288192, omp tid: 7/16
[REGION 1] pthread id: 22562623586624, omp tid: 13/16
[REGION 1] pthread id: 22563093405120, omp tid: 6/16
[REGION 1] pthread id: 22563160522048, omp tid: 5/16
OMP: pid 201424 tid 201424 thread 0 bound to OS proc set {0-15}
[REGION 2] pthread id: 22563432649536, omp tid: 0/8
OMP: pid 201424 tid 201427 thread 1 bound to OS proc set {0-15}
OMP: pid 201424 tid 201429 thread 2 bound to OS proc set {0-15}
OMP: pid 201424 tid 201430 thread 3 bound to OS proc set {0-15}
OMP: pid 201424 tid 201433 thread 6 bound to OS proc set {0-15}
OMP: pid 201424 tid 201434 thread 7 bound to OS proc set {0-15}
[REGION 2] pthread id: 22563093405120, omp tid: 6/8
[REGION 2] pthread id: 22563428989760, omp tid: 1/8
[REGION 2] pthread id: 22563361872832, omp tid: 2/8
OMP: pid 201424 tid 201431 thread 4 bound to OS proc set {0-15}
[REGION 2] pthread id: 22563026288192, omp tid: 7/8
OMP: pid 201424 tid 201432 thread 5 bound to OS proc set {0-15}
[REGION 2] pthread id: 22563160522048, omp tid: 5/8
[REGION 2] pthread id: 22563227638976, omp tid: 4/8
[REGION 2] pthread id: 22563294755904, omp tid: 3/8
native_threads_end = 16
 Iterations      =                        2
 Time in seconds =                     4.16
 Total threads   =                       16
 Avail threads   =                       16
 Mop/s total     =                     0.00
 Mop/s/thread    =                     0.00
 Operation type  =           floating point
done
