PID: 201446
native_threads_start = 1
OMP: pid 201446 tid 201446 thread 0 bound to OS proc set {0-15}
OMP: pid 201446 tid 201469 thread 14 bound to OS proc set {0-15}
OMP: pid 201446 tid 201467 thread 12 bound to OS proc set {0-15}
OMP: pid 201446 tid 201472 thread 15 bound to OS proc set {0-15}
OMP: pid 201446 tid 201451 thread 3 bound to OS proc set {0-15}
OMP: pid 201446 tid 201460 thread 8 bound to OS proc set {0-15}
OMP: pid 201446 tid 201468 thread 13 bound to OS proc set {0-15}
OMP: pid 201446 tid 201465 thread 11 bound to OS proc set {0-15}
OMP: pid 201446 tid 201449 thread 2 bound to OS proc set {0-15}
OMP: pid 201446 tid 201464 thread 10 bound to OS proc set {0-15}
OMP: pid 201446 tid 201448 thread 1 bound to OS proc set {0-15}
OMP: pid 201446 tid 201453 thread 4 bound to OS proc set {0-15}
OMP: pid 201446 tid 201458 thread 7 bound to OS proc set {0-15}
OMP: pid 201446 tid 201455 thread 6 bound to OS proc set {0-15}
OMP: pid 201446 tid 201454 thread 5 bound to OS proc set {0-15}
OMP: pid 201446 tid 201461 thread 9 bound to OS proc set {0-15}
[REGION 1] pthread id: 23387439083968, omp tid: 14/16
[REGION 1] pthread id: 23389385256000, omp tid: 3/16
[REGION 1] pthread id: 23389772788544, omp tid: 0/16
[REGION 1] pthread id: 23389769128768, omp tid: 1/16
[REGION 1] pthread id: 23387237773888, omp tid: 15/16
[REGION 1] pthread id: 23387908862016, omp tid: 11/16
[REGION 1] pthread id: 23388512841408, omp tid: 8/16
[REGION 1] pthread id: 23389567794112, omp tid: 2/16
[REGION 1] pthread id: 23388915477952, omp tid: 6/16
[REGION 1] pthread id: 23388714167872, omp tid: 7/16
[REGION 1] pthread id: 23387573317824, omp tid: 12/16
[REGION 1] pthread id: 23389183929536, omp tid: 4/16
[REGION 1] pthread id: 23387506200896, omp tid: 13/16
[REGION 1] pthread id: 23388311514944, omp tid: 9/16
[REGION 1] pthread id: 23388110188480, omp tid: 10/16
[REGION 1] pthread id: 23388982594880, omp tid: 5/16
[REGION 2] pthread id: 23389772788544, omp tid: 0/16
[REGION 2] pthread id: 23387237773888, omp tid: 15/16
[REGION 2] pthread id: 23387573317824, omp tid: 12/16
[REGION 2] pthread id: 23387908862016, omp tid: 11/16
[REGION 2] pthread id: 23387439083968, omp tid: 14/16
[REGION 2] pthread id: 23388512841408, omp tid: 8/16
[REGION 2] pthread id: 23389183929536, omp tid: 4/16
[REGION 2] pthread id: 23388714167872, omp tid: 7/16
[REGION 2] pthread id: 23389567794112, omp tid: 2/16
[REGION 2] pthread id: 23388110188480, omp tid: 10/16
[REGION 2] pthread id: 23389769128768, omp tid: 1/16
[REGION 2] pthread id: 23388982594880, omp tid: 5/16
[REGION 2] pthread id: 23388311514944, omp tid: 9/16
[REGION 2] pthread id: 23387506200896, omp tid: 13/16
[REGION 2] pthread id: 23389385256000, omp tid: 3/16
[REGION 2] pthread id: 23388915477952, omp tid: 6/16
native_threads_end = 16
 Iterations      =                        2
 Time in seconds =                     4.05
 Total threads   =                       16
 Avail threads   =                       16
 Mop/s total     =                     0.00
 Mop/s/thread    =                     0.00
 Operation type  =           floating point
done
