PID: 201057
native_threads_start = 1
OMP: pid 201057 tid 201062 thread 3 bound to OS proc set {0-3}
OMP: pid 201057 tid 201057 thread 0 bound to OS proc set {0-3}
OMP: pid 201057 tid 201059 thread 1 bound to OS proc set {0-3}
OMP: pid 201057 tid 201061 thread 2 bound to OS proc set {0-3}
[DRM-pin] pid=201057 tid=201059 assigned=0-3 running_on=1
[DRM-pin] pid=201057 tid=201062 assigned=0-3 running_on=2
[DRM-pin] pid=201057 tid=201061 assigned=0-3 running_on=3
[REGION 1] pthread id: 22630054861760, omp tid: 2/4
[REGION 1] pthread id: 22630121978688, omp tid: 1/4
[REGION 1] pthread id: 22630125638464, omp tid: 0/4
[REGION 1] pthread id: 22629914242112, omp tid: 3/4
[REGION 2] pthread id: 22630125638464, omp tid: 0/4
[REGION 2] pthread id: 22630121978688, omp tid: 1/4
[REGION 2] pthread id: 22629914242112, omp tid: 3/4
[REGION 2] pthread id: 22630054861760, omp tid: 2/4
native_threads_end = 4
 Iterations      =                        2
 Time in seconds =                     4.02
 Total threads   =                        4
 Avail threads   =                        4
 Mop/s total     =                     0.00
 Mop/s/thread    =                     0.00
 Operation type  =           floating point
done
