PID: 201212
native_threads_start = 1
OMP: pid 201212 tid 201212 thread 0 bound to OS proc set {0-7}
OMP: pid 201212 tid 201223 thread 4 bound to OS proc set {0-7}
OMP: pid 201212 tid 201226 thread 7 bound to OS proc set {0-7}
OMP: pid 201212 tid 201225 thread 6 bound to OS proc set {0-7}
OMP: pid 201212 tid 201224 thread 5 bound to OS proc set {0-7}
OMP: pid 201212 tid 201222 thread 3 bound to OS proc set {0-7}
OMP: pid 201212 tid 201221 thread 2 bound to OS proc set {0-7}
OMP: pid 201212 tid 201220 thread 1 bound to OS proc set {0-7}
[REGION 1] pthread id: 22827451405120, omp tid: 0/8
[REGION 1] pthread id: 22827246394560, omp tid: 4/8
[REGION 1] pthread id: 22827380628416, omp tid: 2/8
[REGION 1] pthread id: 22827112160704, omp tid: 6/8
[REGION 1] pthread id: 22827313511488, omp tid: 3/8
[REGION 1] pthread id: 22827179277632, omp tid: 5/8
[REGION 1] pthread id: 22827447745344, omp tid: 1/8
[REGION 1] pthread id: 22827045043776, omp tid: 7/8
[REGION 2] pthread id: 22827451405120, omp tid: 0/8
[REGION 2] pthread id: 22827313511488, omp tid: 3/8
[REGION 2] pthread id: 22827380628416, omp tid: 2/8
[REGION 2] pthread id: 22827246394560, omp tid: 4/8
[REGION 2] pthread id: 22827179277632, omp tid: 5/8
[REGION 2] pthread id: 22827045043776, omp tid: 7/8
[REGION 2] pthread id: 22827112160704, omp tid: 6/8
[REGION 2] pthread id: 22827447745344, omp tid: 1/8
native_threads_end = 8
 Iterations      =                        2
 Time in seconds =                     4.14
 Total threads   =                        8
 Avail threads   =                        8
 Mop/s total     =                     0.00
 Mop/s/thread    =                     0.00
 Operation type  =           floating point
done
