PID: 201447
native_threads_start = 1
OMP: pid 201447 tid 201450 thread 1 bound to OS proc set {0-15}
OMP: pid 201447 tid 201452 thread 2 bound to OS proc set {0-15}
OMP: pid 201447 tid 201456 thread 3 bound to OS proc set {0-15}
OMP: pid 201447 tid 201447 thread 0 bound to OS proc set {0-15}
OMP: pid 201447 tid 201457 thread 4 bound to OS proc set {0-15}
OMP: pid 201447 tid 201462 thread 6 bound to OS proc set {0-15}
OMP: pid 201447 tid 201459 thread 5 bound to OS proc set {0-15}
OMP: pid 201447 tid 201466 thread 8 bound to OS proc set {0-15}
OMP: pid 201447 tid 201471 thread 10 bound to OS proc set {0-15}
OMP: pid 201447 tid 201470 thread 9 bound to OS proc set {0-15}
OMP: pid 201447 tid 201473 thread 11 bound to OS proc set {0-15}
OMP: pid 201447 tid 201474 thread 12 bound to OS proc set {0-15}
OMP: pid 201447 tid 201477 thread 15 bound to OS proc set {0-15}
OMP: pid 201447 tid 201463 thread 7 bound to OS proc set {0-15}
OMP: pid 201447 tid 201476 thread 14 bound to OS proc set {0-15}
OMP: pid 201447 tid 201475 thread 13 bound to OS proc set {0-15}
[REGION 1] pthread id: 23434817956928, omp tid: 3/16
[REGION 1] pthread id: 23434213977536, omp tid: 6/16
[REGION 1] pthread id: 23433341562944, omp tid: 11/16
[REGION 1] pthread id: 23434549505344, omp tid: 5/16
[REGION 1] pthread id: 23433945542336, omp tid: 8/16
[REGION 1] pthread id: 23434616622272, omp tid: 4/16
[REGION 1] pthread id: 23435019283392, omp tid: 2/16
[REGION 1] pthread id: 23435192105792, omp tid: 1/16
[REGION 1] pthread id: 23433677098944, omp tid: 10/16
[REGION 1] pthread id: 23433744215872, omp tid: 9/16
[REGION 1] pthread id: 23433274446016, omp tid: 12/16
[REGION 1] pthread id: 23435195765568, omp tid: 0/16
[REGION 1] pthread id: 23433207329088, omp tid: 13/16
[REGION 1] pthread id: 23434146860608, omp tid: 7/16
[REGION 1] pthread id: 23433140212160, omp tid: 14/16
[REGION 1] pthread id: 23433073095232, omp tid: 15/16
[REGION 2] pthread id: 23435019283392, omp tid: 2/16
[REGION 2] pthread id: 23433274446016, omp tid: 12/16
[REGION 2] pthread id: 23434146860608, omp tid: 7/16
[REGION 2] pthread id: 23433140212160, omp tid: 14/16
[REGION 2] pthread id: 23435195765568, omp tid: 0/16
[REGION 2] pthread id: 23435192105792, omp tid: 1/16
[REGION 2] pthread id: 23434616622272, omp tid: 4/16
[REGION 2] pthread id: 23433073095232, omp tid: 15/16
[REGION 2] pthread id: 23433945542336, omp tid: 8/16
[REGION 2] pthread id: 23434549505344, omp tid: 5/16
[REGION 2] pthread id: 23433207329088, omp tid: 13/16
[REGION 2] pthread id: 23433744215872, omp tid: 9/16
[REGION 2] pthread id: 23433677098944, omp tid: 10/16
[REGION 2] pthread id: 23433341562944, omp tid: 11/16
[REGION 2] pthread id: 23434817956928, omp tid: 3/16
[REGION 2] pthread id: 23434213977536, omp tid: 6/16
native_threads_end = 16
 Iterations      =                        2
 Time in seconds =                     4.07
 Total threads   =                       16
 Avail threads   =                       16
 Mop/s total     =                     0.00
 Mop/s/thread    =                     0.00
 Operation type  =           floating point
done
