PID: 201769
native_threads_start = 1
OMP: pid 201769 tid 201769 thread 0 bound to OS proc set {0-31}
OMP: pid 201769 tid 201774 thread 3 bound to OS proc set {0-31}
OMP: pid 201769 tid 201772 thread 1 bound to OS proc set {0-31}
OMP: pid 201769 tid 201773 thread 2 bound to OS proc set {0-31}
OMP: pid 201769 tid 201790 thread 12 bound to OS proc set {0-31}
OMP: pid 201769 tid 201775 thread 4 bound to OS proc set {0-31}
OMP: pid 201769 tid 201788 thread 11 bound to OS proc set {0-31}
OMP: pid 201769 tid 201797 thread 15 bound to OS proc set {0-31}
OMP: pid 201769 tid 201782 thread 8 bound to OS proc set {0-31}
OMP: pid 201769 tid 201780 thread 7 bound to OS proc set {0-31}
OMP: pid 201769 tid 201793 thread 14 bound to OS proc set {0-31}
OMP: pid 201769 tid 201778 thread 6 bound to OS proc set {0-31}
OMP: pid 201769 tid 201792 thread 13 bound to OS proc set {0-31}
OMP: pid 201769 tid 201776 thread 5 bound to OS proc set {0-31}
OMP: pid 201769 tid 201787 thread 10 bound to OS proc set {0-31}
OMP: pid 201769 tid 201786 thread 9 bound to OS proc set {0-31}
OMP: pid 201769 tid 201819 thread 28 bound to OS proc set {0-31}
OMP: pid 201769 tid 201800 thread 16 bound to OS proc set {0-31}
OMP: pid 201769 tid 201815 thread 25 bound to OS proc set {0-31}
OMP: pid 201769 tid 201823 thread 30 bound to OS proc set {0-31}
OMP: pid 201769 tid 201805 thread 19 bound to OS proc set {0-31}
OMP: pid 201769 tid 201803 thread 18 bound to OS proc set {0-31}
OMP: pid 201769 tid 201814 thread 24 bound to OS proc set {0-31}
OMP: pid 201769 tid 201802 thread 17 bound to OS proc set {0-31}
OMP: pid 201769 tid 201824 thread 31 bound to OS proc set {0-31}
OMP: pid 201769 tid 201821 thread 29 bound to OS proc set {0-31}
OMP: pid 201769 tid 201817 thread 26 bound to OS proc set {0-31}
OMP: pid 201769 tid 201807 thread 20 bound to OS proc set {0-31}
OMP: pid 201769 tid 201818 thread 27 bound to OS proc set {0-31}
OMP: pid 201769 tid 201811 thread 22 bound to OS proc set {0-31}
OMP: pid 201769 tid 201813 thread 23 bound to OS proc set {0-31}
OMP: pid 201769 tid 201810 thread 21 bound to OS proc set {0-31}
[DRM-pin] pid=201769 tid=201786 assigned=0-31 running_on=13
[DRM-pin] pid=201769 tid=201780 assigned=0-31 running_on=7
[DRM-pin] pid=201769 tid=201805 assigned=0-31 running_on=6
[DRM-pin] pid=201769 tid=201803 assigned=0-31 running_on=10
[DRM-pin] pid=201769 tid=201792 assigned=0-31 running_on=19
[DRM-pin] pid=201769 tid=201778 assigned=0-31 running_on=6
[DRM-pin] pid=201769 tid=201776 assigned=0-31 running_on=5
[DRM-pin] pid=201769 tid=201787 assigned=0-31 running_on=16
[DRM-pin] pid=201769 tid=201772 assigned=0-31 running_on=2
[DRM-pin] pid=201769 tid=201775 assigned=0-31 running_on=4
[DRM-pin] pid=201769 tid=201774 assigned=0-31 running_on=1
[DRM-pin] pid=201769 tid=201788 assigned=0-31 running_on=28
[DRM-pin] pid=201769 tid=201793 assigned=0-31 running_on=20
[DRM-pin] pid=201769 tid=201773 assigned=0-31 running_on=18
[DRM-pin] pid=201769 tid=201800 assigned=0-31 running_on=28
[DRM-pin] pid=201769 tid=201797 assigned=0-31 running_on=24
[DRM-pin] pid=201769 tid=201823 assigned=0-31 running_on=18
[DRM-pin] pid=201769 tid=201807 assigned=0-31 running_on=21
[DRM-pin] pid=201769 tid=201817 assigned=0-31 running_on=8
[DRM-pin] pid=201769 tid=201819 assigned=0-31 running_on=14
[DRM-pin] pid=201769 tid=201818 assigned=0-31 running_on=25
[DRM-pin] pid=201769 tid=201813 assigned=0-31 running_on=11
[DRM-pin] pid=201769 tid=201814 assigned=0-31 running_on=29
[DRM-pin] pid=201769 tid=201821 assigned=0-31 running_on=23
[DRM-pin] pid=201769 tid=201802 assigned=0-31 running_on=0
[DRM-pin] pid=201769 tid=201782 assigned=0-31 running_on=9
[DRM-pin] pid=201769 tid=201790 assigned=0-31 running_on=17
[DRM-pin] pid=201769 tid=201811 assigned=0-31 running_on=26
[DRM-pin] pid=201769 tid=201810 assigned=0-31 running_on=27
[DRM-pin] pid=201769 tid=201824 assigned=0-31 running_on=12
[DRM-pin] pid=201769 tid=201815 assigned=0-31 running_on=31
[REGION 1] pthread id: 23218347799360, omp tid: 0/32
[REGION 1] pthread id: 23214432441792, omp tid: 22/32
[REGION 1] pthread id: 23215841735232, omp tid: 15/32
[REGION 1] pthread id: 23214164014784, omp tid: 24/32
[REGION 1] pthread id: 23217116802752, omp tid: 8/32
[REGION 1] pthread id: 23217318112832, omp tid: 7/32
[REGION 1] pthread id: 23214835102912, omp tid: 20/32
[REGION 1] pthread id: 23216110137664, omp tid: 13/32
[REGION 1] pthread id: 23214365324864, omp tid: 23/32
[REGION 1] pthread id: 23215506191040, omp tid: 16/32
[REGION 1] pthread id: 23215237739456, omp tid: 18/32
[REGION 1] pthread id: 23213492922560, omp tid: 28/32
[REGION 1] pthread id: 23216512806976, omp tid: 11/32
[REGION 1] pthread id: 23218190543808, omp tid: 2/32
[REGION 1] pthread id: 23217385229760, omp tid: 6/32
[REGION 1] pthread id: 23214633776448, omp tid: 21/32
[REGION 1] pthread id: 23217787890880, omp tid: 4/32
[REGION 1] pthread id: 23218344139584, omp tid: 1/32
[REGION 1] pthread id: 23217586564416, omp tid: 5/32
[REGION 1] pthread id: 23216043020736, omp tid: 14/32
[REGION 1] pthread id: 23213090257344, omp tid: 30/32
[REGION 1] pthread id: 23217989217344, omp tid: 3/32
[REGION 1] pthread id: 23215439074112, omp tid: 17/32
[REGION 1] pthread id: 23216781258560, omp tid: 9/32
[REGION 1] pthread id: 23213694224448, omp tid: 27/32
[REGION 1] pthread id: 23213828466496, omp tid: 25/32
[REGION 1] pthread id: 23216311472320, omp tid: 12/32
[REGION 1] pthread id: 23213023136320, omp tid: 31/32
[REGION 1] pthread id: 23213761345472, omp tid: 26/32
[REGION 1] pthread id: 23216714141632, omp tid: 10/32
[REGION 1] pthread id: 23213157378368, omp tid: 29/32
[REGION 1] pthread id: 23215036429376, omp tid: 19/32
[REGION 2] pthread id: 23218347799360, omp tid: 0/32
[REGION 2] pthread id: 23216781258560, omp tid: 9/32
[REGION 2] pthread id: 23217318112832, omp tid: 7/32
[REGION 2] pthread id: 23215036429376, omp tid: 19/32
[REGION 2] pthread id: 23215237739456, omp tid: 18/32
[REGION 2] pthread id: 23216110137664, omp tid: 13/32
[REGION 2] pthread id: 23217385229760, omp tid: 6/32
[REGION 2] pthread id: 23217586564416, omp tid: 5/32
[REGION 2] pthread id: 23216714141632, omp tid: 10/32
[REGION 2] pthread id: 23218344139584, omp tid: 1/32
[REGION 2] pthread id: 23217787890880, omp tid: 4/32
[REGION 2] pthread id: 23217989217344, omp tid: 3/32
[REGION 2] pthread id: 23216512806976, omp tid: 11/32
[REGION 2] pthread id: 23216043020736, omp tid: 14/32
[REGION 2] pthread id: 23218190543808, omp tid: 2/32
[REGION 2] pthread id: 23215506191040, omp tid: 16/32
[REGION 2] pthread id: 23215841735232, omp tid: 15/32
[REGION 2] pthread id: 23213090257344, omp tid: 30/32
[REGION 2] pthread id: 23214835102912, omp tid: 20/32
[REGION 2] pthread id: 23213761345472, omp tid: 26/32
[REGION 2] pthread id: 23213492922560, omp tid: 28/32
[REGION 2] pthread id: 23213694224448, omp tid: 27/32
[REGION 2] pthread id: 23214365324864, omp tid: 23/32
[REGION 2] pthread id: 23214164014784, omp tid: 24/32
[REGION 2] pthread id: 23213157378368, omp tid: 29/32
[REGION 2] pthread id: 23215439074112, omp tid: 17/32
[REGION 2] pthread id: 23217116802752, omp tid: 8/32
[REGION 2] pthread id: 23216311472320, omp tid: 12/32
[REGION 2] pthread id: 23214432441792, omp tid: 22/32
[REGION 2] pthread id: 23214633776448, omp tid: 21/32
[REGION 2] pthread id: 23213023136320, omp tid: 31/32
[REGION 2] pthread id: 23213828466496, omp tid: 25/32
native_threads_end = 32
 Iterations      =                        2
 Time in seconds =                     4.05
 Total threads   =                       32
 Avail threads   =                       32
 Mop/s total     =                     0.00
 Mop/s/thread    =                     0.00
 Operation type  =           floating point
done
