OMP: pid 184464 tid 184490 thread 8 bound to OS proc set {64-79}
OMP: pid 184464 tid 184507 thread 12 bound to OS proc set {64-79}
OMP: pid 184464 tid 184505 thread 11 bound to OS proc set {64-79}
OMP: pid 184464 tid 184464 thread 0 bound to OS proc set {64-79}
OMP: pid 184464 tid 184475 thread 3 bound to OS proc set {64-79}
OMP: pid 184464 tid 184473 thread 2 bound to OS proc set {64-79}
OMP: pid 184464 tid 184525 thread 15 bound to OS proc set {64-79}
OMP: pid 184464 tid 184467 thread 1 bound to OS proc set {64-79}
OMP: pid 184464 tid 184518 thread 14 bound to OS proc set {64-79}
OMP: pid 184464 tid 184500 thread 10 bound to OS proc set {64-79}
OMP: pid 184464 tid 184496 thread 9 bound to OS proc set {64-79}
OMP: pid 184464 tid 184486 thread 7 bound to OS proc set {64-79}
OMP: pid 184464 tid 184476 thread 4 bound to OS proc set {64-79}
OMP: pid 184464 tid 184512 thread 13 bound to OS proc set {64-79}
OMP: pid 184464 tid 184481 thread 6 bound to OS proc set {64-79}
OMP: pid 184464 tid 184479 thread 5 bound to OS proc set {64-79}
[DRM-pin] pid=184464 tid=184473 assigned=64-79 running_on=74
[DRM-pin] pid=184464 tid=184512 assigned=64-79 running_on=75
[DRM-pin] pid=184464 tid=184507 assigned=64-79 running_on=67
[DRM-pin] pid=184464 tid=184476 assigned=64-79 running_on=73
[DRM-pin] pid=184464 tid=184467 assigned=64-79 running_on=77
[DRM-pin] pid=184464 tid=184481 assigned=64-79 running_on=76
[DRM-pin] pid=184464 tid=184525 assigned=64-79 running_on=64
[DRM-pin] pid=184464 tid=184486 assigned=64-79 running_on=72
[DRM-pin] pid=184464 tid=184518 assigned=64-79 running_on=66
[DRM-pin] pid=184464 tid=184500 assigned=64-79 running_on=73
[DRM-pin] pid=184464 tid=184490 assigned=64-79 running_on=77
[DRM-pin] pid=184464 tid=184479 assigned=64-79 running_on=72
[DRM-pin] pid=184464 tid=184505 assigned=64-79 running_on=71
[DRM-pin] pid=184464 tid=184496 assigned=64-79 running_on=69
[DRM-pin] pid=184464 tid=184475 assigned=64-79 running_on=74
[DRM-pin] pid=184464 tid=184476 assigned=64-71 running_on=67
OMP: pid 184464 tid 184464 thread 0 bound to OS proc set {64-79}
[DRM-pin] pid=184464 tid=184479 assigned=64-71 running_on=70
OMP: pid 184464 tid 184476 thread 4 bound to OS proc set {64-79}
[DRM-pin] pid=184464 tid=184481 assigned=64-71 running_on=70
[DRM-pin] pid=184464 tid=184475 assigned=64-71 running_on=65
OMP: pid 184464 tid 184481 thread 6 bound to OS proc set {64-79}
[DRM-pin] pid=184464 tid=184467 assigned=64-71 running_on=64
OMP: pid 184464 tid 184475 thread 3 bound to OS proc set {64-79}
OMP: pid 184464 tid 184467 thread 1 bound to OS proc set {64-79}
[DRM-pin] pid=184464 tid=184473 assigned=64-71 running_on=70
[DRM-pin] pid=184464 tid=184486 assigned=64-71 running_on=64
OMP: pid 184464 tid 184473 thread 2 bound to OS proc set {64-79}
OMP: pid 184464 tid 184486 thread 7 bound to OS proc set {64-79}
OMP: pid 184464 tid 184479 thread 5 bound to OS proc set {64-79}
[DRM-pin] pid=184464 tid=184473 assigned=64-79 running_on=64
OMP: pid 184464 tid 184464 thread 0 bound to OS proc set {64-79}
[DRM-pin] pid=184464 tid=184481 assigned=64-79 running_on=67
OMP: pid 184464 tid 184473 thread 2 bound to OS proc set {64-79}
OMP: pid 184464 tid 184505 thread 11 bound to OS proc set {64-79}
OMP: pid 184464 tid 184496 thread 9 bound to OS proc set {64-79}
[DRM-pin] pid=184464 tid=184486 assigned=64-79 running_on=71
OMP: pid 184464 tid 184490 thread 8 bound to OS proc set {64-79}
[DRM-pin] pid=184464 tid=184467 assigned=64-79 running_on=69
OMP: pid 184464 tid 184481 thread 6 bound to OS proc set {64-79}
OMP: pid 184464 tid 184525 thread 15 bound to OS proc set {64-79}
OMP: pid 184464 tid 184518 thread 14 bound to OS proc set {64-79}
[DRM-pin] pid=184464 tid=184475 assigned=64-79 running_on=68
OMP: pid 184464 tid 184507 thread 12 bound to OS proc set {64-79}
OMP: pid 184464 tid 184486 thread 7 bound to OS proc set {64-79}
[DRM-pin] pid=184464 tid=184476 assigned=64-79 running_on=66
OMP: pid 184464 tid 184500 thread 10 bound to OS proc set {64-79}
OMP: pid 184464 tid 184467 thread 1 bound to OS proc set {64-79}
[DRM-pin] pid=184464 tid=184479 assigned=64-79 running_on=70
OMP: pid 184464 tid 184512 thread 13 bound to OS proc set {64-79}
OMP: pid 184464 tid 184475 thread 3 bound to OS proc set {64-79}
OMP: pid 184464 tid 184476 thread 4 bound to OS proc set {64-79}
OMP: pid 184464 tid 184479 thread 5 bound to OS proc set {64-79}


 NAS Parallel Benchmarks (NPB3.4-OMP) - CG Benchmark

 Size:      150000
 Iterations:                     75
 Number of available threads:    16

 Initialization time =           1.870 seconds

   iteration           ||r||                 zeta
        1       0.35317058219796E-12   109.9994423237398
        5       0.89154957245380E-15    28.6471670038896
       10       0.91118983636916E-15    28.9496695449000
       15       0.90619008126626E-15    28.9716336228371
       20       0.91392904285645E-15    28.9734210663752
       25       0.90842914115944E-15    28.9735863059386
       30       0.90934210329227E-15    28.9736033967633
       35       0.90985095505650E-15    28.9736053266247
       40       0.90709675585248E-15    28.9736055590700
       45       0.90783997065958E-15    28.9736055884130
       50       0.91022904838515E-15    28.9736055922483
       55       0.90255273757994E-15    28.9736055927634
       60       0.90866419318246E-15    28.9736055928340
       65       0.90643042955998E-15    28.9736055928440
       70       0.90224433711967E-15    28.9736055928452
       75       0.90227825877800E-15    28.9736055928454
 Benchmark completed 
 VERIFICATION SUCCESSFUL 
 Zeta is     0.2897360559285E+02
 Error is    0.1532737126648E-13


 CG Benchmark Completed.
 Class           =                        C
 Size            =                   150000
 Iterations      =                       75
 Time in seconds =                    13.80
 Total threads   =                       16
 Avail threads   =                       16
 Mop/s total     =                 10388.87
 Mop/s/thread    =                   649.30
 Operation type  =           floating point
 Verification    =               SUCCESSFUL
 Version         =                    3.4.3
 Compile date    =              03 Sep 2026

 Compile options:
    FC           = gfortran
    FLINK        = $(FC)
    F_LIB        = -L$(LLVM_BUILD)/lib -lomp
    F_INC        = (none)
    FFLAGS       = -O3 -fopenmp
    FLINKFLAGS   = -O3 -fopenmp
    RAND         = randi8


 Please send all errors/feedbacks to:

 NPB Development Team
 npb@nas.nasa.gov


