OMP: pid 67798 tid 67798 thread 0 bound to OS proc set {64-95}
OMP: pid 67798 tid 67805 thread 3 bound to OS proc set {64-95}
OMP: pid 67798 tid 67826 thread 15 bound to OS proc set {64-95}
OMP: pid 67798 tid 67804 thread 2 bound to OS proc set {64-95}
OMP: pid 67798 tid 67802 thread 1 bound to OS proc set {64-95}
OMP: pid 67798 tid 67806 thread 4 bound to OS proc set {64-95}
OMP: pid 67798 tid 67817 thread 12 bound to OS proc set {64-95}
OMP: pid 67798 tid 67810 thread 8 bound to OS proc set {64-95}
OMP: pid 67798 tid 67809 thread 7 bound to OS proc set {64-95}
OMP: pid 67798 tid 67815 thread 11 bound to OS proc set {64-95}
OMP: pid 67798 tid 67812 thread 10 bound to OS proc set {64-95}
OMP: pid 67798 tid 67808 thread 6 bound to OS proc set {64-95}
OMP: pid 67798 tid 67823 thread 14 bound to OS proc set {64-95}
OMP: pid 67798 tid 67811 thread 9 bound to OS proc set {64-95}
OMP: pid 67798 tid 67885 thread 28 bound to OS proc set {64-95}
OMP: pid 67798 tid 67807 thread 5 bound to OS proc set {64-95}
OMP: pid 67798 tid 67894 thread 31 bound to OS proc set {64-95}
OMP: pid 67798 tid 67830 thread 16 bound to OS proc set {64-95}
OMP: pid 67798 tid 67870 thread 24 bound to OS proc set {64-95}
OMP: pid 67798 tid 67820 thread 13 bound to OS proc set {64-95}
OMP: pid 67798 tid 67890 thread 30 bound to OS proc set {64-95}
OMP: pid 67798 tid 67887 thread 29 bound to OS proc set {64-95}
OMP: pid 67798 tid 67843 thread 19 bound to OS proc set {64-95}
OMP: pid 67798 tid 67837 thread 17 bound to OS proc set {64-95}
OMP: pid 67798 tid 67882 thread 27 bound to OS proc set {64-95}
OMP: pid 67798 tid 67841 thread 18 bound to OS proc set {64-95}
OMP: pid 67798 tid 67879 thread 26 bound to OS proc set {64-95}
OMP: pid 67798 tid 67871 thread 25 bound to OS proc set {64-95}
OMP: pid 67798 tid 67865 thread 23 bound to OS proc set {64-95}
OMP: pid 67798 tid 67848 thread 20 bound to OS proc set {64-95}
OMP: pid 67798 tid 67857 thread 22 bound to OS proc set {64-95}
OMP: pid 67798 tid 67853 thread 21 bound to OS proc set {64-95}
[DRM-pin] pid=67798 tid=67808 assigned=64-95 running_on=86
[DRM-pin] pid=67798 tid=67857 assigned=64-95 running_on=76
[DRM-pin] pid=67798 tid=67804 assigned=64-95 running_on=71
[DRM-pin] pid=67798 tid=67890 assigned=64-95 running_on=76
[DRM-pin] pid=67798 tid=67830 assigned=64-95 running_on=82
[DRM-pin] pid=67798 tid=67837 assigned=64-95 running_on=71
[DRM-pin] pid=67798 tid=67870 assigned=64-95 running_on=74
[DRM-pin] pid=67798 tid=67879 assigned=64-95 running_on=72
[DRM-pin] pid=67798 tid=67848 assigned=64-95 running_on=85
[DRM-pin] pid=67798 tid=67865 assigned=64-95 running_on=76
[DRM-pin] pid=67798 tid=67807 assigned=64-95 running_on=73
[DRM-pin] pid=67798 tid=67841 assigned=64-95 running_on=69
[DRM-pin] pid=67798 tid=67885 assigned=64-95 running_on=65
[DRM-pin] pid=67798 tid=67894 assigned=64-95 running_on=93
[DRM-pin] pid=67798 tid=67871 assigned=64-95 running_on=78
[DRM-pin] pid=67798 tid=67882 assigned=64-95 running_on=92
[DRM-pin] pid=67798 tid=67843 assigned=64-95 running_on=67
[DRM-pin] pid=67798 tid=67853 assigned=64-95 running_on=84
[DRM-pin] pid=67798 tid=67823 assigned=64-95 running_on=79
[DRM-pin] pid=67798 tid=67817 assigned=64-95 running_on=75
[DRM-pin] pid=67798 tid=67810 assigned=64-95 running_on=88
[DRM-pin] pid=67798 tid=67812 assigned=64-95 running_on=90
[DRM-pin] pid=67798 tid=67887 assigned=64-95 running_on=81
[DRM-pin] pid=67798 tid=67826 assigned=64-95 running_on=66
[DRM-pin] pid=67798 tid=67811 assigned=64-95 running_on=65
[DRM-pin] pid=67798 tid=67815 assigned=64-95 running_on=92
[DRM-pin] pid=67798 tid=67820 assigned=64-95 running_on=78
[DRM-pin] pid=67798 tid=67809 assigned=64-95 running_on=87
[DRM-pin] pid=67798 tid=67802 assigned=64-95 running_on=77
[DRM-pin] pid=67798 tid=67805 assigned=64-95 running_on=74
[DRM-pin] pid=67798 tid=67806 assigned=64-95 running_on=84
[DRM-pin] pid=67798 tid=67802 assigned=64-79 running_on=77
[DRM-pin] pid=67798 tid=67811 assigned=64-79 running_on=66
[DRM-pin] pid=67798 tid=67817 assigned=64-79 running_on=75
OMP: pid 67798 tid 67798 thread 0 bound to OS proc set {64-95}
[DRM-pin] pid=67798 tid=67804 assigned=64-79 running_on=71
OMP: pid 67798 tid 67802 thread 1 bound to OS proc set {64-95}
[DRM-pin] pid=67798 tid=67805 assigned=64-79 running_on=74
[DRM-pin] pid=67798 tid=67806 assigned=64-79 running_on=65
OMP: pid 67798 tid 67811 thread 9 bound to OS proc set {64-95}
OMP: pid 67798 tid 67804 thread 2 bound to OS proc set {64-95}
[DRM-pin] pid=67798 tid=67826 assigned=64-79 running_on=66
OMP: pid 67798 tid 67805 thread 3 bound to OS proc set {64-95}
OMP: pid 67798 tid 67806 thread 4 bound to OS proc set {64-95}
[DRM-pin] pid=67798 tid=67820 assigned=64-79 running_on=78
OMP: pid 67798 tid 67826 thread 15 bound to OS proc set {64-95}
OMP: pid 67798 tid 67820 thread 13 bound to OS proc set {64-95}
[DRM-pin] pid=67798 tid=67807 assigned=64-79 running_on=73
OMP: pid 67798 tid 67807 thread 5 bound to OS proc set {64-95}
[DRM-pin] pid=67798 tid=67815 assigned=64-79 running_on=64
OMP: pid 67798 tid 67815 thread 11 bound to OS proc set {64-95}
[DRM-pin] pid=67798 tid=67823 assigned=64-79 running_on=79
[DRM-pin] pid=67798 tid=67809 assigned=64-79 running_on=64
OMP: pid 67798 tid 67809 thread 7 bound to OS proc set {64-95}
[DRM-pin] pid=67798 tid=67812 assigned=64-79 running_on=71
OMP: pid 67798 tid 67812 thread 10 bound to OS proc set {64-95}
[DRM-pin] pid=67798 tid=67808 assigned=64-79 running_on=64
OMP: pid 67798 tid 67808 thread 6 bound to OS proc set {64-95}
[DRM-pin] pid=67798 tid=67810 assigned=64-79 running_on=64
OMP: pid 67798 tid 67810 thread 8 bound to OS proc set {64-95}
OMP: pid 67798 tid 67823 thread 14 bound to OS proc set {64-95}
OMP: pid 67798 tid 67817 thread 12 bound to OS proc set {64-95}


 NAS Parallel Benchmarks (NPB3.4-OMP) - CG Benchmark

 Size:      150000
 Iterations:                     75
 Number of available threads:    32

 Initialization time =           1.146 seconds

   iteration           ||r||                 zeta
        1       0.35330281419423E-12   109.9994423237398
        5       0.89243555599360E-15    28.6471670038896
       10       0.91265663875970E-15    28.9496695449000
       15       0.90676400352432E-15    28.9716336228373
       20       0.91528595510707E-15    28.9734210663750
       25       0.90977765254662E-15    28.9735863059385
       30       0.90836510440078E-15    28.9736033967630
       35       0.91023433878111E-15    28.9736053266249
       40       0.90594045793456E-15    28.9736055590700
       45       0.91024380402951E-15    28.9736055884129
       50       0.91006735906993E-15    28.9736055922483
       55       0.90312549120214E-15    28.9736055927636
       60       0.90665353176766E-15    28.9736055928341
       65       0.90837174380010E-15    28.9736055928438
       70       0.90195213169684E-15    28.9736055928452
       75       0.90138619384411E-15    28.9736055928454
 Benchmark completed 
 VERIFICATION SUCCESSFUL 
 Zeta is     0.2897360559285E+02
 Error is    0.1434641950542E-13


 CG Benchmark Completed.
 Class           =                        C
 Size            =                   150000
 Iterations      =                       75
 Time in seconds =                     8.45
 Total threads   =                       16
 Avail threads   =                       32
 Warning: Threads used differ from threads available
 Mop/s total     =                 16959.33
 Mop/s/thread    =                  1059.96
 Operation type  =           floating point
 Verification    =               SUCCESSFUL
 Version         =                    3.4.3
 Compile date    =              03 Sep 2026

 Compile options:
    FC           = gfortran
    FLINK        = $(FC)
    F_LIB        = -L$(LLVM_BUILD)/lib -lomp
    F_INC        = (none)
    FFLAGS       = -O3 -fopenmp
    FLINKFLAGS   = -O3 -fopenmp
    RAND         = randi8


 Please send all errors/feedbacks to:

 NPB Development Team
 npb@nas.nasa.gov


