OMP: pid 81174 tid 81178 thread 1 bound to OS proc set {64,65}
OMP: pid 81174 tid 81174 thread 0 bound to OS proc set {64,65}
[DRM-pin] pid=81174 tid=81178 assigned=64-65 running_on=65
OMP: pid 81174 tid 81174 thread 0 bound to OS proc set {64,65}
OMP: pid 81174 tid 81174 thread 0 bound to OS proc set {64,65}
OMP: pid 81174 tid 81178 thread 1 bound to OS proc set {64,65}


 NAS Parallel Benchmarks (NPB3.4-OMP) - CG Benchmark

 Size:      150000
 Iterations:                     75
 Number of available threads:     2

 Initialization time =          10.984 seconds

   iteration           ||r||                 zeta
        1       0.35322125458928E-12   109.9994423237398
        5       0.88978168319927E-15    28.6471670038885
       10       0.91312871703417E-15    28.9496695448994
       15       0.90856813411332E-15    28.9716336228364
       20       0.91496675812555E-15    28.9734210663746
       25       0.91004973868752E-15    28.9735863059394
       30       0.91763863541913E-15    28.9736033967622
       35       0.90883413352240E-15    28.9736053266234
       40       0.90637020073381E-15    28.9736055590682
       45       0.90660118123931E-15    28.9736055884116
       50       0.90807247981214E-15    28.9736055922496
       55       0.90325949893193E-15    28.9736055927632
       60       0.90873392395603E-15    28.9736055928340
       65       0.90962702979878E-15    28.9736055928427
       70       0.90365296463627E-15    28.9736055928445
       75       0.90188598180458E-15    28.9736055928454
 Benchmark completed 
 VERIFICATION SUCCESSFUL 
 Zeta is     0.2897360559285E+02
 Error is    0.1238451598331E-13


 CG Benchmark Completed.
 Class           =                        C
 Size            =                   150000
 Iterations      =                       75
 Time in seconds =                    92.63
 Total threads   =                        2
 Avail threads   =                        2
 Mop/s total     =                  1547.50
 Mop/s/thread    =                   773.75
 Operation type  =           floating point
 Verification    =               SUCCESSFUL
 Version         =                    3.4.3
 Compile date    =              03 Sep 2026

 Compile options:
    FC           = gfortran
    FLINK        = $(FC)
    F_LIB        = -L$(LLVM_BUILD)/lib -lomp
    F_INC        = (none)
    FFLAGS       = -O3 -fopenmp
    FLINKFLAGS   = -O3 -fopenmp
    RAND         = randi8


 Please send all errors/feedbacks to:

 NPB Development Team
 npb@nas.nasa.gov


