OMP: pid 184466 tid 184474 thread 2 bound to OS proc set {64-79}
OMP: pid 184466 tid 184472 thread 1 bound to OS proc set {64-79}
OMP: pid 184466 tid 184521 thread 13 bound to OS proc set {64-79}
OMP: pid 184466 tid 184478 thread 3 bound to OS proc set {64-79}
OMP: pid 184466 tid 184466 thread 0 bound to OS proc set {64-79}
OMP: pid 184466 tid 184482 thread 4 bound to OS proc set {64-79}
OMP: pid 184466 tid 184489 thread 6 bound to OS proc set {64-79}
OMP: pid 184466 tid 184483 thread 5 bound to OS proc set {64-79}
OMP: pid 184466 tid 184519 thread 12 bound to OS proc set {64-79}
OMP: pid 184466 tid 184513 thread 11 bound to OS proc set {64-79}
OMP: pid 184466 tid 184501 thread 8 bound to OS proc set {64-79}
OMP: pid 184466 tid 184527 thread 14 bound to OS proc set {64-79}
OMP: pid 184466 tid 184506 thread 9 bound to OS proc set {64-79}
OMP: pid 184466 tid 184497 thread 7 bound to OS proc set {64-79}
OMP: pid 184466 tid 184508 thread 10 bound to OS proc set {64-79}
OMP: pid 184466 tid 184529 thread 15 bound to OS proc set {64-79}
OMP: pid 184466 tid 184466 thread 0 bound to OS proc set {64-79}
[DRM-pin] pid=184466 tid=184482 assigned=72-79 running_on=75
OMP: pid 184466 tid 184482 thread 4 bound to OS proc set {64-79}
[DRM-pin] pid=184466 tid=184489 assigned=72-79 running_on=76
[DRM-pin] pid=184466 tid=184478 assigned=72-79 running_on=79
OMP: pid 184466 tid 184489 thread 6 bound to OS proc set {64-79}
OMP: pid 184466 tid 184478 thread 3 bound to OS proc set {64-79}
[DRM-pin] pid=184466 tid=184472 assigned=72-79 running_on=79
OMP: pid 184466 tid 184472 thread 1 bound to OS proc set {64-79}
[DRM-pin] pid=184466 tid=184474 assigned=72-79 running_on=73
OMP: pid 184466 tid 184474 thread 2 bound to OS proc set {64-79}
[DRM-pin] pid=184466 tid=184497 assigned=72-79 running_on=72
OMP: pid 184466 tid 184497 thread 7 bound to OS proc set {64-79}
[DRM-pin] pid=184466 tid=184483 assigned=72-79 running_on=72
OMP: pid 184466 tid 184483 thread 5 bound to OS proc set {64-79}


 NAS Parallel Benchmarks (NPB3.4-OMP) - CG Benchmark

 Size:      150000
 Iterations:                     75
 Number of available threads:    16

 Initialization time =           1.945 seconds

   iteration           ||r||                 zeta
        1       0.35330218621359E-12   109.9994423237398
        5       0.89225266717742E-15    28.6471670038896
       10       0.91089674929716E-15    28.9496695449000
       15       0.90588540446067E-15    28.9716336228371
       20       0.91367918470074E-15    28.9734210663752
       25       0.90866676552300E-15    28.9735863059386
       30       0.90873986861532E-15    28.9736033967633
       35       0.91160605342996E-15    28.9736053266247
       40       0.90521656895947E-15    28.9736055590700
       45       0.90799913729434E-15    28.9736055884130
       50       0.91025722365721E-15    28.9736055922483
       55       0.90229849928484E-15    28.9736055927634
       60       0.90898765589709E-15    28.9736055928341
       65       0.90628816934000E-15    28.9736055928440
       70       0.90213344220392E-15    28.9736055928452
       75       0.90262113393577E-15    28.9736055928456
 Benchmark completed 
 VERIFICATION SUCCESSFUL 
 Zeta is     0.2897360559285E+02
 Error is    0.2072260595228E-13


 CG Benchmark Completed.
 Class           =                        C
 Size            =                   150000
 Iterations      =                       75
 Time in seconds =                    13.11
 Total threads   =                        8
 Avail threads   =                       16
 Warning: Threads used differ from threads available
 Mop/s total     =                 10935.05
 Mop/s/thread    =                  1366.88
 Operation type  =           floating point
 Verification    =               SUCCESSFUL
 Version         =                    3.4.3
 Compile date    =              03 Sep 2026

 Compile options:
    FC           = gfortran
    FLINK        = $(FC)
    F_LIB        = -L$(LLVM_BUILD)/lib -lomp
    F_INC        = (none)
    FFLAGS       = -O3 -fopenmp
    FLINKFLAGS   = -O3 -fopenmp
    RAND         = randi8


 Please send all errors/feedbacks to:

 NPB Development Team
 npb@nas.nasa.gov


