OMP: pid 206532 tid 206532 thread 0 bound to OS proc set {64-71}
OMP: pid 206532 tid 206558 thread 1 bound to OS proc set {64-71}
OMP: pid 206532 tid 206561 thread 3 bound to OS proc set {64-71}
OMP: pid 206532 tid 206559 thread 2 bound to OS proc set {64-71}
OMP: pid 206532 tid 206566 thread 7 bound to OS proc set {64-71}
OMP: pid 206532 tid 206563 thread 4 bound to OS proc set {64-71}
OMP: pid 206532 tid 206565 thread 6 bound to OS proc set {64-71}
OMP: pid 206532 tid 206564 thread 5 bound to OS proc set {64-71}
OMP: pid 206532 tid 206532 thread 0 bound to OS proc set {64-71}
[DRM-pin] pid=206532 tid=206561 assigned=68-71 running_on=68
OMP: pid 206532 tid 206561 thread 3 bound to OS proc set {64-71}
[DRM-pin] pid=206532 tid=206558 assigned=68-71 running_on=70
OMP: pid 206532 tid 206558 thread 1 bound to OS proc set {64-71}
[DRM-pin] pid=206532 tid=206559 assigned=68-71 running_on=68
OMP: pid 206532 tid 206559 thread 2 bound to OS proc set {64-71}
OMP: pid 206532 tid 206532 thread 0 bound to OS proc set {64-71}
[DRM-pin] pid=206532 tid=206558 assigned=64-71 running_on=71
OMP: pid 206532 tid 206558 thread 1 bound to OS proc set {64-71}
[DRM-pin] pid=206532 tid=206561 assigned=64-71 running_on=69
OMP: pid 206532 tid 206561 thread 3 bound to OS proc set {64-71}
[DRM-pin] pid=206532 tid=206559 assigned=64-71 running_on=68
OMP: pid 206532 tid 206559 thread 2 bound to OS proc set {64-71}
[DRM-pin] pid=206532 tid=206563 assigned=64-71 running_on=65
OMP: pid 206532 tid 206563 thread 4 bound to OS proc set {64-71}
[DRM-pin] pid=206532 tid=206565 assigned=64-71 running_on=66
OMP: pid 206532 tid 206565 thread 6 bound to OS proc set {64-71}
[DRM-pin] pid=206532 tid=206566 assigned=64-71 running_on=64
OMP: pid 206532 tid 206566 thread 7 bound to OS proc set {64-71}
[DRM-pin] pid=206532 tid=206564 assigned=64-71 running_on=67
OMP: pid 206532 tid 206564 thread 5 bound to OS proc set {64-71}


 NAS Parallel Benchmarks (NPB3.4-OMP) - CG Benchmark

 Size:      150000
 Iterations:                     75
 Number of available threads:     8

 Initialization time =           3.517 seconds

   iteration           ||r||                 zeta
        1       0.35342969571864E-12   109.9994423237398
        5       0.89296279736490E-15    28.6471670038893
       10       0.91227328728114E-15    28.9496695449003
       15       0.90756666307035E-15    28.9716336228371
       20       0.91354827926979E-15    28.9734210663747
       25       0.90872110476785E-15    28.9735863059382
       30       0.91054091735192E-15    28.9736033967627
       35       0.90995987600997E-15    28.9736053266246
       40       0.90717922514895E-15    28.9736055590700
       45       0.90878367704065E-15    28.9736055884132
       50       0.91037321228026E-15    28.9736055922485
       55       0.90444392778909E-15    28.9736055927632
       60       0.90912729885126E-15    28.9736055928340
       65       0.90779808937175E-15    28.9736055928440
       70       0.90274642352837E-15    28.9736055928451
       75       0.90135524629389E-15    28.9736055928456
 Benchmark completed 
 VERIFICATION SUCCESSFUL 
 Zeta is     0.2897360559285E+02
 Error is    0.2121308183281E-13


 CG Benchmark Completed.
 Class           =                        C
 Size            =                   150000
 Iterations      =                       75
 Time in seconds =                    26.54
 Total threads   =                        8
 Avail threads   =                        8
 Mop/s total     =                  5401.25
 Mop/s/thread    =                   675.16
 Operation type  =           floating point
 Verification    =               SUCCESSFUL
 Version         =                    3.4.3
 Compile date    =              03 Sep 2026

 Compile options:
    FC           = gfortran
    FLINK        = $(FC)
    F_LIB        = -L$(LLVM_BUILD)/lib -lomp
    F_INC        = (none)
    FFLAGS       = -O3 -fopenmp
    FLINKFLAGS   = -O3 -fopenmp
    RAND         = randi8


 Please send all errors/feedbacks to:

 NPB Development Team
 npb@nas.nasa.gov


