OMP: pid 206530 tid 206539 thread 7 bound to OS proc set {1-8}
OMP: pid 206530 tid 206530 thread 0 bound to OS proc set {1-8}
OMP: pid 206530 tid 206536 thread 4 bound to OS proc set {1-8}
OMP: pid 206530 tid 206534 thread 2 bound to OS proc set {1-8}
OMP: pid 206530 tid 206535 thread 3 bound to OS proc set {1-8}
OMP: pid 206530 tid 206533 thread 1 bound to OS proc set {1-8}
OMP: pid 206530 tid 206538 thread 6 bound to OS proc set {1-8}
OMP: pid 206530 tid 206537 thread 5 bound to OS proc set {1-8}


 NAS Parallel Benchmarks (NPB3.4-OMP) - CG Benchmark

 Size:      150000
 Iterations:                     75
 Number of available threads:     8

 Initialization time =           3.021 seconds

   iteration           ||r||                 zeta
        1       0.35332064140118E-12   109.9994423237398
        5       0.89184895003397E-15    28.6471670038896
       10       0.91127141483161E-15    28.9496695449000
       15       0.90774215588976E-15    28.9716336228371
       20       0.91347139363084E-15    28.9734210663752
       25       0.90862920854730E-15    28.9735863059386
       30       0.90807851982001E-15    28.9736033967633
       35       0.91191936004822E-15    28.9736053266247
       40       0.90662534012468E-15    28.9736055590700
       45       0.90718305332722E-15    28.9736055884131
       50       0.91118454184533E-15    28.9736055922483
       55       0.90347882552309E-15    28.9736055927634
       60       0.90858652592910E-15    28.9736055928341
       65       0.90585169411803E-15    28.9736055928440
       70       0.90231821416702E-15    28.9736055928452
       75       0.90118704898220E-15    28.9736055928456
 Benchmark completed 
 VERIFICATION SUCCESSFUL 
 Zeta is     0.2897360559285E+02
 Error is    0.2023213007175E-13


 CG Benchmark Completed.
 Class           =                        C
 Size            =                   150000
 Iterations      =                       75
 Time in seconds =                    31.49
 Total threads   =                        8
 Avail threads   =                        8
 Mop/s total     =                  4552.07
 Mop/s/thread    =                   569.01
 Operation type  =           floating point
 Verification    =               SUCCESSFUL
 Version         =                    3.4.3
 Compile date    =              03 Sep 2026

 Compile options:
    FC           = gfortran
    FLINK        = $(FC)
    F_LIB        = -L$(LLVM_BUILD)/lib -lomp
    F_INC        = (none)
    FFLAGS       = -O3 -fopenmp
    FLINKFLAGS   = -O3 -fopenmp
    RAND         = randi8


 Please send all errors/feedbacks to:

 NPB Development Team
 npb@nas.nasa.gov


