OMP: pid 184463 tid 184511 thread 9 bound to OS proc set {1-16}
OMP: pid 184463 tid 184485 thread 3 bound to OS proc set {1-16}
OMP: pid 184463 tid 184480 thread 2 bound to OS proc set {1-16}
OMP: pid 184463 tid 184516 thread 10 bound to OS proc set {1-16}
OMP: pid 184463 tid 184528 thread 12 bound to OS proc set {1-16}
OMP: pid 184463 tid 184477 thread 1 bound to OS proc set {1-16}
OMP: pid 184463 tid 184522 thread 11 bound to OS proc set {1-16}
OMP: pid 184463 tid 184533 thread 15 bound to OS proc set {1-16}
OMP: pid 184463 tid 184494 thread 4 bound to OS proc set {1-16}
OMP: pid 184463 tid 184530 thread 13 bound to OS proc set {1-16}
OMP: pid 184463 tid 184504 thread 7 bound to OS proc set {1-16}
OMP: pid 184463 tid 184498 thread 6 bound to OS proc set {1-16}
OMP: pid 184463 tid 184495 thread 5 bound to OS proc set {1-16}
OMP: pid 184463 tid 184510 thread 8 bound to OS proc set {1-16}
OMP: pid 184463 tid 184463 thread 0 bound to OS proc set {1-16}
OMP: pid 184463 tid 184531 thread 14 bound to OS proc set {1-16}


 NAS Parallel Benchmarks (NPB3.4-OMP) - CG Benchmark

 Size:      150000
 Iterations:                     75
 Number of available threads:    16

 Initialization time =           1.824 seconds

   iteration           ||r||                 zeta
        1       0.35306467715629E-12   109.9994423237398
        5       0.89270988151144E-15    28.6471670038896
       10       0.91204605032325E-15    28.9496695449000
       15       0.90568309519213E-15    28.9716336228373
       20       0.91497254746666E-15    28.9734210663750
       25       0.91046176848399E-15    28.9735863059385
       30       0.90923067536368E-15    28.9736033967630
       35       0.90995150948983E-15    28.9736053266248
       40       0.90656952270448E-15    28.9736055590700
       45       0.91049326142349E-15    28.9736055884129
       50       0.90978442537897E-15    28.9736055922483
       55       0.90415315276109E-15    28.9736055927636
       60       0.90857453712735E-15    28.9736055928341
       65       0.90818557715731E-15    28.9736055928438
       70       0.90273454028153E-15    28.9736055928452
       75       0.90108622135522E-15    28.9736055928455
 Benchmark completed 
 VERIFICATION SUCCESSFUL 
 Zeta is     0.2897360559285E+02
 Error is    0.1581784714701E-13


 CG Benchmark Completed.
 Class           =                        C
 Size            =                   150000
 Iterations      =                       75
 Time in seconds =                    20.09
 Total threads   =                       16
 Avail threads   =                       16
 Mop/s total     =                  7136.67
 Mop/s/thread    =                   446.04
 Operation type  =           floating point
 Verification    =               SUCCESSFUL
 Version         =                    3.4.3
 Compile date    =              03 Sep 2026

 Compile options:
    FC           = gfortran
    FLINK        = $(FC)
    F_LIB        = -L$(LLVM_BUILD)/lib -lomp
    F_INC        = (none)
    FFLAGS       = -O3 -fopenmp
    FLINKFLAGS   = -O3 -fopenmp
    RAND         = randi8


 Please send all errors/feedbacks to:

 NPB Development Team
 npb@nas.nasa.gov


