OMP: pid 22469 tid 22472 thread 3 bound to OS proc set {1-4}
OMP: pid 22469 tid 22470 thread 1 bound to OS proc set {1-4}
OMP: pid 22469 tid 22471 thread 2 bound to OS proc set {1-4}
OMP: pid 22469 tid 22469 thread 0 bound to OS proc set {1-4}


 NAS Parallel Benchmarks (NPB3.4-OMP) - CG Benchmark

 Size:      150000
 Iterations:                     75
 Number of available threads:     4

 Initialization time =           5.535 seconds

   iteration           ||r||                 zeta
        1       0.35328997525708E-12   109.9994423237398
        5       0.89227063036736E-15    28.6471670038893
       10       0.91257312959478E-15    28.9496695449003
       15       0.90651064887736E-15    28.9716336228371
       20       0.91448296617909E-15    28.9734210663747
       25       0.90978308486768E-15    28.9735863059382
       30       0.91114859527474E-15    28.9736033967627
       35       0.91021971212735E-15    28.9736053266246
       40       0.90746517564760E-15    28.9736055590700
       45       0.91143109984680E-15    28.9736055884132
       50       0.91030918153407E-15    28.9736055922485
       55       0.90389856360344E-15    28.9736055927632
       60       0.90824673757938E-15    28.9736055928339
       65       0.90552740734582E-15    28.9736055928440
       70       0.90273153312753E-15    28.9736055928455
       75       0.90128657943094E-15    28.9736055928458
 Benchmark completed 
 VERIFICATION SUCCESSFUL 
 Zeta is     0.2897360559285E+02
 Error is    0.2758926827966E-13


 CG Benchmark Completed.
 Class           =                        C
 Size            =                   150000
 Iterations      =                       75
 Time in seconds =                    52.67
 Total threads   =                        4
 Avail threads   =                        4
 Mop/s total     =                  2721.48
 Mop/s/thread    =                   680.37
 Operation type  =           floating point
 Verification    =               SUCCESSFUL
 Version         =                    3.4.3
 Compile date    =              03 Sep 2026

 Compile options:
    FC           = gfortran
    FLINK        = $(FC)
    F_LIB        = -L$(LLVM_BUILD)/lib -lomp
    F_INC        = (none)
    FFLAGS       = -O3 -fopenmp
    FLINKFLAGS   = -O3 -fopenmp
    RAND         = randi8


 Please send all errors/feedbacks to:

 NPB Development Team
 npb@nas.nasa.gov


