OMP: pid 206531 tid 206531 thread 0 bound to OS proc set {1-8}
OMP: pid 206531 tid 206545 thread 4 bound to OS proc set {1-8}
OMP: pid 206531 tid 206549 thread 7 bound to OS proc set {1-8}
OMP: pid 206531 tid 206548 thread 6 bound to OS proc set {1-8}
OMP: pid 206531 tid 206540 thread 1 bound to OS proc set {1-8}
OMP: pid 206531 tid 206546 thread 5 bound to OS proc set {1-8}
OMP: pid 206531 tid 206544 thread 3 bound to OS proc set {1-8}
OMP: pid 206531 tid 206543 thread 2 bound to OS proc set {1-8}


 NAS Parallel Benchmarks (NPB3.4-OMP) - CG Benchmark

 Size:      150000
 Iterations:                     75
 Number of available threads:     8

 Initialization time =           3.002 seconds

   iteration           ||r||                 zeta
        1       0.35332360670060E-12   109.9994423237398
        5       0.89178638038660E-15    28.6471670038896
       10       0.91121149953248E-15    28.9496695449000
       15       0.90774193412697E-15    28.9716336228371
       20       0.91369459905309E-15    28.9734210663752
       25       0.90830417721431E-15    28.9735863059386
       30       0.90889832112907E-15    28.9736033967633
       35       0.91029629373260E-15    28.9736053266247
       40       0.90622426017713E-15    28.9736055590700
       45       0.90877098467044E-15    28.9736055884130
       50       0.91077583899194E-15    28.9736055922483
       55       0.90292213677457E-15    28.9736055927634
       60       0.90845313699925E-15    28.9736055928341
       65       0.90568430954754E-15    28.9736055928440
       70       0.90205498093824E-15    28.9736055928452
       75       0.90194029989156E-15    28.9736055928456
 Benchmark completed 
 VERIFICATION SUCCESSFUL 
 Zeta is     0.2897360559285E+02
 Error is    0.1974165419122E-13


 CG Benchmark Completed.
 Class           =                        C
 Size            =                   150000
 Iterations      =                       75
 Time in seconds =                    30.91
 Total threads   =                        8
 Avail threads   =                        8
 Mop/s total     =                  4637.08
 Mop/s/thread    =                   579.64
 Operation type  =           floating point
 Verification    =               SUCCESSFUL
 Version         =                    3.4.3
 Compile date    =              03 Sep 2026

 Compile options:
    FC           = gfortran
    FLINK        = $(FC)
    F_LIB        = -L$(LLVM_BUILD)/lib -lomp
    F_INC        = (none)
    FFLAGS       = -O3 -fopenmp
    FLINKFLAGS   = -O3 -fopenmp
    RAND         = randi8


 Please send all errors/feedbacks to:

 NPB Development Team
 npb@nas.nasa.gov


