[DRM-pin] pid=113787 tid=113817 assigned=1-32 running_on=7
[DRM-pin] pid=113787 tid=113791 assigned=1-32 running_on=8
[DRM-pin] pid=113787 tid=113792 assigned=1-32 running_on=10
[DRM-pin] pid=113787 tid=113794 assigned=1-32 running_on=12
[DRM-pin] pid=113787 tid=113799 assigned=1-32 running_on=17
[DRM-pin] pid=113787 tid=113812 assigned=1-32 running_on=28
[DRM-pin] pid=113787 tid=113793 assigned=1-32 running_on=16
[DRM-pin] pid=113787 tid=113804 assigned=1-32 running_on=20
[DRM-pin] pid=113787 tid=113813 assigned=1-32 running_on=29
[DRM-pin] pid=113787 tid=113809 assigned=1-32 running_on=25
[DRM-pin] pid=113787 tid=113798 assigned=1-32 running_on=1
[DRM-pin] pid=113787 tid=113811 assigned=1-32 running_on=27
[DRM-pin] pid=113787 tid=113814 assigned=1-32 running_on=30
[DRM-pin] pid=113787 tid=113800 assigned=1-32 running_on=18
[DRM-pin] pid=113787 tid=113805 assigned=1-32 running_on=21
[DRM-pin] pid=113787 tid=113802 assigned=1-32 running_on=4
[DRM-pin] pid=113787 tid=113803 assigned=1-32 running_on=19
[DRM-pin] pid=113787 tid=113795 assigned=1-32 running_on=13
[DRM-pin] pid=113787 tid=113815 assigned=1-32 running_on=31
[DRM-pin] pid=113787 tid=113797 assigned=1-32 running_on=15
[DRM-pin] pid=113787 tid=113808 assigned=1-32 running_on=24
[DRM-pin] pid=113787 tid=113819 assigned=1-32 running_on=9
[DRM-pin] pid=113787 tid=113816 assigned=1-32 running_on=5
[DRM-pin] pid=113787 tid=113790 assigned=1-32 running_on=3
[DRM-pin] pid=113787 tid=113810 assigned=1-32 running_on=26
[DRM-pin] pid=113787 tid=113807 assigned=1-32 running_on=23
[DRM-pin] pid=113787 tid=113820 assigned=1-32 running_on=2
[DRM-pin] pid=113787 tid=113801 assigned=1-32 running_on=11
[DRM-pin] pid=113787 tid=113796 assigned=1-32 running_on=14
[DRM-pin] pid=113787 tid=113806 assigned=1-32 running_on=22
[DRM-pin] pid=113787 tid=113818 assigned=1-32 running_on=6


 NAS Parallel Benchmarks (NPB3.4-OMP) - EP Benchmark

 Number of random numbers generated:      8589934592
 Number of available threads:                     32

EP Benchmark Results:

CPU Time =     3.621
N = 2^   32
No. Gaussian Pairs =    3373275903.
Sums =     2.691444083863086D+09    2.691519118724447D+09
Counts:
  0    1572172634.
  1    1501108549.
  2     281805648.
  3      17761221.
  4        424017.
  5          3821.
  6            13.
  7             0.
  8             0.
  9             0.


 EP Benchmark Completed.
 Class           =                        C
 Size            =               8589934592
 Iterations      =                        0
 Time in seconds =                     3.62
 Total threads   =                       32
 Avail threads   =                       32
 Mop/s total     =                  2372.55
 Mop/s/thread    =                    74.14
 Operation type  = Random numbers generated
 Verification    =               SUCCESSFUL
 Version         =                    3.4.3
 Compile date    =              03 Sep 2026

 Compile options:
    FC           = gfortran
    FLINK        = $(FC)
    F_LIB        = -L$(LLVM_BUILD)/lib -lomp
    F_INC        = (none)
    FFLAGS       = -O3 -fopenmp
    FLINKFLAGS   = -O3 -fopenmp
    RAND         = randi8


 Please send all errors/feedbacks to:

 NPB Development Team
 npb@nas.nasa.gov


