OMP: pid 183661 tid 183661 thread 0 bound to OS proc set {56}
OMP: pid 183661 tid 183670 thread 4 bound to OS proc set {60}
OMP: pid 183661 tid 183666 thread 2 bound to OS proc set {58}
OMP: pid 183661 tid 183668 thread 3 bound to OS proc set {59}
OMP: pid 183661 tid 183676 thread 7 bound to OS proc set {63}
OMP: pid 183661 tid 183678 thread 8 bound to OS proc set {64}
OMP: pid 183661 tid 183684 thread 11 bound to OS proc set {67}
OMP: pid 183661 tid 183674 thread 6 bound to OS proc set {62}
OMP: pid 183661 tid 183686 thread 12 bound to OS proc set {68}
OMP: pid 183661 tid 183672 thread 5 bound to OS proc set {61}
OMP: pid 183661 tid 183680 thread 9 bound to OS proc set {65}
OMP: pid 183661 tid 183682 thread 10 bound to OS proc set {66}
OMP: pid 183661 tid 183663 thread 1 bound to OS proc set {57}
OMP: pid 183661 tid 183690 thread 14 bound to OS proc set {70}
OMP: pid 183661 tid 183708 thread 23 bound to OS proc set {79}
OMP: pid 183661 tid 183693 thread 16 bound to OS proc set {72}
OMP: pid 183661 tid 183692 thread 15 bound to OS proc set {71}
OMP: pid 183661 tid 183710 thread 24 bound to OS proc set {80}
OMP: pid 183661 tid 183706 thread 22 bound to OS proc set {78}
OMP: pid 183661 tid 183719 thread 28 bound to OS proc set {84}
OMP: pid 183661 tid 183717 thread 27 bound to OS proc set {83}
OMP: pid 183661 tid 183701 thread 19 bound to OS proc set {75}
OMP: pid 183661 tid 183723 thread 30 bound to OS proc set {86}
OMP: pid 183661 tid 183721 thread 29 bound to OS proc set {85}
OMP: pid 183661 tid 183699 thread 18 bound to OS proc set {74}
OMP: pid 183661 tid 183688 thread 13 bound to OS proc set {69}
OMP: pid 183661 tid 183725 thread 31 bound to OS proc set {87}
OMP: pid 183661 tid 183695 thread 17 bound to OS proc set {73}
OMP: pid 183661 tid 183703 thread 20 bound to OS proc set {76}
OMP: pid 183661 tid 183715 thread 26 bound to OS proc set {82}
OMP: pid 183661 tid 183711 thread 25 bound to OS proc set {81}
OMP: pid 183661 tid 183705 thread 21 bound to OS proc set {77}


 NAS Parallel Benchmarks (NPB3.4-OMP) - CG Benchmark

 Size:      150000
 Iterations:                     75
 Number of available threads:    32

 Initialization time =           0.522 seconds

   iteration           ||r||                 zeta
        1       0.35315641217075E-12   109.9994423237398
        5       0.89258459514104E-15    28.6471670038895
       10       0.91030516069841E-15    28.9496695448999
       15       0.90620608147170E-15    28.9716336228371
       20       0.91431351851625E-15    28.9734210663749
       25       0.90748085180048E-15    28.9735863059384
       30       0.90925611940970E-15    28.9736033967631
       35       0.90882128462460E-15    28.9736053266250
       40       0.90636436374105E-15    28.9736055590699
       45       0.91159448675467E-15    28.9736055884127
       50       0.90912811666835E-15    28.9736055922484
       55       0.90337381691899E-15    28.9736055927634
       60       0.90825210989612E-15    28.9736055928340
       65       0.90765727586631E-15    28.9736055928439
       70       0.90155110984752E-15    28.9736055928452
       75       0.90180391644908E-15    28.9736055928455
 Benchmark completed 
 VERIFICATION SUCCESSFUL 
 Zeta is     0.2897360559285E+02
 Error is    0.1581784714701E-13


 CG Benchmark Completed.
 Class           =                        C
 Size            =                   150000
 Iterations      =                       75
 Time in seconds =                     3.81
 Total threads   =                       32
 Avail threads   =                       32
 Mop/s total     =                 37634.62
 Mop/s/thread    =                  1176.08
 Operation type  =           floating point
 Verification    =               SUCCESSFUL
 Version         =                    3.4.3
 Compile date    =              18 Feb 2026

 Compile options:
    FC           = gfortran
    FLINK        = $(FC)
    F_LIB        = -L/dss/dsshome1/09/ga27qam2/llvm-project/bu...
    F_INC        = (none)
    FFLAGS       = -O3 -fopenmp
    FLINKFLAGS   = -O3 -fopenmp
    RAND         = randi8


 Please send all errors/feedbacks to:

 NPB Development Team
 npb@nas.nasa.gov


