OMP: pid 181230 tid 181230 thread 0 bound to OS proc set {1}
OMP: pid 181230 tid 181245 thread 8 bound to OS proc set {17}
OMP: pid 181230 tid 181233 thread 2 bound to OS proc set {5}
OMP: pid 181230 tid 181235 thread 3 bound to OS proc set {7}
OMP: pid 181230 tid 181251 thread 12 bound to OS proc set {25}
OMP: pid 181230 tid 181231 thread 1 bound to OS proc set {3}
OMP: pid 181230 tid 181237 thread 4 bound to OS proc set {9}
OMP: pid 181230 tid 181249 thread 11 bound to OS proc set {23}
OMP: pid 181230 tid 181256 thread 15 bound to OS proc set {31}
OMP: pid 181230 tid 181243 thread 7 bound to OS proc set {15}
OMP: pid 181230 tid 181246 thread 9 bound to OS proc set {19}
OMP: pid 181230 tid 181247 thread 10 bound to OS proc set {21}
OMP: pid 181230 tid 181254 thread 14 bound to OS proc set {29}
OMP: pid 181230 tid 181239 thread 5 bound to OS proc set {11}
OMP: pid 181230 tid 181241 thread 6 bound to OS proc set {13}
OMP: pid 181230 tid 181252 thread 13 bound to OS proc set {27}


 NAS Parallel Benchmarks (NPB3.4-OMP) - CG Benchmark

 Size:      150000
 Iterations:                     75
 Number of available threads:    16

 Initialization time =           0.863 seconds

   iteration           ||r||                 zeta
        1       0.35304495171311E-12   109.9994423237398
        5       0.89299710861696E-15    28.6471670038896
       10       0.91238023409386E-15    28.9496695448999
       15       0.90737961225720E-15    28.9716336228373
       20       0.91495878467347E-15    28.9734210663750
       25       0.90906892485205E-15    28.9735863059385
       30       0.90929715264047E-15    28.9736033967630
       35       0.90975702404759E-15    28.9736053266248
       40       0.90590814698030E-15    28.9736055590700
       45       0.91067907087279E-15    28.9736055884129
       50       0.91112022098225E-15    28.9736055922482
       55       0.90346667136131E-15    28.9736055927635
       60       0.90823595402274E-15    28.9736055928342
       65       0.90734419226639E-15    28.9736055928438
       70       0.90219837037857E-15    28.9736055928452
       75       0.90034178117698E-15    28.9736055928454
 Benchmark completed 
 VERIFICATION SUCCESSFUL 
 Zeta is     0.2897360559285E+02
 Error is    0.1532737126648E-13


 CG Benchmark Completed.
 Class           =                        C
 Size            =                   150000
 Iterations      =                       75
 Time in seconds =                     5.79
 Total threads   =                       16
 Avail threads   =                       16
 Mop/s total     =                 24737.88
 Mop/s/thread    =                  1546.12
 Operation type  =           floating point
 Verification    =               SUCCESSFUL
 Version         =                    3.4.3
 Compile date    =              18 Feb 2026

 Compile options:
    FC           = gfortran
    FLINK        = $(FC)
    F_LIB        = -L/dss/dsshome1/09/ga27qam2/llvm-project/bu...
    F_INC        = (none)
    FFLAGS       = -O3 -fopenmp
    FLINKFLAGS   = -O3 -fopenmp
    RAND         = randi8


 Please send all errors/feedbacks to:

 NPB Development Team
 npb@nas.nasa.gov


