OMP: pid 178988 tid 178988 thread 0 bound to OS proc set {56}
OMP: pid 178988 tid 178998 thread 2 bound to OS proc set {64}
OMP: pid 178988 tid 179002 thread 6 bound to OS proc set {80}
OMP: pid 178988 tid 178997 thread 1 bound to OS proc set {60}
OMP: pid 178988 tid 179000 thread 4 bound to OS proc set {72}
OMP: pid 178988 tid 178999 thread 3 bound to OS proc set {68}
OMP: pid 178988 tid 179001 thread 5 bound to OS proc set {76}
OMP: pid 178988 tid 179003 thread 7 bound to OS proc set {84}


 NAS Parallel Benchmarks (NPB3.4-OMP) - CG Benchmark

 Size:      150000
 Iterations:                     75
 Number of available threads:     8

 Initialization time =           1.603 seconds

   iteration           ||r||                 zeta
        1       0.35329229537130E-12   109.9994423237398
        5       0.89266375383677E-15    28.6471670038896
       10       0.91190749603153E-15    28.9496695449001
       15       0.90710860989588E-15    28.9716336228371
       20       0.91253337564917E-15    28.9734210663752
       25       0.90898447302599E-15    28.9735863059386
       30       0.90841708517608E-15    28.9736033967633
       35       0.91020136541973E-15    28.9736053266247
       40       0.90737914912211E-15    28.9736055590700
       45       0.90882069813592E-15    28.9736055884130
       50       0.91041354029994E-15    28.9736055922483
       55       0.90206259606843E-15    28.9736055927634
       60       0.90789097564058E-15    28.9736055928341
       65       0.90718466776565E-15    28.9736055928440
       70       0.90191671320053E-15    28.9736055928451
       75       0.90323877809942E-15    28.9736055928456
 Benchmark completed 
 VERIFICATION SUCCESSFUL 
 Zeta is     0.2897360559285E+02
 Error is    0.2023213007175E-13


 CG Benchmark Completed.
 Class           =                        C
 Size            =                   150000
 Iterations      =                       75
 Time in seconds =                    11.75
 Total threads   =                        8
 Avail threads   =                        8
 Mop/s total     =                 12195.74
 Mop/s/thread    =                  1524.47
 Operation type  =           floating point
 Verification    =               SUCCESSFUL
 Version         =                    3.4.3
 Compile date    =              18 Feb 2026

 Compile options:
    FC           = gfortran
    FLINK        = $(FC)
    F_LIB        = -L/dss/dsshome1/09/ga27qam2/llvm-project/bu...
    F_INC        = (none)
    FFLAGS       = -O3 -fopenmp
    FLINKFLAGS   = -O3 -fopenmp
    RAND         = randi8


 Please send all errors/feedbacks to:

 NPB Development Team
 npb@nas.nasa.gov


