OMP: pid 45252 tid 45252 thread 0 bound to OS proc set {64-95}
OMP: pid 45252 tid 45258 thread 2 bound to OS proc set {64-95}
OMP: pid 45252 tid 45260 thread 3 bound to OS proc set {64-95}
OMP: pid 45252 tid 45257 thread 1 bound to OS proc set {64-95}
OMP: pid 45252 tid 45275 thread 8 bound to OS proc set {64-95}
OMP: pid 45252 tid 45277 thread 9 bound to OS proc set {64-95}
OMP: pid 45252 tid 45293 thread 12 bound to OS proc set {64-95}
OMP: pid 45252 tid 45287 thread 11 bound to OS proc set {64-95}
OMP: pid 45252 tid 45305 thread 14 bound to OS proc set {64-95}
OMP: pid 45252 tid 45281 thread 10 bound to OS proc set {64-95}
OMP: pid 45252 tid 45332 thread 18 bound to OS proc set {64-95}
OMP: pid 45252 tid 45271 thread 7 bound to OS proc set {64-95}
OMP: pid 45252 tid 45349 thread 28 bound to OS proc set {64-95}
OMP: pid 45252 tid 45264 thread 4 bound to OS proc set {64-95}
OMP: pid 45252 tid 45268 thread 6 bound to OS proc set {64-95}
OMP: pid 45252 tid 45266 thread 5 bound to OS proc set {64-95}
OMP: pid 45252 tid 45352 thread 29 bound to OS proc set {64-95}
OMP: pid 45252 tid 45353 thread 30 bound to OS proc set {64-95}
OMP: pid 45252 tid 45325 thread 17 bound to OS proc set {64-95}
OMP: pid 45252 tid 45313 thread 15 bound to OS proc set {64-95}
OMP: pid 45252 tid 45344 thread 24 bound to OS proc set {64-95}
OMP: pid 45252 tid 45345 thread 25 bound to OS proc set {64-95}
OMP: pid 45252 tid 45346 thread 26 bound to OS proc set {64-95}
OMP: pid 45252 tid 45348 thread 27 bound to OS proc set {64-95}
OMP: pid 45252 tid 45354 thread 31 bound to OS proc set {64-95}
OMP: pid 45252 tid 45317 thread 16 bound to OS proc set {64-95}
OMP: pid 45252 tid 45300 thread 13 bound to OS proc set {64-95}
OMP: pid 45252 tid 45337 thread 20 bound to OS proc set {64-95}
OMP: pid 45252 tid 45338 thread 21 bound to OS proc set {64-95}
OMP: pid 45252 tid 45342 thread 23 bound to OS proc set {64-95}
OMP: pid 45252 tid 45339 thread 22 bound to OS proc set {64-95}
OMP: pid 45252 tid 45336 thread 19 bound to OS proc set {64-95}
[DRM-pin] pid=45252 tid=45257 assigned=80-95 running_on=83
OMP: pid 45252 tid 45252 thread 0 bound to OS proc set {64-95}
[DRM-pin] pid=45252 tid=45300 assigned=80-95 running_on=81
OMP: pid 45252 tid 45257 thread 1 bound to OS proc set {64-95}
OMP: pid 45252 tid 45300 thread 13 bound to OS proc set {64-95}
[DRM-pin] pid=45252 tid=45264 assigned=80-95 running_on=90
OMP: pid 45252 tid 45264 thread 4 bound to OS proc set {64-95}
[DRM-pin] pid=45252 tid=45313 assigned=80-95 running_on=89
OMP: pid 45252 tid 45313 thread 15 bound to OS proc set {64-95}
[DRM-pin] pid=45252 tid=45266 assigned=80-95 running_on=86
OMP: pid 45252 tid 45266 thread 5 bound to OS proc set {64-95}
[DRM-pin] pid=45252 tid=45260 assigned=80-95 running_on=80
[DRM-pin] pid=45252 tid=45258 assigned=80-95 running_on=84
OMP: pid 45252 tid 45260 thread 3 bound to OS proc set {64-95}
OMP: pid 45252 tid 45258 thread 2 bound to OS proc set {64-95}
[DRM-pin] pid=45252 tid=45277 assigned=80-95 running_on=80
OMP: pid 45252 tid 45277 thread 9 bound to OS proc set {64-95}
[DRM-pin] pid=45252 tid=45293 assigned=80-95 running_on=81
OMP: pid 45252 tid 45293 thread 12 bound to OS proc set {64-95}
[DRM-pin] pid=45252 tid=45275 assigned=80-95 running_on=80
OMP: pid 45252 tid 45275 thread 8 bound to OS proc set {64-95}
[DRM-pin] pid=45252 tid=45281 assigned=80-95 running_on=80
OMP: pid 45252 tid 45281 thread 10 bound to OS proc set {64-95}
[DRM-pin] pid=45252 tid=45287 assigned=80-95 running_on=80
OMP: pid 45252 tid 45287 thread 11 bound to OS proc set {64-95}
[DRM-pin] pid=45252 tid=45305 assigned=80-95 running_on=80
OMP: pid 45252 tid 45305 thread 14 bound to OS proc set {64-95}
[DRM-pin] pid=45252 tid=45268 assigned=80-95 running_on=80
OMP: pid 45252 tid 45268 thread 6 bound to OS proc set {64-95}
[DRM-pin] pid=45252 tid=45271 assigned=80-95 running_on=94
OMP: pid 45252 tid 45271 thread 7 bound to OS proc set {64-95}


 NAS Parallel Benchmarks (NPB3.4-OMP) - FT Benchmark

 Size                :  512x 512x 512
 Iterations                  :     20
 Number of available threads :     32

 T =    1     Checksum =    5.195078707457D+02    5.149019699238D+02
 T =    2     Checksum =    5.155422171134D+02    5.127578201997D+02
 T =    3     Checksum =    5.144678022222D+02    5.122251847514D+02
 T =    4     Checksum =    5.140150594328D+02    5.121090289018D+02
 T =    5     Checksum =    5.137550426810D+02    5.121143685824D+02
 T =    6     Checksum =    5.135811056728D+02    5.121496764568D+02
 T =    7     Checksum =    5.134569343165D+02    5.121870921893D+02
 T =    8     Checksum =    5.133651975661D+02    5.122193250322D+02
 T =    9     Checksum =    5.132955192805D+02    5.122454735794D+02
 T =   10     Checksum =    5.132410471738D+02    5.122663649603D+02
 T =   11     Checksum =    5.131971141679D+02    5.122830879827D+02
 T =   12     Checksum =    5.131605205716D+02    5.122965869718D+02
 T =   13     Checksum =    5.131290734194D+02    5.123075927445D+02
 T =   14     Checksum =    5.131012720314D+02    5.123166486553D+02
 T =   15     Checksum =    5.130760908195D+02    5.123241541685D+02
 T =   16     Checksum =    5.130528295923D+02    5.123304037599D+02
 T =   17     Checksum =    5.130310107773D+02    5.123356167976D+02
 T =   18     Checksum =    5.130103090133D+02    5.123399592211D+02
 T =   19     Checksum =    5.129905029333D+02    5.123435588985D+02
 T =   20     Checksum =    5.129714421109D+02    5.123465164008D+02
 Result verification successful
 class = C


 FT Benchmark Completed.
 Class           =                        C
 Size            =            512x 512x 512
 Iterations      =                       20
 Time in seconds =                    10.70
 Total threads   =                       16
 Avail threads   =                       32
 Warning: Threads used differ from threads available
 Mop/s total     =                 37053.88
 Mop/s/thread    =                  2315.87
 Operation type  =           floating point
 Verification    =               SUCCESSFUL
 Version         =                    3.4.3
 Compile date    =              03 Sep 2026

 Compile options:
    FC           = gfortran
    FLINK        = $(FC)
    F_LIB        = -L$(LLVM_BUILD)/lib -lomp
    F_INC        = (none)
    FFLAGS       = -O3 -fopenmp
    FLINKFLAGS   = -O3 -fopenmp
    RAND         = randi8


 Please send all errors/feedbacks to:

 NPB Development Team
 npb@nas.nasa.gov


