OMP: pid 90356 tid 90356 thread 0 bound to OS proc set {64-95}
OMP: pid 90356 tid 90380 thread 3 bound to OS proc set {64-95}
OMP: pid 90356 tid 90398 thread 8 bound to OS proc set {64-95}
OMP: pid 90356 tid 90376 thread 2 bound to OS proc set {64-95}
OMP: pid 90356 tid 90371 thread 1 bound to OS proc set {64-95}
OMP: pid 90356 tid 90407 thread 12 bound to OS proc set {64-95}
OMP: pid 90356 tid 90414 thread 15 bound to OS proc set {64-95}
OMP: pid 90356 tid 90411 thread 14 bound to OS proc set {64-95}
OMP: pid 90356 tid 90401 thread 9 bound to OS proc set {64-95}
OMP: pid 90356 tid 90403 thread 10 bound to OS proc set {64-95}
OMP: pid 90356 tid 90409 thread 13 bound to OS proc set {64-95}
OMP: pid 90356 tid 90417 thread 16 bound to OS proc set {64-95}
OMP: pid 90356 tid 90404 thread 11 bound to OS proc set {64-95}
OMP: pid 90356 tid 90384 thread 4 bound to OS proc set {64-95}
OMP: pid 90356 tid 90463 thread 28 bound to OS proc set {64-95}
OMP: pid 90356 tid 90475 thread 31 bound to OS proc set {64-95}
OMP: pid 90356 tid 90447 thread 24 bound to OS proc set {64-95}
OMP: pid 90356 tid 90422 thread 18 bound to OS proc set {64-95}
OMP: pid 90356 tid 90419 thread 17 bound to OS proc set {64-95}
OMP: pid 90356 tid 90392 thread 6 bound to OS proc set {64-95}
OMP: pid 90356 tid 90396 thread 7 bound to OS proc set {64-95}
OMP: pid 90356 tid 90425 thread 19 bound to OS proc set {64-95}
OMP: pid 90356 tid 90389 thread 5 bound to OS proc set {64-95}
OMP: pid 90356 tid 90459 thread 27 bound to OS proc set {64-95}
OMP: pid 90356 tid 90443 thread 23 bound to OS proc set {64-95}
OMP: pid 90356 tid 90471 thread 30 bound to OS proc set {64-95}
OMP: pid 90356 tid 90429 thread 20 bound to OS proc set {64-95}
OMP: pid 90356 tid 90455 thread 26 bound to OS proc set {64-95}
OMP: pid 90356 tid 90467 thread 29 bound to OS proc set {64-95}
OMP: pid 90356 tid 90451 thread 25 bound to OS proc set {64-95}
OMP: pid 90356 tid 90439 thread 22 bound to OS proc set {64-95}
OMP: pid 90356 tid 90435 thread 21 bound to OS proc set {64-95}
OMP: pid 90356 tid 90356 thread 0 bound to OS proc set {64-95}
[DRM-pin] pid=90356 tid=90407 assigned=64-79 running_on=73
[DRM-pin] pid=90356 tid=90414 assigned=64-79 running_on=78
OMP: pid 90356 tid 90407 thread 12 bound to OS proc set {64-95}
OMP: pid 90356 tid 90414 thread 15 bound to OS proc set {64-95}
[DRM-pin] pid=90356 tid=90409 assigned=64-79 running_on=74
[DRM-pin] pid=90356 tid=90389 assigned=64-79 running_on=66
OMP: pid 90356 tid 90409 thread 13 bound to OS proc set {64-95}
[DRM-pin] pid=90356 tid=90411 assigned=64-79 running_on=79
OMP: pid 90356 tid 90389 thread 5 bound to OS proc set {64-95}
[DRM-pin] pid=90356 tid=90401 assigned=64-79 running_on=68
OMP: pid 90356 tid 90411 thread 14 bound to OS proc set {64-95}
OMP: pid 90356 tid 90401 thread 9 bound to OS proc set {64-95}
[DRM-pin] pid=90356 tid=90403 assigned=64-79 running_on=70
[DRM-pin] pid=90356 tid=90396 assigned=64-79 running_on=67
OMP: pid 90356 tid 90403 thread 10 bound to OS proc set {64-95}
OMP: pid 90356 tid 90396 thread 7 bound to OS proc set {64-95}
[DRM-pin] pid=90356 tid=90380 assigned=64-79 running_on=64
[DRM-pin] pid=90356 tid=90404 assigned=64-79 running_on=71
OMP: pid 90356 tid 90380 thread 3 bound to OS proc set {64-95}
OMP: pid 90356 tid 90404 thread 11 bound to OS proc set {64-95}
[DRM-pin] pid=90356 tid=90376 assigned=64-79 running_on=64
[DRM-pin] pid=90356 tid=90371 assigned=64-79 running_on=68
OMP: pid 90356 tid 90376 thread 2 bound to OS proc set {64-95}
OMP: pid 90356 tid 90371 thread 1 bound to OS proc set {64-95}
[DRM-pin] pid=90356 tid=90384 assigned=64-79 running_on=64
OMP: pid 90356 tid 90384 thread 4 bound to OS proc set {64-95}
[DRM-pin] pid=90356 tid=90392 assigned=64-79 running_on=79
OMP: pid 90356 tid 90392 thread 6 bound to OS proc set {64-95}
[DRM-pin] pid=90356 tid=90398 assigned=64-79 running_on=66
OMP: pid 90356 tid 90398 thread 8 bound to OS proc set {64-95}


 NAS Parallel Benchmarks (NPB3.4-OMP) - EP Benchmark

 Number of random numbers generated:      8589934592
 Number of available threads:                     32

EP Benchmark Results:

CPU Time =    10.613
N = 2^   32
No. Gaussian Pairs =    3373275903.
Sums =     2.691444083862575D+09    2.691519118725088D+09
Counts:
  0    1572172634.
  1    1501108549.
  2     281805648.
  3      17761221.
  4        424017.
  5          3821.
  6            13.
  7             0.
  8             0.
  9             0.


 EP Benchmark Completed.
 Class           =                        C
 Size            =               8589934592
 Iterations      =                        0
 Time in seconds =                    10.61
 Total threads   =                       16
 Avail threads   =                       32
 Warning: Threads used differ from threads available
 Mop/s total     =                   809.38
 Mop/s/thread    =                    50.59
 Operation type  = Random numbers generated
 Verification    =               SUCCESSFUL
 Version         =                    3.4.3
 Compile date    =              03 Sep 2026

 Compile options:
    FC           = gfortran
    FLINK        = $(FC)
    F_LIB        = -L$(LLVM_BUILD)/lib -lomp
    F_INC        = (none)
    FFLAGS       = -O3 -fopenmp
    FLINKFLAGS   = -O3 -fopenmp
    RAND         = randi8


 Please send all errors/feedbacks to:

 NPB Development Team
 npb@nas.nasa.gov


