OMP: pid 90357 tid 90357 thread 0 bound to OS proc set {1-32}
OMP: pid 90357 tid 90364 thread 2 bound to OS proc set {1-32}
OMP: pid 90357 tid 90366 thread 3 bound to OS proc set {1-32}
OMP: pid 90357 tid 90362 thread 1 bound to OS proc set {1-32}
OMP: pid 90357 tid 90368 thread 4 bound to OS proc set {1-32}
OMP: pid 90357 tid 90420 thread 15 bound to OS proc set {1-32}
OMP: pid 90357 tid 90400 thread 12 bound to OS proc set {1-32}
OMP: pid 90357 tid 90382 thread 8 bound to OS proc set {1-32}
OMP: pid 90357 tid 90481 thread 31 bound to OS proc set {1-32}
OMP: pid 90357 tid 90415 thread 14 bound to OS proc set {1-32}
OMP: pid 90357 tid 90393 thread 11 bound to OS proc set {1-32}
OMP: pid 90357 tid 90406 thread 13 bound to OS proc set {1-32}
OMP: pid 90357 tid 90391 thread 10 bound to OS proc set {1-32}
OMP: pid 90357 tid 90378 thread 7 bound to OS proc set {1-32}
OMP: pid 90357 tid 90370 thread 5 bound to OS proc set {1-32}
OMP: pid 90357 tid 90374 thread 6 bound to OS proc set {1-32}
OMP: pid 90357 tid 90386 thread 9 bound to OS proc set {1-32}
OMP: pid 90357 tid 90472 thread 28 bound to OS proc set {1-32}
OMP: pid 90357 tid 90424 thread 16 bound to OS proc set {1-32}
OMP: pid 90357 tid 90476 thread 29 bound to OS proc set {1-32}
OMP: pid 90357 tid 90436 thread 19 bound to OS proc set {1-32}
OMP: pid 90357 tid 90432 thread 18 bound to OS proc set {1-32}
OMP: pid 90357 tid 90452 thread 23 bound to OS proc set {1-32}
OMP: pid 90357 tid 90456 thread 24 bound to OS proc set {1-32}
OMP: pid 90357 tid 90479 thread 30 bound to OS proc set {1-32}
OMP: pid 90357 tid 90442 thread 20 bound to OS proc set {1-32}
OMP: pid 90357 tid 90468 thread 27 bound to OS proc set {1-32}
OMP: pid 90357 tid 90428 thread 17 bound to OS proc set {1-32}
OMP: pid 90357 tid 90464 thread 26 bound to OS proc set {1-32}
OMP: pid 90357 tid 90448 thread 22 bound to OS proc set {1-32}
OMP: pid 90357 tid 90446 thread 21 bound to OS proc set {1-32}
OMP: pid 90357 tid 90460 thread 25 bound to OS proc set {1-32}


 NAS Parallel Benchmarks (NPB3.4-OMP) - EP Benchmark

 Number of random numbers generated:      8589934592
 Number of available threads:                     32

EP Benchmark Results:

CPU Time =     7.534
N = 2^   32
No. Gaussian Pairs =    3373275903.
Sums =     2.691444083863086D+09    2.691519118724448D+09
Counts:
  0    1572172634.
  1    1501108549.
  2     281805648.
  3      17761221.
  4        424017.
  5          3821.
  6            13.
  7             0.
  8             0.
  9             0.


 EP Benchmark Completed.
 Class           =                        C
 Size            =               8589934592
 Iterations      =                        0
 Time in seconds =                     7.53
 Total threads   =                       32
 Avail threads   =                       32
 Mop/s total     =                  1140.19
 Mop/s/thread    =                    35.63
 Operation type  = Random numbers generated
 Verification    =               SUCCESSFUL
 Version         =                    3.4.3
 Compile date    =              03 Sep 2026

 Compile options:
    FC           = gfortran
    FLINK        = $(FC)
    F_LIB        = -L$(LLVM_BUILD)/lib -lomp
    F_INC        = (none)
    FFLAGS       = -O3 -fopenmp
    FLINKFLAGS   = -O3 -fopenmp
    RAND         = randi8


 Please send all errors/feedbacks to:

 NPB Development Team
 npb@nas.nasa.gov


