OMP: pid 90359 tid 90359 thread 0 bound to OS proc set {1-32}
OMP: pid 90359 tid 90375 thread 2 bound to OS proc set {1-32}
OMP: pid 90359 tid 90379 thread 3 bound to OS proc set {1-32}
OMP: pid 90359 tid 90372 thread 1 bound to OS proc set {1-32}
OMP: pid 90359 tid 90416 thread 12 bound to OS proc set {1-32}
OMP: pid 90359 tid 90394 thread 7 bound to OS proc set {1-32}
OMP: pid 90359 tid 90397 thread 8 bound to OS proc set {1-32}
OMP: pid 90359 tid 90383 thread 4 bound to OS proc set {1-32}
OMP: pid 90359 tid 90427 thread 14 bound to OS proc set {1-32}
OMP: pid 90359 tid 90388 thread 6 bound to OS proc set {1-32}
OMP: pid 90359 tid 90408 thread 10 bound to OS proc set {1-32}
OMP: pid 90359 tid 90412 thread 11 bound to OS proc set {1-32}
OMP: pid 90359 tid 90423 thread 13 bound to OS proc set {1-32}
OMP: pid 90359 tid 90402 thread 9 bound to OS proc set {1-32}
OMP: pid 90359 tid 90387 thread 5 bound to OS proc set {1-32}
OMP: pid 90359 tid 90431 thread 15 bound to OS proc set {1-32}
OMP: pid 90359 tid 90440 thread 18 bound to OS proc set {1-32}
OMP: pid 90359 tid 90434 thread 16 bound to OS proc set {1-32}
OMP: pid 90359 tid 90477 thread 27 bound to OS proc set {1-32}
OMP: pid 90359 tid 90438 thread 17 bound to OS proc set {1-32}
OMP: pid 90359 tid 90465 thread 24 bound to OS proc set {1-32}
OMP: pid 90359 tid 90444 thread 19 bound to OS proc set {1-32}
OMP: pid 90359 tid 90480 thread 28 bound to OS proc set {1-32}
OMP: pid 90359 tid 90473 thread 26 bound to OS proc set {1-32}
OMP: pid 90359 tid 90469 thread 25 bound to OS proc set {1-32}
OMP: pid 90359 tid 90482 thread 29 bound to OS proc set {1-32}
OMP: pid 90359 tid 90461 thread 23 bound to OS proc set {1-32}
OMP: pid 90359 tid 90449 thread 20 bound to OS proc set {1-32}
OMP: pid 90359 tid 90453 thread 21 bound to OS proc set {1-32}
OMP: pid 90359 tid 90484 thread 30 bound to OS proc set {1-32}
OMP: pid 90359 tid 90457 thread 22 bound to OS proc set {1-32}
OMP: pid 90359 tid 90485 thread 31 bound to OS proc set {1-32}


 NAS Parallel Benchmarks (NPB3.4-OMP) - EP Benchmark

 Number of random numbers generated:      8589934592
 Number of available threads:                     32

EP Benchmark Results:

CPU Time =     7.552
N = 2^   32
No. Gaussian Pairs =    3373275903.
Sums =     2.691444083863085D+09    2.691519118724448D+09
Counts:
  0    1572172634.
  1    1501108549.
  2     281805648.
  3      17761221.
  4        424017.
  5          3821.
  6            13.
  7             0.
  8             0.
  9             0.


 EP Benchmark Completed.
 Class           =                        C
 Size            =               8589934592
 Iterations      =                        0
 Time in seconds =                     7.55
 Total threads   =                       32
 Avail threads   =                       32
 Mop/s total     =                  1137.44
 Mop/s/thread    =                    35.55
 Operation type  = Random numbers generated
 Verification    =               SUCCESSFUL
 Version         =                    3.4.3
 Compile date    =              03 Sep 2026

 Compile options:
    FC           = gfortran
    FLINK        = $(FC)
    F_LIB        = -L$(LLVM_BUILD)/lib -lomp
    F_INC        = (none)
    FFLAGS       = -O3 -fopenmp
    FLINKFLAGS   = -O3 -fopenmp
    RAND         = randi8


 Please send all errors/feedbacks to:

 NPB Development Team
 npb@nas.nasa.gov


