[DRM-pin] pid=111033 tid=111055 assigned=56-71 running_on=56
[DRM-pin] pid=111033 tid=111042 assigned=56-71 running_on=58
[DRM-pin] pid=111033 tid=111035 assigned=56-71 running_on=62
[DRM-pin] pid=111033 tid=111047 assigned=56-71 running_on=59
[DRM-pin] pid=111033 tid=111045 assigned=56-71 running_on=57
[DRM-pin] pid=111033 tid=111050 assigned=56-71 running_on=60
[DRM-pin] pid=111033 tid=111043 assigned=56-71 running_on=61
[DRM-pin] pid=111033 tid=111036 assigned=56-71 running_on=63
[DRM-pin] pid=111033 tid=111037 assigned=56-71 running_on=65
[DRM-pin] pid=111033 tid=111052 assigned=56-71 running_on=66
[DRM-pin] pid=111033 tid=111053 assigned=56-71 running_on=67
[DRM-pin] pid=111033 tid=111038 assigned=56-71 running_on=68
[DRM-pin] pid=111033 tid=111039 assigned=56-71 running_on=69
[DRM-pin] pid=111033 tid=111040 assigned=56-71 running_on=59
[DRM-pin] pid=111033 tid=111041 assigned=56-71 running_on=60


 NAS Parallel Benchmarks (NPB3.4-OMP) - EP Benchmark

 Number of random numbers generated:      8589934592
 Number of available threads:                     16

EP Benchmark Results:

CPU Time =     7.228
N = 2^   32
No. Gaussian Pairs =    3373275903.
Sums =     2.691444083862575D+09    2.691519118725089D+09
Counts:
  0    1572172634.
  1    1501108549.
  2     281805648.
  3      17761221.
  4        424017.
  5          3821.
  6            13.
  7             0.
  8             0.
  9             0.


 EP Benchmark Completed.
 Class           =                        C
 Size            =               8589934592
 Iterations      =                        0
 Time in seconds =                     7.23
 Total threads   =                       16
 Avail threads   =                       16
 Mop/s total     =                  1188.48
 Mop/s/thread    =                    74.28
 Operation type  = Random numbers generated
 Verification    =               SUCCESSFUL
 Version         =                    3.4.3
 Compile date    =              03 Sep 2026

 Compile options:
    FC           = gfortran
    FLINK        = $(FC)
    F_LIB        = -L$(LLVM_BUILD)/lib -lomp
    F_INC        = (none)
    FFLAGS       = -O3 -fopenmp
    FLINKFLAGS   = -O3 -fopenmp
    RAND         = randi8


 Please send all errors/feedbacks to:

 NPB Development Team
 npb@nas.nasa.gov


