

 NAS Parallel Benchmarks (NPB3.4-OMP) - CG Benchmark

 Size:      150000
 Iterations:                     75
 Number of available threads:     4

 Initialization time =           2.633 seconds

   iteration           ||r||                 zeta
        1       0.35342969571864E-12   109.9994423237398
        5       0.89273734234518E-15    28.6471670038893
       10       0.91265040002765E-15    28.9496695449003
       15       0.90694864419309E-15    28.9716336228371
       20       0.91488349475688E-15    28.9734210663747
       25       0.90950166377870E-15    28.9735863059382
       30       0.91115923389478E-15    28.9736033967627
       35       0.91168046767871E-15    28.9736053266246
       40       0.90757198193790E-15    28.9736055590699
       45       0.90992962981818E-15    28.9736055884132
       50       0.91009502149006E-15    28.9736055922486
       55       0.90369038575061E-15    28.9736055927632
       60       0.90910778213928E-15    28.9736055928339
       65       0.90522585617959E-15    28.9736055928440
       70       0.90203298547500E-15    28.9736055928455
       75       0.90174831509086E-15    28.9736055928458
 Benchmark completed 
 VERIFICATION SUCCESSFUL 
 Zeta is     0.2897360559285E+02
 Error is    0.2758926827966E-13


 CG Benchmark Completed.
 Class           =                        C
 Size            =                   150000
 Iterations      =                       75
 Time in seconds =                    21.50
 Total threads   =                        4
 Avail threads   =                        4
 Mop/s total     =                  6667.00
 Mop/s/thread    =                  1666.75
 Operation type  =           floating point
 Verification    =               SUCCESSFUL
 Version         =                    3.4.3
 Compile date    =              03 Sep 2026

 Compile options:
    FC           = gfortran
    FLINK        = $(FC)
    F_LIB        = -L$(LLVM_BUILD)/lib -lomp
    F_INC        = (none)
    FFLAGS       = -O3 -fopenmp
    FLINKFLAGS   = -O3 -fopenmp
    RAND         = randi8


 Please send all errors/feedbacks to:

 NPB Development Team
 npb@nas.nasa.gov


