

 NAS Parallel Benchmarks (NPB3.4-OMP) - CG Benchmark

 Size:      150000
 Iterations:                     75
 Number of available threads:     8

 Initialization time =           1.389 seconds

   iteration           ||r||                 zeta
        1       0.35331111738883E-12   109.9994423237398
        5       0.89249721743974E-15    28.6471670038896
       10       0.91088435092288E-15    28.9496695449000
       15       0.90721456654900E-15    28.9716336228371
       20       0.91375470932658E-15    28.9734210663752
       25       0.90886650535921E-15    28.9735863059386
       30       0.90883397467557E-15    28.9736033967633
       35       0.91000057112016E-15    28.9736053266247
       40       0.90635831393115E-15    28.9736055590700
       45       0.90817107444734E-15    28.9736055884130
       50       0.90962968462609E-15    28.9736055922483
       55       0.90299817747970E-15    28.9736055927634
       60       0.90929263769813E-15    28.9736055928341
       65       0.90579668432018E-15    28.9736055928440
       70       0.90249437996046E-15    28.9736055928451
       75       0.90207270617430E-15    28.9736055928456
 Benchmark completed 
 VERIFICATION SUCCESSFUL 
 Zeta is     0.2897360559285E+02
 Error is    0.2072260595228E-13


 CG Benchmark Completed.
 Class           =                        C
 Size            =                   150000
 Iterations      =                       75
 Time in seconds =                    11.28
 Total threads   =                        8
 Avail threads   =                        8
 Mop/s total     =                 12709.82
 Mop/s/thread    =                  1588.73
 Operation type  =           floating point
 Verification    =               SUCCESSFUL
 Version         =                    3.4.3
 Compile date    =              03 Sep 2026

 Compile options:
    FC           = gfortran
    FLINK        = $(FC)
    F_LIB        = -L$(LLVM_BUILD)/lib -lomp
    F_INC        = (none)
    FFLAGS       = -O3 -fopenmp
    FLINKFLAGS   = -O3 -fopenmp
    RAND         = randi8


 Please send all errors/feedbacks to:

 NPB Development Team
 npb@nas.nasa.gov


