[DRM-pin] pid=106263 tid=106267 assigned=58-59 running_on=58
[DRM-pin] pid=106263 tid=106267 assigned=56-59 running_on=58
[DRM-pin] pid=106263 tid=106269 assigned=56-59 running_on=56
[DRM-pin] pid=106263 tid=106270 assigned=56-59 running_on=57


 NAS Parallel Benchmarks (NPB3.4-OMP) - CG Benchmark

 Size:      150000
 Iterations:                     75
 Number of available threads:     4

 Initialization time =           3.064 seconds

   iteration           ||r||                 zeta
        1       0.35342946902939E-12   109.9994423237398
        5       0.89298774933847E-15    28.6471670038893
       10       0.91240586287459E-15    28.9496695449003
       15       0.90825343689350E-15    28.9716336228371
       20       0.91431789215308E-15    28.9734210663747
       25       0.90901448476211E-15    28.9735863059382
       30       0.91129709736960E-15    28.9736033967627
       35       0.91023544415480E-15    28.9736053266246
       40       0.90678493709748E-15    28.9736055590700
       45       0.91206835407463E-15    28.9736055884132
       50       0.91006849653416E-15    28.9736055922485
       55       0.90407863577740E-15    28.9736055927632
       60       0.90852682859516E-15    28.9736055928339
       65       0.90548981468323E-15    28.9736055928440
       70       0.90339683573699E-15    28.9736055928455
       75       0.90167109996070E-15    28.9736055928458
 Benchmark completed 
 VERIFICATION SUCCESSFUL 
 Zeta is     0.2897360559285E+02
 Error is    0.2807974416019E-13


 CG Benchmark Completed.
 Class           =                        C
 Size            =                   150000
 Iterations      =                       75
 Time in seconds =                    25.28
 Total threads   =                        4
 Avail threads   =                        4
 Mop/s total     =                  5670.89
 Mop/s/thread    =                  1417.72
 Operation type  =           floating point
 Verification    =               SUCCESSFUL
 Version         =                    3.4.3
 Compile date    =              03 Sep 2026

 Compile options:
    FC           = gfortran
    FLINK        = $(FC)
    F_LIB        = -L$(LLVM_BUILD)/lib -lomp
    F_INC        = (none)
    FFLAGS       = -O3 -fopenmp
    FLINKFLAGS   = -O3 -fopenmp
    RAND         = randi8


 Please send all errors/feedbacks to:

 NPB Development Team
 npb@nas.nasa.gov


