[DRM-pin] pid=108266 tid=108271 assigned=60-63 running_on=61
[DRM-pin] pid=108266 tid=108269 assigned=60-63 running_on=60
[DRM-pin] pid=108266 tid=108270 assigned=60-63 running_on=62
[DRM-pin] pid=108266 tid=108269 assigned=56-63 running_on=60
[DRM-pin] pid=108266 tid=108270 assigned=56-63 running_on=62
[DRM-pin] pid=108266 tid=108271 assigned=56-63 running_on=61
[DRM-pin] pid=108266 tid=108272 assigned=56-63 running_on=57
[DRM-pin] pid=108266 tid=108275 assigned=56-63 running_on=58
[DRM-pin] pid=108266 tid=108277 assigned=56-63 running_on=56
[DRM-pin] pid=108266 tid=108273 assigned=56-63 running_on=59


 NAS Parallel Benchmarks (NPB3.4-OMP) - CG Benchmark

 Size:      150000
 Iterations:                     75
 Number of available threads:     8

 Initialization time =           1.564 seconds

   iteration           ||r||                 zeta
        1       0.35328997525708E-12   109.9994423237398
        5       0.89196823803546E-15    28.6471670038893
       10       0.91176186042456E-15    28.9496695449000
       15       0.90755817977435E-15    28.9716336228371
       20       0.91484645720463E-15    28.9734210663752
       25       0.90888897281848E-15    28.9735863059386
       30       0.90797715919545E-15    28.9736033967633
       35       0.91108449967741E-15    28.9736053266247
       40       0.90636412948240E-15    28.9736055590700
       45       0.90703542474025E-15    28.9736055884130
       50       0.90996484017617E-15    28.9736055922483
       55       0.90287447091963E-15    28.9736055927634
       60       0.90850488833079E-15    28.9736055928341
       65       0.90670549074498E-15    28.9736055928440
       70       0.90280165133010E-15    28.9736055928452
       75       0.90248868681858E-15    28.9736055928456
 Benchmark completed 
 VERIFICATION SUCCESSFUL 
 Zeta is     0.2897360559285E+02
 Error is    0.1974165419122E-13


 CG Benchmark Completed.
 Class           =                        C
 Size            =                   150000
 Iterations      =                       75
 Time in seconds =                    12.75
 Total threads   =                        8
 Avail threads   =                        8
 Mop/s total     =                 11245.96
 Mop/s/thread    =                  1405.74
 Operation type  =           floating point
 Verification    =               SUCCESSFUL
 Version         =                    3.4.3
 Compile date    =              03 Sep 2026

 Compile options:
    FC           = gfortran
    FLINK        = $(FC)
    F_LIB        = -L$(LLVM_BUILD)/lib -lomp
    F_INC        = (none)
    FFLAGS       = -O3 -fopenmp
    FLINKFLAGS   = -O3 -fopenmp
    RAND         = randi8


 Please send all errors/feedbacks to:

 NPB Development Team
 npb@nas.nasa.gov


