

 NAS Parallel Benchmarks (NPB3.4-OMP) - CG Benchmark

 Size:      150000
 Iterations:                     75
 Number of available threads:    16

 Initialization time =           0.773 seconds

   iteration           ||r||                 zeta
        1       0.35310686495818E-12   109.9994423237398
        5       0.89215557932896E-15    28.6471670038896
       10       0.91158248794699E-15    28.9496695449000
       15       0.90725219301796E-15    28.9716336228373
       20       0.91472042827312E-15    28.9734210663751
       25       0.90969385607605E-15    28.9735863059385
       30       0.90900580605098E-15    28.9736033967630
       35       0.91079652346659E-15    28.9736053266249
       40       0.90508691045454E-15    28.9736055590700
       45       0.90986534216909E-15    28.9736055884129
       50       0.91019708056676E-15    28.9736055922482
       55       0.90501263190172E-15    28.9736055927635
       60       0.90852135965084E-15    28.9736055928341
       65       0.90837556857030E-15    28.9736055928438
       70       0.90240417035179E-15    28.9736055928452
       75       0.90276070128489E-15    28.9736055928455
 Benchmark completed 
 VERIFICATION SUCCESSFUL 
 Zeta is     0.2897360559285E+02
 Error is    0.1630832302753E-13


 CG Benchmark Completed.
 Class           =                        C
 Size            =                   150000
 Iterations      =                       75
 Time in seconds =                     6.00
 Total threads   =                       16
 Avail threads   =                       16
 Mop/s total     =                 23903.58
 Mop/s/thread    =                  1493.97
 Operation type  =           floating point
 Verification    =               SUCCESSFUL
 Version         =                    3.4.3
 Compile date    =              03 Sep 2026

 Compile options:
    FC           = gfortran
    FLINK        = $(FC)
    F_LIB        = -L$(LLVM_BUILD)/lib -lomp
    F_INC        = (none)
    FFLAGS       = -O3 -fopenmp
    FLINKFLAGS   = -O3 -fopenmp
    RAND         = randi8


 Please send all errors/feedbacks to:

 NPB Development Team
 npb@nas.nasa.gov


