OMP: pid 43349 tid 43349 thread 0 bound to OS proc set {1-32}
OMP: pid 43349 tid 43414 thread 15 bound to OS proc set {1-32}
OMP: pid 43349 tid 43361 thread 2 bound to OS proc set {1-32}
OMP: pid 43349 tid 43377 thread 8 bound to OS proc set {1-32}
OMP: pid 43349 tid 43364 thread 3 bound to OS proc set {1-32}
OMP: pid 43349 tid 43357 thread 1 bound to OS proc set {1-32}
OMP: pid 43349 tid 43392 thread 11 bound to OS proc set {1-32}
OMP: pid 43349 tid 43373 thread 7 bound to OS proc set {1-32}
OMP: pid 43349 tid 43399 thread 12 bound to OS proc set {1-32}
OMP: pid 43349 tid 43367 thread 4 bound to OS proc set {1-32}
OMP: pid 43349 tid 43390 thread 10 bound to OS proc set {1-32}
OMP: pid 43349 tid 43372 thread 6 bound to OS proc set {1-32}
OMP: pid 43349 tid 43417 thread 16 bound to OS proc set {1-32}
OMP: pid 43349 tid 43383 thread 9 bound to OS proc set {1-32}
OMP: pid 43349 tid 43456 thread 27 bound to OS proc set {1-32}
OMP: pid 43349 tid 43447 thread 24 bound to OS proc set {1-32}
OMP: pid 43349 tid 43369 thread 5 bound to OS proc set {1-32}
OMP: pid 43349 tid 43459 thread 28 bound to OS proc set {1-32}
OMP: pid 43349 tid 43451 thread 26 bound to OS proc set {1-32}
OMP: pid 43349 tid 43410 thread 14 bound to OS proc set {1-32}
OMP: pid 43349 tid 43405 thread 13 bound to OS proc set {1-32}
OMP: pid 43349 tid 43463 thread 30 bound to OS proc set {1-32}
OMP: pid 43349 tid 43466 thread 31 bound to OS proc set {1-32}
OMP: pid 43349 tid 43425 thread 18 bound to OS proc set {1-32}
OMP: pid 43349 tid 43444 thread 23 bound to OS proc set {1-32}
OMP: pid 43349 tid 43461 thread 29 bound to OS proc set {1-32}
OMP: pid 43349 tid 43450 thread 25 bound to OS proc set {1-32}
OMP: pid 43349 tid 43420 thread 17 bound to OS proc set {1-32}
OMP: pid 43349 tid 43431 thread 20 bound to OS proc set {1-32}
OMP: pid 43349 tid 43439 thread 22 bound to OS proc set {1-32}
OMP: pid 43349 tid 43435 thread 21 bound to OS proc set {1-32}
OMP: pid 43349 tid 43428 thread 19 bound to OS proc set {1-32}


 NAS Parallel Benchmarks (NPB3.4-OMP) - EP Benchmark

 Number of random numbers generated:      8589934592
 Number of available threads:                     32

EP Benchmark Results:

CPU Time =     3.216
N = 2^   32
No. Gaussian Pairs =    3373275903.
Sums =     2.691444083863086D+09    2.691519118724448D+09
Counts:
  0    1572172634.
  1    1501108549.
  2     281805648.
  3      17761221.
  4        424017.
  5          3821.
  6            13.
  7             0.
  8             0.
  9             0.


 EP Benchmark Completed.
 Class           =                        C
 Size            =               8589934592
 Iterations      =                        0
 Time in seconds =                     3.22
 Total threads   =                       32
 Avail threads   =                       32
 Mop/s total     =                  2671.13
 Mop/s/thread    =                    83.47
 Operation type  = Random numbers generated
 Verification    =               SUCCESSFUL
 Version         =                    3.4.3
 Compile date    =              18 Feb 2026

 Compile options:
    FC           = gfortran
    FLINK        = $(FC)
    F_LIB        = -L/dss/dsshome1/09/ga27qam2/llvm-project/bu...
    F_INC        = (none)
    FFLAGS       = -O3 -fopenmp
    FLINKFLAGS   = -O3 -fopenmp
    RAND         = randi8


 Please send all errors/feedbacks to:

 NPB Development Team
 npb@nas.nasa.gov


