OMP: pid 43351 tid 43351 thread 0 bound to OS proc set {1-32}
OMP: pid 43351 tid 43376 thread 3 bound to OS proc set {1-32}
OMP: pid 43351 tid 43371 thread 2 bound to OS proc set {1-32}
OMP: pid 43351 tid 43366 thread 1 bound to OS proc set {1-32}
OMP: pid 43351 tid 43404 thread 11 bound to OS proc set {1-32}
OMP: pid 43351 tid 43391 thread 8 bound to OS proc set {1-32}
OMP: pid 43351 tid 43388 thread 7 bound to OS proc set {1-32}
OMP: pid 43351 tid 43379 thread 4 bound to OS proc set {1-32}
OMP: pid 43351 tid 43413 thread 12 bound to OS proc set {1-32}
OMP: pid 43351 tid 43386 thread 6 bound to OS proc set {1-32}
OMP: pid 43351 tid 43401 thread 10 bound to OS proc set {1-32}
OMP: pid 43351 tid 43394 thread 9 bound to OS proc set {1-32}
OMP: pid 43351 tid 43382 thread 5 bound to OS proc set {1-32}
OMP: pid 43351 tid 43419 thread 13 bound to OS proc set {1-32}
OMP: pid 43351 tid 43426 thread 15 bound to OS proc set {1-32}
OMP: pid 43351 tid 43423 thread 14 bound to OS proc set {1-32}
OMP: pid 43351 tid 43442 thread 19 bound to OS proc set {1-32}
OMP: pid 43351 tid 43457 thread 24 bound to OS proc set {1-32}
OMP: pid 43351 tid 43467 thread 27 bound to OS proc set {1-32}
OMP: pid 43351 tid 43454 thread 23 bound to OS proc set {1-32}
OMP: pid 43351 tid 43464 thread 26 bound to OS proc set {1-32}
OMP: pid 43351 tid 43460 thread 25 bound to OS proc set {1-32}
OMP: pid 43351 tid 43446 thread 20 bound to OS proc set {1-32}
OMP: pid 43351 tid 43453 thread 22 bound to OS proc set {1-32}
OMP: pid 43351 tid 43448 thread 21 bound to OS proc set {1-32}
OMP: pid 43351 tid 43430 thread 16 bound to OS proc set {1-32}
OMP: pid 43351 tid 43438 thread 18 bound to OS proc set {1-32}
OMP: pid 43351 tid 43434 thread 17 bound to OS proc set {1-32}
OMP: pid 43351 tid 43469 thread 28 bound to OS proc set {1-32}
OMP: pid 43351 tid 43472 thread 31 bound to OS proc set {1-32}
OMP: pid 43351 tid 43471 thread 30 bound to OS proc set {1-32}
OMP: pid 43351 tid 43470 thread 29 bound to OS proc set {1-32}
OMP: pid 43351 tid 43351 thread 0 bound to OS proc set {1-32}
OMP: pid 43351 tid 43371 thread 2 bound to OS proc set {1-32}
OMP: pid 43351 tid 43376 thread 3 bound to OS proc set {1-32}
OMP: pid 43351 tid 43413 thread 12 bound to OS proc set {1-32}
OMP: pid 43351 tid 43388 thread 7 bound to OS proc set {1-32}
OMP: pid 43351 tid 43379 thread 4 bound to OS proc set {1-32}
OMP: pid 43351 tid 43366 thread 1 bound to OS proc set {1-32}
OMP: pid 43351 tid 43401 thread 10 bound to OS proc set {1-32}
OMP: pid 43351 tid 43391 thread 8 bound to OS proc set {1-32}
OMP: pid 43351 tid 43386 thread 6 bound to OS proc set {1-32}
OMP: pid 43351 tid 43404 thread 11 bound to OS proc set {1-32}
OMP: pid 43351 tid 43423 thread 14 bound to OS proc set {1-32}
OMP: pid 43351 tid 43419 thread 13 bound to OS proc set {1-32}
OMP: pid 43351 tid 43382 thread 5 bound to OS proc set {1-32}
OMP: pid 43351 tid 43394 thread 9 bound to OS proc set {1-32}
OMP: pid 43351 tid 43426 thread 15 bound to OS proc set {1-32}


 NAS Parallel Benchmarks (NPB3.4-OMP) - EP Benchmark

 Number of random numbers generated:      8589934592
 Number of available threads:                     32

EP Benchmark Results:

CPU Time =     4.942
N = 2^   32
No. Gaussian Pairs =    3373275903.
Sums =     2.691444083862576D+09    2.691519118725088D+09
Counts:
  0    1572172634.
  1    1501108549.
  2     281805648.
  3      17761221.
  4        424017.
  5          3821.
  6            13.
  7             0.
  8             0.
  9             0.


 EP Benchmark Completed.
 Class           =                        C
 Size            =               8589934592
 Iterations      =                        0
 Time in seconds =                     4.94
 Total threads   =                       16
 Avail threads   =                       32
 Warning: Threads used differ from threads available
 Mop/s total     =                  1738.28
 Mop/s/thread    =                   108.64
 Operation type  = Random numbers generated
 Verification    =               SUCCESSFUL
 Version         =                    3.4.3
 Compile date    =              18 Feb 2026

 Compile options:
    FC           = gfortran
    FLINK        = $(FC)
    F_LIB        = -L/dss/dsshome1/09/ga27qam2/llvm-project/bu...
    F_INC        = (none)
    FFLAGS       = -O3 -fopenmp
    FLINKFLAGS   = -O3 -fopenmp
    RAND         = randi8


 Please send all errors/feedbacks to:

 NPB Development Team
 npb@nas.nasa.gov


