OMP: pid 45745 tid 45745 thread 0 bound to OS proc set {56-87}
OMP: pid 45745 tid 45774 thread 3 bound to OS proc set {56-87}
OMP: pid 45745 tid 45771 thread 2 bound to OS proc set {56-87}
OMP: pid 45745 tid 45767 thread 1 bound to OS proc set {56-87}
OMP: pid 45745 tid 45792 thread 7 bound to OS proc set {56-87}
OMP: pid 45745 tid 45797 thread 8 bound to OS proc set {56-87}
OMP: pid 45745 tid 45813 thread 10 bound to OS proc set {56-87}
OMP: pid 45745 tid 45780 thread 4 bound to OS proc set {56-87}
OMP: pid 45745 tid 45827 thread 12 bound to OS proc set {56-87}
OMP: pid 45745 tid 45787 thread 6 bound to OS proc set {56-87}
OMP: pid 45745 tid 45803 thread 9 bound to OS proc set {56-87}
OMP: pid 45745 tid 45784 thread 5 bound to OS proc set {56-87}
OMP: pid 45745 tid 45841 thread 14 bound to OS proc set {56-87}
OMP: pid 45745 tid 45837 thread 13 bound to OS proc set {56-87}
OMP: pid 45745 tid 45844 thread 15 bound to OS proc set {56-87}
OMP: pid 45745 tid 45818 thread 11 bound to OS proc set {56-87}
OMP: pid 45745 tid 45871 thread 31 bound to OS proc set {56-87}
OMP: pid 45745 tid 45868 thread 28 bound to OS proc set {56-87}
OMP: pid 45745 tid 45870 thread 30 bound to OS proc set {56-87}
OMP: pid 45745 tid 45869 thread 29 bound to OS proc set {56-87}
OMP: pid 45745 tid 45864 thread 24 bound to OS proc set {56-87}
OMP: pid 45745 tid 45867 thread 27 bound to OS proc set {56-87}
OMP: pid 45745 tid 45862 thread 22 bound to OS proc set {56-87}
OMP: pid 45745 tid 45860 thread 20 bound to OS proc set {56-87}
OMP: pid 45745 tid 45866 thread 26 bound to OS proc set {56-87}
OMP: pid 45745 tid 45861 thread 21 bound to OS proc set {56-87}
OMP: pid 45745 tid 45863 thread 23 bound to OS proc set {56-87}
OMP: pid 45745 tid 45865 thread 25 bound to OS proc set {56-87}
OMP: pid 45745 tid 45858 thread 19 bound to OS proc set {56-87}
OMP: pid 45745 tid 45848 thread 16 bound to OS proc set {56-87}
OMP: pid 45745 tid 45856 thread 18 bound to OS proc set {56-87}
OMP: pid 45745 tid 45852 thread 17 bound to OS proc set {56-87}


 NAS Parallel Benchmarks (NPB3.4-OMP) - EP Benchmark

 Number of random numbers generated:      8589934592
 Number of available threads:                     32

EP Benchmark Results:

CPU Time =     3.740
N = 2^   32
No. Gaussian Pairs =    3373275903.
Sums =     2.691444083863086D+09    2.691519118724447D+09
Counts:
  0    1572172634.
  1    1501108549.
  2     281805648.
  3      17761221.
  4        424017.
  5          3821.
  6            13.
  7             0.
  8             0.
  9             0.


 EP Benchmark Completed.
 Class           =                        C
 Size            =               8589934592
 Iterations      =                        0
 Time in seconds =                     3.74
 Total threads   =                       32
 Avail threads   =                       32
 Mop/s total     =                  2297.00
 Mop/s/thread    =                    71.78
 Operation type  = Random numbers generated
 Verification    =               SUCCESSFUL
 Version         =                    3.4.3
 Compile date    =              18 Feb 2026

 Compile options:
    FC           = gfortran
    FLINK        = $(FC)
    F_LIB        = -L/dss/dsshome1/09/ga27qam2/llvm-project/bu...
    F_INC        = (none)
    FFLAGS       = -O3 -fopenmp
    FLINKFLAGS   = -O3 -fopenmp
    RAND         = randi8


 Please send all errors/feedbacks to:

 NPB Development Team
 npb@nas.nasa.gov


