OMP: pid 45550 tid 45550 thread 0 bound to OS proc set {56-87}
OMP: pid 45550 tid 45558 thread 3 bound to OS proc set {56-87}
OMP: pid 45550 tid 45554 thread 1 bound to OS proc set {56-87}
OMP: pid 45550 tid 45555 thread 2 bound to OS proc set {56-87}
OMP: pid 45550 tid 45597 thread 11 bound to OS proc set {56-87}
OMP: pid 45550 tid 45563 thread 4 bound to OS proc set {56-87}
OMP: pid 45550 tid 45599 thread 12 bound to OS proc set {56-87}
OMP: pid 45550 tid 45573 thread 6 bound to OS proc set {56-87}
OMP: pid 45550 tid 45585 thread 8 bound to OS proc set {56-87}
OMP: pid 45550 tid 45590 thread 9 bound to OS proc set {56-87}
OMP: pid 45550 tid 45601 thread 13 bound to OS proc set {56-87}
OMP: pid 45550 tid 45592 thread 10 bound to OS proc set {56-87}
OMP: pid 45550 tid 45603 thread 14 bound to OS proc set {56-87}
OMP: pid 45550 tid 45579 thread 7 bound to OS proc set {56-87}
OMP: pid 45550 tid 45568 thread 5 bound to OS proc set {56-87}
OMP: pid 45550 tid 45609 thread 15 bound to OS proc set {56-87}
OMP: pid 45550 tid 45617 thread 16 bound to OS proc set {56-87}
OMP: pid 45550 tid 45653 thread 24 bound to OS proc set {56-87}
OMP: pid 45550 tid 45636 thread 20 bound to OS proc set {56-87}
OMP: pid 45550 tid 45661 thread 27 bound to OS proc set {56-87}
OMP: pid 45550 tid 45663 thread 28 bound to OS proc set {56-87}
OMP: pid 45550 tid 45665 thread 30 bound to OS proc set {56-87}
OMP: pid 45550 tid 45667 thread 31 bound to OS proc set {56-87}
OMP: pid 45550 tid 45648 thread 23 bound to OS proc set {56-87}
OMP: pid 45550 tid 45657 thread 25 bound to OS proc set {56-87}
OMP: pid 45550 tid 45619 thread 17 bound to OS proc set {56-87}
OMP: pid 45550 tid 45640 thread 21 bound to OS proc set {56-87}
OMP: pid 45550 tid 45664 thread 29 bound to OS proc set {56-87}
OMP: pid 45550 tid 45660 thread 26 bound to OS proc set {56-87}
OMP: pid 45550 tid 45644 thread 22 bound to OS proc set {56-87}
OMP: pid 45550 tid 45626 thread 18 bound to OS proc set {56-87}
OMP: pid 45550 tid 45631 thread 19 bound to OS proc set {56-87}


 NAS Parallel Benchmarks (NPB3.4-OMP) - CG Benchmark

 Size:      150000
 Iterations:                     75
 Number of available threads:    32

 Initialization time =           1.239 seconds

   iteration           ||r||                 zeta
        1       0.35317276349402E-12   109.9994423237398
        5       0.89183115628981E-15    28.6471670038895
       10       0.91196403523407E-15    28.9496695448999
       15       0.90679308045663E-15    28.9716336228371
       20       0.91461949848146E-15    28.9734210663749
       25       0.90937240174553E-15    28.9735863059384
       30       0.91050389035234E-15    28.9736033967631
       35       0.91133560732402E-15    28.9736053266249
       40       0.90706588447832E-15    28.9736055590700
       45       0.91054253471220E-15    28.9736055884127
       50       0.91072687640170E-15    28.9736055922484
       55       0.90238336759574E-15    28.9736055927634
       60       0.90793391590978E-15    28.9736055928340
       65       0.90755467091520E-15    28.9736055928439
       70       0.90209949514686E-15    28.9736055928453
       75       0.90116323101546E-15    28.9736055928455
 Benchmark completed 
 VERIFICATION SUCCESSFUL 
 Zeta is     0.2897360559285E+02
 Error is    0.1777975066912E-13


 CG Benchmark Completed.
 Class           =                        C
 Size            =                   150000
 Iterations      =                       75
 Time in seconds =                    10.62
 Total threads   =                       32
 Avail threads   =                       32
 Mop/s total     =                 13499.91
 Mop/s/thread    =                   421.87
 Operation type  =           floating point
 Verification    =               SUCCESSFUL
 Version         =                    3.4.3
 Compile date    =              18 Feb 2026

 Compile options:
    FC           = gfortran
    FLINK        = $(FC)
    F_LIB        = -L/dss/dsshome1/09/ga27qam2/llvm-project/bu...
    F_INC        = (none)
    FFLAGS       = -O3 -fopenmp
    FLINKFLAGS   = -O3 -fopenmp
    RAND         = randi8


 Please send all errors/feedbacks to:

 NPB Development Team
 npb@nas.nasa.gov


