OMP: pid 45552 tid 45552 thread 0 bound to OS proc set {1-32}
OMP: pid 45552 tid 45572 thread 3 bound to OS proc set {1-32}
OMP: pid 45552 tid 45562 thread 1 bound to OS proc set {1-32}
OMP: pid 45552 tid 45566 thread 2 bound to OS proc set {1-32}
OMP: pid 45552 tid 45602 thread 8 bound to OS proc set {1-32}
OMP: pid 45552 tid 45578 thread 4 bound to OS proc set {1-32}
OMP: pid 45552 tid 45618 thread 11 bound to OS proc set {1-32}
OMP: pid 45552 tid 45594 thread 7 bound to OS proc set {1-32}
OMP: pid 45552 tid 45589 thread 6 bound to OS proc set {1-32}
OMP: pid 45552 tid 45610 thread 9 bound to OS proc set {1-32}
OMP: pid 45552 tid 45611 thread 10 bound to OS proc set {1-32}
OMP: pid 45552 tid 45620 thread 12 bound to OS proc set {1-32}
OMP: pid 45552 tid 45582 thread 5 bound to OS proc set {1-32}
OMP: pid 45552 tid 45625 thread 14 bound to OS proc set {1-32}
OMP: pid 45552 tid 45621 thread 13 bound to OS proc set {1-32}
OMP: pid 45552 tid 45627 thread 15 bound to OS proc set {1-32}
OMP: pid 45552 tid 45630 thread 16 bound to OS proc set {1-32}
OMP: pid 45552 tid 45637 thread 18 bound to OS proc set {1-32}
OMP: pid 45552 tid 45642 thread 19 bound to OS proc set {1-32}
OMP: pid 45552 tid 45646 thread 20 bound to OS proc set {1-32}
OMP: pid 45552 tid 45658 thread 23 bound to OS proc set {1-32}
OMP: pid 45552 tid 45662 thread 24 bound to OS proc set {1-32}
OMP: pid 45552 tid 45654 thread 22 bound to OS proc set {1-32}
OMP: pid 45552 tid 45669 thread 26 bound to OS proc set {1-32}
OMP: pid 45552 tid 45672 thread 28 bound to OS proc set {1-32}
OMP: pid 45552 tid 45671 thread 27 bound to OS proc set {1-32}
OMP: pid 45552 tid 45632 thread 17 bound to OS proc set {1-32}
OMP: pid 45552 tid 45678 thread 31 bound to OS proc set {1-32}
OMP: pid 45552 tid 45675 thread 30 bound to OS proc set {1-32}
OMP: pid 45552 tid 45650 thread 21 bound to OS proc set {1-32}
OMP: pid 45552 tid 45674 thread 29 bound to OS proc set {1-32}
OMP: pid 45552 tid 45668 thread 25 bound to OS proc set {1-32}
OMP: pid 45552 tid 45602 thread 8 bound to OS proc set {1-32}
OMP: pid 45552 tid 45582 thread 5 bound to OS proc set {1-32}
OMP: pid 45552 tid 45566 thread 2 bound to OS proc set {1-32}
OMP: pid 45552 tid 45552 thread 0 bound to OS proc set {1-32}
OMP: pid 45552 tid 45589 thread 6 bound to OS proc set {1-32}
OMP: pid 45552 tid 45618 thread 11 bound to OS proc set {1-32}
OMP: pid 45552 tid 45611 thread 10 bound to OS proc set {1-32}
OMP: pid 45552 tid 45625 thread 14 bound to OS proc set {1-32}
OMP: pid 45552 tid 45627 thread 15 bound to OS proc set {1-32}
OMP: pid 45552 tid 45620 thread 12 bound to OS proc set {1-32}
OMP: pid 45552 tid 45594 thread 7 bound to OS proc set {1-32}
OMP: pid 45552 tid 45610 thread 9 bound to OS proc set {1-32}
OMP: pid 45552 tid 45562 thread 1 bound to OS proc set {1-32}
OMP: pid 45552 tid 45572 thread 3 bound to OS proc set {1-32}
OMP: pid 45552 tid 45578 thread 4 bound to OS proc set {1-32}
OMP: pid 45552 tid 45621 thread 13 bound to OS proc set {1-32}


 NAS Parallel Benchmarks (NPB3.4-OMP) - CG Benchmark

 Size:      150000
 Iterations:                     75
 Number of available threads:    32

 Initialization time =           1.238 seconds

   iteration           ||r||                 zeta
        1       0.35307118805623E-12   109.9994423237398
        5       0.89223042841854E-15    28.6471670038896
       10       0.91181711142334E-15    28.9496695448999
       15       0.90616528649048E-15    28.9716336228373
       20       0.91395438182547E-15    28.9734210663750
       25       0.90856319061762E-15    28.9735863059385
       30       0.90888584699357E-15    28.9736033967630
       35       0.91139465636103E-15    28.9736053266249
       40       0.90541439138829E-15    28.9736055590700
       45       0.91005693009548E-15    28.9736055884129
       50       0.90994228866796E-15    28.9736055922482
       55       0.90328885622327E-15    28.9736055927636
       60       0.90830756427721E-15    28.9736055928341
       65       0.90755337446745E-15    28.9736055928438
       70       0.90191820388203E-15    28.9736055928452
       75       0.90261448072473E-15    28.9736055928455
 Benchmark completed 
 VERIFICATION SUCCESSFUL 
 Zeta is     0.2897360559285E+02
 Error is    0.1581784714701E-13


 CG Benchmark Completed.
 Class           =                        C
 Size            =                   150000
 Iterations      =                       75
 Time in seconds =                     7.06
 Total threads   =                       16
 Avail threads   =                       32
 Warning: Threads used differ from threads available
 Mop/s total     =                 20299.66
 Mop/s/thread    =                  1268.73
 Operation type  =           floating point
 Verification    =               SUCCESSFUL
 Version         =                    3.4.3
 Compile date    =              18 Feb 2026

 Compile options:
    FC           = gfortran
    FLINK        = $(FC)
    F_LIB        = -L/dss/dsshome1/09/ga27qam2/llvm-project/bu...
    F_INC        = (none)
    FFLAGS       = -O3 -fopenmp
    FLINKFLAGS   = -O3 -fopenmp
    RAND         = randi8


 Please send all errors/feedbacks to:

 NPB Development Team
 npb@nas.nasa.gov


