OMP: pid 40369 tid 40403 thread 1 bound to OS proc set {1-16}
OMP: pid 40369 tid 40369 thread 0 bound to OS proc set {1-16}
OMP: pid 40369 tid 40423 thread 8 bound to OS proc set {1-16}
OMP: pid 40369 tid 40405 thread 2 bound to OS proc set {1-16}
OMP: pid 40369 tid 40414 thread 4 bound to OS proc set {1-16}
OMP: pid 40369 tid 40412 thread 3 bound to OS proc set {1-16}
OMP: pid 40369 tid 40430 thread 12 bound to OS proc set {1-16}
OMP: pid 40369 tid 40425 thread 9 bound to OS proc set {1-16}
OMP: pid 40369 tid 40420 thread 7 bound to OS proc set {1-16}
OMP: pid 40369 tid 40417 thread 6 bound to OS proc set {1-16}
OMP: pid 40369 tid 40415 thread 5 bound to OS proc set {1-16}
OMP: pid 40369 tid 40433 thread 15 bound to OS proc set {1-16}
OMP: pid 40369 tid 40432 thread 14 bound to OS proc set {1-16}
OMP: pid 40369 tid 40431 thread 13 bound to OS proc set {1-16}
OMP: pid 40369 tid 40427 thread 10 bound to OS proc set {1-16}
OMP: pid 40369 tid 40429 thread 11 bound to OS proc set {1-16}
OMP: pid 40369 tid 40369 thread 0 bound to OS proc set {1-16}
OMP: pid 40369 tid 40403 thread 1 bound to OS proc set {1-16}
OMP: pid 40369 tid 40414 thread 4 bound to OS proc set {1-16}
OMP: pid 40369 tid 40405 thread 2 bound to OS proc set {1-16}
OMP: pid 40369 tid 40412 thread 3 bound to OS proc set {1-16}
OMP: pid 40369 tid 40417 thread 6 bound to OS proc set {1-16}
OMP: pid 40369 tid 40415 thread 5 bound to OS proc set {1-16}
OMP: pid 40369 tid 40420 thread 7 bound to OS proc set {1-16}


 NAS Parallel Benchmarks (NPB3.4-OMP) - CG Benchmark

 Size:      150000
 Iterations:                     75
 Number of available threads:    16

 Initialization time =           2.147 seconds

   iteration           ||r||                 zeta
        1       0.35328547454095E-12   109.9994423237398
        5       0.89127312908338E-15    28.6471670038896
       10       0.91140446988630E-15    28.9496695449000
       15       0.90652467324698E-15    28.9716336228371
       20       0.91401468279635E-15    28.9734210663752
       25       0.90874427433220E-15    28.9735863059386
       30       0.90904868961856E-15    28.9736033967633
       35       0.91023472176762E-15    28.9736053266247
       40       0.90604727651694E-15    28.9736055590699
       45       0.90728641775193E-15    28.9736055884131
       50       0.91095564975508E-15    28.9736055922483
       55       0.90415345991093E-15    28.9736055927634
       60       0.90898084237324E-15    28.9736055928340
       65       0.90610254596847E-15    28.9736055928440
       70       0.90236191220310E-15    28.9736055928452
       75       0.90170809124059E-15    28.9736055928456
 Benchmark completed 
 VERIFICATION SUCCESSFUL 
 Zeta is     0.2897360559285E+02
 Error is    0.2072260595228E-13


 CG Benchmark Completed.
 Class           =                        C
 Size            =                   150000
 Iterations      =                       75
 Time in seconds =                    11.56
 Total threads   =                        8
 Avail threads   =                       16
 Warning: Threads used differ from threads available
 Mop/s total     =                 12401.66
 Mop/s/thread    =                  1550.21
 Operation type  =           floating point
 Verification    =               SUCCESSFUL
 Version         =                    3.4.3
 Compile date    =              18 Feb 2026

 Compile options:
    FC           = gfortran
    FLINK        = $(FC)
    F_LIB        = -L/dss/dsshome1/09/ga27qam2/llvm-project/bu...
    F_INC        = (none)
    FFLAGS       = -O3 -fopenmp
    FLINKFLAGS   = -O3 -fopenmp
    RAND         = randi8


 Please send all errors/feedbacks to:

 NPB Development Team
 npb@nas.nasa.gov


