OMP: pid 28268 tid 28268 thread 0 bound to OS proc set {56-63}
OMP: pid 28268 tid 28283 thread 2 bound to OS proc set {56-63}
OMP: pid 28268 tid 28281 thread 1 bound to OS proc set {56-63}
OMP: pid 28268 tid 28287 thread 4 bound to OS proc set {56-63}
OMP: pid 28268 tid 28285 thread 3 bound to OS proc set {56-63}
OMP: pid 28268 tid 28291 thread 6 bound to OS proc set {56-63}
OMP: pid 28268 tid 28289 thread 5 bound to OS proc set {56-63}
OMP: pid 28268 tid 28292 thread 7 bound to OS proc set {56-63}


 NAS Parallel Benchmarks (NPB3.4-OMP) - CG Benchmark

 Size:      150000
 Iterations:                     75
 Number of available threads:     8

 Initialization time =           3.415 seconds

   iteration           ||r||                 zeta
        1       0.35332034486987E-12   109.9994423237398
        5       0.89173636896321E-15    28.6471670038896
       10       0.91029499473281E-15    28.9496695449000
       15       0.90679743567755E-15    28.9716336228371
       20       0.91397760641958E-15    28.9734210663752
       25       0.90957929287224E-15    28.9735863059386
       30       0.90871729196230E-15    28.9736033967633
       35       0.90970806800029E-15    28.9736053266247
       40       0.90622969839535E-15    28.9736055590700
       45       0.90842949619670E-15    28.9736055884130
       50       0.90961807303109E-15    28.9736055922483
       55       0.90446847733189E-15    28.9736055927634
       60       0.90844925958426E-15    28.9736055928341
       65       0.90593662085616E-15    28.9736055928440
       70       0.90238851510434E-15    28.9736055928451
       75       0.90267386626483E-15    28.9736055928456
 Benchmark completed 
 VERIFICATION SUCCESSFUL 
 Zeta is     0.2897360559285E+02
 Error is    0.1974165419122E-13


 CG Benchmark Completed.
 Class           =                        C
 Size            =                   150000
 Iterations      =                       75
 Time in seconds =                    31.05
 Total threads   =                        8
 Avail threads   =                        8
 Mop/s total     =                  4617.33
 Mop/s/thread    =                   577.17
 Operation type  =           floating point
 Verification    =               SUCCESSFUL
 Version         =                    3.4.3
 Compile date    =              18 Feb 2026

 Compile options:
    FC           = gfortran
    FLINK        = $(FC)
    F_LIB        = -L/dss/dsshome1/09/ga27qam2/llvm-project/bu...
    F_INC        = (none)
    FFLAGS       = -O3 -fopenmp
    FLINKFLAGS   = -O3 -fopenmp
    RAND         = randi8


 Please send all errors/feedbacks to:

 NPB Development Team
 npb@nas.nasa.gov


