OMP: pid 40370 tid 40393 thread 11 bound to OS proc set {56-71}
OMP: pid 40370 tid 40370 thread 0 bound to OS proc set {56-71}
OMP: pid 40370 tid 40404 thread 15 bound to OS proc set {56-71}
OMP: pid 40370 tid 40373 thread 2 bound to OS proc set {56-71}
OMP: pid 40370 tid 40372 thread 1 bound to OS proc set {56-71}
OMP: pid 40370 tid 40396 thread 13 bound to OS proc set {56-71}
OMP: pid 40370 tid 40374 thread 3 bound to OS proc set {56-71}
OMP: pid 40370 tid 40398 thread 14 bound to OS proc set {56-71}
OMP: pid 40370 tid 40394 thread 12 bound to OS proc set {56-71}
OMP: pid 40370 tid 40383 thread 7 bound to OS proc set {56-71}
OMP: pid 40370 tid 40376 thread 4 bound to OS proc set {56-71}
OMP: pid 40370 tid 40379 thread 6 bound to OS proc set {56-71}
OMP: pid 40370 tid 40387 thread 8 bound to OS proc set {56-71}
OMP: pid 40370 tid 40390 thread 10 bound to OS proc set {56-71}
OMP: pid 40370 tid 40377 thread 5 bound to OS proc set {56-71}
OMP: pid 40370 tid 40389 thread 9 bound to OS proc set {56-71}


 NAS Parallel Benchmarks (NPB3.4-OMP) - CG Benchmark

 Size:      150000
 Iterations:                     75
 Number of available threads:    16

 Initialization time =           1.881 seconds

   iteration           ||r||                 zeta
        1       0.35330281419423E-12   109.9994423237398
        5       0.89302036158963E-15    28.6471670038896
       10       0.91262238719259E-15    28.9496695449000
       15       0.90635216275657E-15    28.9716336228373
       20       0.91490088272038E-15    28.9734210663750
       25       0.90967980707090E-15    28.9735863059385
       30       0.90841848067627E-15    28.9736033967630
       35       0.91057051551808E-15    28.9736053266249
       40       0.90539374097039E-15    28.9736055590700
       45       0.91130866257927E-15    28.9736055884129
       50       0.91009989773542E-15    28.9736055922482
       55       0.90432558432383E-15    28.9736055927636
       60       0.90875211474958E-15    28.9736055928341
       65       0.90832401167510E-15    28.9736055928438
       70       0.90276847363146E-15    28.9736055928452
       75       0.90199438908811E-15    28.9736055928455
 Benchmark completed 
 VERIFICATION SUCCESSFUL 
 Zeta is     0.2897360559285E+02
 Error is    0.1581784714701E-13


 CG Benchmark Completed.
 Class           =                        C
 Size            =                   150000
 Iterations      =                       75
 Time in seconds =                    17.38
 Total threads   =                       16
 Avail threads   =                       16
 Mop/s total     =                  8248.73
 Mop/s/thread    =                   515.55
 Operation type  =           floating point
 Verification    =               SUCCESSFUL
 Version         =                    3.4.3
 Compile date    =              18 Feb 2026

 Compile options:
    FC           = gfortran
    FLINK        = $(FC)
    F_LIB        = -L/dss/dsshome1/09/ga27qam2/llvm-project/bu...
    F_INC        = (none)
    FFLAGS       = -O3 -fopenmp
    FLINKFLAGS   = -O3 -fopenmp
    RAND         = randi8


 Please send all errors/feedbacks to:

 NPB Development Team
 npb@nas.nasa.gov


