OMP: pid 40368 tid 40392 thread 3 bound to OS proc set {1-16}
OMP: pid 40368 tid 40388 thread 2 bound to OS proc set {1-16}
OMP: pid 40368 tid 40422 thread 12 bound to OS proc set {1-16}
OMP: pid 40368 tid 40368 thread 0 bound to OS proc set {1-16}
OMP: pid 40368 tid 40428 thread 15 bound to OS proc set {1-16}
OMP: pid 40368 tid 40424 thread 13 bound to OS proc set {1-16}
OMP: pid 40368 tid 40426 thread 14 bound to OS proc set {1-16}
OMP: pid 40368 tid 40416 thread 8 bound to OS proc set {1-16}
OMP: pid 40368 tid 40419 thread 10 bound to OS proc set {1-16}
OMP: pid 40368 tid 40413 thread 7 bound to OS proc set {1-16}
OMP: pid 40368 tid 40381 thread 1 bound to OS proc set {1-16}
OMP: pid 40368 tid 40397 thread 4 bound to OS proc set {1-16}
OMP: pid 40368 tid 40408 thread 6 bound to OS proc set {1-16}
OMP: pid 40368 tid 40418 thread 9 bound to OS proc set {1-16}
OMP: pid 40368 tid 40421 thread 11 bound to OS proc set {1-16}
OMP: pid 40368 tid 40401 thread 5 bound to OS proc set {1-16}
OMP: pid 40368 tid 40413 thread 7 bound to OS proc set {1-16}
OMP: pid 40368 tid 40397 thread 4 bound to OS proc set {1-16}
OMP: pid 40368 tid 40388 thread 2 bound to OS proc set {1-16}
OMP: pid 40368 tid 40368 thread 0 bound to OS proc set {1-16}
OMP: pid 40368 tid 40408 thread 6 bound to OS proc set {1-16}
OMP: pid 40368 tid 40381 thread 1 bound to OS proc set {1-16}
OMP: pid 40368 tid 40392 thread 3 bound to OS proc set {1-16}
OMP: pid 40368 tid 40401 thread 5 bound to OS proc set {1-16}


 NAS Parallel Benchmarks (NPB3.4-OMP) - CG Benchmark

 Size:      150000
 Iterations:                     75
 Number of available threads:    16

 Initialization time =           2.024 seconds

   iteration           ||r||                 zeta
        1       0.35330218621359E-12   109.9994423237398
        5       0.89145972638837E-15    28.6471670038896
       10       0.91265443629091E-15    28.9496695449001
       15       0.90691352614210E-15    28.9716336228370
       20       0.91315292970631E-15    28.9734210663752
       25       0.90832222414868E-15    28.9735863059386
       30       0.90891471418815E-15    28.9736033967633
       35       0.91028923698170E-15    28.9736053266247
       40       0.90596259248707E-15    28.9736055590700
       45       0.90859803588707E-15    28.9736055884130
       50       0.91085117847335E-15    28.9736055922483
       55       0.90378574756638E-15    28.9736055927634
       60       0.90861676589020E-15    28.9736055928341
       65       0.90657896908323E-15    28.9736055928440
       70       0.90231006787653E-15    28.9736055928452
       75       0.90216123185062E-15    28.9736055928456
 Benchmark completed 
 VERIFICATION SUCCESSFUL 
 Zeta is     0.2897360559285E+02
 Error is    0.1974165419122E-13


 CG Benchmark Completed.
 Class           =                        C
 Size            =                   150000
 Iterations      =                       75
 Time in seconds =                    11.62
 Total threads   =                        8
 Avail threads   =                       16
 Warning: Threads used differ from threads available
 Mop/s total     =                 12334.68
 Mop/s/thread    =                  1541.83
 Operation type  =           floating point
 Verification    =               SUCCESSFUL
 Version         =                    3.4.3
 Compile date    =              18 Feb 2026

 Compile options:
    FC           = gfortran
    FLINK        = $(FC)
    F_LIB        = -L/dss/dsshome1/09/ga27qam2/llvm-project/bu...
    F_INC        = (none)
    FFLAGS       = -O3 -fopenmp
    FLINKFLAGS   = -O3 -fopenmp
    RAND         = randi8


 Please send all errors/feedbacks to:

 NPB Development Team
 npb@nas.nasa.gov


