OMP: pid 28270 tid 28270 thread 0 bound to OS proc set {1-8}
OMP: pid 28270 tid 28297 thread 4 bound to OS proc set {1-8}
OMP: pid 28270 tid 28300 thread 7 bound to OS proc set {1-8}
OMP: pid 28270 tid 28299 thread 6 bound to OS proc set {1-8}
OMP: pid 28270 tid 28298 thread 5 bound to OS proc set {1-8}
OMP: pid 28270 tid 28296 thread 3 bound to OS proc set {1-8}
OMP: pid 28270 tid 28295 thread 2 bound to OS proc set {1-8}
OMP: pid 28270 tid 28293 thread 1 bound to OS proc set {1-8}
OMP: pid 28270 tid 28270 thread 0 bound to OS proc set {1-8}
OMP: pid 28270 tid 28296 thread 3 bound to OS proc set {1-8}
OMP: pid 28270 tid 28295 thread 2 bound to OS proc set {1-8}
OMP: pid 28270 tid 28293 thread 1 bound to OS proc set {1-8}


 NAS Parallel Benchmarks (NPB3.4-OMP) - CG Benchmark

 Size:      150000
 Iterations:                     75
 Number of available threads:     8

 Initialization time =           3.614 seconds

   iteration           ||r||                 zeta
        1       0.35342969571864E-12   109.9994423237398
        5       0.89277334761046E-15    28.6471670038893
       10       0.91117346045614E-15    28.9496695449003
       15       0.90656539775894E-15    28.9716336228371
       20       0.91452158579622E-15    28.9734210663747
       25       0.90886317170985E-15    28.9735863059382
       30       0.91036028543749E-15    28.9736033967628
       35       0.91030527570650E-15    28.9736053266246
       40       0.90785901248750E-15    28.9736055590700
       45       0.90950128856139E-15    28.9736055884132
       50       0.90892275197758E-15    28.9736055922485
       55       0.90417106844160E-15    28.9736055927632
       60       0.90729320513228E-15    28.9736055928339
       65       0.90525591217822E-15    28.9736055928440
       70       0.90286487674276E-15    28.9736055928455
       75       0.90090798408645E-15    28.9736055928458
 Benchmark completed 
 VERIFICATION SUCCESSFUL 
 Zeta is     0.2897360559285E+02
 Error is    0.2758926827966E-13


 CG Benchmark Completed.
 Class           =                        C
 Size            =                   150000
 Iterations      =                       75
 Time in seconds =                    22.81
 Total threads   =                        4
 Avail threads   =                        8
 Warning: Threads used differ from threads available
 Mop/s total     =                  6284.15
 Mop/s/thread    =                  1571.04
 Operation type  =           floating point
 Verification    =               SUCCESSFUL
 Version         =                    3.4.3
 Compile date    =              18 Feb 2026

 Compile options:
    FC           = gfortran
    FLINK        = $(FC)
    F_LIB        = -L/dss/dsshome1/09/ga27qam2/llvm-project/bu...
    F_INC        = (none)
    FFLAGS       = -O3 -fopenmp
    FLINKFLAGS   = -O3 -fopenmp
    RAND         = randi8


 Please send all errors/feedbacks to:

 NPB Development Team
 npb@nas.nasa.gov


