OMP: pid 28269 tid 28272 thread 1 bound to OS proc set {1-8}
OMP: pid 28269 tid 28278 thread 7 bound to OS proc set {1-8}
OMP: pid 28269 tid 28273 thread 2 bound to OS proc set {1-8}
OMP: pid 28269 tid 28274 thread 3 bound to OS proc set {1-8}
OMP: pid 28269 tid 28269 thread 0 bound to OS proc set {1-8}
OMP: pid 28269 tid 28275 thread 4 bound to OS proc set {1-8}
OMP: pid 28269 tid 28277 thread 6 bound to OS proc set {1-8}
OMP: pid 28269 tid 28276 thread 5 bound to OS proc set {1-8}
OMP: pid 28269 tid 28273 thread 2 bound to OS proc set {1-8}
OMP: pid 28269 tid 28272 thread 1 bound to OS proc set {1-8}
OMP: pid 28269 tid 28269 thread 0 bound to OS proc set {1-8}
OMP: pid 28269 tid 28274 thread 3 bound to OS proc set {1-8}


 NAS Parallel Benchmarks (NPB3.4-OMP) - CG Benchmark

 Size:      150000
 Iterations:                     75
 Number of available threads:     8

 Initialization time =           3.274 seconds

   iteration           ||r||                 zeta
        1       0.35339527216309E-12   109.9994423237398
        5       0.89280726457200E-15    28.6471670038893
       10       0.91303277241332E-15    28.9496695449003
       15       0.90677448738586E-15    28.9716336228371
       20       0.91419873018857E-15    28.9734210663747
       25       0.90988391810416E-15    28.9735863059382
       30       0.91006537072415E-15    28.9736033967627
       35       0.90964619292280E-15    28.9736053266246
       40       0.90664263323686E-15    28.9736055590699
       45       0.90897612137142E-15    28.9736055884132
       50       0.90909458839289E-15    28.9736055922485
       55       0.90414666724355E-15    28.9736055927632
       60       0.90903816005547E-15    28.9736055928339
       65       0.90583768974376E-15    28.9736055928440
       70       0.90176418961322E-15    28.9736055928455
       75       0.90147667605838E-15    28.9736055928458
 Benchmark completed 
 VERIFICATION SUCCESSFUL 
 Zeta is     0.2897360559285E+02
 Error is    0.2709879239913E-13


 CG Benchmark Completed.
 Class           =                        C
 Size            =                   150000
 Iterations      =                       75
 Time in seconds =                    22.36
 Total threads   =                        4
 Avail threads   =                        8
 Warning: Threads used differ from threads available
 Mop/s total     =                  6412.06
 Mop/s/thread    =                  1603.02
 Operation type  =           floating point
 Verification    =               SUCCESSFUL
 Version         =                    3.4.3
 Compile date    =              18 Feb 2026

 Compile options:
    FC           = gfortran
    FLINK        = $(FC)
    F_LIB        = -L/dss/dsshome1/09/ga27qam2/llvm-project/bu...
    F_INC        = (none)
    FFLAGS       = -O3 -fopenmp
    FLINKFLAGS   = -O3 -fopenmp
    RAND         = randi8


 Please send all errors/feedbacks to:

 NPB Development Team
 npb@nas.nasa.gov


