OMP: pid 23539 tid 23539 thread 0 bound to OS proc set {56-59}
OMP: pid 23539 tid 23550 thread 2 bound to OS proc set {56-59}
OMP: pid 23539 tid 23549 thread 1 bound to OS proc set {56-59}
OMP: pid 23539 tid 23552 thread 3 bound to OS proc set {56-59}


 NAS Parallel Benchmarks (NPB3.4-OMP) - CG Benchmark

 Size:      150000
 Iterations:                     75
 Number of available threads:     4

 Initialization time =           6.619 seconds

   iteration           ||r||                 zeta
        1       0.35329458058168E-12   109.9994423237398
        5       0.89180990877617E-15    28.6471670038893
       10       0.91214346960672E-15    28.9496695449003
       15       0.90650406959877E-15    28.9716336228371
       20       0.91501734456729E-15    28.9734210663747
       25       0.90997863611268E-15    28.9735863059382
       30       0.91104076237503E-15    28.9736033967627
       35       0.91105321305353E-15    28.9736053266246
       40       0.90690215277522E-15    28.9736055590700
       45       0.91083869801199E-15    28.9736055884132
       50       0.91002567838086E-15    28.9736055922485
       55       0.90321073975845E-15    28.9736055927632
       60       0.90888166304353E-15    28.9736055928340
       65       0.90678258587223E-15    28.9736055928440
       70       0.90192470135103E-15    28.9736055928455
       75       0.90113818378634E-15    28.9736055928458
 Benchmark completed 
 VERIFICATION SUCCESSFUL 
 Zeta is     0.2897360559285E+02
 Error is    0.2709879239913E-13


 CG Benchmark Completed.
 Class           =                        C
 Size            =                   150000
 Iterations      =                       75
 Time in seconds =                    55.39
 Total threads   =                        4
 Avail threads   =                        4
 Mop/s total     =                  2587.93
 Mop/s/thread    =                   646.98
 Operation type  =           floating point
 Verification    =               SUCCESSFUL
 Version         =                    3.4.3
 Compile date    =              18 Feb 2026

 Compile options:
    FC           = gfortran
    FLINK        = $(FC)
    F_LIB        = -L/dss/dsshome1/09/ga27qam2/llvm-project/bu...
    F_INC        = (none)
    FFLAGS       = -O3 -fopenmp
    FLINKFLAGS   = -O3 -fopenmp
    RAND         = randi8


 Please send all errors/feedbacks to:

 NPB Development Team
 npb@nas.nasa.gov


