OMP: pid 40367 tid 40380 thread 3 bound to OS proc set {56-71}
OMP: pid 40367 tid 40367 thread 0 bound to OS proc set {56-71}
OMP: pid 40367 tid 40384 thread 4 bound to OS proc set {56-71}
OMP: pid 40367 tid 40385 thread 5 bound to OS proc set {56-71}
OMP: pid 40367 tid 40378 thread 2 bound to OS proc set {56-71}
OMP: pid 40367 tid 40375 thread 1 bound to OS proc set {56-71}
OMP: pid 40367 tid 40407 thread 12 bound to OS proc set {56-71}
OMP: pid 40367 tid 40386 thread 6 bound to OS proc set {56-71}
OMP: pid 40367 tid 40391 thread 7 bound to OS proc set {56-71}
OMP: pid 40367 tid 40411 thread 15 bound to OS proc set {56-71}
OMP: pid 40367 tid 40410 thread 14 bound to OS proc set {56-71}
OMP: pid 40367 tid 40409 thread 13 bound to OS proc set {56-71}
OMP: pid 40367 tid 40395 thread 8 bound to OS proc set {56-71}
OMP: pid 40367 tid 40400 thread 10 bound to OS proc set {56-71}
OMP: pid 40367 tid 40399 thread 9 bound to OS proc set {56-71}
OMP: pid 40367 tid 40406 thread 11 bound to OS proc set {56-71}


 NAS Parallel Benchmarks (NPB3.4-OMP) - CG Benchmark

 Size:      150000
 Iterations:                     75
 Number of available threads:    16

 Initialization time =           2.023 seconds

   iteration           ||r||                 zeta
        1       0.35321956213709E-12   109.9994423237398
        5       0.89298330002681E-15    28.6471670038896
       10       0.91345912028242E-15    28.9496695449000
       15       0.90629396142729E-15    28.9716336228373
       20       0.91405662285347E-15    28.9734210663750
       25       0.90939276994389E-15    28.9735863059385
       30       0.90947064421420E-15    28.9736033967630
       35       0.91114188217224E-15    28.9736053266249
       40       0.90735312208856E-15    28.9736055590700
       45       0.90981287968763E-15    28.9736055884130
       50       0.91002490375484E-15    28.9736055922482
       55       0.90469083184537E-15    28.9736055927636
       60       0.90798547068117E-15    28.9736055928341
       65       0.90814027802105E-15    28.9736055928438
       70       0.90195723686660E-15    28.9736055928452
       75       0.90281277118933E-15    28.9736055928455
 Benchmark completed 
 VERIFICATION SUCCESSFUL 
 Zeta is     0.2897360559285E+02
 Error is    0.1581784714701E-13


 CG Benchmark Completed.
 Class           =                        C
 Size            =                   150000
 Iterations      =                       75
 Time in seconds =                    17.53
 Total threads   =                       16
 Avail threads   =                       16
 Mop/s total     =                  8177.96
 Mop/s/thread    =                   511.12
 Operation type  =           floating point
 Verification    =               SUCCESSFUL
 Version         =                    3.4.3
 Compile date    =              18 Feb 2026

 Compile options:
    FC           = gfortran
    FLINK        = $(FC)
    F_LIB        = -L/dss/dsshome1/09/ga27qam2/llvm-project/bu...
    F_INC        = (none)
    FFLAGS       = -O3 -fopenmp
    FLINKFLAGS   = -O3 -fopenmp
    RAND         = randi8


 Please send all errors/feedbacks to:

 NPB Development Team
 npb@nas.nasa.gov


