OMP: pid 45194 tid 45194 thread 0 bound to OS proc set {56-87}
OMP: pid 45194 tid 45207 thread 3 bound to OS proc set {56-87}
OMP: pid 45194 tid 45203 thread 1 bound to OS proc set {56-87}
OMP: pid 45194 tid 45237 thread 11 bound to OS proc set {56-87}
OMP: pid 45194 tid 45209 thread 4 bound to OS proc set {56-87}
OMP: pid 45194 tid 45217 thread 7 bound to OS proc set {56-87}
OMP: pid 45194 tid 45223 thread 8 bound to OS proc set {56-87}
OMP: pid 45194 tid 45227 thread 9 bound to OS proc set {56-87}
OMP: pid 45194 tid 45205 thread 2 bound to OS proc set {56-87}
OMP: pid 45194 tid 45211 thread 5 bound to OS proc set {56-87}
OMP: pid 45194 tid 45214 thread 6 bound to OS proc set {56-87}
OMP: pid 45194 tid 45234 thread 10 bound to OS proc set {56-87}
OMP: pid 45194 tid 45239 thread 12 bound to OS proc set {56-87}
OMP: pid 45194 tid 45243 thread 13 bound to OS proc set {56-87}
OMP: pid 45194 tid 45246 thread 14 bound to OS proc set {56-87}
OMP: pid 45194 tid 45249 thread 15 bound to OS proc set {56-87}
OMP: pid 45194 tid 45289 thread 28 bound to OS proc set {56-87}
OMP: pid 45194 tid 45293 thread 29 bound to OS proc set {56-87}
OMP: pid 45194 tid 45299 thread 31 bound to OS proc set {56-87}
OMP: pid 45194 tid 45296 thread 30 bound to OS proc set {56-87}
OMP: pid 45194 tid 45286 thread 27 bound to OS proc set {56-87}
OMP: pid 45194 tid 45260 thread 19 bound to OS proc set {56-87}
OMP: pid 45194 tid 45278 thread 24 bound to OS proc set {56-87}
OMP: pid 45194 tid 45252 thread 16 bound to OS proc set {56-87}
OMP: pid 45194 tid 45254 thread 17 bound to OS proc set {56-87}
OMP: pid 45194 tid 45273 thread 23 bound to OS proc set {56-87}
OMP: pid 45194 tid 45256 thread 18 bound to OS proc set {56-87}
OMP: pid 45194 tid 45280 thread 25 bound to OS proc set {56-87}
OMP: pid 45194 tid 45270 thread 22 bound to OS proc set {56-87}
OMP: pid 45194 tid 45264 thread 20 bound to OS proc set {56-87}
OMP: pid 45194 tid 45267 thread 21 bound to OS proc set {56-87}
OMP: pid 45194 tid 45284 thread 26 bound to OS proc set {56-87}


 NAS Parallel Benchmarks (NPB3.4-OMP) - EP Benchmark

 Number of random numbers generated:      8589934592
 Number of available threads:                     32

EP Benchmark Results:

CPU Time =     3.959
N = 2^   32
No. Gaussian Pairs =    3373275903.
Sums =     2.691444083863086D+09    2.691519118724447D+09
Counts:
  0    1572172634.
  1    1501108549.
  2     281805648.
  3      17761221.
  4        424017.
  5          3821.
  6            13.
  7             0.
  8             0.
  9             0.


 EP Benchmark Completed.
 Class           =                        C
 Size            =               8589934592
 Iterations      =                        0
 Time in seconds =                     3.96
 Total threads   =                       32
 Avail threads   =                       32
 Mop/s total     =                  2169.67
 Mop/s/thread    =                    67.80
 Operation type  = Random numbers generated
 Verification    =               SUCCESSFUL
 Version         =                    3.4.3
 Compile date    =              18 Feb 2026

 Compile options:
    FC           = gfortran
    FLINK        = $(FC)
    F_LIB        = -L/dss/dsshome1/09/ga27qam2/llvm-project/bu...
    F_INC        = (none)
    FFLAGS       = -O3 -fopenmp
    FLINKFLAGS   = -O3 -fopenmp
    RAND         = randi8


 Please send all errors/feedbacks to:

 NPB Development Team
 npb@nas.nasa.gov


