OMP: pid 28769 tid 28784 thread 4 bound to OS proc set {56-63}
OMP: pid 28769 tid 28782 thread 2 bound to OS proc set {56-63}
OMP: pid 28769 tid 28769 thread 0 bound to OS proc set {56-63}
OMP: pid 28769 tid 28781 thread 1 bound to OS proc set {56-63}
OMP: pid 28769 tid 28786 thread 6 bound to OS proc set {56-63}
OMP: pid 28769 tid 28783 thread 3 bound to OS proc set {56-63}
OMP: pid 28769 tid 28787 thread 7 bound to OS proc set {56-63}
OMP: pid 28769 tid 28785 thread 5 bound to OS proc set {56-63}


 NAS Parallel Benchmarks (NPB3.4-OMP) - CG Benchmark

 Size:      150000
 Iterations:                     75
 Number of available threads:     8

 Initialization time =           3.453 seconds

   iteration           ||r||                 zeta
        1       0.35328294504354E-12   109.9994423237398
        5       0.89168966361733E-15    28.6471670038896
       10       0.91333958726083E-15    28.9496695449000
       15       0.90758379739455E-15    28.9716336228371
       20       0.91381288610479E-15    28.9734210663752
       25       0.90811086196082E-15    28.9735863059386
       30       0.90956118647157E-15    28.9736033967633
       35       0.91074626403557E-15    28.9736053266247
       40       0.90544778655348E-15    28.9736055590700
       45       0.90809366234080E-15    28.9736055884130
       50       0.91061850222420E-15    28.9736055922483
       55       0.90318558214987E-15    28.9736055927634
       60       0.90782294192591E-15    28.9736055928341
       65       0.90643502116901E-15    28.9736055928440
       70       0.90304915084458E-15    28.9736055928452
       75       0.90231809488404E-15    28.9736055928456
 Benchmark completed 
 VERIFICATION SUCCESSFUL 
 Zeta is     0.2897360559285E+02
 Error is    0.2072260595228E-13


 CG Benchmark Completed.
 Class           =                        C
 Size            =                   150000
 Iterations      =                       75
 Time in seconds =                    30.90
 Total threads   =                        8
 Avail threads   =                        8
 Mop/s total     =                  4638.91
 Mop/s/thread    =                   579.86
 Operation type  =           floating point
 Verification    =               SUCCESSFUL
 Version         =                    3.4.3
 Compile date    =              18 Feb 2026

 Compile options:
    FC           = gfortran
    FLINK        = $(FC)
    F_LIB        = -L/dss/dsshome1/09/ga27qam2/llvm-project/bu...
    F_INC        = (none)
    FFLAGS       = -O3 -fopenmp
    FLINKFLAGS   = -O3 -fopenmp
    RAND         = randi8


 Please send all errors/feedbacks to:

 NPB Development Team
 npb@nas.nasa.gov


