OMP: pid 40739 tid 40769 thread 12 bound to OS proc set {56-71}
OMP: pid 40739 tid 40740 thread 1 bound to OS proc set {56-71}
OMP: pid 40739 tid 40739 thread 0 bound to OS proc set {56-71}
OMP: pid 40739 tid 40778 thread 14 bound to OS proc set {56-71}
OMP: pid 40739 tid 40774 thread 13 bound to OS proc set {56-71}
OMP: pid 40739 tid 40743 thread 3 bound to OS proc set {56-71}
OMP: pid 40739 tid 40782 thread 15 bound to OS proc set {56-71}
OMP: pid 40739 tid 40741 thread 2 bound to OS proc set {56-71}
OMP: pid 40739 tid 40751 thread 7 bound to OS proc set {56-71}
OMP: pid 40739 tid 40753 thread 8 bound to OS proc set {56-71}
OMP: pid 40739 tid 40766 thread 11 bound to OS proc set {56-71}
OMP: pid 40739 tid 40747 thread 5 bound to OS proc set {56-71}
OMP: pid 40739 tid 40760 thread 10 bound to OS proc set {56-71}
OMP: pid 40739 tid 40745 thread 4 bound to OS proc set {56-71}
OMP: pid 40739 tid 40749 thread 6 bound to OS proc set {56-71}
OMP: pid 40739 tid 40756 thread 9 bound to OS proc set {56-71}


 NAS Parallel Benchmarks (NPB3.4-OMP) - CG Benchmark

 Size:      150000
 Iterations:                     75
 Number of available threads:    16

 Initialization time =           1.864 seconds

   iteration           ||r||                 zeta
        1       0.35328245658678E-12   109.9994423237398
        5       0.89191925162205E-15    28.6471670038896
       10       0.91209748059863E-15    28.9496695449000
       15       0.90604951004774E-15    28.9716336228373
       20       0.91435445053531E-15    28.9734210663750
       25       0.91059992796198E-15    28.9735863059385
       30       0.90895511338386E-15    28.9736033967631
       35       0.91043512711698E-15    28.9736053266248
       40       0.90634381845961E-15    28.9736055590700
       45       0.91015062875373E-15    28.9736055884130
       50       0.90975366903071E-15    28.9736055922482
       55       0.90313892508364E-15    28.9736055927636
       60       0.90905056098034E-15    28.9736055928341
       65       0.90750873109201E-15    28.9736055928438
       70       0.90277578082135E-15    28.9736055928452
       75       0.90190030332256E-15    28.9736055928455
 Benchmark completed 
 VERIFICATION SUCCESSFUL 
 Zeta is     0.2897360559285E+02
 Error is    0.1581784714701E-13


 CG Benchmark Completed.
 Class           =                        C
 Size            =                   150000
 Iterations      =                       75
 Time in seconds =                    16.62
 Total threads   =                       16
 Avail threads   =                       16
 Mop/s total     =                  8626.55
 Mop/s/thread    =                   539.16
 Operation type  =           floating point
 Verification    =               SUCCESSFUL
 Version         =                    3.4.3
 Compile date    =              18 Feb 2026

 Compile options:
    FC           = gfortran
    FLINK        = $(FC)
    F_LIB        = -L/dss/dsshome1/09/ga27qam2/llvm-project/bu...
    F_INC        = (none)
    FFLAGS       = -O3 -fopenmp
    FLINKFLAGS   = -O3 -fopenmp
    RAND         = randi8


 Please send all errors/feedbacks to:

 NPB Development Team
 npb@nas.nasa.gov


