OMP: pid 28771 tid 28771 thread 0 bound to OS proc set {1-8}
OMP: pid 28771 tid 28799 thread 4 bound to OS proc set {1-8}
OMP: pid 28771 tid 28802 thread 7 bound to OS proc set {1-8}
OMP: pid 28771 tid 28801 thread 6 bound to OS proc set {1-8}
OMP: pid 28771 tid 28800 thread 5 bound to OS proc set {1-8}
OMP: pid 28771 tid 28798 thread 3 bound to OS proc set {1-8}
OMP: pid 28771 tid 28797 thread 2 bound to OS proc set {1-8}
OMP: pid 28771 tid 28795 thread 1 bound to OS proc set {1-8}
OMP: pid 28771 tid 28771 thread 0 bound to OS proc set {1-8}
OMP: pid 28771 tid 28795 thread 1 bound to OS proc set {1-8}
OMP: pid 28771 tid 28797 thread 2 bound to OS proc set {1-8}
OMP: pid 28771 tid 28798 thread 3 bound to OS proc set {1-8}


 NAS Parallel Benchmarks (NPB3.4-OMP) - CG Benchmark

 Size:      150000
 Iterations:                     75
 Number of available threads:     8

 Initialization time =           3.504 seconds

   iteration           ||r||                 zeta
        1       0.35328997525708E-12   109.9994423237398
        5       0.89220007319897E-15    28.6471670038893
       10       0.91322103938869E-15    28.9496695449003
       15       0.90688601538396E-15    28.9716336228371
       20       0.91420216171232E-15    28.9734210663747
       25       0.90867620222713E-15    28.9735863059382
       30       0.91120290987732E-15    28.9736033967627
       35       0.90974348155856E-15    28.9736053266246
       40       0.90777899608803E-15    28.9736055590700
       45       0.91022722020700E-15    28.9736055884132
       50       0.91147931892468E-15    28.9736055922485
       55       0.90292338739013E-15    28.9736055927632
       60       0.90788155990689E-15    28.9736055928339
       65       0.90611305207773E-15    28.9736055928440
       70       0.90354943336238E-15    28.9736055928455
       75       0.90077584743816E-15    28.9736055928458
 Benchmark completed 
 VERIFICATION SUCCESSFUL 
 Zeta is     0.2897360559285E+02
 Error is    0.2758926827966E-13


 CG Benchmark Completed.
 Class           =                        C
 Size            =                   150000
 Iterations      =                       75
 Time in seconds =                    21.77
 Total threads   =                        4
 Avail threads   =                        8
 Warning: Threads used differ from threads available
 Mop/s total     =                  6585.77
 Mop/s/thread    =                  1646.44
 Operation type  =           floating point
 Verification    =               SUCCESSFUL
 Version         =                    3.4.3
 Compile date    =              18 Feb 2026

 Compile options:
    FC           = gfortran
    FLINK        = $(FC)
    F_LIB        = -L/dss/dsshome1/09/ga27qam2/llvm-project/bu...
    F_INC        = (none)
    FFLAGS       = -O3 -fopenmp
    FLINKFLAGS   = -O3 -fopenmp
    RAND         = randi8


 Please send all errors/feedbacks to:

 NPB Development Team
 npb@nas.nasa.gov


