OMP: pid 46246 tid 46265 thread 2 bound to OS proc set {56-87}
OMP: pid 46246 tid 46246 thread 0 bound to OS proc set {56-87}
OMP: pid 46246 tid 46267 thread 3 bound to OS proc set {56-87}
OMP: pid 46246 tid 46365 thread 28 bound to OS proc set {56-87}
OMP: pid 46246 tid 46325 thread 14 bound to OS proc set {56-87}
OMP: pid 46246 tid 46259 thread 1 bound to OS proc set {56-87}
OMP: pid 46246 tid 46367 thread 30 bound to OS proc set {56-87}
OMP: pid 46246 tid 46368 thread 31 bound to OS proc set {56-87}
OMP: pid 46246 tid 46294 thread 7 bound to OS proc set {56-87}
OMP: pid 46246 tid 46366 thread 29 bound to OS proc set {56-87}
OMP: pid 46246 tid 46363 thread 27 bound to OS proc set {56-87}
OMP: pid 46246 tid 46319 thread 12 bound to OS proc set {56-87}
OMP: pid 46246 tid 46312 thread 11 bound to OS proc set {56-87}
OMP: pid 46246 tid 46344 thread 18 bound to OS proc set {56-87}
OMP: pid 46246 tid 46287 thread 6 bound to OS proc set {56-87}
OMP: pid 46246 tid 46322 thread 13 bound to OS proc set {56-87}
OMP: pid 46246 tid 46334 thread 16 bound to OS proc set {56-87}
OMP: pid 46246 tid 46300 thread 8 bound to OS proc set {56-87}
OMP: pid 46246 tid 46307 thread 10 bound to OS proc set {56-87}
OMP: pid 46246 tid 46361 thread 26 bound to OS proc set {56-87}
OMP: pid 46246 tid 46359 thread 24 bound to OS proc set {56-87}
OMP: pid 46246 tid 46275 thread 4 bound to OS proc set {56-87}
OMP: pid 46246 tid 46358 thread 23 bound to OS proc set {56-87}
OMP: pid 46246 tid 46353 thread 20 bound to OS proc set {56-87}
OMP: pid 46246 tid 46356 thread 22 bound to OS proc set {56-87}
OMP: pid 46246 tid 46354 thread 21 bound to OS proc set {56-87}
OMP: pid 46246 tid 46279 thread 5 bound to OS proc set {56-87}
OMP: pid 46246 tid 46306 thread 9 bound to OS proc set {56-87}
OMP: pid 46246 tid 46360 thread 25 bound to OS proc set {56-87}
OMP: pid 46246 tid 46350 thread 19 bound to OS proc set {56-87}
OMP: pid 46246 tid 46338 thread 17 bound to OS proc set {56-87}
OMP: pid 46246 tid 46328 thread 15 bound to OS proc set {56-87}


 NAS Parallel Benchmarks (NPB3.4-OMP) - CG Benchmark

 Size:      150000
 Iterations:                     75
 Number of available threads:    32

 Initialization time =           1.199 seconds

   iteration           ||r||                 zeta
        1       0.35333906074064E-12   109.9994423237398
        5       0.89249111273169E-15    28.6471670038895
       10       0.90984785433848E-15    28.9496695448999
       15       0.90538022450604E-15    28.9716336228372
       20       0.91423061152165E-15    28.9734210663749
       25       0.90899334632232E-15    28.9735863059384
       30       0.91000391311664E-15    28.9736033967631
       35       0.90854834298779E-15    28.9736053266249
       40       0.90716744005702E-15    28.9736055590700
       45       0.91172109847969E-15    28.9736055884127
       50       0.91059754463291E-15    28.9736055922484
       55       0.90260193765249E-15    28.9736055927634
       60       0.90836967126776E-15    28.9736055928340
       65       0.90778769421628E-15    28.9736055928439
       70       0.90211276513827E-15    28.9736055928453
       75       0.90238246591367E-15    28.9736055928455
 Benchmark completed 
 VERIFICATION SUCCESSFUL 
 Zeta is     0.2897360559285E+02
 Error is    0.1728927478859E-13


 CG Benchmark Completed.
 Class           =                        C
 Size            =                   150000
 Iterations      =                       75
 Time in seconds =                    12.11
 Total threads   =                       32
 Avail threads   =                       32
 Mop/s total     =                 11834.05
 Mop/s/thread    =                   369.81
 Operation type  =           floating point
 Verification    =               SUCCESSFUL
 Version         =                    3.4.3
 Compile date    =              18 Feb 2026

 Compile options:
    FC           = gfortran
    FLINK        = $(FC)
    F_LIB        = -L/dss/dsshome1/09/ga27qam2/llvm-project/bu...
    F_INC        = (none)
    FFLAGS       = -O3 -fopenmp
    FLINKFLAGS   = -O3 -fopenmp
    RAND         = randi8


 Please send all errors/feedbacks to:

 NPB Development Team
 npb@nas.nasa.gov


