

 NAS Parallel Benchmarks (NPB3.4-OMP) - CG Benchmark

 Size:      150000
 Iterations:                     75
 Number of available threads:    32

 Initialization time =           0.471 seconds

   iteration           ||r||                 zeta
        1       0.35316843578949E-12   109.9994423237398
        5       0.89280462473051E-15    28.6471670038895
       10       0.91132927691636E-15    28.9496695448999
       15       0.90588052377706E-15    28.9716336228371
       20       0.91486803378282E-15    28.9734210663749
       25       0.90881733440790E-15    28.9735863059384
       30       0.90936264183056E-15    28.9736033967631
       35       0.90872815308000E-15    28.9736053266249
       40       0.90622567202538E-15    28.9736055590700
       45       0.91141209879335E-15    28.9736055884128
       50       0.90959513653535E-15    28.9736055922484
       55       0.90279471299588E-15    28.9736055927634
       60       0.90849950052659E-15    28.9736055928340
       65       0.90751006241463E-15    28.9736055928439
       70       0.90168844164538E-15    28.9736055928452
       75       0.90219820018433E-15    28.9736055928455
 Benchmark completed 
 VERIFICATION SUCCESSFUL 
 Zeta is     0.2897360559285E+02
 Error is    0.1581784714701E-13


 CG Benchmark Completed.
 Class           =                        C
 Size            =                   150000
 Iterations      =                       75
 Time in seconds =                     3.60
 Total threads   =                       32
 Avail threads   =                       32
 Mop/s total     =                 39844.05
 Mop/s/thread    =                  1245.13
 Operation type  =           floating point
 Verification    =               SUCCESSFUL
 Version         =                    3.4.3
 Compile date    =              03 Sep 2026

 Compile options:
    FC           = gfortran
    FLINK        = $(FC)
    F_LIB        = -L$(LLVM_BUILD)/lib -lomp
    F_INC        = (none)
    FFLAGS       = -O3 -fopenmp
    FLINKFLAGS   = -O3 -fopenmp
    RAND         = randi8


 Please send all errors/feedbacks to:

 NPB Development Team
 npb@nas.nasa.gov


