

 NAS Parallel Benchmarks (NPB3.4-OMP) - CG Benchmark

 Size:      150000
 Iterations:                     75
 Number of available threads:     4

 Initialization time =           2.677 seconds

   iteration           ||r||                 zeta
        1       0.35329458058168E-12   109.9994423237398
        5       0.89221260934474E-15    28.6471670038894
       10       0.91280985507416E-15    28.9496695449003
       15       0.90790000609160E-15    28.9716336228371
       20       0.91433398756714E-15    28.9734210663747
       25       0.90863468856658E-15    28.9735863059382
       30       0.91062200290820E-15    28.9736033967627
       35       0.91083042748474E-15    28.9736053266246
       40       0.90761671529067E-15    28.9736055590700
       45       0.91009780492079E-15    28.9736055884132
       50       0.90974416113070E-15    28.9736055922486
       55       0.90350439211215E-15    28.9736055927632
       60       0.90777383220517E-15    28.9736055928339
       65       0.90638587920796E-15    28.9736055928440
       70       0.90330191720276E-15    28.9736055928455
       75       0.90104089593787E-15    28.9736055928458
 Benchmark completed 
 VERIFICATION SUCCESSFUL 
 Zeta is     0.2897360559285E+02
 Error is    0.2758926827966E-13


 CG Benchmark Completed.
 Class           =                        C
 Size            =                   150000
 Iterations      =                       75
 Time in seconds =                    24.31
 Total threads   =                        4
 Avail threads   =                        4
 Mop/s total     =                  5896.54
 Mop/s/thread    =                  1474.13
 Operation type  =           floating point
 Verification    =               SUCCESSFUL
 Version         =                    3.4.3
 Compile date    =              03 Sep 2026

 Compile options:
    FC           = gfortran
    FLINK        = $(FC)
    F_LIB        = -L$(LLVM_BUILD)/lib -lomp
    F_INC        = (none)
    FFLAGS       = -O3 -fopenmp
    FLINKFLAGS   = -O3 -fopenmp
    RAND         = randi8


 Please send all errors/feedbacks to:

 NPB Development Team
 npb@nas.nasa.gov


