

 NAS Parallel Benchmarks (NPB3.4-OMP) - CG Benchmark

 Size:      150000
 Iterations:                     75
 Number of available threads:    16

 Initialization time =           0.762 seconds

   iteration           ||r||                 zeta
        1       0.35305095674347E-12   109.9994423237398
        5       0.89276184636065E-15    28.6471670038897
       10       0.91180878007394E-15    28.9496695449000
       15       0.90640696781740E-15    28.9716336228373
       20       0.91512031181317E-15    28.9734210663750
       25       0.90938690711000E-15    28.9735863059385
       30       0.90888421981436E-15    28.9736033967630
       35       0.90945248516099E-15    28.9736053266249
       40       0.90529828884440E-15    28.9736055590700
       45       0.91076616832969E-15    28.9736055884129
       50       0.90973694423433E-15    28.9736055922482
       55       0.90405631654156E-15    28.9736055927635
       60       0.90829689589626E-15    28.9736055928341
       65       0.90809282538868E-15    28.9736055928438
       70       0.90356462291965E-15    28.9736055928452
       75       0.90143218529266E-15    28.9736055928455
 Benchmark completed 
 VERIFICATION SUCCESSFUL 
 Zeta is     0.2897360559285E+02
 Error is    0.1679879890806E-13


 CG Benchmark Completed.
 Class           =                        C
 Size            =                   150000
 Iterations      =                       75
 Time in seconds =                     5.80
 Total threads   =                       16
 Avail threads   =                       16
 Mop/s total     =                 24708.84
 Mop/s/thread    =                  1544.30
 Operation type  =           floating point
 Verification    =               SUCCESSFUL
 Version         =                    3.4.3
 Compile date    =              03 Sep 2026

 Compile options:
    FC           = gfortran
    FLINK        = $(FC)
    F_LIB        = -L$(LLVM_BUILD)/lib -lomp
    F_INC        = (none)
    FFLAGS       = -O3 -fopenmp
    FLINKFLAGS   = -O3 -fopenmp
    RAND         = randi8


 Please send all errors/feedbacks to:

 NPB Development Team
 npb@nas.nasa.gov


