[DRM-pin] pid=110966 tid=110988 assigned=80-87 running_on=85
[DRM-pin] pid=110966 tid=110979 assigned=80-87 running_on=82
[DRM-pin] pid=110966 tid=110982 assigned=80-87 running_on=83
[DRM-pin] pid=110966 tid=110984 assigned=80-87 running_on=84
[DRM-pin] pid=110966 tid=110977 assigned=80-87 running_on=81
[DRM-pin] pid=110966 tid=110975 assigned=80-87 running_on=80
[DRM-pin] pid=110966 tid=110971 assigned=80-87 running_on=80
[DRM-pin] pid=110966 tid=110975 assigned=56-71 running_on=58
[DRM-pin] pid=110966 tid=110992 assigned=56-71 running_on=65
[DRM-pin] pid=110966 tid=110977 assigned=56-71 running_on=59
[DRM-pin] pid=110966 tid=110988 assigned=56-71 running_on=57
[DRM-pin] pid=110966 tid=110982 assigned=56-71 running_on=59
[DRM-pin] pid=110966 tid=110979 assigned=56-71 running_on=57
[DRM-pin] pid=110966 tid=110995 assigned=56-71 running_on=61
[DRM-pin] pid=110966 tid=110971 assigned=56-71 running_on=59
[DRM-pin] pid=110966 tid=110994 assigned=56-71 running_on=60
[DRM-pin] pid=110966 tid=110998 assigned=56-71 running_on=62
[DRM-pin] pid=110966 tid=110996 assigned=56-71 running_on=56
[DRM-pin] pid=110966 tid=110993 assigned=56-71 running_on=63
[DRM-pin] pid=110966 tid=110997 assigned=56-71 running_on=61
[DRM-pin] pid=110966 tid=110990 assigned=56-71 running_on=64
[DRM-pin] pid=110966 tid=110984 assigned=56-71 running_on=57


 NAS Parallel Benchmarks (NPB3.4-OMP) - CG Benchmark

 Size:      150000
 Iterations:                     75
 Number of available threads:    16

 Initialization time =           0.974 seconds

   iteration           ||r||                 zeta
        1       0.35332765342201E-12   109.9994423237398
        5       0.89140633396891E-15    28.6471670038896
       10       0.91094174239627E-15    28.9496695449000
       15       0.90651103141094E-15    28.9716336228373
       20       0.91522922497113E-15    28.9734210663750
       25       0.90883760066059E-15    28.9735863059385
       30       0.90874381431799E-15    28.9736033967630
       35       0.91031640115738E-15    28.9736053266249
       40       0.90543356861500E-15    28.9736055590700
       45       0.91045826678043E-15    28.9736055884129
       50       0.91054895167878E-15    28.9736055922482
       55       0.90405768748593E-15    28.9736055927636
       60       0.90825577298659E-15    28.9736055928341
       65       0.90848572175430E-15    28.9736055928438
       70       0.90191408983950E-15    28.9736055928452
       75       0.90166314337807E-15    28.9736055928454
 Benchmark completed 
 VERIFICATION SUCCESSFUL 
 Zeta is     0.2897360559285E+02
 Error is    0.1532737126648E-13


 CG Benchmark Completed.
 Class           =                        C
 Size            =                   150000
 Iterations      =                       75
 Time in seconds =                     7.28
 Total threads   =                       16
 Avail threads   =                       16
 Mop/s total     =                 19686.10
 Mop/s/thread    =                  1230.38
 Operation type  =           floating point
 Verification    =               SUCCESSFUL
 Version         =                    3.4.3
 Compile date    =              03 Sep 2026

 Compile options:
    FC           = gfortran
    FLINK        = $(FC)
    F_LIB        = -L$(LLVM_BUILD)/lib -lomp
    F_INC        = (none)
    FFLAGS       = -O3 -fopenmp
    FLINKFLAGS   = -O3 -fopenmp
    RAND         = randi8


 Please send all errors/feedbacks to:

 NPB Development Team
 npb@nas.nasa.gov


