OMP: pid 43715 tid 43715 thread 0 bound to OS proc set {1-32}
OMP: pid 43715 tid 43780 thread 14 bound to OS proc set {1-32}
OMP: pid 43715 tid 43747 thread 4 bound to OS proc set {1-32}
OMP: pid 43715 tid 43735 thread 1 bound to OS proc set {1-32}
OMP: pid 43715 tid 43775 thread 12 bound to OS proc set {1-32}
OMP: pid 43715 tid 43768 thread 10 bound to OS proc set {1-32}
OMP: pid 43715 tid 43757 thread 7 bound to OS proc set {1-32}
OMP: pid 43715 tid 43761 thread 8 bound to OS proc set {1-32}
OMP: pid 43715 tid 43776 thread 13 bound to OS proc set {1-32}
OMP: pid 43715 tid 43764 thread 9 bound to OS proc set {1-32}
OMP: pid 43715 tid 43755 thread 6 bound to OS proc set {1-32}
OMP: pid 43715 tid 43739 thread 2 bound to OS proc set {1-32}
OMP: pid 43715 tid 43781 thread 15 bound to OS proc set {1-32}
OMP: pid 43715 tid 43743 thread 3 bound to OS proc set {1-32}
OMP: pid 43715 tid 43751 thread 5 bound to OS proc set {1-32}
OMP: pid 43715 tid 43838 thread 28 bound to OS proc set {1-32}
OMP: pid 43715 tid 43841 thread 31 bound to OS proc set {1-32}
OMP: pid 43715 tid 43840 thread 30 bound to OS proc set {1-32}
OMP: pid 43715 tid 43773 thread 11 bound to OS proc set {1-32}
OMP: pid 43715 tid 43831 thread 26 bound to OS proc set {1-32}
OMP: pid 43715 tid 43819 thread 24 bound to OS proc set {1-32}
OMP: pid 43715 tid 43824 thread 25 bound to OS proc set {1-32}
OMP: pid 43715 tid 43787 thread 16 bound to OS proc set {1-32}
OMP: pid 43715 tid 43813 thread 23 bound to OS proc set {1-32}
OMP: pid 43715 tid 43803 thread 20 bound to OS proc set {1-32}
OMP: pid 43715 tid 43809 thread 22 bound to OS proc set {1-32}
OMP: pid 43715 tid 43806 thread 21 bound to OS proc set {1-32}
OMP: pid 43715 tid 43837 thread 27 bound to OS proc set {1-32}
OMP: pid 43715 tid 43791 thread 17 bound to OS proc set {1-32}
OMP: pid 43715 tid 43795 thread 18 bound to OS proc set {1-32}
OMP: pid 43715 tid 43799 thread 19 bound to OS proc set {1-32}
OMP: pid 43715 tid 43839 thread 29 bound to OS proc set {1-32}
OMP: pid 43715 tid 43768 thread 10 bound to OS proc set {1-32}
OMP: pid 43715 tid 43715 thread 0 bound to OS proc set {1-32}
OMP: pid 43715 tid 43735 thread 1 bound to OS proc set {1-32}
OMP: pid 43715 tid 43743 thread 3 bound to OS proc set {1-32}
OMP: pid 43715 tid 43739 thread 2 bound to OS proc set {1-32}
OMP: pid 43715 tid 43775 thread 12 bound to OS proc set {1-32}
OMP: pid 43715 tid 43773 thread 11 bound to OS proc set {1-32}
OMP: pid 43715 tid 43781 thread 15 bound to OS proc set {1-32}
OMP: pid 43715 tid 43761 thread 8 bound to OS proc set {1-32}
OMP: pid 43715 tid 43764 thread 9 bound to OS proc set {1-32}
OMP: pid 43715 tid 43747 thread 4 bound to OS proc set {1-32}
OMP: pid 43715 tid 43751 thread 5 bound to OS proc set {1-32}
OMP: pid 43715 tid 43780 thread 14 bound to OS proc set {1-32}
OMP: pid 43715 tid 43755 thread 6 bound to OS proc set {1-32}
OMP: pid 43715 tid 43776 thread 13 bound to OS proc set {1-32}
OMP: pid 43715 tid 43757 thread 7 bound to OS proc set {1-32}


 NAS Parallel Benchmarks (NPB3.4-OMP) - CG Benchmark

 Size:      150000
 Iterations:                     75
 Number of available threads:    32

 Initialization time =           1.290 seconds

   iteration           ||r||                 zeta
        1       0.35329890674101E-12   109.9994423237398
        5       0.89246450704399E-15    28.6471670038896
       10       0.91208165905763E-15    28.9496695449000
       15       0.90710505070242E-15    28.9716336228373
       20       0.91516406608309E-15    28.9734210663750
       25       0.90939558541566E-15    28.9735863059385
       30       0.90814755088692E-15    28.9736033967630
       35       0.91043124765253E-15    28.9736053266249
       40       0.90653748499916E-15    28.9736055590700
       45       0.91057089957345E-15    28.9736055884129
       50       0.91007714250748E-15    28.9736055922482
       55       0.90385349423245E-15    28.9736055927635
       60       0.90812474431124E-15    28.9736055928341
       65       0.90755266735014E-15    28.9736055928439
       70       0.90234325713774E-15    28.9736055928452
       75       0.90137532372884E-15    28.9736055928455
 Benchmark completed 
 VERIFICATION SUCCESSFUL 
 Zeta is     0.2897360559285E+02
 Error is    0.1630832302753E-13


 CG Benchmark Completed.
 Class           =                        C
 Size            =                   150000
 Iterations      =                       75
 Time in seconds =                     7.14
 Total threads   =                       16
 Avail threads   =                       32
 Warning: Threads used differ from threads available
 Mop/s total     =                 20063.89
 Mop/s/thread    =                  1253.99
 Operation type  =           floating point
 Verification    =               SUCCESSFUL
 Version         =                    3.4.3
 Compile date    =              18 Feb 2026

 Compile options:
    FC           = gfortran
    FLINK        = $(FC)
    F_LIB        = -L/dss/dsshome1/09/ga27qam2/llvm-project/bu...
    F_INC        = (none)
    FFLAGS       = -O3 -fopenmp
    FLINKFLAGS   = -O3 -fopenmp
    RAND         = randi8


 Please send all errors/feedbacks to:

 NPB Development Team
 npb@nas.nasa.gov


