OMP: pid 38920 tid 38920 thread 0 bound to OS proc set {1-16}
OMP: pid 38920 tid 38941 thread 1 bound to OS proc set {1-16}
OMP: pid 38920 tid 38975 thread 15 bound to OS proc set {1-16}
OMP: pid 38920 tid 38953 thread 3 bound to OS proc set {1-16}
OMP: pid 38920 tid 38947 thread 2 bound to OS proc set {1-16}
OMP: pid 38920 tid 38963 thread 7 bound to OS proc set {1-16}
OMP: pid 38920 tid 38956 thread 4 bound to OS proc set {1-16}
OMP: pid 38920 tid 38969 thread 11 bound to OS proc set {1-16}
OMP: pid 38920 tid 38961 thread 6 bound to OS proc set {1-16}
OMP: pid 38920 tid 38970 thread 12 bound to OS proc set {1-16}
OMP: pid 38920 tid 38965 thread 8 bound to OS proc set {1-16}
OMP: pid 38920 tid 38973 thread 14 bound to OS proc set {1-16}
OMP: pid 38920 tid 38957 thread 5 bound to OS proc set {1-16}
OMP: pid 38920 tid 38971 thread 13 bound to OS proc set {1-16}
OMP: pid 38920 tid 38966 thread 9 bound to OS proc set {1-16}
OMP: pid 38920 tid 38968 thread 10 bound to OS proc set {1-16}
OMP: pid 38920 tid 38920 thread 0 bound to OS proc set {1-16}
OMP: pid 38920 tid 38953 thread 3 bound to OS proc set {1-16}
OMP: pid 38920 tid 38941 thread 1 bound to OS proc set {1-16}
OMP: pid 38920 tid 38947 thread 2 bound to OS proc set {1-16}
OMP: pid 38920 tid 38956 thread 4 bound to OS proc set {1-16}
OMP: pid 38920 tid 38961 thread 6 bound to OS proc set {1-16}
OMP: pid 38920 tid 38963 thread 7 bound to OS proc set {1-16}
OMP: pid 38920 tid 38957 thread 5 bound to OS proc set {1-16}


 NAS Parallel Benchmarks (NPB3.4-OMP) - CG Benchmark

 Size:      150000
 Iterations:                     75
 Number of available threads:    16

 Initialization time =           2.080 seconds

   iteration           ||r||                 zeta
        1       0.35334790377553E-12   109.9994423237398
        5       0.89205454088534E-15    28.6471670038896
       10       0.91163298857895E-15    28.9496695449001
       15       0.90757063046846E-15    28.9716336228371
       20       0.91477708957110E-15    28.9734210663752
       25       0.90889367325645E-15    28.9735863059386
       30       0.90828372110800E-15    28.9736033967633
       35       0.90981720309161E-15    28.9736053266247
       40       0.90712802505240E-15    28.9736055590700
       45       0.90920403428568E-15    28.9736055884130
       50       0.90880095171842E-15    28.9736055922483
       55       0.90361361707600E-15    28.9736055927634
       60       0.90799710558150E-15    28.9736055928341
       65       0.90609224366039E-15    28.9736055928440
       70       0.90181808529774E-15    28.9736055928451
       75       0.90208628604232E-15    28.9736055928456
 Benchmark completed 
 VERIFICATION SUCCESSFUL 
 Zeta is     0.2897360559285E+02
 Error is    0.1974165419122E-13


 CG Benchmark Completed.
 Class           =                        C
 Size            =                   150000
 Iterations      =                       75
 Time in seconds =                    11.79
 Total threads   =                        8
 Avail threads   =                       16
 Warning: Threads used differ from threads available
 Mop/s total     =                 12154.08
 Mop/s/thread    =                  1519.26
 Operation type  =           floating point
 Verification    =               SUCCESSFUL
 Version         =                    3.4.3
 Compile date    =              18 Feb 2026

 Compile options:
    FC           = gfortran
    FLINK        = $(FC)
    F_LIB        = -L/dss/dsshome1/09/ga27qam2/llvm-project/bu...
    F_INC        = (none)
    FFLAGS       = -O3 -fopenmp
    FLINKFLAGS   = -O3 -fopenmp
    RAND         = randi8


 Please send all errors/feedbacks to:

 NPB Development Team
 npb@nas.nasa.gov


