OMP: pid 79720 tid 79720 thread 0 bound to OS proc set {64-95}
OMP: pid 79720 tid 79753 thread 14 bound to OS proc set {64-95}
OMP: pid 79720 tid 79724 thread 2 bound to OS proc set {64-95}
OMP: pid 79720 tid 79725 thread 3 bound to OS proc set {64-95}
OMP: pid 79720 tid 79723 thread 1 bound to OS proc set {64-95}
OMP: pid 79720 tid 79749 thread 12 bound to OS proc set {64-95}
OMP: pid 79720 tid 79738 thread 8 bound to OS proc set {64-95}
OMP: pid 79720 tid 79727 thread 4 bound to OS proc set {64-95}
OMP: pid 79720 tid 79754 thread 15 bound to OS proc set {64-95}
OMP: pid 79720 tid 79744 thread 10 bound to OS proc set {64-95}
OMP: pid 79720 tid 79799 thread 28 bound to OS proc set {64-95}
OMP: pid 79720 tid 79734 thread 7 bound to OS proc set {64-95}
OMP: pid 79720 tid 79745 thread 11 bound to OS proc set {64-95}
OMP: pid 79720 tid 79733 thread 6 bound to OS proc set {64-95}
OMP: pid 79720 tid 79750 thread 13 bound to OS proc set {64-95}
OMP: pid 79720 tid 79730 thread 5 bound to OS proc set {64-95}
OMP: pid 79720 tid 79741 thread 9 bound to OS proc set {64-95}
OMP: pid 79720 tid 79768 thread 19 bound to OS proc set {64-95}
OMP: pid 79720 tid 79796 thread 27 bound to OS proc set {64-95}
OMP: pid 79720 tid 79758 thread 16 bound to OS proc set {64-95}
OMP: pid 79720 tid 79764 thread 18 bound to OS proc set {64-95}
OMP: pid 79720 tid 79811 thread 31 bound to OS proc set {64-95}
OMP: pid 79720 tid 79784 thread 24 bound to OS proc set {64-95}
OMP: pid 79720 tid 79806 thread 30 bound to OS proc set {64-95}
OMP: pid 79720 tid 79782 thread 23 bound to OS proc set {64-95}
OMP: pid 79720 tid 79762 thread 17 bound to OS proc set {64-95}
OMP: pid 79720 tid 79802 thread 29 bound to OS proc set {64-95}
OMP: pid 79720 tid 79780 thread 22 bound to OS proc set {64-95}
OMP: pid 79720 tid 79771 thread 20 bound to OS proc set {64-95}
OMP: pid 79720 tid 79793 thread 26 bound to OS proc set {64-95}
OMP: pid 79720 tid 79788 thread 25 bound to OS proc set {64-95}
OMP: pid 79720 tid 79774 thread 21 bound to OS proc set {64-95}


 NAS Parallel Benchmarks (NPB3.4-OMP) - EP Benchmark

 Number of random numbers generated:      8589934592
 Number of available threads:                     32

EP Benchmark Results:

CPU Time =     7.502
N = 2^   32
No. Gaussian Pairs =    3373275903.
Sums =     2.691444083863086D+09    2.691519118724447D+09
Counts:
  0    1572172634.
  1    1501108549.
  2     281805648.
  3      17761221.
  4        424017.
  5          3821.
  6            13.
  7             0.
  8             0.
  9             0.


 EP Benchmark Completed.
 Class           =                        C
 Size            =               8589934592
 Iterations      =                        0
 Time in seconds =                     7.50
 Total threads   =                       32
 Avail threads   =                       32
 Mop/s total     =                  1144.99
 Mop/s/thread    =                    35.78
 Operation type  = Random numbers generated
 Verification    =               SUCCESSFUL
 Version         =                    3.4.3
 Compile date    =              03 Sep 2026

 Compile options:
    FC           = gfortran
    FLINK        = $(FC)
    F_LIB        = -L$(LLVM_BUILD)/lib -lomp
    F_INC        = (none)
    FFLAGS       = -O3 -fopenmp
    FLINKFLAGS   = -O3 -fopenmp
    RAND         = randi8


 Please send all errors/feedbacks to:

 NPB Development Team
 npb@nas.nasa.gov


