OMP: pid 205720 tid 205730 thread 3 bound to OS proc set {1-16}
OMP: pid 205720 tid 205773 thread 15 bound to OS proc set {1-16}
OMP: pid 205720 tid 205756 thread 11 bound to OS proc set {1-16}
OMP: pid 205720 tid 205758 thread 12 bound to OS proc set {1-16}
OMP: pid 205720 tid 205720 thread 0 bound to OS proc set {1-16}
OMP: pid 205720 tid 205764 thread 13 bound to OS proc set {1-16}
OMP: pid 205720 tid 205767 thread 14 bound to OS proc set {1-16}
OMP: pid 205720 tid 205743 thread 8 bound to OS proc set {1-16}
OMP: pid 205720 tid 205728 thread 2 bound to OS proc set {1-16}
OMP: pid 205720 tid 205727 thread 1 bound to OS proc set {1-16}
OMP: pid 205720 tid 205732 thread 4 bound to OS proc set {1-16}
OMP: pid 205720 tid 205740 thread 7 bound to OS proc set {1-16}
OMP: pid 205720 tid 205735 thread 6 bound to OS proc set {1-16}
OMP: pid 205720 tid 205733 thread 5 bound to OS proc set {1-16}
OMP: pid 205720 tid 205752 thread 10 bound to OS proc set {1-16}
OMP: pid 205720 tid 205749 thread 9 bound to OS proc set {1-16}
[DRM-pin] pid=205720 tid=205758 assigned=1-16 running_on=7
[DRM-pin] pid=205720 tid=205743 assigned=1-16 running_on=2
[DRM-pin] pid=205720 tid=205727 assigned=1-16 running_on=4
[DRM-pin] pid=205720 tid=205733 assigned=1-16 running_on=8
[DRM-pin] pid=205720 tid=205735 assigned=1-16 running_on=6
[DRM-pin] pid=205720 tid=205767 assigned=1-16 running_on=12
[DRM-pin] pid=205720 tid=205773 assigned=1-16 running_on=14
[DRM-pin] pid=205720 tid=205732 assigned=1-16 running_on=13
[DRM-pin] pid=205720 tid=205749 assigned=1-16 running_on=6
[DRM-pin] pid=205720 tid=205756 assigned=1-16 running_on=1
[DRM-pin] pid=205720 tid=205730 assigned=1-16 running_on=11
[DRM-pin] pid=205720 tid=205764 assigned=1-16 running_on=3
[DRM-pin] pid=205720 tid=205752 assigned=1-16 running_on=5
[DRM-pin] pid=205720 tid=205728 assigned=1-16 running_on=15
[DRM-pin] pid=205720 tid=205740 assigned=1-16 running_on=5


 NAS Parallel Benchmarks (NPB3.4-OMP) - EP Benchmark

 Number of random numbers generated:      8589934592
 Number of available threads:                     16

EP Benchmark Results:

CPU Time =    12.533
N = 2^   32
No. Gaussian Pairs =    3373275903.
Sums =     2.691444083862575D+09    2.691519118725088D+09
Counts:
  0    1572172634.
  1    1501108549.
  2     281805648.
  3      17761221.
  4        424017.
  5          3821.
  6            13.
  7             0.
  8             0.
  9             0.


 EP Benchmark Completed.
 Class           =                        C
 Size            =               8589934592
 Iterations      =                        0
 Time in seconds =                    12.53
 Total threads   =                       16
 Avail threads   =                       16
 Mop/s total     =                   685.36
 Mop/s/thread    =                    42.83
 Operation type  = Random numbers generated
 Verification    =               SUCCESSFUL
 Version         =                    3.4.3
 Compile date    =              03 Sep 2026

 Compile options:
    FC           = gfortran
    FLINK        = $(FC)
    F_LIB        = -L$(LLVM_BUILD)/lib -lomp
    F_INC        = (none)
    FFLAGS       = -O3 -fopenmp
    FLINKFLAGS   = -O3 -fopenmp
    RAND         = randi8


 Please send all errors/feedbacks to:

 NPB Development Team
 npb@nas.nasa.gov


