OMP: pid 79722 tid 79722 thread 0 bound to OS proc set {64-95}
OMP: pid 79722 tid 79729 thread 3 bound to OS proc set {64-95}
OMP: pid 79722 tid 79728 thread 2 bound to OS proc set {64-95}
OMP: pid 79722 tid 79726 thread 1 bound to OS proc set {64-95}
OMP: pid 79722 tid 79755 thread 10 bound to OS proc set {64-95}
OMP: pid 79722 tid 79747 thread 8 bound to OS proc set {64-95}
OMP: pid 79722 tid 79742 thread 7 bound to OS proc set {64-95}
OMP: pid 79722 tid 79759 thread 11 bound to OS proc set {64-95}
OMP: pid 79722 tid 79732 thread 4 bound to OS proc set {64-95}
OMP: pid 79722 tid 79739 thread 6 bound to OS proc set {64-95}
OMP: pid 79722 tid 79735 thread 5 bound to OS proc set {64-95}
OMP: pid 79722 tid 79775 thread 16 bound to OS proc set {64-95}
OMP: pid 79722 tid 79816 thread 28 bound to OS proc set {64-95}
OMP: pid 79722 tid 79826 thread 31 bound to OS proc set {64-95}
OMP: pid 79722 tid 79823 thread 30 bound to OS proc set {64-95}
OMP: pid 79722 tid 79751 thread 9 bound to OS proc set {64-95}
OMP: pid 79722 tid 79807 thread 25 bound to OS proc set {64-95}
OMP: pid 79722 tid 79803 thread 24 bound to OS proc set {64-95}
OMP: pid 79722 tid 79820 thread 29 bound to OS proc set {64-95}
OMP: pid 79722 tid 79778 thread 17 bound to OS proc set {64-95}
OMP: pid 79722 tid 79810 thread 26 bound to OS proc set {64-95}
OMP: pid 79722 tid 79783 thread 18 bound to OS proc set {64-95}
OMP: pid 79722 tid 79786 thread 19 bound to OS proc set {64-95}
OMP: pid 79722 tid 79773 thread 15 bound to OS proc set {64-95}
OMP: pid 79722 tid 79789 thread 20 bound to OS proc set {64-95}
OMP: pid 79722 tid 79794 thread 22 bound to OS proc set {64-95}
OMP: pid 79722 tid 79800 thread 23 bound to OS proc set {64-95}
OMP: pid 79722 tid 79791 thread 21 bound to OS proc set {64-95}
OMP: pid 79722 tid 79770 thread 14 bound to OS proc set {64-95}
OMP: pid 79722 tid 79763 thread 12 bound to OS proc set {64-95}
OMP: pid 79722 tid 79767 thread 13 bound to OS proc set {64-95}
OMP: pid 79722 tid 79814 thread 27 bound to OS proc set {64-95}


 NAS Parallel Benchmarks (NPB3.4-OMP) - EP Benchmark

 Number of random numbers generated:      8589934592
 Number of available threads:                     32

EP Benchmark Results:

CPU Time =     7.512
N = 2^   32
No. Gaussian Pairs =    3373275903.
Sums =     2.691444083863085D+09    2.691519118724447D+09
Counts:
  0    1572172634.
  1    1501108549.
  2     281805648.
  3      17761221.
  4        424017.
  5          3821.
  6            13.
  7             0.
  8             0.
  9             0.


 EP Benchmark Completed.
 Class           =                        C
 Size            =               8589934592
 Iterations      =                        0
 Time in seconds =                     7.51
 Total threads   =                       32
 Avail threads   =                       32
 Mop/s total     =                  1143.48
 Mop/s/thread    =                    35.73
 Operation type  = Random numbers generated
 Verification    =               SUCCESSFUL
 Version         =                    3.4.3
 Compile date    =              03 Sep 2026

 Compile options:
    FC           = gfortran
    FLINK        = $(FC)
    F_LIB        = -L$(LLVM_BUILD)/lib -lomp
    F_INC        = (none)
    FFLAGS       = -O3 -fopenmp
    FLINKFLAGS   = -O3 -fopenmp
    RAND         = randi8


 Please send all errors/feedbacks to:

 NPB Development Team
 npb@nas.nasa.gov


