OMP: pid 23540 tid 23540 thread 0 bound to OS proc set {56-59}
OMP: pid 23540 tid 23554 thread 3 bound to OS proc set {56-59}
OMP: pid 23540 tid 23553 thread 2 bound to OS proc set {56-59}
OMP: pid 23540 tid 23551 thread 1 bound to OS proc set {56-59}


 NAS Parallel Benchmarks (NPB3.4-OMP) - CG Benchmark

 Size:      150000
 Iterations:                     75
 Number of available threads:     4

 Initialization time =           6.342 seconds

   iteration           ||r||                 zeta
        1       0.35342824839249E-12   109.9994423237398
        5       0.89284842797324E-15    28.6471670038893
       10       0.91270339649759E-15    28.9496695449003
       15       0.90715109600620E-15    28.9716336228371
       20       0.91534439614889E-15    28.9734210663747
       25       0.90926979439639E-15    28.9735863059382
       30       0.91063112447052E-15    28.9736033967627
       35       0.91035360445233E-15    28.9736053266246
       40       0.90670441145337E-15    28.9736055590700
       45       0.91030455135705E-15    28.9736055884132
       50       0.91018004023693E-15    28.9736055922485
       55       0.90323598573263E-15    28.9736055927632
       60       0.90838590523651E-15    28.9736055928340
       65       0.90607323646215E-15    28.9736055928440
       70       0.90400430607381E-15    28.9736055928455
       75       0.90134308876478E-15    28.9736055928458
 Benchmark completed 
 VERIFICATION SUCCESSFUL 
 Zeta is     0.2897360559285E+02
 Error is    0.2807974416019E-13


 CG Benchmark Completed.
 Class           =                        C
 Size            =                   150000
 Iterations      =                       75
 Time in seconds =                    55.14
 Total threads   =                        4
 Avail threads   =                        4
 Mop/s total     =                  2599.56
 Mop/s/thread    =                   649.89
 Operation type  =           floating point
 Verification    =               SUCCESSFUL
 Version         =                    3.4.3
 Compile date    =              18 Feb 2026

 Compile options:
    FC           = gfortran
    FLINK        = $(FC)
    F_LIB        = -L/dss/dsshome1/09/ga27qam2/llvm-project/bu...
    F_INC        = (none)
    FFLAGS       = -O3 -fopenmp
    FLINKFLAGS   = -O3 -fopenmp
    RAND         = randi8


 Please send all errors/feedbacks to:

 NPB Development Team
 npb@nas.nasa.gov


