OMP: pid 162837 tid 162842 thread 2 bound to OS proc set {1-4}
OMP: pid 162837 tid 162837 thread 0 bound to OS proc set {1-4}
OMP: pid 162837 tid 162841 thread 1 bound to OS proc set {1-4}
OMP: pid 162837 tid 162845 thread 3 bound to OS proc set {1-4}


 NAS Parallel Benchmarks (NPB3.4-OMP) - CG Benchmark

 Size:      150000
 Iterations:                     75
 Number of available threads:     4

 Initialization time =           5.494 seconds

   iteration           ||r||                 zeta
        1       0.35342824839249E-12   109.9994423237398
        5       0.89301002189081E-15    28.6471670038893
       10       0.91227200518978E-15    28.9496695449003
       15       0.90710569013529E-15    28.9716336228371
       20       0.91400849593550E-15    28.9734210663747
       25       0.90842395104870E-15    28.9735863059382
       30       0.91086472022173E-15    28.9736033967628
       35       0.90998947289112E-15    28.9736053266246
       40       0.90824427406042E-15    28.9736055590700
       45       0.90925307201175E-15    28.9736055884132
       50       0.90971985854000E-15    28.9736055922486
       55       0.90326817876571E-15    28.9736055927632
       60       0.90834433099288E-15    28.9736055928339
       65       0.90713209884569E-15    28.9736055928440
       70       0.90299969729285E-15    28.9736055928455
       75       0.90055219628326E-15    28.9736055928458
 Benchmark completed 
 VERIFICATION SUCCESSFUL 
 Zeta is     0.2897360559285E+02
 Error is    0.2758926827966E-13


 CG Benchmark Completed.
 Class           =                        C
 Size            =                   150000
 Iterations      =                       75
 Time in seconds =                    50.02
 Total threads   =                        4
 Avail threads   =                        4
 Mop/s total     =                  2865.75
 Mop/s/thread    =                   716.44
 Operation type  =           floating point
 Verification    =               SUCCESSFUL
 Version         =                    3.4.3
 Compile date    =              03 Sep 2026

 Compile options:
    FC           = gfortran
    FLINK        = $(FC)
    F_LIB        = -L$(LLVM_BUILD)/lib -lomp
    F_INC        = (none)
    FFLAGS       = -O3 -fopenmp
    FLINKFLAGS   = -O3 -fopenmp
    RAND         = randi8


 Please send all errors/feedbacks to:

 NPB Development Team
 npb@nas.nasa.gov


