OMP: pid 212717 tid 212740 thread 3 bound to OS proc set {64-79}
OMP: pid 212717 tid 212717 thread 0 bound to OS proc set {64-79}
OMP: pid 212717 tid 212749 thread 12 bound to OS proc set {64-79}
OMP: pid 212717 tid 212750 thread 13 bound to OS proc set {64-79}
OMP: pid 212717 tid 212751 thread 14 bound to OS proc set {64-79}
OMP: pid 212717 tid 212739 thread 2 bound to OS proc set {64-79}
OMP: pid 212717 tid 212741 thread 4 bound to OS proc set {64-79}
OMP: pid 212717 tid 212752 thread 15 bound to OS proc set {64-79}
OMP: pid 212717 tid 212744 thread 7 bound to OS proc set {64-79}
OMP: pid 212717 tid 212743 thread 6 bound to OS proc set {64-79}
OMP: pid 212717 tid 212747 thread 10 bound to OS proc set {64-79}
OMP: pid 212717 tid 212738 thread 1 bound to OS proc set {64-79}
OMP: pid 212717 tid 212748 thread 11 bound to OS proc set {64-79}
OMP: pid 212717 tid 212745 thread 8 bound to OS proc set {64-79}
OMP: pid 212717 tid 212742 thread 5 bound to OS proc set {64-79}
OMP: pid 212717 tid 212746 thread 9 bound to OS proc set {64-79}
[DRM-pin] pid=212717 tid=212749 assigned=64-79 running_on=75
[DRM-pin] pid=212717 tid=212751 assigned=64-79 running_on=71
[DRM-pin] pid=212717 tid=212740 assigned=64-79 running_on=73
[DRM-pin] pid=212717 tid=212750 assigned=64-79 running_on=74
[DRM-pin] pid=212717 tid=212747 assigned=64-79 running_on=67
[DRM-pin] pid=212717 tid=212741 assigned=64-79 running_on=69
[DRM-pin] pid=212717 tid=212742 assigned=64-79 running_on=70
[DRM-pin] pid=212717 tid=212743 assigned=64-79 running_on=64
[DRM-pin] pid=212717 tid=212739 assigned=64-79 running_on=68
[DRM-pin] pid=212717 tid=212745 assigned=64-79 running_on=76
[DRM-pin] pid=212717 tid=212744 assigned=64-79 running_on=72
[DRM-pin] pid=212717 tid=212752 assigned=64-79 running_on=78
[DRM-pin] pid=212717 tid=212746 assigned=64-79 running_on=66
[DRM-pin] pid=212717 tid=212748 assigned=64-79 running_on=73
[DRM-pin] pid=212717 tid=212738 assigned=64-79 running_on=66
[DRM-pin] pid=212717 tid=212739 assigned=64-71 running_on=68
OMP: pid 212717 tid 212717 thread 0 bound to OS proc set {64-79}
OMP: pid 212717 tid 212739 thread 2 bound to OS proc set {64-79}
[DRM-pin] pid=212717 tid=212743 assigned=64-71 running_on=64
OMP: pid 212717 tid 212743 thread 6 bound to OS proc set {64-79}
[DRM-pin] pid=212717 tid=212741 assigned=64-71 running_on=69
OMP: pid 212717 tid 212741 thread 4 bound to OS proc set {64-79}
[DRM-pin] pid=212717 tid=212742 assigned=64-71 running_on=70
OMP: pid 212717 tid 212742 thread 5 bound to OS proc set {64-79}
[DRM-pin] pid=212717 tid=212744 assigned=64-71 running_on=65
OMP: pid 212717 tid 212744 thread 7 bound to OS proc set {64-79}
[DRM-pin] pid=212717 tid=212740 assigned=64-71 running_on=64
OMP: pid 212717 tid 212740 thread 3 bound to OS proc set {64-79}
[DRM-pin] pid=212717 tid=212738 assigned=64-71 running_on=65
OMP: pid 212717 tid 212738 thread 1 bound to OS proc set {64-79}


 NAS Parallel Benchmarks (NPB3.4-OMP) - CG Benchmark

 Size:      150000
 Iterations:                     75
 Number of available threads:    16

 Initialization time =           1.787 seconds

   iteration           ||r||                 zeta
        1       0.35328568387786E-12   109.9994423237398
        5       0.89184270249313E-15    28.6471670038896
       10       0.91089991258162E-15    28.9496695449000
       15       0.90700177496048E-15    28.9716336228371
       20       0.91333798732176E-15    28.9734210663752
       25       0.90845193321914E-15    28.9735863059386
       30       0.90793947214240E-15    28.9736033967633
       35       0.91044767282466E-15    28.9736053266247
       40       0.90662827399260E-15    28.9736055590700
       45       0.90842082928491E-15    28.9736055884130
       50       0.90968772018732E-15    28.9736055922483
       55       0.90411878016627E-15    28.9736055927634
       60       0.90819229350609E-15    28.9736055928341
       65       0.90619326949320E-15    28.9736055928440
       70       0.90243352778815E-15    28.9736055928452
       75       0.90209055933382E-15    28.9736055928456
 Benchmark completed 
 VERIFICATION SUCCESSFUL 
 Zeta is     0.2897360559285E+02
 Error is    0.2072260595228E-13


 CG Benchmark Completed.
 Class           =                        C
 Size            =                   150000
 Iterations      =                       75
 Time in seconds =                    11.58
 Total threads   =                        8
 Avail threads   =                       16
 Warning: Threads used differ from threads available
 Mop/s total     =                 12381.66
 Mop/s/thread    =                  1547.71
 Operation type  =           floating point
 Verification    =               SUCCESSFUL
 Version         =                    3.4.3
 Compile date    =              03 Sep 2026

 Compile options:
    FC           = gfortran
    FLINK        = $(FC)
    F_LIB        = -L$(LLVM_BUILD)/lib -lomp
    F_INC        = (none)
    FFLAGS       = -O3 -fopenmp
    FLINKFLAGS   = -O3 -fopenmp
    RAND         = randi8


 Please send all errors/feedbacks to:

 NPB Development Team
 npb@nas.nasa.gov


