OMP: pid 87672 tid 87672 thread 0 bound to OS proc set {64-95}
OMP: pid 87672 tid 87686 thread 3 bound to OS proc set {64-95}
OMP: pid 87672 tid 87681 thread 2 bound to OS proc set {64-95}
OMP: pid 87672 tid 87713 thread 8 bound to OS proc set {64-95}
OMP: pid 87672 tid 87691 thread 4 bound to OS proc set {64-95}
OMP: pid 87672 tid 87677 thread 1 bound to OS proc set {64-95}
OMP: pid 87672 tid 87730 thread 11 bound to OS proc set {64-95}
OMP: pid 87672 tid 87707 thread 7 bound to OS proc set {64-95}
OMP: pid 87672 tid 87703 thread 6 bound to OS proc set {64-95}
OMP: pid 87672 tid 87724 thread 10 bound to OS proc set {64-95}
OMP: pid 87672 tid 87695 thread 5 bound to OS proc set {64-95}
OMP: pid 87672 tid 87740 thread 14 bound to OS proc set {64-95}
OMP: pid 87672 tid 87722 thread 9 bound to OS proc set {64-95}
OMP: pid 87672 tid 87733 thread 12 bound to OS proc set {64-95}
OMP: pid 87672 tid 87741 thread 15 bound to OS proc set {64-95}
OMP: pid 87672 tid 87746 thread 17 bound to OS proc set {64-95}
OMP: pid 87672 tid 87734 thread 13 bound to OS proc set {64-95}
OMP: pid 87672 tid 87761 thread 23 bound to OS proc set {64-95}
OMP: pid 87672 tid 87743 thread 16 bound to OS proc set {64-95}
OMP: pid 87672 tid 87802 thread 28 bound to OS proc set {64-95}
OMP: pid 87672 tid 87750 thread 18 bound to OS proc set {64-95}
OMP: pid 87672 tid 87809 thread 29 bound to OS proc set {64-95}
OMP: pid 87672 tid 87813 thread 31 bound to OS proc set {64-95}
OMP: pid 87672 tid 87811 thread 30 bound to OS proc set {64-95}
OMP: pid 87672 tid 87784 thread 27 bound to OS proc set {64-95}
OMP: pid 87672 tid 87757 thread 22 bound to OS proc set {64-95}
OMP: pid 87672 tid 87752 thread 20 bound to OS proc set {64-95}
OMP: pid 87672 tid 87751 thread 19 bound to OS proc set {64-95}
OMP: pid 87672 tid 87777 thread 26 bound to OS proc set {64-95}
OMP: pid 87672 tid 87765 thread 24 bound to OS proc set {64-95}
OMP: pid 87672 tid 87753 thread 21 bound to OS proc set {64-95}
OMP: pid 87672 tid 87771 thread 25 bound to OS proc set {64-95}
[DRM-pin] pid=87672 tid=87677 assigned=64-95 running_on=73
[DRM-pin] pid=87672 tid=87686 assigned=64-95 running_on=84
[DRM-pin] pid=87672 tid=87761 assigned=64-95 running_on=91
[DRM-pin] pid=87672 tid=87752 assigned=64-95 running_on=86
[DRM-pin] pid=87672 tid=87743 assigned=64-95 running_on=65
[DRM-pin] pid=87672 tid=87757 assigned=64-95 running_on=92
[DRM-pin] pid=87672 tid=87724 assigned=64-95 running_on=81
[DRM-pin] pid=87672 tid=87713 assigned=64-95 running_on=72
[DRM-pin] pid=87672 tid=87681 assigned=64-95 running_on=80
[DRM-pin] pid=87672 tid=87753 assigned=64-95 running_on=78
[DRM-pin] pid=87672 tid=87777 assigned=64-95 running_on=74
[DRM-pin] pid=87672 tid=87765 assigned=64-95 running_on=66
[DRM-pin] pid=87672 tid=87733 assigned=64-95 running_on=76
[DRM-pin] pid=87672 tid=87771 assigned=64-95 running_on=69
[DRM-pin] pid=87672 tid=87750 assigned=64-95 running_on=87
[DRM-pin] pid=87672 tid=87730 assigned=64-95 running_on=67
[DRM-pin] pid=87672 tid=87784 assigned=64-95 running_on=88
[DRM-pin] pid=87672 tid=87741 assigned=64-95 running_on=79
[DRM-pin] pid=87672 tid=87802 assigned=64-95 running_on=85
[DRM-pin] pid=87672 tid=87809 assigned=64-95 running_on=70
[DRM-pin] pid=87672 tid=87811 assigned=64-95 running_on=93
[DRM-pin] pid=87672 tid=87722 assigned=64-95 running_on=77
[DRM-pin] pid=87672 tid=87751 assigned=64-95 running_on=75
[DRM-pin] pid=87672 tid=87734 assigned=64-95 running_on=81
[DRM-pin] pid=87672 tid=87691 assigned=64-95 running_on=87
[DRM-pin] pid=87672 tid=87703 assigned=64-95 running_on=94
[DRM-pin] pid=87672 tid=87813 assigned=64-95 running_on=79
[DRM-pin] pid=87672 tid=87707 assigned=64-95 running_on=69
[DRM-pin] pid=87672 tid=87740 assigned=64-95 running_on=93
[DRM-pin] pid=87672 tid=87695 assigned=64-95 running_on=89
[DRM-pin] pid=87672 tid=87746 assigned=64-95 running_on=64
OMP: pid 87672 tid 87672 thread 0 bound to OS proc set {64-95}
[DRM-pin] pid=87672 tid=87733 assigned=64-79 running_on=76
[DRM-pin] pid=87672 tid=87691 assigned=64-79 running_on=68
OMP: pid 87672 tid 87733 thread 12 bound to OS proc set {64-95}
OMP: pid 87672 tid 87691 thread 4 bound to OS proc set {64-95}
[DRM-pin] pid=87672 tid=87713 assigned=64-79 running_on=72
OMP: pid 87672 tid 87713 thread 8 bound to OS proc set {64-95}
[DRM-pin] pid=87672 tid=87677 assigned=64-79 running_on=70
OMP: pid 87672 tid 87677 thread 1 bound to OS proc set {64-95}
[DRM-pin] pid=87672 tid=87681 assigned=64-79 running_on=73
OMP: pid 87672 tid 87681 thread 2 bound to OS proc set {64-95}
[DRM-pin] pid=87672 tid=87722 assigned=64-79 running_on=77
[DRM-pin] pid=87672 tid=87730 assigned=64-79 running_on=67
OMP: pid 87672 tid 87722 thread 9 bound to OS proc set {64-95}
OMP: pid 87672 tid 87730 thread 11 bound to OS proc set {64-95}
[DRM-pin] pid=87672 tid=87707 assigned=64-79 running_on=71
[DRM-pin] pid=87672 tid=87703 assigned=64-79 running_on=73
OMP: pid 87672 tid 87707 thread 7 bound to OS proc set {64-95}
[DRM-pin] pid=87672 tid=87724 assigned=64-79 running_on=72
OMP: pid 87672 tid 87703 thread 6 bound to OS proc set {64-95}
OMP: pid 87672 tid 87724 thread 10 bound to OS proc set {64-95}
[DRM-pin] pid=87672 tid=87695 assigned=64-79 running_on=68
[DRM-pin] pid=87672 tid=87740 assigned=64-79 running_on=77
OMP: pid 87672 tid 87695 thread 5 bound to OS proc set {64-95}
OMP: pid 87672 tid 87740 thread 14 bound to OS proc set {64-95}
[DRM-pin] pid=87672 tid=87686 assigned=64-79 running_on=71
[DRM-pin] pid=87672 tid=87734 assigned=64-79 running_on=64
OMP: pid 87672 tid 87686 thread 3 bound to OS proc set {64-95}
OMP: pid 87672 tid 87734 thread 13 bound to OS proc set {64-95}
[DRM-pin] pid=87672 tid=87741 assigned=64-79 running_on=67
OMP: pid 87672 tid 87741 thread 15 bound to OS proc set {64-95}


 NAS Parallel Benchmarks (NPB3.4-OMP) - CG Benchmark

 Size:      150000
 Iterations:                     75
 Number of available threads:    32

 Initialization time =           1.212 seconds

   iteration           ||r||                 zeta
        1       0.35328796913101E-12   109.9994423237398
        5       0.89299822092976E-15    28.6471670038896
       10       0.91217559191107E-15    28.9496695448999
       15       0.90640942417181E-15    28.9716336228373
       20       0.91594652225382E-15    28.9734210663750
       25       0.90868200253968E-15    28.9735863059385
       30       0.90817374890119E-15    28.9736033967630
       35       0.90962357011182E-15    28.9736053266248
       40       0.90479052333608E-15    28.9736055590700
       45       0.91038784978334E-15    28.9736055884129
       50       0.91088624996923E-15    28.9736055922482
       55       0.90394817319905E-15    28.9736055927636
       60       0.90786780453034E-15    28.9736055928341
       65       0.90726655412927E-15    28.9736055928438
       70       0.90209942510711E-15    28.9736055928452
       75       0.90088776616223E-15    28.9736055928455
 Benchmark completed 
 VERIFICATION SUCCESSFUL 
 Zeta is     0.2897360559285E+02
 Error is    0.1630832302753E-13


 CG Benchmark Completed.
 Class           =                        C
 Size            =                   150000
 Iterations      =                       75
 Time in seconds =                    11.27
 Total threads   =                       16
 Avail threads   =                       32
 Warning: Threads used differ from threads available
 Mop/s total     =                 12719.66
 Mop/s/thread    =                   794.98
 Operation type  =           floating point
 Verification    =               SUCCESSFUL
 Version         =                    3.4.3
 Compile date    =              03 Sep 2026

 Compile options:
    FC           = gfortran
    FLINK        = $(FC)
    F_LIB        = -L$(LLVM_BUILD)/lib -lomp
    F_INC        = (none)
    FFLAGS       = -O3 -fopenmp
    FLINKFLAGS   = -O3 -fopenmp
    RAND         = randi8


 Please send all errors/feedbacks to:

 NPB Development Team
 npb@nas.nasa.gov


