OMP: pid 162839 tid 162839 thread 0 bound to OS proc set {64-67}
OMP: pid 162839 tid 162847 thread 3 bound to OS proc set {64-67}
OMP: pid 162839 tid 162846 thread 2 bound to OS proc set {64-67}
OMP: pid 162839 tid 162843 thread 1 bound to OS proc set {64-67}
[DRM-pin] pid=162839 tid=162846 assigned=64-67 running_on=64
[DRM-pin] pid=162839 tid=162847 assigned=64-67 running_on=67
[DRM-pin] pid=162839 tid=162843 assigned=64-67 running_on=65
OMP: pid 162839 tid 162839 thread 0 bound to OS proc set {64-67}
[DRM-pin] pid=162839 tid=162843 assigned=66-67 running_on=67
OMP: pid 162839 tid 162843 thread 1 bound to OS proc set {64-67}
OMP: pid 162839 tid 162839 thread 0 bound to OS proc set {64-67}
[DRM-pin] pid=162839 tid=162843 assigned=64-67 running_on=67
OMP: pid 162839 tid 162843 thread 1 bound to OS proc set {64-67}
OMP: pid 162839 tid 162846 thread 2 bound to OS proc set {64-67}
OMP: pid 162839 tid 162847 thread 3 bound to OS proc set {64-67}


 NAS Parallel Benchmarks (NPB3.4-OMP) - CG Benchmark

 Size:      150000
 Iterations:                     75
 Number of available threads:     4

 Initialization time =           5.545 seconds

   iteration           ||r||                 zeta
        1       0.35329458058168E-12   109.9994423237398
        5       0.89078186412464E-15    28.6471670038882
       10       0.91140320753141E-15    28.9496695449005
       15       0.90592838789000E-15    28.9716336228368
       20       0.91821987485457E-15    28.9734210663758
       25       0.90939363922678E-15    28.9735863059383
       30       0.91017693095376E-15    28.9736033967627
       35       0.91234778118500E-15    28.9736053266252
       40       0.90634214861828E-15    28.9736055590703
       45       0.90756408113565E-15    28.9736055884132
       50       0.91079961046870E-15    28.9736055922487
       55       0.90406570994740E-15    28.9736055927623
       60       0.90706140135764E-15    28.9736055928346
       65       0.90408267739769E-15    28.9736055928435
       70       0.90300340080967E-15    28.9736055928450
       75       0.90038887775057E-15    28.9736055928458
 Benchmark completed 
 VERIFICATION SUCCESSFUL 
 Zeta is     0.2897360559285E+02
 Error is    0.2857022004072E-13


 CG Benchmark Completed.
 Class           =                        C
 Size            =                   150000
 Iterations      =                       75
 Time in seconds =                    50.47
 Total threads   =                        4
 Avail threads   =                        4
 Mop/s total     =                  2840.41
 Mop/s/thread    =                   710.10
 Operation type  =           floating point
 Verification    =               SUCCESSFUL
 Version         =                    3.4.3
 Compile date    =              03 Sep 2026

 Compile options:
    FC           = gfortran
    FLINK        = $(FC)
    F_LIB        = -L$(LLVM_BUILD)/lib -lomp
    F_INC        = (none)
    FFLAGS       = -O3 -fopenmp
    FLINKFLAGS   = -O3 -fopenmp
    RAND         = randi8


 Please send all errors/feedbacks to:

 NPB Development Team
 npb@nas.nasa.gov


