OMP: pid 87675 tid 87675 thread 0 bound to OS proc set {64-95}
OMP: pid 87675 tid 87689 thread 3 bound to OS proc set {64-95}
OMP: pid 87675 tid 87687 thread 2 bound to OS proc set {64-95}
OMP: pid 87675 tid 87685 thread 1 bound to OS proc set {64-95}
OMP: pid 87675 tid 87726 thread 12 bound to OS proc set {64-95}
OMP: pid 87675 tid 87702 thread 7 bound to OS proc set {64-95}
OMP: pid 87675 tid 87714 thread 10 bound to OS proc set {64-95}
OMP: pid 87675 tid 87706 thread 8 bound to OS proc set {64-95}
OMP: pid 87675 tid 87716 thread 11 bound to OS proc set {64-95}
OMP: pid 87675 tid 87692 thread 4 bound to OS proc set {64-95}
OMP: pid 87675 tid 87700 thread 6 bound to OS proc set {64-95}
OMP: pid 87675 tid 87738 thread 14 bound to OS proc set {64-95}
OMP: pid 87675 tid 87731 thread 13 bound to OS proc set {64-95}
OMP: pid 87675 tid 87698 thread 5 bound to OS proc set {64-95}
OMP: pid 87675 tid 87712 thread 9 bound to OS proc set {64-95}
OMP: pid 87675 tid 87748 thread 16 bound to OS proc set {64-95}
OMP: pid 87675 tid 87755 thread 17 bound to OS proc set {64-95}
OMP: pid 87675 tid 87744 thread 15 bound to OS proc set {64-95}
OMP: pid 87675 tid 87815 thread 27 bound to OS proc set {64-95}
OMP: pid 87675 tid 87807 thread 24 bound to OS proc set {64-95}
OMP: pid 87675 tid 87759 thread 18 bound to OS proc set {64-95}
OMP: pid 87675 tid 87819 thread 30 bound to OS proc set {64-95}
OMP: pid 87675 tid 87816 thread 28 bound to OS proc set {64-95}
OMP: pid 87675 tid 87814 thread 26 bound to OS proc set {64-95}
OMP: pid 87675 tid 87818 thread 29 bound to OS proc set {64-95}
OMP: pid 87675 tid 87762 thread 19 bound to OS proc set {64-95}
OMP: pid 87675 tid 87810 thread 25 bound to OS proc set {64-95}
OMP: pid 87675 tid 87787 thread 23 bound to OS proc set {64-95}
OMP: pid 87675 tid 87778 thread 22 bound to OS proc set {64-95}
OMP: pid 87675 tid 87767 thread 20 bound to OS proc set {64-95}
OMP: pid 87675 tid 87772 thread 21 bound to OS proc set {64-95}
OMP: pid 87675 tid 87820 thread 31 bound to OS proc set {64-95}
OMP: pid 87675 tid 87675 thread 0 bound to OS proc set {64-95}
[DRM-pin] pid=87675 tid=87702 assigned=80-95 running_on=90
[DRM-pin] pid=87675 tid=87706 assigned=80-95 running_on=83
OMP: pid 87675 tid 87702 thread 7 bound to OS proc set {64-95}
[DRM-pin] pid=87675 tid=87716 assigned=80-95 running_on=80
OMP: pid 87675 tid 87706 thread 8 bound to OS proc set {64-95}
OMP: pid 87675 tid 87716 thread 11 bound to OS proc set {64-95}
[DRM-pin] pid=87675 tid=87698 assigned=80-95 running_on=83
OMP: pid 87675 tid 87698 thread 5 bound to OS proc set {64-95}
[DRM-pin] pid=87675 tid=87687 assigned=80-95 running_on=85
OMP: pid 87675 tid 87687 thread 2 bound to OS proc set {64-95}
[DRM-pin] pid=87675 tid=87685 assigned=80-95 running_on=81
OMP: pid 87675 tid 87685 thread 1 bound to OS proc set {64-95}
[DRM-pin] pid=87675 tid=87692 assigned=80-95 running_on=94
OMP: pid 87675 tid 87692 thread 4 bound to OS proc set {64-95}
[DRM-pin] pid=87675 tid=87726 assigned=80-95 running_on=93
OMP: pid 87675 tid 87726 thread 12 bound to OS proc set {64-95}
[DRM-pin] pid=87675 tid=87738 assigned=80-95 running_on=82
OMP: pid 87675 tid 87738 thread 14 bound to OS proc set {64-95}
[DRM-pin] pid=87675 tid=87714 assigned=80-95 running_on=87
OMP: pid 87675 tid 87714 thread 10 bound to OS proc set {64-95}
[DRM-pin] pid=87675 tid=87712 assigned=80-95 running_on=80
OMP: pid 87675 tid 87712 thread 9 bound to OS proc set {64-95}
[DRM-pin] pid=87675 tid=87689 assigned=80-95 running_on=86
OMP: pid 87675 tid 87689 thread 3 bound to OS proc set {64-95}
[DRM-pin] pid=87675 tid=87700 assigned=80-95 running_on=91
OMP: pid 87675 tid 87700 thread 6 bound to OS proc set {64-95}
[DRM-pin] pid=87675 tid=87731 assigned=80-95 running_on=80
OMP: pid 87675 tid 87731 thread 13 bound to OS proc set {64-95}
[DRM-pin] pid=87675 tid=87744 assigned=80-95 running_on=80
OMP: pid 87675 tid 87744 thread 15 bound to OS proc set {64-95}
OMP: pid 87675 tid 87675 thread 0 bound to OS proc set {64-95}
[DRM-pin] pid=87675 tid=87714 assigned=64-95 running_on=87
OMP: pid 87675 tid 87714 thread 10 bound to OS proc set {64-95}
[DRM-pin] pid=87675 tid=87700 assigned=64-95 running_on=90
OMP: pid 87675 tid 87700 thread 6 bound to OS proc set {64-95}
[DRM-pin] pid=87675 tid=87692 assigned=64-95 running_on=94
OMP: pid 87675 tid 87692 thread 4 bound to OS proc set {64-95}
[DRM-pin] pid=87675 tid=87738 assigned=64-95 running_on=88
OMP: pid 87675 tid 87738 thread 14 bound to OS proc set {64-95}
[DRM-pin] pid=87675 tid=87698 assigned=64-95 running_on=83
OMP: pid 87675 tid 87698 thread 5 bound to OS proc set {64-95}
[DRM-pin] pid=87675 tid=87687 assigned=64-95 running_on=84
OMP: pid 87675 tid 87687 thread 2 bound to OS proc set {64-95}
[DRM-pin] pid=87675 tid=87744 assigned=64-95 running_on=91
OMP: pid 87675 tid 87744 thread 15 bound to OS proc set {64-95}
[DRM-pin] pid=87675 tid=87712 assigned=64-95 running_on=81
[DRM-pin] pid=87675 tid=87706 assigned=64-95 running_on=82
OMP: pid 87675 tid 87712 thread 9 bound to OS proc set {64-95}
OMP: pid 87675 tid 87706 thread 8 bound to OS proc set {64-95}
[DRM-pin] pid=87675 tid=87702 assigned=64-95 running_on=92
OMP: pid 87675 tid 87702 thread 7 bound to OS proc set {64-95}
[DRM-pin] pid=87675 tid=87726 assigned=64-95 running_on=80
OMP: pid 87675 tid 87726 thread 12 bound to OS proc set {64-95}
[DRM-pin] pid=87675 tid=87689 assigned=64-95 running_on=89
OMP: pid 87675 tid 87689 thread 3 bound to OS proc set {64-95}
[DRM-pin] pid=87675 tid=87731 assigned=64-95 running_on=85
OMP: pid 87675 tid 87731 thread 13 bound to OS proc set {64-95}
[DRM-pin] pid=87675 tid=87716 assigned=64-95 running_on=95
OMP: pid 87675 tid 87716 thread 11 bound to OS proc set {64-95}
[DRM-pin] pid=87675 tid=87685 assigned=64-95 running_on=82
OMP: pid 87675 tid 87685 thread 1 bound to OS proc set {64-95}
[DRM-pin] pid=87675 tid=87759 assigned=64-95 running_on=89
[DRM-pin] pid=87675 tid=87755 assigned=64-95 running_on=88
OMP: pid 87675 tid 87759 thread 18 bound to OS proc set {64-95}
OMP: pid 87675 tid 87755 thread 17 bound to OS proc set {64-95}
[DRM-pin] pid=87675 tid=87748 assigned=64-95 running_on=79
[DRM-pin] pid=87675 tid=87762 assigned=64-95 running_on=68
OMP: pid 87675 tid 87748 thread 16 bound to OS proc set {64-95}
OMP: pid 87675 tid 87762 thread 19 bound to OS proc set {64-95}
[DRM-pin] pid=87675 tid=87819 assigned=64-95 running_on=95
[DRM-pin] pid=87675 tid=87818 assigned=64-95 running_on=84
OMP: pid 87675 tid 87819 thread 30 bound to OS proc set {64-95}
OMP: pid 87675 tid 87818 thread 29 bound to OS proc set {64-95}
[DRM-pin] pid=87675 tid=87816 assigned=64-95 running_on=72
[DRM-pin] pid=87675 tid=87767 assigned=64-95 running_on=67
OMP: pid 87675 tid 87816 thread 28 bound to OS proc set {64-95}
OMP: pid 87675 tid 87767 thread 20 bound to OS proc set {64-95}
[DRM-pin] pid=87675 tid=87778 assigned=64-95 running_on=74
[DRM-pin] pid=87675 tid=87787 assigned=64-95 running_on=77
OMP: pid 87675 tid 87778 thread 22 bound to OS proc set {64-95}
OMP: pid 87675 tid 87787 thread 23 bound to OS proc set {64-95}
[DRM-pin] pid=87675 tid=87820 assigned=64-95 running_on=78
OMP: pid 87675 tid 87820 thread 31 bound to OS proc set {64-95}
[DRM-pin] pid=87675 tid=87814 assigned=64-95 running_on=82
[DRM-pin] pid=87675 tid=87772 assigned=64-95 running_on=71
OMP: pid 87675 tid 87814 thread 26 bound to OS proc set {64-95}
OMP: pid 87675 tid 87772 thread 21 bound to OS proc set {64-95}
[DRM-pin] pid=87675 tid=87807 assigned=64-95 running_on=65
[DRM-pin] pid=87675 tid=87810 assigned=64-95 running_on=76
OMP: pid 87675 tid 87807 thread 24 bound to OS proc set {64-95}
OMP: pid 87675 tid 87810 thread 25 bound to OS proc set {64-95}
[DRM-pin] pid=87675 tid=87815 assigned=64-95 running_on=66
OMP: pid 87675 tid 87815 thread 27 bound to OS proc set {64-95}


 NAS Parallel Benchmarks (NPB3.4-OMP) - CG Benchmark

 Size:      150000
 Iterations:                     75
 Number of available threads:    32

 Initialization time =           1.234 seconds

   iteration           ||r||                 zeta
        1       0.35328803890950E-12   109.9994423237398
        5       0.89242077716085E-15    28.6471670038896
       10       0.91200356708946E-15    28.9496695448999
       15       0.90699535355322E-15    28.9716336228373
       20       0.91448929966066E-15    28.9734210663750
       25       0.90977616949391E-15    28.9735863059385
       30       0.90892022845561E-15    28.9736033967630
       35       0.91097747978315E-15    28.9736053266249
       40       0.90483513843364E-15    28.9736055590700
       45       0.91124828211066E-15    28.9736055884130
       50       0.90994837560774E-15    28.9736055922482
       55       0.90416652465202E-15    28.9736055927636
       60       0.90889465335331E-15    28.9736055928341
       65       0.90836951800128E-15    28.9736055928438
       70       0.90098572329145E-15    28.9736055928453
       75       0.90341605253836E-15    28.9736055928455
 Benchmark completed 
 VERIFICATION SUCCESSFUL 
 Zeta is     0.2897360559285E+02
 Error is    0.1679879890806E-13


 CG Benchmark Completed.
 Class           =                        C
 Size            =                   150000
 Iterations      =                       75
 Time in seconds =                    11.83
 Total threads   =                       32
 Avail threads   =                       32
 Mop/s total     =                 12118.54
 Mop/s/thread    =                   378.70
 Operation type  =           floating point
 Verification    =               SUCCESSFUL
 Version         =                    3.4.3
 Compile date    =              03 Sep 2026

 Compile options:
    FC           = gfortran
    FLINK        = $(FC)
    F_LIB        = -L$(LLVM_BUILD)/lib -lomp
    F_INC        = (none)
    FFLAGS       = -O3 -fopenmp
    FLINKFLAGS   = -O3 -fopenmp
    RAND         = randi8


 Please send all errors/feedbacks to:

 NPB Development Team
 npb@nas.nasa.gov


