OMP: pid 42395 tid 42407 thread 3 bound to OS proc set {1-8}
OMP: pid 42395 tid 42400 thread 1 bound to OS proc set {1-8}
OMP: pid 42395 tid 42411 thread 4 bound to OS proc set {1-8}
OMP: pid 42395 tid 42404 thread 2 bound to OS proc set {1-8}
OMP: pid 42395 tid 42395 thread 0 bound to OS proc set {1-8}
OMP: pid 42395 tid 42423 thread 7 bound to OS proc set {1-8}
OMP: pid 42395 tid 42415 thread 5 bound to OS proc set {1-8}
OMP: pid 42395 tid 42419 thread 6 bound to OS proc set {1-8}


 NAS Parallel Benchmarks (NPB3.4-OMP) - CG Benchmark

 Size:      150000
 Iterations:                     75
 Number of available threads:     8

 Initialization time =           3.115 seconds

   iteration           ||r||                 zeta
        1       0.35329934284284E-12   109.9994423237398
        5       0.89276039141236E-15    28.6471670038896
       10       0.91131986083228E-15    28.9496695449000
       15       0.90786515911723E-15    28.9716336228370
       20       0.91391537649110E-15    28.9734210663752
       25       0.90774804958024E-15    28.9735863059386
       30       0.90837655974041E-15    28.9736033967633
       35       0.91082040974987E-15    28.9736053266247
       40       0.90596375010737E-15    28.9736055590700
       45       0.90837645783313E-15    28.9736055884130
       50       0.91062519256096E-15    28.9736055922483
       55       0.90238588822996E-15    28.9736055927634
       60       0.90859894272114E-15    28.9736055928341
       65       0.90520669362547E-15    28.9736055928440
       70       0.90172923303102E-15    28.9736055928451
       75       0.90205059426829E-15    28.9736055928456
 Benchmark completed 
 VERIFICATION SUCCESSFUL 
 Zeta is     0.2897360559285E+02
 Error is    0.1974165419122E-13


 CG Benchmark Completed.
 Class           =                        C
 Size            =                   150000
 Iterations      =                       75
 Time in seconds =                    30.62
 Total threads   =                        8
 Avail threads   =                        8
 Mop/s total     =                  4681.10
 Mop/s/thread    =                   585.14
 Operation type  =           floating point
 Verification    =               SUCCESSFUL
 Version         =                    3.4.3
 Compile date    =              03 Sep 2026

 Compile options:
    FC           = gfortran
    FLINK        = $(FC)
    F_LIB        = -L$(LLVM_BUILD)/lib -lomp
    F_INC        = (none)
    FFLAGS       = -O3 -fopenmp
    FLINKFLAGS   = -O3 -fopenmp
    RAND         = randi8


 Please send all errors/feedbacks to:

 NPB Development Team
 npb@nas.nasa.gov


