OMP: pid 87673 tid 87673 thread 0 bound to OS proc set {1-32}
OMP: pid 87673 tid 87676 thread 1 bound to OS proc set {1-32}
OMP: pid 87673 tid 87737 thread 19 bound to OS proc set {1-32}
OMP: pid 87673 tid 87680 thread 2 bound to OS proc set {1-32}
OMP: pid 87673 tid 87705 thread 8 bound to OS proc set {1-32}
OMP: pid 87673 tid 87719 thread 12 bound to OS proc set {1-32}
OMP: pid 87673 tid 87683 thread 3 bound to OS proc set {1-32}
OMP: pid 87673 tid 87728 thread 15 bound to OS proc set {1-32}
OMP: pid 87673 tid 87711 thread 11 bound to OS proc set {1-32}
OMP: pid 87673 tid 87729 thread 16 bound to OS proc set {1-32}
OMP: pid 87673 tid 87690 thread 4 bound to OS proc set {1-32}
OMP: pid 87673 tid 87774 thread 28 bound to OS proc set {1-32}
OMP: pid 87673 tid 87710 thread 10 bound to OS proc set {1-32}
OMP: pid 87673 tid 87725 thread 14 bound to OS proc set {1-32}
OMP: pid 87673 tid 87709 thread 9 bound to OS proc set {1-32}
OMP: pid 87673 tid 87742 thread 20 bound to OS proc set {1-32}
OMP: pid 87673 tid 87736 thread 18 bound to OS proc set {1-32}
OMP: pid 87673 tid 87758 thread 23 bound to OS proc set {1-32}
OMP: pid 87673 tid 87697 thread 7 bound to OS proc set {1-32}
OMP: pid 87673 tid 87780 thread 31 bound to OS proc set {1-32}
OMP: pid 87673 tid 87696 thread 6 bound to OS proc set {1-32}
OMP: pid 87673 tid 87735 thread 17 bound to OS proc set {1-32}
OMP: pid 87673 tid 87768 thread 26 bound to OS proc set {1-32}
OMP: pid 87673 tid 87721 thread 13 bound to OS proc set {1-32}
OMP: pid 87673 tid 87775 thread 29 bound to OS proc set {1-32}
OMP: pid 87673 tid 87694 thread 5 bound to OS proc set {1-32}
OMP: pid 87673 tid 87754 thread 22 bound to OS proc set {1-32}
OMP: pid 87673 tid 87747 thread 21 bound to OS proc set {1-32}
OMP: pid 87673 tid 87776 thread 30 bound to OS proc set {1-32}
OMP: pid 87673 tid 87763 thread 24 bound to OS proc set {1-32}
OMP: pid 87673 tid 87766 thread 25 bound to OS proc set {1-32}
OMP: pid 87673 tid 87770 thread 27 bound to OS proc set {1-32}


 NAS Parallel Benchmarks (NPB3.4-OMP) - CG Benchmark

 Size:      150000
 Iterations:                     75
 Number of available threads:    32

 Initialization time =           1.122 seconds

   iteration           ||r||                 zeta
        1       0.35321713685640E-12   109.9994423237398
        5       0.89246079272153E-15    28.6471670038895
       10       0.91149415226076E-15    28.9496695448999
       15       0.90555753892854E-15    28.9716336228371
       20       0.91562946201267E-15    28.9734210663749
       25       0.90900439569198E-15    28.9735863059384
       30       0.90959823649945E-15    28.9736033967631
       35       0.91003069143450E-15    28.9736053266249
       40       0.90688316660231E-15    28.9736055590699
       45       0.91099519915843E-15    28.9736055884128
       50       0.90946515751861E-15    28.9736055922484
       55       0.90297927072525E-15    28.9736055927634
       60       0.90806797334382E-15    28.9736055928340
       65       0.90720919132744E-15    28.9736055928439
       70       0.90231255248257E-15    28.9736055928452
       75       0.90142440957447E-15    28.9736055928455
 Benchmark completed 
 VERIFICATION SUCCESSFUL 
 Zeta is     0.2897360559285E+02
 Error is    0.1827022654964E-13


 CG Benchmark Completed.
 Class           =                        C
 Size            =                   150000
 Iterations      =                       75
 Time in seconds =                    12.68
 Total threads   =                       32
 Avail threads   =                       32
 Mop/s total     =                 11305.95
 Mop/s/thread    =                   353.31
 Operation type  =           floating point
 Verification    =               SUCCESSFUL
 Version         =                    3.4.3
 Compile date    =              03 Sep 2026

 Compile options:
    FC           = gfortran
    FLINK        = $(FC)
    F_LIB        = -L$(LLVM_BUILD)/lib -lomp
    F_INC        = (none)
    FFLAGS       = -O3 -fopenmp
    FLINKFLAGS   = -O3 -fopenmp
    RAND         = randi8


 Please send all errors/feedbacks to:

 NPB Development Team
 npb@nas.nasa.gov


