OMP: pid 212720 tid 212720 thread 0 bound to OS proc set {1-16}
OMP: pid 212720 tid 212782 thread 8 bound to OS proc set {1-16}
OMP: pid 212720 tid 212793 thread 14 bound to OS proc set {1-16}
OMP: pid 212720 tid 212772 thread 2 bound to OS proc set {1-16}
OMP: pid 212720 tid 212771 thread 1 bound to OS proc set {1-16}
OMP: pid 212720 tid 212791 thread 13 bound to OS proc set {1-16}
OMP: pid 212720 tid 212790 thread 12 bound to OS proc set {1-16}
OMP: pid 212720 tid 212774 thread 3 bound to OS proc set {1-16}
OMP: pid 212720 tid 212795 thread 15 bound to OS proc set {1-16}
OMP: pid 212720 tid 212780 thread 6 bound to OS proc set {1-16}
OMP: pid 212720 tid 212778 thread 5 bound to OS proc set {1-16}
OMP: pid 212720 tid 212785 thread 10 bound to OS proc set {1-16}
OMP: pid 212720 tid 212784 thread 9 bound to OS proc set {1-16}
OMP: pid 212720 tid 212787 thread 11 bound to OS proc set {1-16}
OMP: pid 212720 tid 212776 thread 4 bound to OS proc set {1-16}
OMP: pid 212720 tid 212781 thread 7 bound to OS proc set {1-16}


 NAS Parallel Benchmarks (NPB3.4-OMP) - CG Benchmark

 Size:      150000
 Iterations:                     75
 Number of available threads:    16

 Initialization time =           1.719 seconds

   iteration           ||r||                 zeta
        1       0.35303789916332E-12   109.9994423237398
        5       0.89313930229707E-15    28.6471670038896
       10       0.91298328266940E-15    28.9496695449000
       15       0.90587871804723E-15    28.9716336228373
       20       0.91465658177122E-15    28.9734210663750
       25       0.90950765875301E-15    28.9735863059385
       30       0.90869975454859E-15    28.9736033967630
       35       0.91094596567808E-15    28.9736053266249
       40       0.90680025596665E-15    28.9736055590700
       45       0.90988710832570E-15    28.9736055884129
       50       0.91051004454428E-15    28.9736055922482
       55       0.90342046957989E-15    28.9736055927636
       60       0.90873724797370E-15    28.9736055928341
       65       0.90834919318083E-15    28.9736055928438
       70       0.90248105004754E-15    28.9736055928452
       75       0.90097529357047E-15    28.9736055928455
 Benchmark completed 
 VERIFICATION SUCCESSFUL 
 Zeta is     0.2897360559285E+02
 Error is    0.1581784714701E-13


 CG Benchmark Completed.
 Class           =                        C
 Size            =                   150000
 Iterations      =                       75
 Time in seconds =                    21.46
 Total threads   =                       16
 Avail threads   =                       16
 Mop/s total     =                  6680.46
 Mop/s/thread    =                   417.53
 Operation type  =           floating point
 Verification    =               SUCCESSFUL
 Version         =                    3.4.3
 Compile date    =              03 Sep 2026

 Compile options:
    FC           = gfortran
    FLINK        = $(FC)
    F_LIB        = -L$(LLVM_BUILD)/lib -lomp
    F_INC        = (none)
    FFLAGS       = -O3 -fopenmp
    FLINKFLAGS   = -O3 -fopenmp
    RAND         = randi8


 Please send all errors/feedbacks to:

 NPB Development Team
 npb@nas.nasa.gov


