OMP: pid 212719 tid 212798 thread 15 bound to OS proc set {1-16}
OMP: pid 212719 tid 212719 thread 0 bound to OS proc set {1-16}
OMP: pid 212719 tid 212773 thread 3 bound to OS proc set {1-16}
OMP: pid 212719 tid 212797 thread 14 bound to OS proc set {1-16}
OMP: pid 212719 tid 212769 thread 1 bound to OS proc set {1-16}
OMP: pid 212719 tid 212783 thread 7 bound to OS proc set {1-16}
OMP: pid 212719 tid 212775 thread 4 bound to OS proc set {1-16}
OMP: pid 212719 tid 212777 thread 5 bound to OS proc set {1-16}
OMP: pid 212719 tid 212779 thread 6 bound to OS proc set {1-16}
OMP: pid 212719 tid 212792 thread 11 bound to OS proc set {1-16}
OMP: pid 212719 tid 212789 thread 10 bound to OS proc set {1-16}
OMP: pid 212719 tid 212786 thread 8 bound to OS proc set {1-16}
OMP: pid 212719 tid 212788 thread 9 bound to OS proc set {1-16}
OMP: pid 212719 tid 212794 thread 12 bound to OS proc set {1-16}
OMP: pid 212719 tid 212770 thread 2 bound to OS proc set {1-16}
OMP: pid 212719 tid 212796 thread 13 bound to OS proc set {1-16}


 NAS Parallel Benchmarks (NPB3.4-OMP) - CG Benchmark

 Size:      150000
 Iterations:                     75
 Number of available threads:    16

 Initialization time =           1.954 seconds

   iteration           ||r||                 zeta
        1       0.35322900138034E-12   109.9994423237398
        5       0.89193071102009E-15    28.6471670038896
       10       0.91276944538793E-15    28.9496695448999
       15       0.90677429455423E-15    28.9716336228373
       20       0.91532649810082E-15    28.9734210663750
       25       0.90899521981864E-15    28.9735863059385
       30       0.90799222613469E-15    28.9736033967630
       35       0.91064880419592E-15    28.9736053266248
       40       0.90602765331950E-15    28.9736055590700
       45       0.90918638747488E-15    28.9736055884129
       50       0.91029695473271E-15    28.9736055922483
       55       0.90423716816589E-15    28.9736055927636
       60       0.90779641006589E-15    28.9736055928341
       65       0.90889222392365E-15    28.9736055928438
       70       0.90281720135453E-15    28.9736055928452
       75       0.90252543090533E-15    28.9736055928455
 Benchmark completed 
 VERIFICATION SUCCESSFUL 
 Zeta is     0.2897360559285E+02
 Error is    0.1630832302753E-13


 CG Benchmark Completed.
 Class           =                        C
 Size            =                   150000
 Iterations      =                       75
 Time in seconds =                    22.19
 Total threads   =                       16
 Avail threads   =                       16
 Mop/s total     =                  6458.94
 Mop/s/thread    =                   403.68
 Operation type  =           floating point
 Verification    =               SUCCESSFUL
 Version         =                    3.4.3
 Compile date    =              03 Sep 2026

 Compile options:
    FC           = gfortran
    FLINK        = $(FC)
    F_LIB        = -L$(LLVM_BUILD)/lib -lomp
    F_INC        = (none)
    FFLAGS       = -O3 -fopenmp
    FLINKFLAGS   = -O3 -fopenmp
    RAND         = randi8


 Please send all errors/feedbacks to:

 NPB Development Team
 npb@nas.nasa.gov


