OMP: pid 44634 tid 44634 thread 0 bound to OS proc set {56-87}
OMP: pid 44634 tid 44651 thread 3 bound to OS proc set {56-87}
OMP: pid 44634 tid 44642 thread 1 bound to OS proc set {56-87}
OMP: pid 44634 tid 44655 thread 4 bound to OS proc set {56-87}
OMP: pid 44634 tid 44701 thread 12 bound to OS proc set {56-87}
OMP: pid 44634 tid 44674 thread 7 bound to OS proc set {56-87}
OMP: pid 44634 tid 44666 thread 6 bound to OS proc set {56-87}
OMP: pid 44634 tid 44659 thread 5 bound to OS proc set {56-87}
OMP: pid 44634 tid 44647 thread 2 bound to OS proc set {56-87}
OMP: pid 44634 tid 44695 thread 11 bound to OS proc set {56-87}
OMP: pid 44634 tid 44676 thread 8 bound to OS proc set {56-87}
OMP: pid 44634 tid 44690 thread 10 bound to OS proc set {56-87}
OMP: pid 44634 tid 44684 thread 9 bound to OS proc set {56-87}
OMP: pid 44634 tid 44708 thread 14 bound to OS proc set {56-87}
OMP: pid 44634 tid 44749 thread 25 bound to OS proc set {56-87}
OMP: pid 44634 tid 44714 thread 16 bound to OS proc set {56-87}
OMP: pid 44634 tid 44745 thread 24 bound to OS proc set {56-87}
OMP: pid 44634 tid 44752 thread 26 bound to OS proc set {56-87}
OMP: pid 44634 tid 44741 thread 23 bound to OS proc set {56-87}
OMP: pid 44634 tid 44737 thread 22 bound to OS proc set {56-87}
OMP: pid 44634 tid 44729 thread 20 bound to OS proc set {56-87}
OMP: pid 44634 tid 44718 thread 17 bound to OS proc set {56-87}
OMP: pid 44634 tid 44722 thread 18 bound to OS proc set {56-87}
OMP: pid 44634 tid 44711 thread 15 bound to OS proc set {56-87}
OMP: pid 44634 tid 44725 thread 19 bound to OS proc set {56-87}
OMP: pid 44634 tid 44705 thread 13 bound to OS proc set {56-87}
OMP: pid 44634 tid 44762 thread 31 bound to OS proc set {56-87}
OMP: pid 44634 tid 44757 thread 28 bound to OS proc set {56-87}
OMP: pid 44634 tid 44759 thread 29 bound to OS proc set {56-87}
OMP: pid 44634 tid 44761 thread 30 bound to OS proc set {56-87}
OMP: pid 44634 tid 44733 thread 21 bound to OS proc set {56-87}
OMP: pid 44634 tid 44755 thread 27 bound to OS proc set {56-87}


 NAS Parallel Benchmarks (NPB3.4-OMP) - EP Benchmark

 Number of random numbers generated:      8589934592
 Number of available threads:                     32

EP Benchmark Results:

CPU Time =     3.803
N = 2^   32
No. Gaussian Pairs =    3373275903.
Sums =     2.691444083863086D+09    2.691519118724447D+09
Counts:
  0    1572172634.
  1    1501108549.
  2     281805648.
  3      17761221.
  4        424017.
  5          3821.
  6            13.
  7             0.
  8             0.
  9             0.


 EP Benchmark Completed.
 Class           =                        C
 Size            =               8589934592
 Iterations      =                        0
 Time in seconds =                     3.80
 Total threads   =                       32
 Avail threads   =                       32
 Mop/s total     =                  2258.82
 Mop/s/thread    =                    70.59
 Operation type  = Random numbers generated
 Verification    =               SUCCESSFUL
 Version         =                    3.4.3
 Compile date    =              18 Feb 2026

 Compile options:
    FC           = gfortran
    FLINK        = $(FC)
    F_LIB        = -L/dss/dsshome1/09/ga27qam2/llvm-project/bu...
    F_INC        = (none)
    FFLAGS       = -O3 -fopenmp
    FLINKFLAGS   = -O3 -fopenmp
    RAND         = randi8


 Please send all errors/feedbacks to:

 NPB Development Team
 npb@nas.nasa.gov


