OMP: pid 181570 tid 181570 thread 0 bound to OS proc set {56}
OMP: pid 181570 tid 181579 thread 3 bound to OS proc set {62}
OMP: pid 181570 tid 181602 thread 15 bound to OS proc set {86}
OMP: pid 181570 tid 181577 thread 2 bound to OS proc set {60}
OMP: pid 181570 tid 181574 thread 1 bound to OS proc set {58}
OMP: pid 181570 tid 181596 thread 11 bound to OS proc set {78}
OMP: pid 181570 tid 181591 thread 9 bound to OS proc set {74}
OMP: pid 181570 tid 181597 thread 12 bound to OS proc set {80}
OMP: pid 181570 tid 181581 thread 4 bound to OS proc set {64}
OMP: pid 181570 tid 181587 thread 7 bound to OS proc set {70}
OMP: pid 181570 tid 181598 thread 13 bound to OS proc set {82}
OMP: pid 181570 tid 181601 thread 14 bound to OS proc set {84}
OMP: pid 181570 tid 181589 thread 8 bound to OS proc set {72}
OMP: pid 181570 tid 181583 thread 5 bound to OS proc set {66}
OMP: pid 181570 tid 181585 thread 6 bound to OS proc set {68}
OMP: pid 181570 tid 181592 thread 10 bound to OS proc set {76}


 NAS Parallel Benchmarks (NPB3.4-OMP) - CG Benchmark

 Size:      150000
 Iterations:                     75
 Number of available threads:    16

 Initialization time =           0.864 seconds

   iteration           ||r||                 zeta
        1       0.35309716063923E-12   109.9994423237398
        5       0.89250429015608E-15    28.6471670038896
       10       0.91263843281272E-15    28.9496695449000
       15       0.90722043613309E-15    28.9716336228373
       20       0.91510716621738E-15    28.9734210663751
       25       0.90956041791185E-15    28.9735863059385
       30       0.90882215000796E-15    28.9736033967630
       35       0.90995696539818E-15    28.9736053266249
       40       0.90808277098089E-15    28.9736055590700
       45       0.91112247191217E-15    28.9736055884130
       50       0.91022252584839E-15    28.9736055922482
       55       0.90344852214853E-15    28.9736055927636
       60       0.90798629276324E-15    28.9736055928341
       65       0.90776747129380E-15    28.9736055928438
       70       0.90305342812209E-15    28.9736055928452
       75       0.90214119674483E-15    28.9736055928455
 Benchmark completed 
 VERIFICATION SUCCESSFUL 
 Zeta is     0.2897360559285E+02
 Error is    0.1581784714701E-13


 CG Benchmark Completed.
 Class           =                        C
 Size            =                   150000
 Iterations      =                       75
 Time in seconds =                     6.40
 Total threads   =                       16
 Avail threads   =                       16
 Mop/s total     =                 22396.35
 Mop/s/thread    =                  1399.77
 Operation type  =           floating point
 Verification    =               SUCCESSFUL
 Version         =                    3.4.3
 Compile date    =              18 Feb 2026

 Compile options:
    FC           = gfortran
    FLINK        = $(FC)
    F_LIB        = -L/dss/dsshome1/09/ga27qam2/llvm-project/bu...
    F_INC        = (none)
    FFLAGS       = -O3 -fopenmp
    FLINKFLAGS   = -O3 -fopenmp
    RAND         = randi8


 Please send all errors/feedbacks to:

 NPB Development Team
 npb@nas.nasa.gov


