OMP: pid 179332 tid 179332 thread 0 bound to OS proc set {56}
OMP: pid 179332 tid 179335 thread 3 bound to OS proc set {68}
OMP: pid 179332 tid 179339 thread 7 bound to OS proc set {84}
OMP: pid 179332 tid 179333 thread 1 bound to OS proc set {60}
OMP: pid 179332 tid 179334 thread 2 bound to OS proc set {64}
OMP: pid 179332 tid 179336 thread 4 bound to OS proc set {72}
OMP: pid 179332 tid 179337 thread 5 bound to OS proc set {76}
OMP: pid 179332 tid 179338 thread 6 bound to OS proc set {80}


 NAS Parallel Benchmarks (NPB3.4-OMP) - CG Benchmark

 Size:      150000
 Iterations:                     75
 Number of available threads:     8

 Initialization time =           1.607 seconds

   iteration           ||r||                 zeta
        1       0.35317815560006E-12   109.9994423237398
        5       0.89190705402167E-15    28.6471670038896
       10       0.91079134966955E-15    28.9496695449000
       15       0.90752311040631E-15    28.9716336228371
       20       0.91422911680764E-15    28.9734210663752
       25       0.90872495110923E-15    28.9735863059386
       30       0.90840207057450E-15    28.9736033967633
       35       0.91026216037421E-15    28.9736053266247
       40       0.90585861512037E-15    28.9736055590700
       45       0.90864312017170E-15    28.9736055884130
       50       0.90986144856691E-15    28.9736055922483
       55       0.90360029025853E-15    28.9736055927634
       60       0.90856278630665E-15    28.9736055928341
       65       0.90669924631218E-15    28.9736055928440
       70       0.90233930258072E-15    28.9736055928452
       75       0.90218392126203E-15    28.9736055928456
 Benchmark completed 
 VERIFICATION SUCCESSFUL 
 Zeta is     0.2897360559285E+02
 Error is    0.2023213007175E-13


 CG Benchmark Completed.
 Class           =                        C
 Size            =                   150000
 Iterations      =                       75
 Time in seconds =                    12.11
 Total threads   =                        8
 Avail threads   =                        8
 Mop/s total     =                 11836.51
 Mop/s/thread    =                  1479.56
 Operation type  =           floating point
 Verification    =               SUCCESSFUL
 Version         =                    3.4.3
 Compile date    =              18 Feb 2026

 Compile options:
    FC           = gfortran
    FLINK        = $(FC)
    F_LIB        = -L/dss/dsshome1/09/ga27qam2/llvm-project/bu...
    F_INC        = (none)
    FFLAGS       = -O3 -fopenmp
    FLINKFLAGS   = -O3 -fopenmp
    RAND         = randi8


 Please send all errors/feedbacks to:

 NPB Development Team
 npb@nas.nasa.gov


