OMP: pid 176771 tid 176771 thread 0 bound to OS proc set {56}
OMP: pid 176771 tid 176774 thread 3 bound to OS proc set {80}
OMP: pid 176771 tid 176773 thread 2 bound to OS proc set {72}
OMP: pid 176771 tid 176772 thread 1 bound to OS proc set {64}


 NAS Parallel Benchmarks (NPB3.4-OMP) - CG Benchmark

 Size:      150000
 Iterations:                     75
 Number of available threads:     4

 Initialization time =           3.106 seconds

   iteration           ||r||                 zeta
        1       0.35323186276470E-12   109.9994423237398
        5       0.89276063500116E-15    28.6471670038893
       10       0.91259367793431E-15    28.9496695449003
       15       0.90665806755017E-15    28.9716336228371
       20       0.91473108438452E-15    28.9734210663747
       25       0.90867335299397E-15    28.9735863059382
       30       0.91183560287949E-15    28.9736033967627
       35       0.91062999577694E-15    28.9736053266246
       40       0.90786623824278E-15    28.9736055590699
       45       0.90969779562189E-15    28.9736055884132
       50       0.90878478619986E-15    28.9736055922485
       55       0.90408966516904E-15    28.9736055927632
       60       0.90812206040940E-15    28.9736055928339
       65       0.90367861410184E-15    28.9736055928440
       70       0.90306946844416E-15    28.9736055928455
       75       0.90083752520025E-15    28.9736055928458
 Benchmark completed 
 VERIFICATION SUCCESSFUL 
 Zeta is     0.2897360559285E+02
 Error is    0.2709879239913E-13


 CG Benchmark Completed.
 Class           =                        C
 Size            =                   150000
 Iterations      =                       75
 Time in seconds =                    22.50
 Total threads   =                        4
 Avail threads   =                        4
 Mop/s total     =                  6370.53
 Mop/s/thread    =                  1592.63
 Operation type  =           floating point
 Verification    =               SUCCESSFUL
 Version         =                    3.4.3
 Compile date    =              18 Feb 2026

 Compile options:
    FC           = gfortran
    FLINK        = $(FC)
    F_LIB        = -L/dss/dsshome1/09/ga27qam2/llvm-project/bu...
    F_INC        = (none)
    FFLAGS       = -O3 -fopenmp
    FLINKFLAGS   = -O3 -fopenmp
    RAND         = randi8


 Please send all errors/feedbacks to:

 NPB Development Team
 npb@nas.nasa.gov


