OMP: pid 30440 tid 30444 thread 1 bound to OS proc set {1-8}
OMP: pid 30440 tid 30462 thread 7 bound to OS proc set {1-8}
OMP: pid 30440 tid 30445 thread 2 bound to OS proc set {1-8}
OMP: pid 30440 tid 30440 thread 0 bound to OS proc set {1-8}
OMP: pid 30440 tid 30447 thread 3 bound to OS proc set {1-8}
OMP: pid 30440 tid 30451 thread 4 bound to OS proc set {1-8}
OMP: pid 30440 tid 30454 thread 5 bound to OS proc set {1-8}
OMP: pid 30440 tid 30458 thread 6 bound to OS proc set {1-8}
OMP: pid 30440 tid 30447 thread 3 bound to OS proc set {1-8}
OMP: pid 30440 tid 30440 thread 0 bound to OS proc set {1-8}
OMP: pid 30440 tid 30444 thread 1 bound to OS proc set {1-8}
OMP: pid 30440 tid 30445 thread 2 bound to OS proc set {1-8}


 NAS Parallel Benchmarks (NPB3.4-OMP) - CG Benchmark

 Size:      150000
 Iterations:                     75
 Number of available threads:     8

 Initialization time =           3.420 seconds

   iteration           ||r||                 zeta
        1       0.35328997525708E-12   109.9994423237398
        5       0.89236848289085E-15    28.6471670038893
       10       0.91278906047917E-15    28.9496695449003
       15       0.90667818962029E-15    28.9716336228371
       20       0.91463457889813E-15    28.9734210663747
       25       0.90909051612047E-15    28.9735863059382
       30       0.91003634021957E-15    28.9736033967627
       35       0.91087438056212E-15    28.9736053266246
       40       0.90750024604011E-15    28.9736055590700
       45       0.91164142992729E-15    28.9736055884132
       50       0.91036404858965E-15    28.9736055922485
       55       0.90357338600962E-15    28.9736055927632
       60       0.90807735114170E-15    28.9736055928340
       65       0.90642006978331E-15    28.9736055928440
       70       0.90221435587174E-15    28.9736055928455
       75       0.90150656204135E-15    28.9736055928458
 Benchmark completed 
 VERIFICATION SUCCESSFUL 
 Zeta is     0.2897360559285E+02
 Error is    0.2807974416019E-13


 CG Benchmark Completed.
 Class           =                        C
 Size            =                   150000
 Iterations      =                       75
 Time in seconds =                    21.40
 Total threads   =                        4
 Avail threads   =                        8
 Warning: Threads used differ from threads available
 Mop/s total     =                  6697.05
 Mop/s/thread    =                  1674.26
 Operation type  =           floating point
 Verification    =               SUCCESSFUL
 Version         =                    3.4.3
 Compile date    =              18 Feb 2026

 Compile options:
    FC           = gfortran
    FLINK        = $(FC)
    F_LIB        = -L/dss/dsshome1/09/ga27qam2/llvm-project/bu...
    F_INC        = (none)
    FFLAGS       = -O3 -fopenmp
    FLINKFLAGS   = -O3 -fopenmp
    RAND         = randi8


 Please send all errors/feedbacks to:

 NPB Development Team
 npb@nas.nasa.gov


