OMP: pid 48647 tid 48647 thread 0 bound to OS proc set {56-87}
OMP: pid 48647 tid 48665 thread 1 bound to OS proc set {56-87}
OMP: pid 48647 tid 48669 thread 2 bound to OS proc set {56-87}
OMP: pid 48647 tid 48673 thread 3 bound to OS proc set {56-87}
OMP: pid 48647 tid 48691 thread 8 bound to OS proc set {56-87}
OMP: pid 48647 tid 48704 thread 12 bound to OS proc set {56-87}
OMP: pid 48647 tid 48715 thread 15 bound to OS proc set {56-87}
OMP: pid 48647 tid 48699 thread 11 bound to OS proc set {56-87}
OMP: pid 48647 tid 48678 thread 4 bound to OS proc set {56-87}
OMP: pid 48647 tid 48697 thread 9 bound to OS proc set {56-87}
OMP: pid 48647 tid 48698 thread 10 bound to OS proc set {56-87}
OMP: pid 48647 tid 48707 thread 14 bound to OS proc set {56-87}
OMP: pid 48647 tid 48687 thread 7 bound to OS proc set {56-87}
OMP: pid 48647 tid 48727 thread 19 bound to OS proc set {56-87}
OMP: pid 48647 tid 48755 thread 31 bound to OS proc set {56-87}
OMP: pid 48647 tid 48683 thread 5 bound to OS proc set {56-87}
OMP: pid 48647 tid 48685 thread 6 bound to OS proc set {56-87}
OMP: pid 48647 tid 48705 thread 13 bound to OS proc set {56-87}
OMP: pid 48647 tid 48754 thread 30 bound to OS proc set {56-87}
OMP: pid 48647 tid 48717 thread 16 bound to OS proc set {56-87}
OMP: pid 48647 tid 48723 thread 18 bound to OS proc set {56-87}
OMP: pid 48647 tid 48748 thread 28 bound to OS proc set {56-87}
OMP: pid 48647 tid 48745 thread 27 bound to OS proc set {56-87}
OMP: pid 48647 tid 48718 thread 17 bound to OS proc set {56-87}
OMP: pid 48647 tid 48729 thread 21 bound to OS proc set {56-87}
OMP: pid 48647 tid 48734 thread 23 bound to OS proc set {56-87}
OMP: pid 48647 tid 48728 thread 20 bound to OS proc set {56-87}
OMP: pid 48647 tid 48736 thread 24 bound to OS proc set {56-87}
OMP: pid 48647 tid 48733 thread 22 bound to OS proc set {56-87}
OMP: pid 48647 tid 48750 thread 29 bound to OS proc set {56-87}
OMP: pid 48647 tid 48743 thread 26 bound to OS proc set {56-87}
OMP: pid 48647 tid 48739 thread 25 bound to OS proc set {56-87}


 NAS Parallel Benchmarks (NPB3.4-OMP) - CG Benchmark

 Size:      150000
 Iterations:                     75
 Number of available threads:    32

 Initialization time =           1.207 seconds

   iteration           ||r||                 zeta
        1       0.35317829520042E-12   109.9994423237398
        5       0.89308941270231E-15    28.6471670038895
       10       0.91256784349906E-15    28.9496695448999
       15       0.90639211445183E-15    28.9716336228371
       20       0.91399497866036E-15    28.9734210663749
       25       0.90940170631007E-15    28.9735863059384
       30       0.91039339265332E-15    28.9736033967631
       35       0.91019462676601E-15    28.9736053266249
       40       0.90742342441548E-15    28.9736055590699
       45       0.90952411474025E-15    28.9736055884128
       50       0.90997461058700E-15    28.9736055922484
       55       0.90369560304719E-15    28.9736055927634
       60       0.90891192188032E-15    28.9736055928340
       65       0.90677508248994E-15    28.9736055928439
       70       0.90199981289773E-15    28.9736055928453
       75       0.90081684163243E-15    28.9736055928455
 Benchmark completed 
 VERIFICATION SUCCESSFUL 
 Zeta is     0.2897360559285E+02
 Error is    0.1777975066912E-13


 CG Benchmark Completed.
 Class           =                        C
 Size            =                   150000
 Iterations      =                       75
 Time in seconds =                    12.46
 Total threads   =                       32
 Avail threads   =                       32
 Mop/s total     =                 11505.30
 Mop/s/thread    =                   359.54
 Operation type  =           floating point
 Verification    =               SUCCESSFUL
 Version         =                    3.4.3
 Compile date    =              18 Feb 2026

 Compile options:
    FC           = gfortran
    FLINK        = $(FC)
    F_LIB        = -L/dss/dsshome1/09/ga27qam2/llvm-project/bu...
    F_INC        = (none)
    FFLAGS       = -O3 -fopenmp
    FLINKFLAGS   = -O3 -fopenmp
    RAND         = randi8


 Please send all errors/feedbacks to:

 NPB Development Team
 npb@nas.nasa.gov


