OMP: pid 30439 tid 30448 thread 2 bound to OS proc set {56-63}
OMP: pid 30439 tid 30469 thread 7 bound to OS proc set {56-63}
OMP: pid 30439 tid 30446 thread 1 bound to OS proc set {56-63}
OMP: pid 30439 tid 30452 thread 3 bound to OS proc set {56-63}
OMP: pid 30439 tid 30439 thread 0 bound to OS proc set {56-63}
OMP: pid 30439 tid 30456 thread 4 bound to OS proc set {56-63}
OMP: pid 30439 tid 30464 thread 6 bound to OS proc set {56-63}
OMP: pid 30439 tid 30460 thread 5 bound to OS proc set {56-63}


 NAS Parallel Benchmarks (NPB3.4-OMP) - CG Benchmark

 Size:      150000
 Iterations:                     75
 Number of available threads:     8

 Initialization time =           3.444 seconds

   iteration           ||r||                 zeta
        1       0.35328125288689E-12   109.9994423237398
        5       0.89119246190545E-15    28.6471670038896
       10       0.91129819540773E-15    28.9496695449000
       15       0.90679651245835E-15    28.9716336228371
       20       0.91524617089235E-15    28.9734210663752
       25       0.90831677823768E-15    28.9735863059386
       30       0.90788207579015E-15    28.9736033967633
       35       0.91064338430016E-15    28.9736053266247
       40       0.90543361324292E-15    28.9736055590700
       45       0.90866707195567E-15    28.9736055884130
       50       0.90917437506814E-15    28.9736055922483
       55       0.90361750954936E-15    28.9736055927634
       60       0.90944279154047E-15    28.9736055928341
       65       0.90606708943359E-15    28.9736055928440
       70       0.90196737869849E-15    28.9736055928451
       75       0.90229827699837E-15    28.9736055928456
 Benchmark completed 
 VERIFICATION SUCCESSFUL 
 Zeta is     0.2897360559285E+02
 Error is    0.1974165419122E-13


 CG Benchmark Completed.
 Class           =                        C
 Size            =                   150000
 Iterations      =                       75
 Time in seconds =                    29.06
 Total threads   =                        8
 Avail threads   =                        8
 Mop/s total     =                  4932.81
 Mop/s/thread    =                   616.60
 Operation type  =           floating point
 Verification    =               SUCCESSFUL
 Version         =                    3.4.3
 Compile date    =              18 Feb 2026

 Compile options:
    FC           = gfortran
    FLINK        = $(FC)
    F_LIB        = -L/dss/dsshome1/09/ga27qam2/llvm-project/bu...
    F_INC        = (none)
    FFLAGS       = -O3 -fopenmp
    FLINKFLAGS   = -O3 -fopenmp
    RAND         = randi8


 Please send all errors/feedbacks to:

 NPB Development Team
 npb@nas.nasa.gov


