OMP: pid 26097 tid 26105 thread 1 bound to OS proc set {56-59}
OMP: pid 26097 tid 26108 thread 2 bound to OS proc set {56-59}
OMP: pid 26097 tid 26110 thread 3 bound to OS proc set {56-59}
OMP: pid 26097 tid 26097 thread 0 bound to OS proc set {56-59}


 NAS Parallel Benchmarks (NPB3.4-OMP) - CG Benchmark

 Size:      150000
 Iterations:                     75
 Number of available threads:     4

 Initialization time =           6.210 seconds

   iteration           ||r||                 zeta
        1       0.35329458058168E-12   109.9994423237398
        5       0.89234336869690E-15    28.6471670038893
       10       0.91239678965349E-15    28.9496695449003
       15       0.90695320644668E-15    28.9716336228371
       20       0.91491414129227E-15    28.9734210663747
       25       0.90846635502260E-15    28.9735863059382
       30       0.91073998882313E-15    28.9736033967627
       35       0.91112320085264E-15    28.9736053266246
       40       0.90734545014710E-15    28.9736055590700
       45       0.90968673125344E-15    28.9736055884132
       50       0.90958122331727E-15    28.9736055922485
       55       0.90290265803046E-15    28.9736055927632
       60       0.90843730212907E-15    28.9736055928339
       65       0.90582900290011E-15    28.9736055928440
       70       0.90190641032469E-15    28.9736055928455
       75       0.90152308258329E-15    28.9736055928458
 Benchmark completed 
 VERIFICATION SUCCESSFUL 
 Zeta is     0.2897360559285E+02
 Error is    0.2807974416019E-13


 CG Benchmark Completed.
 Class           =                        C
 Size            =                   150000
 Iterations      =                       75
 Time in seconds =                    51.09
 Total threads   =                        4
 Avail threads   =                        4
 Mop/s total     =                  2805.66
 Mop/s/thread    =                   701.41
 Operation type  =           floating point
 Verification    =               SUCCESSFUL
 Version         =                    3.4.3
 Compile date    =              18 Feb 2026

 Compile options:
    FC           = gfortran
    FLINK        = $(FC)
    F_LIB        = -L/dss/dsshome1/09/ga27qam2/llvm-project/bu...
    F_INC        = (none)
    FFLAGS       = -O3 -fopenmp
    FLINKFLAGS   = -O3 -fopenmp
    RAND         = randi8


 Please send all errors/feedbacks to:

 NPB Development Team
 npb@nas.nasa.gov


