OMP: pid 30442 tid 30455 thread 1 bound to OS proc set {56-63}
OMP: pid 30442 tid 30459 thread 2 bound to OS proc set {56-63}
OMP: pid 30442 tid 30442 thread 0 bound to OS proc set {56-63}
OMP: pid 30442 tid 30467 thread 4 bound to OS proc set {56-63}
OMP: pid 30442 tid 30472 thread 7 bound to OS proc set {56-63}
OMP: pid 30442 tid 30471 thread 6 bound to OS proc set {56-63}
OMP: pid 30442 tid 30463 thread 3 bound to OS proc set {56-63}
OMP: pid 30442 tid 30470 thread 5 bound to OS proc set {56-63}


 NAS Parallel Benchmarks (NPB3.4-OMP) - CG Benchmark

 Size:      150000
 Iterations:                     75
 Number of available threads:     8

 Initialization time =           3.499 seconds

   iteration           ||r||                 zeta
        1       0.35329100448256E-12   109.9994423237398
        5       0.89179680017856E-15    28.6471670038896
       10       0.91149284650485E-15    28.9496695449000
       15       0.90615141101113E-15    28.9716336228371
       20       0.91351429195079E-15    28.9734210663752
       25       0.90929854113424E-15    28.9735863059386
       30       0.90852085383449E-15    28.9736033967633
       35       0.91020273477652E-15    28.9736053266247
       40       0.90620135290552E-15    28.9736055590700
       45       0.90808096639405E-15    28.9736055884130
       50       0.91008695651602E-15    28.9736055922483
       55       0.90285652828971E-15    28.9736055927634
       60       0.90905726932204E-15    28.9736055928341
       65       0.90646962648241E-15    28.9736055928440
       70       0.90190703022749E-15    28.9736055928451
       75       0.90196787434288E-15    28.9736055928456
 Benchmark completed 
 VERIFICATION SUCCESSFUL 
 Zeta is     0.2897360559285E+02
 Error is    0.2121308183281E-13


 CG Benchmark Completed.
 Class           =                        C
 Size            =                   150000
 Iterations      =                       75
 Time in seconds =                    29.24
 Total threads   =                        8
 Avail threads   =                        8
 Mop/s total     =                  4902.00
 Mop/s/thread    =                   612.75
 Operation type  =           floating point
 Verification    =               SUCCESSFUL
 Version         =                    3.4.3
 Compile date    =              18 Feb 2026

 Compile options:
    FC           = gfortran
    FLINK        = $(FC)
    F_LIB        = -L/dss/dsshome1/09/ga27qam2/llvm-project/bu...
    F_INC        = (none)
    FFLAGS       = -O3 -fopenmp
    FLINKFLAGS   = -O3 -fopenmp
    RAND         = randi8


 Please send all errors/feedbacks to:

 NPB Development Team
 npb@nas.nasa.gov


