OMP: pid 180864 tid 180864 thread 0 bound to OS proc set {1}
OMP: pid 180864 tid 180876 thread 3 bound to OS proc set {13}
OMP: pid 180864 tid 180877 thread 4 bound to OS proc set {17}
OMP: pid 180864 tid 180875 thread 2 bound to OS proc set {9}
OMP: pid 180864 tid 180874 thread 1 bound to OS proc set {5}
OMP: pid 180864 tid 180879 thread 6 bound to OS proc set {25}
OMP: pid 180864 tid 180878 thread 5 bound to OS proc set {21}
OMP: pid 180864 tid 180880 thread 7 bound to OS proc set {29}


 NAS Parallel Benchmarks (NPB3.4-OMP) - CG Benchmark

 Size:      150000
 Iterations:                     75
 Number of available threads:     8

 Initialization time =           1.567 seconds

   iteration           ||r||                 zeta
        1       0.35309682901210E-12   109.9994423237398
        5       0.89155164906457E-15    28.6471670038896
       10       0.91112477121744E-15    28.9496695449001
       15       0.90696411420623E-15    28.9716336228370
       20       0.91401657815212E-15    28.9734210663752
       25       0.90919548020894E-15    28.9735863059386
       30       0.90927408402310E-15    28.9736033967633
       35       0.90941636833652E-15    28.9736053266247
       40       0.90700576588977E-15    28.9736055590700
       45       0.90882539771442E-15    28.9736055884130
       50       0.91137649412803E-15    28.9736055922483
       55       0.90298577235674E-15    28.9736055927634
       60       0.90785050602712E-15    28.9736055928341
       65       0.90577446216889E-15    28.9736055928440
       70       0.90155831648466E-15    28.9736055928451
       75       0.90223097745501E-15    28.9736055928456
 Benchmark completed 
 VERIFICATION SUCCESSFUL 
 Zeta is     0.2897360559285E+02
 Error is    0.2121308183281E-13


 CG Benchmark Completed.
 Class           =                        C
 Size            =                   150000
 Iterations      =                       75
 Time in seconds =                    10.67
 Total threads   =                        8
 Avail threads   =                        8
 Mop/s total     =                 13432.17
 Mop/s/thread    =                  1679.02
 Operation type  =           floating point
 Verification    =               SUCCESSFUL
 Version         =                    3.4.3
 Compile date    =              18 Feb 2026

 Compile options:
    FC           = gfortran
    FLINK        = $(FC)
    F_LIB        = -L/dss/dsshome1/09/ga27qam2/llvm-project/bu...
    F_INC        = (none)
    FFLAGS       = -O3 -fopenmp
    FLINKFLAGS   = -O3 -fopenmp
    RAND         = randi8


 Please send all errors/feedbacks to:

 NPB Development Team
 npb@nas.nasa.gov


