PID: 200542
native_threads_start = 1
[SEQ region 1] requested=16 native_threads_before=1
OMP: pid 200542 tid 200555 thread 11 bound to OS proc set {0-15}
OMP: pid 200542 tid 200554 thread 10 bound to OS proc set {0-15}
OMP: pid 200542 tid 200557 thread 13 bound to OS proc set {0-15}
OMP: pid 200542 tid 200542 thread 0 bound to OS proc set {0-15}
OMP: pid 200542 tid 200550 thread 8 bound to OS proc set {0-15}
OMP: pid 200542 tid 200546 thread 4 bound to OS proc set {0-15}
OMP: pid 200542 tid 200544 thread 2 bound to OS proc set {0-15}
OMP: pid 200542 tid 200551 thread 9 bound to OS proc set {0-15}
OMP: pid 200542 tid 200548 thread 6 bound to OS proc set {0-15}
OMP: pid 200542 tid 200549 thread 7 bound to OS proc set {0-15}
OMP: pid 200542 tid 200558 thread 14 bound to OS proc set {0-15}
OMP: pid 200542 tid 200543 thread 1 bound to OS proc set {0-15}
OMP: pid 200542 tid 200547 thread 5 bound to OS proc set {0-15}
OMP: pid 200542 tid 200545 thread 3 bound to OS proc set {0-15}
OMP: pid 200542 tid 200556 thread 12 bound to OS proc set {0-15}
OMP: pid 200542 tid 200559 thread 15 bound to OS proc set {0-15}
[SEQ region 1] omp_tid=4/16 pthread=23450722741440 os_tid=200546
[SEQ region 1] omp_tid=15/16 pthread=23448776593984 os_tid=200559
[SEQ region 1] omp_tid=1/16 pthread=23451189533504 os_tid=200543
[SEQ region 1] omp_tid=10/16 pthread=23449649016768 os_tid=200554
[SEQ region 1] omp_tid=6/16 pthread=23450185887168 os_tid=200548
[SEQ region 1] omp_tid=2/16 pthread=23450991193024 os_tid=200544
[SEQ region 1] omp_tid=13/16 pthread=23449179238720 os_tid=200557
[SEQ region 1] omp_tid=12/16 pthread=23449246355648 os_tid=200556
[SEQ region 1] omp_tid=9/16 pthread=23449850343232 os_tid=200551
[SEQ region 1] omp_tid=5/16 pthread=23450521431360 os_tid=200547
[SEQ region 1] omp_tid=0/16 pthread=23451193193280 os_tid=200542
[SEQ region 1] omp_tid=11/16 pthread=23449313472576 os_tid=200555
[SEQ region 1] omp_tid=8/16 pthread=23450051653312 os_tid=200550
[SEQ region 1] omp_tid=14/16 pthread=23448843710912 os_tid=200558
[SEQ region 1] omp_tid=7/16 pthread=23450118770240 os_tid=200549
[SEQ region 1] omp_tid=3/16 pthread=23450789858368 os_tid=200545
[SEQ region 1] team_size=16 native_threads_after=16
[SEQ region 2] requested=4 native_threads_before=16
OMP: pid 200542 tid 200542 thread 0 bound to OS proc set {0-15}
OMP: pid 200542 tid 200545 thread 3 bound to OS proc set {0-15}
OMP: pid 200542 tid 200543 thread 1 bound to OS proc set {0-15}
OMP: pid 200542 tid 200544 thread 2 bound to OS proc set {0-15}
[SEQ region 2] omp_tid=0/4 pthread=23451193193280 os_tid=200542
[SEQ region 2] omp_tid=3/4 pthread=23450789858368 os_tid=200545
[SEQ region 2] omp_tid=1/4 pthread=23451189533504 os_tid=200543
[SEQ region 2] omp_tid=2/4 pthread=23450991193024 os_tid=200544
[SEQ region 2] team_size=4 native_threads_after=16
[SEQ region 3] requested=4 native_threads_before=16
[SEQ region 3] omp_tid=0/4 pthread=23451193193280 os_tid=200542
[SEQ region 3] omp_tid=1/4 pthread=23451189533504 os_tid=200543
[SEQ region 3] omp_tid=3/4 pthread=23450789858368 os_tid=200545
[SEQ region 3] omp_tid=2/4 pthread=23450991193024 os_tid=200544
[SEQ region 3] team_size=4 native_threads_after=16
native_threads_end = 16
 Iterations      =                        2
 Time in seconds =                     3.01
 Total threads   =                       16
 Avail threads   =                       16
 Mop/s total     =                     0.00
 Mop/s/thread    =                     0.00
 Operation type  =           floating point
done
