[DRM-pin] pid=109208 tid=109214 assigned=56-71 running_on=62
[DRM-pin] pid=109208 tid=109229 assigned=56-71 running_on=58
[DRM-pin] pid=109208 tid=109234 assigned=56-71 running_on=63
[DRM-pin] pid=109208 tid=109233 assigned=56-71 running_on=60
[DRM-pin] pid=109208 tid=109236 assigned=56-71 running_on=61
[DRM-pin] pid=109208 tid=109240 assigned=56-71 running_on=57
[DRM-pin] pid=109208 tid=109238 assigned=56-71 running_on=59
[DRM-pin] pid=109208 tid=109213 assigned=56-71 running_on=56
[DRM-pin] pid=109208 tid=109216 assigned=56-71 running_on=65
[DRM-pin] pid=109208 tid=109221 assigned=56-71 running_on=67
[DRM-pin] pid=109208 tid=109224 assigned=56-71 running_on=67
[DRM-pin] pid=109208 tid=109227 assigned=56-71 running_on=66
[DRM-pin] pid=109208 tid=109237 assigned=56-71 running_on=68
[DRM-pin] pid=109208 tid=109230 assigned=56-71 running_on=57
[DRM-pin] pid=109208 tid=109218 assigned=56-71 running_on=56


 NAS Parallel Benchmarks (NPB3.4-OMP) - EP Benchmark

 Number of random numbers generated:      8589934592
 Number of available threads:                     16

EP Benchmark Results:

CPU Time =     7.223
N = 2^   32
No. Gaussian Pairs =    3373275903.
Sums =     2.691444083862575D+09    2.691519118725088D+09
Counts:
  0    1572172634.
  1    1501108549.
  2     281805648.
  3      17761221.
  4        424017.
  5          3821.
  6            13.
  7             0.
  8             0.
  9             0.


 EP Benchmark Completed.
 Class           =                        C
 Size            =               8589934592
 Iterations      =                        0
 Time in seconds =                     7.22
 Total threads   =                       16
 Avail threads   =                       16
 Mop/s total     =                  1189.30
 Mop/s/thread    =                    74.33
 Operation type  = Random numbers generated
 Verification    =               SUCCESSFUL
 Version         =                    3.4.3
 Compile date    =              03 Sep 2026

 Compile options:
    FC           = gfortran
    FLINK        = $(FC)
    F_LIB        = -L$(LLVM_BUILD)/lib -lomp
    F_INC        = (none)
    FFLAGS       = -O3 -fopenmp
    FLINKFLAGS   = -O3 -fopenmp
    RAND         = randi8


 Please send all errors/feedbacks to:

 NPB Development Team
 npb@nas.nasa.gov


