OMP: pid 182014 tid 182014 thread 0 bound to OS proc set {1}
OMP: pid 182014 tid 182019 thread 3 bound to OS proc set {7}
OMP: pid 182014 tid 182022 thread 6 bound to OS proc set {13}
OMP: pid 182014 tid 182017 thread 1 bound to OS proc set {3}
OMP: pid 182014 tid 182040 thread 15 bound to OS proc set {31}
OMP: pid 182014 tid 182018 thread 2 bound to OS proc set {5}
OMP: pid 182014 tid 182038 thread 14 bound to OS proc set {29}
OMP: pid 182014 tid 182023 thread 7 bound to OS proc set {15}
OMP: pid 182014 tid 182034 thread 12 bound to OS proc set {25}
OMP: pid 182014 tid 182024 thread 8 bound to OS proc set {17}
OMP: pid 182014 tid 182020 thread 4 bound to OS proc set {9}
OMP: pid 182014 tid 182036 thread 13 bound to OS proc set {27}
OMP: pid 182014 tid 182031 thread 11 bound to OS proc set {23}
OMP: pid 182014 tid 182021 thread 5 bound to OS proc set {11}
OMP: pid 182014 tid 182026 thread 9 bound to OS proc set {19}
OMP: pid 182014 tid 182029 thread 10 bound to OS proc set {21}


 NAS Parallel Benchmarks (NPB3.4-OMP) - EP Benchmark

 Number of random numbers generated:      8589934592
 Number of available threads:                     16

EP Benchmark Results:

CPU Time =     6.420
N = 2^   32
No. Gaussian Pairs =    3373275903.
Sums =     2.691444083862575D+09    2.691519118725089D+09
Counts:
  0    1572172634.
  1    1501108549.
  2     281805648.
  3      17761221.
  4        424017.
  5          3821.
  6            13.
  7             0.
  8             0.
  9             0.


 EP Benchmark Completed.
 Class           =                        C
 Size            =               8589934592
 Iterations      =                        0
 Time in seconds =                     6.42
 Total threads   =                       16
 Avail threads   =                       16
 Mop/s total     =                  1338.05
 Mop/s/thread    =                    83.63
 Operation type  = Random numbers generated
 Verification    =               SUCCESSFUL
 Version         =                    3.4.3
 Compile date    =              18 Feb 2026

 Compile options:
    FC           = gfortran
    FLINK        = $(FC)
    F_LIB        = -L/dss/dsshome1/09/ga27qam2/llvm-project/bu...
    F_INC        = (none)
    FFLAGS       = -O3 -fopenmp
    FLINKFLAGS   = -O3 -fopenmp
    RAND         = randi8


 Please send all errors/feedbacks to:

 NPB Development Team
 npb@nas.nasa.gov


