# arm=nodrm repeat=3 job=J05_cg alg=cg threads=32 start_offset=19.698 window=87.101
=== iteration 1 start_epoch_ms=1788485722308 ===


 NAS Parallel Benchmarks (NPB3.4-OMP) - CG Benchmark

 Size:      150000
 Iterations:                     75
 Number of available threads:    32

 Initialization time =           6.754 seconds

   iteration           ||r||                 zeta
        1       0.35323468923138E-12   109.9994423237398
        5       0.89243248696915E-15    28.6471670038895
       10       0.91150041825110E-15    28.9496695448999
       15       0.90707659123098E-15    28.9716336228372
       20       0.91511318066801E-15    28.9734210663749
       25       0.90907849759792E-15    28.9735863059384
       30       0.90938786768989E-15    28.9736033967631
       35       0.91113964177262E-15    28.9736053266250
       40       0.90672146321932E-15    28.9736055590700
       45       0.91080511897090E-15    28.9736055884128
       50       0.90897201300491E-15    28.9736055922484
       55       0.90348139961639E-15    28.9736055927634
       60       0.90934325741829E-15    28.9736055928340
       65       0.90764575357374E-15    28.9736055928439
       70       0.90148083284584E-15    28.9736055928452
       75       0.90187751431698E-15    28.9736055928455
 Benchmark completed 
 VERIFICATION SUCCESSFUL 
 Zeta is     0.2897360559285E+02
 Error is    0.1679879890806E-13


 CG Benchmark Completed.
 Class           =                        C
 Size            =                   150000
 Iterations      =                       75
 Time in seconds =                    69.05
 Total threads   =                       32
 Avail threads   =                       32
 Mop/s total     =                  2076.10
 Mop/s/thread    =                    64.88
 Operation type  =           floating point
 Verification    =               SUCCESSFUL
 Version         =                    3.4.3
 Compile date    =              03 Sep 2026

 Compile options:
    FC           = gfortran
    FLINK        = $(FC)
    F_LIB        = -L$(LLVM_BUILD)/lib -lomp
    F_INC        = (none)
    FFLAGS       = -O3 -fopenmp
    FLINKFLAGS   = -O3 -fopenmp
    RAND         = randi8


 Please send all errors/feedbacks to:

 NPB Development Team
 npb@nas.nasa.gov


=== iteration 2 start_epoch_ms=1788485798645 ===


 NAS Parallel Benchmarks (NPB3.4-OMP) - CG Benchmark

 Size:      150000
 Iterations:                     75
 Number of available threads:    32

 Initialization time =           0.468 seconds

   iteration           ||r||                 zeta
        1       0.35307961888231E-12   109.9994423237398
        5       0.89217061948028E-15    28.6471670038895
       10       0.91174695328145E-15    28.9496695449000
       15       0.90583639529944E-15    28.9716336228371
       20       0.91514639732164E-15    28.9734210663749
       25       0.90978925524089E-15    28.9735863059384
       30       0.90955353840510E-15    28.9736033967631
       35       0.90979374430040E-15    28.9736053266249
       40       0.90690925532367E-15    28.9736055590700
       45       0.91210289225661E-15    28.9736055884127
       50       0.90955169958014E-15    28.9736055922484
       55       0.90354588657496E-15    28.9736055927634
       60       0.90785736283198E-15    28.9736055928340
       65       0.90774070795583E-15    28.9736055928439
       70       0.90187857250271E-15    28.9736055928452
       75       0.90198370997674E-15    28.9736055928455
 Benchmark completed 
 VERIFICATION SUCCESSFUL 
 Zeta is     0.2897360559285E+02
 Error is    0.1777975066912E-13


 CG Benchmark Completed.
 Class           =                        C
 Size            =                   150000
 Iterations      =                       75
 Time in seconds =                     3.76
 Total threads   =                       32
 Avail threads   =                       32
 Mop/s total     =                 38162.08
 Mop/s/thread    =                  1192.56
 Operation type  =           floating point
 Verification    =               SUCCESSFUL
 Version         =                    3.4.3
 Compile date    =              03 Sep 2026

 Compile options:
    FC           = gfortran
    FLINK        = $(FC)
    F_LIB        = -L$(LLVM_BUILD)/lib -lomp
    F_INC        = (none)
    FFLAGS       = -O3 -fopenmp
    FLINKFLAGS   = -O3 -fopenmp
    RAND         = randi8


 Please send all errors/feedbacks to:

 NPB Development Team
 npb@nas.nasa.gov


=== iteration 3 start_epoch_ms=1788485803419 ===


 NAS Parallel Benchmarks (NPB3.4-OMP) - CG Benchmark

 Size:      150000
 Iterations:                     75
 Number of available threads:    32

 Initialization time =           0.477 seconds

   iteration           ||r||                 zeta
        1       0.35334997932759E-12   109.9994423237398
        5       0.89292920884078E-15    28.6471670038895
       10       0.91240753772272E-15    28.9496695448999
       15       0.90525447203547E-15    28.9716336228372
       20       0.91431828106264E-15    28.9734210663749
       25       0.90861159787424E-15    28.9735863059384
       30       0.90953585596814E-15    28.9736033967630
       35       0.90971515429490E-15    28.9736053266250
       40       0.90621595361685E-15    28.9736055590700
       45       0.91114162696773E-15    28.9736055884127
       50       0.91100106494856E-15    28.9736055922484
       55       0.90276935376889E-15    28.9736055927634
       60       0.90913662491250E-15    28.9736055928340
       65       0.90811980770557E-15    28.9736055928439
       70       0.90216913884383E-15    28.9736055928453
       75       0.90052549263152E-15    28.9736055928455
 Benchmark completed 
 VERIFICATION SUCCESSFUL 
 Zeta is     0.2897360559285E+02
 Error is    0.1630832302753E-13


 CG Benchmark Completed.
 Class           =                        C
 Size            =                   150000
 Iterations      =                       75
 Time in seconds =                     3.96
 Total threads   =                       32
 Avail threads   =                       32
 Mop/s total     =                 36161.59
 Mop/s/thread    =                  1130.05
 Operation type  =           floating point
 Verification    =               SUCCESSFUL
 Version         =                    3.4.3
 Compile date    =              03 Sep 2026

 Compile options:
    FC           = gfortran
    FLINK        = $(FC)
    F_LIB        = -L$(LLVM_BUILD)/lib -lomp
    F_INC        = (none)
    FFLAGS       = -O3 -fopenmp
    FLINKFLAGS   = -O3 -fopenmp
    RAND         = randi8


 Please send all errors/feedbacks to:

 NPB Development Team
 npb@nas.nasa.gov


=== iteration 4 start_epoch_ms=1788485808393 ===


 NAS Parallel Benchmarks (NPB3.4-OMP) - CG Benchmark

 Size:      150000
 Iterations:                     75
 Number of available threads:    32

 Initialization time =           0.470 seconds

   iteration           ||r||                 zeta
        1       0.35320691210871E-12   109.9994423237398
        5       0.89295926941156E-15    28.6471670038895
       10       0.91228548316565E-15    28.9496695448999
       15       0.90580385312382E-15    28.9716336228371
       20       0.91639200210294E-15    28.9734210663749
       25       0.90966289636984E-15    28.9735863059384
       30       0.90877866600089E-15    28.9736033967631
       35       0.91008571978079E-15    28.9736053266249
       40       0.90603304325413E-15    28.9736055590700
       45       0.91058679173941E-15    28.9736055884127
       50       0.91028078147983E-15    28.9736055922484
       55       0.90265482737461E-15    28.9736055927634
       60       0.90851146848450E-15    28.9736055928340
       65       0.90613410730803E-15    28.9736055928439
       70       0.90252112263428E-15    28.9736055928453
       75       0.90201961942210E-15    28.9736055928455
 Benchmark completed 
 VERIFICATION SUCCESSFUL 
 Zeta is     0.2897360559285E+02
 Error is    0.1630832302753E-13


 CG Benchmark Completed.
 Class           =                        C
 Size            =                   150000
 Iterations      =                       75
 Time in seconds =                     3.92
 Total threads   =                       32
 Avail threads   =                       32
 Mop/s total     =                 36541.52
 Mop/s/thread    =                  1141.92
 Operation type  =           floating point
 Verification    =               SUCCESSFUL
 Version         =                    3.4.3
 Compile date    =              03 Sep 2026

 Compile options:
    FC           = gfortran
    FLINK        = $(FC)
    F_LIB        = -L$(LLVM_BUILD)/lib -lomp
    F_INC        = (none)
    FFLAGS       = -O3 -fopenmp
    FLINKFLAGS   = -O3 -fopenmp
    RAND         = randi8


 Please send all errors/feedbacks to:

 NPB Development Team
 npb@nas.nasa.gov


