OMP: pid 209515 tid 209553 thread 2 bound to OS proc set {64-67}
OMP: pid 209515 tid 209554 thread 3 bound to OS proc set {64-67}
OMP: pid 209515 tid 209515 thread 0 bound to OS proc set {64-67}
OMP: pid 209515 tid 209548 thread 1 bound to OS proc set {64-67}
[DRM-pin] pid=209515 tid=209553 assigned=64-67 running_on=65
[DRM-pin] pid=209515 tid=209554 assigned=64-67 running_on=64
[DRM-pin] pid=209515 tid=209548 assigned=64-67 running_on=65
[DRM-pin] pid=209515 tid=209548 assigned=64-65 running_on=65
OMP: pid 209515 tid 209515 thread 0 bound to OS proc set {64-67}
OMP: pid 209515 tid 209548 thread 1 bound to OS proc set {64-67}


 NAS Parallel Benchmarks (NPB3.4-OMP) - CG Benchmark

 Size:      150000
 Iterations:                     75
 Number of available threads:     4

 Initialization time =           5.405 seconds

   iteration           ||r||                 zeta
        1       0.35329458058168E-12   109.9994423237398
        5       0.89119913608571E-15    28.6471670038882
       10       0.91215827522839E-15    28.9496695449005
       15       0.90696865572590E-15    28.9716336228368
       20       0.91772659581669E-15    28.9734210663758
       25       0.90958721211323E-15    28.9735863059383
       30       0.91016487753794E-15    28.9736033967628
       35       0.91201558976022E-15    28.9736053266252
       40       0.90669783560649E-15    28.9736055590703
       45       0.90777193109898E-15    28.9736055884132
       50       0.90970569162211E-15    28.9736055922487
       55       0.90233242542068E-15    28.9736055927623
       60       0.90624211910499E-15    28.9736055928346
       65       0.90320069363696E-15    28.9736055928435
       70       0.90288439495307E-15    28.9736055928450
       75       0.90057727775754E-15    28.9736055928457
 Benchmark completed 
 VERIFICATION SUCCESSFUL 
 Zeta is     0.2897360559285E+02
 Error is    0.2562736475755E-13


 CG Benchmark Completed.
 Class           =                        C
 Size            =                   150000
 Iterations      =                       75
 Time in seconds =                    44.68
 Total threads   =                        2
 Avail threads   =                        4
 Warning: Threads used differ from threads available
 Mop/s total     =                  3208.22
 Mop/s/thread    =                  1604.11
 Operation type  =           floating point
 Verification    =               SUCCESSFUL
 Version         =                    3.4.3
 Compile date    =              03 Sep 2026

 Compile options:
    FC           = gfortran
    FLINK        = $(FC)
    F_LIB        = -L$(LLVM_BUILD)/lib -lomp
    F_INC        = (none)
    FFLAGS       = -O3 -fopenmp
    FLINKFLAGS   = -O3 -fopenmp
    RAND         = randi8


 Please send all errors/feedbacks to:

 NPB Development Team
 npb@nas.nasa.gov


