OMP: pid 119396 tid 119442 thread 3 bound to OS proc set {1-16}
OMP: pid 119396 tid 119396 thread 0 bound to OS proc set {1-16}
OMP: pid 119396 tid 119471 thread 11 bound to OS proc set {1-16}
OMP: pid 119396 tid 119461 thread 8 bound to OS proc set {1-16}
OMP: pid 119396 tid 119453 thread 7 bound to OS proc set {1-16}
OMP: pid 119396 tid 119435 thread 1 bound to OS proc set {1-16}
OMP: pid 119396 tid 119475 thread 13 bound to OS proc set {1-16}
OMP: pid 119396 tid 119479 thread 15 bound to OS proc set {1-16}
OMP: pid 119396 tid 119473 thread 12 bound to OS proc set {1-16}
OMP: pid 119396 tid 119462 thread 9 bound to OS proc set {1-16}
OMP: pid 119396 tid 119437 thread 2 bound to OS proc set {1-16}
OMP: pid 119396 tid 119465 thread 10 bound to OS proc set {1-16}
OMP: pid 119396 tid 119478 thread 14 bound to OS proc set {1-16}
OMP: pid 119396 tid 119448 thread 4 bound to OS proc set {1-16}
OMP: pid 119396 tid 119451 thread 6 bound to OS proc set {1-16}
OMP: pid 119396 tid 119450 thread 5 bound to OS proc set {1-16}


 NAS Parallel Benchmarks (NPB3.4-OMP) - CG Benchmark

 Size:      150000
 Iterations:                     75
 Number of available threads:    16

 Initialization time =           1.805 seconds

   iteration           ||r||                 zeta
        1       0.35328332883052E-12   109.9994423237398
        5       0.89275647423212E-15    28.6471670038896
       10       0.91106582524520E-15    28.9496695449000
       15       0.90703260275242E-15    28.9716336228373
       20       0.91416494546642E-15    28.9734210663750
       25       0.90906812152881E-15    28.9735863059385
       30       0.90832226175957E-15    28.9736033967630
       35       0.91083853991806E-15    28.9736053266249
       40       0.90572464923297E-15    28.9736055590700
       45       0.91117895339429E-15    28.9736055884129
       50       0.90991811005936E-15    28.9736055922483
       55       0.90324315289848E-15    28.9736055927636
       60       0.90766581975214E-15    28.9736055928341
       65       0.90818004710372E-15    28.9736055928438
       70       0.90183373659834E-15    28.9736055928453
       75       0.90178971030916E-15    28.9736055928455
 Benchmark completed 
 VERIFICATION SUCCESSFUL 
 Zeta is     0.2897360559285E+02
 Error is    0.1581784714701E-13


 CG Benchmark Completed.
 Class           =                        C
 Size            =                   150000
 Iterations      =                       75
 Time in seconds =                    20.75
 Total threads   =                       16
 Avail threads   =                       16
 Mop/s total     =                  6909.17
 Mop/s/thread    =                   431.82
 Operation type  =           floating point
 Verification    =               SUCCESSFUL
 Version         =                    3.4.3
 Compile date    =              03 Sep 2026

 Compile options:
    FC           = gfortran
    FLINK        = $(FC)
    F_LIB        = -L$(LLVM_BUILD)/lib -lomp
    F_INC        = (none)
    FFLAGS       = -O3 -fopenmp
    FLINKFLAGS   = -O3 -fopenmp
    RAND         = randi8


 Please send all errors/feedbacks to:

 NPB Development Team
 npb@nas.nasa.gov


