OMP: pid 209544 tid 209544 thread 0 bound to OS proc set {1-4}
OMP: pid 209544 tid 209552 thread 3 bound to OS proc set {1-4}
OMP: pid 209544 tid 209551 thread 2 bound to OS proc set {1-4}
OMP: pid 209544 tid 209550 thread 1 bound to OS proc set {1-4}


 NAS Parallel Benchmarks (NPB3.4-OMP) - CG Benchmark

 Size:      150000
 Iterations:                     75
 Number of available threads:     4

 Initialization time =           5.949 seconds

   iteration           ||r||                 zeta
        1       0.35339539423836E-12   109.9994423237398
        5       0.89293162451853E-15    28.6471670038893
       10       0.91284189759064E-15    28.9496695449003
       15       0.90772247787344E-15    28.9716336228371
       20       0.91479514533811E-15    28.9734210663747
       25       0.90859525473492E-15    28.9735863059382
       30       0.90977801149912E-15    28.9736033967627
       35       0.90976541658289E-15    28.9736053266246
       40       0.90772539484073E-15    28.9736055590699
       45       0.91119942432560E-15    28.9736055884132
       50       0.90931092194500E-15    28.9736055922485
       55       0.90389722086558E-15    28.9736055927632
       60       0.90765958314026E-15    28.9736055928339
       65       0.90588416969399E-15    28.9736055928440
       70       0.90311975322897E-15    28.9736055928455
       75       0.90139040280492E-15    28.9736055928458
 Benchmark completed 
 VERIFICATION SUCCESSFUL 
 Zeta is     0.2897360559285E+02
 Error is    0.2807974416019E-13


 CG Benchmark Completed.
 Class           =                        C
 Size            =                   150000
 Iterations      =                       75
 Time in seconds =                    56.39
 Total threads   =                        4
 Avail threads   =                        4
 Mop/s total     =                  2541.86
 Mop/s/thread    =                   635.46
 Operation type  =           floating point
 Verification    =               SUCCESSFUL
 Version         =                    3.4.3
 Compile date    =              03 Sep 2026

 Compile options:
    FC           = gfortran
    FLINK        = $(FC)
    F_LIB        = -L$(LLVM_BUILD)/lib -lomp
    F_INC        = (none)
    FFLAGS       = -O3 -fopenmp
    FLINKFLAGS   = -O3 -fopenmp
    RAND         = randi8


 Please send all errors/feedbacks to:

 NPB Development Team
 npb@nas.nasa.gov


