OMP: pid 209517 tid 209517 thread 0 bound to OS proc set {64-67}
OMP: pid 209517 tid 209558 thread 3 bound to OS proc set {64-67}
OMP: pid 209517 tid 209557 thread 2 bound to OS proc set {64-67}
OMP: pid 209517 tid 209556 thread 1 bound to OS proc set {64-67}
OMP: pid 209517 tid 209517 thread 0 bound to OS proc set {64-67}
[DRM-pin] pid=209517 tid=209556 assigned=66-67 running_on=67
OMP: pid 209517 tid 209556 thread 1 bound to OS proc set {64-67}
OMP: pid 209517 tid 209517 thread 0 bound to OS proc set {64-67}
[DRM-pin] pid=209517 tid=209556 assigned=64-67 running_on=67
OMP: pid 209517 tid 209556 thread 1 bound to OS proc set {64-67}
[DRM-pin] pid=209517 tid=209558 assigned=64-67 running_on=64
[DRM-pin] pid=209517 tid=209557 assigned=64-67 running_on=65
OMP: pid 209517 tid 209558 thread 3 bound to OS proc set {64-67}
OMP: pid 209517 tid 209557 thread 2 bound to OS proc set {64-67}


 NAS Parallel Benchmarks (NPB3.4-OMP) - CG Benchmark

 Size:      150000
 Iterations:                     75
 Number of available threads:     4

 Initialization time =           6.075 seconds

   iteration           ||r||                 zeta
        1       0.35322125458928E-12   109.9994423237398
        5       0.89037278669106E-15    28.6471670038882
       10       0.91193366498220E-15    28.9496695449005
       15       0.90485531606266E-15    28.9716336228368
       20       0.91820109790059E-15    28.9734210663758
       25       0.90942004774178E-15    28.9735863059383
       30       0.91004422480569E-15    28.9736033967627
       35       0.91188915226281E-15    28.9736053266252
       40       0.90676194392693E-15    28.9736055590703
       45       0.90767857209378E-15    28.9736055884132
       50       0.91051178097586E-15    28.9736055922487
       55       0.90230968234062E-15    28.9736055927623
       60       0.90611520558197E-15    28.9736055928346
       65       0.90565848406721E-15    28.9736055928440
       70       0.90191635397036E-15    28.9736055928455
       75       0.90080710809638E-15    28.9736055928458
 Benchmark completed 
 VERIFICATION SUCCESSFUL 
 Zeta is     0.2897360559285E+02
 Error is    0.2709879239913E-13


 CG Benchmark Completed.
 Class           =                        C
 Size            =                   150000
 Iterations      =                       75
 Time in seconds =                    47.86
 Total threads   =                        4
 Avail threads   =                        4
 Mop/s total     =                  2995.24
 Mop/s/thread    =                   748.81
 Operation type  =           floating point
 Verification    =               SUCCESSFUL
 Version         =                    3.4.3
 Compile date    =              03 Sep 2026

 Compile options:
    FC           = gfortran
    FLINK        = $(FC)
    F_LIB        = -L$(LLVM_BUILD)/lib -lomp
    F_INC        = (none)
    FFLAGS       = -O3 -fopenmp
    FLINKFLAGS   = -O3 -fopenmp
    RAND         = randi8


 Please send all errors/feedbacks to:

 NPB Development Team
 npb@nas.nasa.gov


