OMP: pid 30669 tid 30678 thread 3 bound to OS proc set {1-32}
OMP: pid 30669 tid 30669 thread 0 bound to OS proc set {1-32}
OMP: pid 30669 tid 30674 thread 1 bound to OS proc set {1-32}
OMP: pid 30669 tid 30721 thread 15 bound to OS proc set {1-32}
OMP: pid 30669 tid 30716 thread 12 bound to OS proc set {1-32}
OMP: pid 30669 tid 30676 thread 2 bound to OS proc set {1-32}
OMP: pid 30669 tid 30787 thread 31 bound to OS proc set {1-32}
OMP: pid 30669 tid 30767 thread 28 bound to OS proc set {1-32}
OMP: pid 30669 tid 30699 thread 8 bound to OS proc set {1-32}
OMP: pid 30669 tid 30779 thread 30 bound to OS proc set {1-32}
OMP: pid 30669 tid 30712 thread 11 bound to OS proc set {1-32}
OMP: pid 30669 tid 30719 thread 14 bound to OS proc set {1-32}
OMP: pid 30669 tid 30723 thread 16 bound to OS proc set {1-32}
OMP: pid 30669 tid 30707 thread 10 bound to OS proc set {1-32}
OMP: pid 30669 tid 30682 thread 4 bound to OS proc set {1-32}
OMP: pid 30669 tid 30686 thread 5 bound to OS proc set {1-32}
OMP: pid 30669 tid 30737 thread 19 bound to OS proc set {1-32}
OMP: pid 30669 tid 30770 thread 29 bound to OS proc set {1-32}
OMP: pid 30669 tid 30726 thread 17 bound to OS proc set {1-32}
OMP: pid 30669 tid 30695 thread 7 bound to OS proc set {1-32}
OMP: pid 30669 tid 30701 thread 9 bound to OS proc set {1-32}
OMP: pid 30669 tid 30693 thread 6 bound to OS proc set {1-32}
OMP: pid 30669 tid 30733 thread 18 bound to OS proc set {1-32}
OMP: pid 30669 tid 30718 thread 13 bound to OS proc set {1-32}
OMP: pid 30669 tid 30762 thread 26 bound to OS proc set {1-32}
OMP: pid 30669 tid 30755 thread 24 bound to OS proc set {1-32}
OMP: pid 30669 tid 30743 thread 20 bound to OS proc set {1-32}
OMP: pid 30669 tid 30766 thread 27 bound to OS proc set {1-32}
OMP: pid 30669 tid 30759 thread 25 bound to OS proc set {1-32}
OMP: pid 30669 tid 30754 thread 23 bound to OS proc set {1-32}
OMP: pid 30669 tid 30753 thread 22 bound to OS proc set {1-32}
OMP: pid 30669 tid 30747 thread 21 bound to OS proc set {1-32}


 NAS Parallel Benchmarks (NPB3.4-OMP) - CG Benchmark

 Size:      150000
 Iterations:                     75
 Number of available threads:    32

 Initialization time =           1.100 seconds

   iteration           ||r||                 zeta
        1       0.35323125210535E-12   109.9994423237398
        5       0.89333997759801E-15    28.6471670038895
       10       0.91133477496156E-15    28.9496695448999
       15       0.90583442645905E-15    28.9716336228371
       20       0.91458455327490E-15    28.9734210663749
       25       0.90942769895050E-15    28.9735863059384
       30       0.90938176972731E-15    28.9736033967631
       35       0.90955556421806E-15    28.9736053266249
       40       0.90650128080662E-15    28.9736055590699
       45       0.91213219085117E-15    28.9736055884127
       50       0.90932012533467E-15    28.9736055922484
       55       0.90387835973958E-15    28.9736055927634
       60       0.90760871207487E-15    28.9736055928340
       65       0.90723070700405E-15    28.9736055928439
       70       0.90091635018818E-15    28.9736055928452
       75       0.90289486608967E-15    28.9736055928455
 Benchmark completed 
 VERIFICATION SUCCESSFUL 
 Zeta is     0.2897360559285E+02
 Error is    0.1679879890806E-13


 CG Benchmark Completed.
 Class           =                        C
 Size            =                   150000
 Iterations      =                       75
 Time in seconds =                    11.84
 Total threads   =                       32
 Avail threads   =                       32
 Mop/s total     =                 12107.21
 Mop/s/thread    =                   378.35
 Operation type  =           floating point
 Verification    =               SUCCESSFUL
 Version         =                    3.4.3
 Compile date    =              03 Sep 2026

 Compile options:
    FC           = gfortran
    FLINK        = $(FC)
    F_LIB        = -L$(LLVM_BUILD)/lib -lomp
    F_INC        = (none)
    FFLAGS       = -O3 -fopenmp
    FLINKFLAGS   = -O3 -fopenmp
    RAND         = randi8


 Please send all errors/feedbacks to:

 NPB Development Team
 npb@nas.nasa.gov


