OMP: pid 119398 tid 119443 thread 3 bound to OS proc set {1-16}
OMP: pid 119398 tid 119447 thread 4 bound to OS proc set {1-16}
OMP: pid 119398 tid 119398 thread 0 bound to OS proc set {1-16}
OMP: pid 119398 tid 119436 thread 2 bound to OS proc set {1-16}
OMP: pid 119398 tid 119459 thread 7 bound to OS proc set {1-16}
OMP: pid 119398 tid 119458 thread 6 bound to OS proc set {1-16}
OMP: pid 119398 tid 119430 thread 1 bound to OS proc set {1-16}
OMP: pid 119398 tid 119454 thread 5 bound to OS proc set {1-16}
OMP: pid 119398 tid 119466 thread 8 bound to OS proc set {1-16}
OMP: pid 119398 tid 119472 thread 9 bound to OS proc set {1-16}
OMP: pid 119398 tid 119481 thread 14 bound to OS proc set {1-16}
OMP: pid 119398 tid 119477 thread 12 bound to OS proc set {1-16}
OMP: pid 119398 tid 119480 thread 13 bound to OS proc set {1-16}
OMP: pid 119398 tid 119482 thread 15 bound to OS proc set {1-16}
OMP: pid 119398 tid 119474 thread 10 bound to OS proc set {1-16}
OMP: pid 119398 tid 119476 thread 11 bound to OS proc set {1-16}


 NAS Parallel Benchmarks (NPB3.4-OMP) - CG Benchmark

 Size:      150000
 Iterations:                     75
 Number of available threads:    16

 Initialization time =           1.874 seconds

   iteration           ||r||                 zeta
        1       0.35337171084646E-12   109.9994423237398
        5       0.89256460352996E-15    28.6471670038896
       10       0.91247940674664E-15    28.9496695449000
       15       0.90589271164967E-15    28.9716336228373
       20       0.91461129266717E-15    28.9734210663751
       25       0.91025807516512E-15    28.9735863059385
       30       0.90879225358713E-15    28.9736033967630
       35       0.91053374711424E-15    28.9736053266248
       40       0.90660722254044E-15    28.9736055590700
       45       0.91048323796161E-15    28.9736055884129
       50       0.91050404890783E-15    28.9736055922482
       55       0.90357242168767E-15    28.9736055927636
       60       0.90813842298598E-15    28.9736055928341
       65       0.90826876173253E-15    28.9736055928438
       70       0.90319534373985E-15    28.9736055928452
       75       0.90260927020229E-15    28.9736055928455
 Benchmark completed 
 VERIFICATION SUCCESSFUL 
 Zeta is     0.2897360559285E+02
 Error is    0.1581784714701E-13


 CG Benchmark Completed.
 Class           =                        C
 Size            =                   150000
 Iterations      =                       75
 Time in seconds =                    21.06
 Total threads   =                       16
 Avail threads   =                       16
 Mop/s total     =                  6807.40
 Mop/s/thread    =                   425.46
 Operation type  =           floating point
 Verification    =               SUCCESSFUL
 Version         =                    3.4.3
 Compile date    =              03 Sep 2026

 Compile options:
    FC           = gfortran
    FLINK        = $(FC)
    F_LIB        = -L$(LLVM_BUILD)/lib -lomp
    F_INC        = (none)
    FFLAGS       = -O3 -fopenmp
    FLINKFLAGS   = -O3 -fopenmp
    RAND         = randi8


 Please send all errors/feedbacks to:

 NPB Development Team
 npb@nas.nasa.gov


