OMP: pid 119420 tid 119420 thread 0 bound to OS proc set {64-79}
OMP: pid 119420 tid 119438 thread 4 bound to OS proc set {64-79}
OMP: pid 119420 tid 119433 thread 3 bound to OS proc set {64-79}
OMP: pid 119420 tid 119429 thread 2 bound to OS proc set {64-79}
OMP: pid 119420 tid 119440 thread 5 bound to OS proc set {64-79}
OMP: pid 119420 tid 119444 thread 7 bound to OS proc set {64-79}
OMP: pid 119420 tid 119463 thread 12 bound to OS proc set {64-79}
OMP: pid 119420 tid 119441 thread 6 bound to OS proc set {64-79}
OMP: pid 119420 tid 119427 thread 1 bound to OS proc set {64-79}
OMP: pid 119420 tid 119468 thread 15 bound to OS proc set {64-79}
OMP: pid 119420 tid 119467 thread 14 bound to OS proc set {64-79}
OMP: pid 119420 tid 119455 thread 9 bound to OS proc set {64-79}
OMP: pid 119420 tid 119449 thread 8 bound to OS proc set {64-79}
OMP: pid 119420 tid 119456 thread 10 bound to OS proc set {64-79}
OMP: pid 119420 tid 119464 thread 13 bound to OS proc set {64-79}
OMP: pid 119420 tid 119457 thread 11 bound to OS proc set {64-79}
OMP: pid 119420 tid 119420 thread 0 bound to OS proc set {64-79}
[DRM-pin] pid=119420 tid=119433 assigned=72-79 running_on=76
[DRM-pin] pid=119420 tid=119438 assigned=72-79 running_on=77
OMP: pid 119420 tid 119433 thread 3 bound to OS proc set {64-79}
OMP: pid 119420 tid 119438 thread 4 bound to OS proc set {64-79}
[DRM-pin] pid=119420 tid=119440 assigned=72-79 running_on=73
OMP: pid 119420 tid 119440 thread 5 bound to OS proc set {64-79}
[DRM-pin] pid=119420 tid=119441 assigned=72-79 running_on=72
OMP: pid 119420 tid 119441 thread 6 bound to OS proc set {64-79}
[DRM-pin] pid=119420 tid=119429 assigned=72-79 running_on=72
OMP: pid 119420 tid 119429 thread 2 bound to OS proc set {64-79}
[DRM-pin] pid=119420 tid=119427 assigned=72-79 running_on=72
OMP: pid 119420 tid 119427 thread 1 bound to OS proc set {64-79}
[DRM-pin] pid=119420 tid=119444 assigned=72-79 running_on=72
OMP: pid 119420 tid 119444 thread 7 bound to OS proc set {64-79}


 NAS Parallel Benchmarks (NPB3.4-OMP) - CG Benchmark

 Size:      150000
 Iterations:                     75
 Number of available threads:    16

 Initialization time =           2.023 seconds

   iteration           ||r||                 zeta
        1       0.35332428697166E-12   109.9994423237398
        5       0.89137860794527E-15    28.6471670038896
       10       0.91148083346264E-15    28.9496695449000
       15       0.90769469377583E-15    28.9716336228371
       20       0.91360396544366E-15    28.9734210663752
       25       0.90849587844858E-15    28.9735863059386
       30       0.91005486705201E-15    28.9736033967633
       35       0.91048176009279E-15    28.9736053266247
       40       0.90708087989023E-15    28.9736055590700
       45       0.90877152268502E-15    28.9736055884130
       50       0.91061842275473E-15    28.9736055922483
       55       0.90300565976848E-15    28.9736055927634
       60       0.90839369779433E-15    28.9736055928341
       65       0.90637832390732E-15    28.9736055928440
       70       0.90363145117404E-15    28.9736055928451
       75       0.90206235173370E-15    28.9736055928456
 Benchmark completed 
 VERIFICATION SUCCESSFUL 
 Zeta is     0.2897360559285E+02
 Error is    0.2121308183281E-13


 CG Benchmark Completed.
 Class           =                        C
 Size            =                   150000
 Iterations      =                       75
 Time in seconds =                    12.85
 Total threads   =                        8
 Avail threads   =                       16
 Warning: Threads used differ from threads available
 Mop/s total     =                 11153.08
 Mop/s/thread    =                  1394.13
 Operation type  =           floating point
 Verification    =               SUCCESSFUL
 Version         =                    3.4.3
 Compile date    =              03 Sep 2026

 Compile options:
    FC           = gfortran
    FLINK        = $(FC)
    F_LIB        = -L$(LLVM_BUILD)/lib -lomp
    F_INC        = (none)
    FFLAGS       = -O3 -fopenmp
    FLINKFLAGS   = -O3 -fopenmp
    RAND         = randi8


 Please send all errors/feedbacks to:

 NPB Development Team
 npb@nas.nasa.gov


