OMP: pid 209516 tid 209546 thread 2 bound to OS proc set {1-4}
OMP: pid 209516 tid 209547 thread 3 bound to OS proc set {1-4}
OMP: pid 209516 tid 209516 thread 0 bound to OS proc set {1-4}
OMP: pid 209516 tid 209545 thread 1 bound to OS proc set {1-4}


 NAS Parallel Benchmarks (NPB3.4-OMP) - CG Benchmark

 Size:      150000
 Iterations:                     75
 Number of available threads:     4

 Initialization time =           5.599 seconds

   iteration           ||r||                 zeta
        1       0.35329458058168E-12   109.9994423237398
        5       0.89205832937464E-15    28.6471670038893
       10       0.91236214180901E-15    28.9496695449003
       15       0.90663158304064E-15    28.9716336228371
       20       0.91523354165335E-15    28.9734210663747
       25       0.90964655556163E-15    28.9735863059382
       30       0.91010423228835E-15    28.9736033967628
       35       0.91031549442006E-15    28.9736053266246
       40       0.90742761144579E-15    28.9736055590700
       45       0.90949134504413E-15    28.9736055884132
       50       0.91040462476005E-15    28.9736055922485
       55       0.90387452528670E-15    28.9736055927632
       60       0.90856593345850E-15    28.9736055928339
       65       0.90564833611324E-15    28.9736055928440
       70       0.90308952566612E-15    28.9736055928455
       75       0.90134834939923E-15    28.9736055928458
 Benchmark completed 
 VERIFICATION SUCCESSFUL 
 Zeta is     0.2897360559285E+02
 Error is    0.2758926827966E-13


 CG Benchmark Completed.
 Class           =                        C
 Size            =                   150000
 Iterations      =                       75
 Time in seconds =                    57.12
 Total threads   =                        4
 Avail threads   =                        4
 Mop/s total     =                  2509.52
 Mop/s/thread    =                   627.38
 Operation type  =           floating point
 Verification    =               SUCCESSFUL
 Version         =                    3.4.3
 Compile date    =              03 Sep 2026

 Compile options:
    FC           = gfortran
    FLINK        = $(FC)
    F_LIB        = -L$(LLVM_BUILD)/lib -lomp
    F_INC        = (none)
    FFLAGS       = -O3 -fopenmp
    FLINKFLAGS   = -O3 -fopenmp
    RAND         = randi8


 Please send all errors/feedbacks to:

 NPB Development Team
 npb@nas.nasa.gov


