OMP: pid 186365 tid 186365 thread 0 bound to OS proc set {56}
OMP: pid 186365 tid 186373 thread 3 bound to OS proc set {59}
OMP: pid 186365 tid 186391 thread 12 bound to OS proc set {68}
OMP: pid 186365 tid 186402 thread 15 bound to OS proc set {71}
OMP: pid 186365 tid 186383 thread 8 bound to OS proc set {64}
OMP: pid 186365 tid 186389 thread 11 bound to OS proc set {67}
OMP: pid 186365 tid 186369 thread 1 bound to OS proc set {57}
OMP: pid 186365 tid 186377 thread 5 bound to OS proc set {61}
OMP: pid 186365 tid 186399 thread 14 bound to OS proc set {70}
OMP: pid 186365 tid 186381 thread 7 bound to OS proc set {63}
OMP: pid 186365 tid 186395 thread 13 bound to OS proc set {69}
OMP: pid 186365 tid 186425 thread 28 bound to OS proc set {84}
OMP: pid 186365 tid 186387 thread 10 bound to OS proc set {66}
OMP: pid 186365 tid 186375 thread 4 bound to OS proc set {60}
OMP: pid 186365 tid 186404 thread 16 bound to OS proc set {72}
OMP: pid 186365 tid 186418 thread 23 bound to OS proc set {79}
OMP: pid 186365 tid 186427 thread 30 bound to OS proc set {86}
OMP: pid 186365 tid 186408 thread 18 bound to OS proc set {74}
OMP: pid 186365 tid 186424 thread 27 bound to OS proc set {83}
OMP: pid 186365 tid 186410 thread 19 bound to OS proc set {75}
OMP: pid 186365 tid 186414 thread 21 bound to OS proc set {77}
OMP: pid 186365 tid 186412 thread 20 bound to OS proc set {76}
OMP: pid 186365 tid 186420 thread 24 bound to OS proc set {80}
OMP: pid 186365 tid 186406 thread 17 bound to OS proc set {73}
OMP: pid 186365 tid 186416 thread 22 bound to OS proc set {78}
OMP: pid 186365 tid 186423 thread 26 bound to OS proc set {82}
OMP: pid 186365 tid 186379 thread 6 bound to OS proc set {62}
OMP: pid 186365 tid 186384 thread 9 bound to OS proc set {65}
OMP: pid 186365 tid 186371 thread 2 bound to OS proc set {58}
OMP: pid 186365 tid 186426 thread 29 bound to OS proc set {85}
OMP: pid 186365 tid 186422 thread 25 bound to OS proc set {81}
OMP: pid 186365 tid 186428 thread 31 bound to OS proc set {87}


 NAS Parallel Benchmarks (NPB3.4-OMP) - EP Benchmark

 Number of random numbers generated:      8589934592
 Number of available threads:                     32

EP Benchmark Results:

CPU Time =     1.767
N = 2^   32
No. Gaussian Pairs =    3373275903.
Sums =     2.691444083863086D+09    2.691519118724447D+09
Counts:
  0    1572172634.
  1    1501108549.
  2     281805648.
  3      17761221.
  4        424017.
  5          3821.
  6            13.
  7             0.
  8             0.
  9             0.


 EP Benchmark Completed.
 Class           =                        C
 Size            =               8589934592
 Iterations      =                        0
 Time in seconds =                     1.77
 Total threads   =                       32
 Avail threads   =                       32
 Mop/s total     =                  4861.93
 Mop/s/thread    =                   151.94
 Operation type  = Random numbers generated
 Verification    =               SUCCESSFUL
 Version         =                    3.4.3
 Compile date    =              18 Feb 2026

 Compile options:
    FC           = gfortran
    FLINK        = $(FC)
    F_LIB        = -L/dss/dsshome1/09/ga27qam2/llvm-project/bu...
    F_INC        = (none)
    FFLAGS       = -O3 -fopenmp
    FLINKFLAGS   = -O3 -fopenmp
    RAND         = randi8


 Please send all errors/feedbacks to:

 NPB Development Team
 npb@nas.nasa.gov


