OMP: pid 183300 tid 183300 thread 0 bound to OS proc set {1}
OMP: pid 183300 tid 183310 thread 1 bound to OS proc set {3}
OMP: pid 183300 tid 183314 thread 3 bound to OS proc set {7}
OMP: pid 183300 tid 183319 thread 6 bound to OS proc set {13}
OMP: pid 183300 tid 183312 thread 2 bound to OS proc set {5}
OMP: pid 183300 tid 183322 thread 8 bound to OS proc set {17}
OMP: pid 183300 tid 183332 thread 14 bound to OS proc set {29}
OMP: pid 183300 tid 183315 thread 4 bound to OS proc set {9}
OMP: pid 183300 tid 183330 thread 12 bound to OS proc set {25}
OMP: pid 183300 tid 183329 thread 11 bound to OS proc set {23}
OMP: pid 183300 tid 183323 thread 9 bound to OS proc set {19}
OMP: pid 183300 tid 183320 thread 7 bound to OS proc set {15}
OMP: pid 183300 tid 183317 thread 5 bound to OS proc set {11}
OMP: pid 183300 tid 183333 thread 15 bound to OS proc set {31}
OMP: pid 183300 tid 183331 thread 13 bound to OS proc set {27}
OMP: pid 183300 tid 183328 thread 10 bound to OS proc set {21}


 NAS Parallel Benchmarks (NPB3.4-OMP) - EP Benchmark

 Number of random numbers generated:      8589934592
 Number of available threads:                     16

EP Benchmark Results:

CPU Time =     3.528
N = 2^   32
No. Gaussian Pairs =    3373275903.
Sums =     2.691444083862576D+09    2.691519118725089D+09
Counts:
  0    1572172634.
  1    1501108549.
  2     281805648.
  3      17761221.
  4        424017.
  5          3821.
  6            13.
  7             0.
  8             0.
  9             0.


 EP Benchmark Completed.
 Class           =                        C
 Size            =               8589934592
 Iterations      =                        0
 Time in seconds =                     3.53
 Total threads   =                       16
 Avail threads   =                       16
 Mop/s total     =                  2434.83
 Mop/s/thread    =                   152.18
 Operation type  = Random numbers generated
 Verification    =               SUCCESSFUL
 Version         =                    3.4.3
 Compile date    =              18 Feb 2026

 Compile options:
    FC           = gfortran
    FLINK        = $(FC)
    F_LIB        = -L/dss/dsshome1/09/ga27qam2/llvm-project/bu...
    F_INC        = (none)
    FFLAGS       = -O3 -fopenmp
    FLINKFLAGS   = -O3 -fopenmp
    RAND         = randi8


 Please send all errors/feedbacks to:

 NPB Development Team
 npb@nas.nasa.gov


