OMP: pid 84206 tid 84206 thread 0 bound to OS proc set {64-95}
OMP: pid 84206 tid 84236 thread 3 bound to OS proc set {64-95}
OMP: pid 84206 tid 84226 thread 2 bound to OS proc set {64-95}
OMP: pid 84206 tid 84220 thread 1 bound to OS proc set {64-95}
OMP: pid 84206 tid 84260 thread 8 bound to OS proc set {64-95}
OMP: pid 84206 tid 84280 thread 11 bound to OS proc set {64-95}
OMP: pid 84206 tid 84259 thread 7 bound to OS proc set {64-95}
OMP: pid 84206 tid 84273 thread 10 bound to OS proc set {64-95}
OMP: pid 84206 tid 84242 thread 4 bound to OS proc set {64-95}
OMP: pid 84206 tid 84257 thread 6 bound to OS proc set {64-95}
OMP: pid 84206 tid 84250 thread 5 bound to OS proc set {64-95}
OMP: pid 84206 tid 84267 thread 9 bound to OS proc set {64-95}
OMP: pid 84206 tid 84295 thread 16 bound to OS proc set {64-95}
OMP: pid 84206 tid 84305 thread 17 bound to OS proc set {64-95}
OMP: pid 84206 tid 84326 thread 24 bound to OS proc set {64-95}
OMP: pid 84206 tid 84328 thread 26 bound to OS proc set {64-95}
OMP: pid 84206 tid 84327 thread 25 bound to OS proc set {64-95}
OMP: pid 84206 tid 84329 thread 27 bound to OS proc set {64-95}
OMP: pid 84206 tid 84330 thread 28 bound to OS proc set {64-95}
OMP: pid 84206 tid 84332 thread 30 bound to OS proc set {64-95}
OMP: pid 84206 tid 84285 thread 14 bound to OS proc set {64-95}
OMP: pid 84206 tid 84331 thread 29 bound to OS proc set {64-95}
OMP: pid 84206 tid 84282 thread 12 bound to OS proc set {64-95}
OMP: pid 84206 tid 84283 thread 13 bound to OS proc set {64-95}
OMP: pid 84206 tid 84311 thread 18 bound to OS proc set {64-95}
OMP: pid 84206 tid 84314 thread 19 bound to OS proc set {64-95}
OMP: pid 84206 tid 84333 thread 31 bound to OS proc set {64-95}
OMP: pid 84206 tid 84292 thread 15 bound to OS proc set {64-95}
OMP: pid 84206 tid 84318 thread 20 bound to OS proc set {64-95}
OMP: pid 84206 tid 84322 thread 21 bound to OS proc set {64-95}
OMP: pid 84206 tid 84324 thread 22 bound to OS proc set {64-95}
OMP: pid 84206 tid 84325 thread 23 bound to OS proc set {64-95}
[DRM-pin] pid=84206 tid=84282 assigned=64-95 running_on=73
[DRM-pin] pid=84206 tid=84329 assigned=64-95 running_on=87
[DRM-pin] pid=84206 tid=84259 assigned=64-95 running_on=81
[DRM-pin] pid=84206 tid=84260 assigned=64-95 running_on=94
[DRM-pin] pid=84206 tid=84267 assigned=64-95 running_on=70
[DRM-pin] pid=84206 tid=84242 assigned=64-95 running_on=86
[DRM-pin] pid=84206 tid=84283 assigned=64-95 running_on=84
[DRM-pin] pid=84206 tid=84236 assigned=64-95 running_on=83
[DRM-pin] pid=84206 tid=84250 assigned=64-95 running_on=89
[DRM-pin] pid=84206 tid=84220 assigned=64-95 running_on=78
[DRM-pin] pid=84206 tid=84226 assigned=64-95 running_on=80
[DRM-pin] pid=84206 tid=84280 assigned=64-95 running_on=65
[DRM-pin] pid=84206 tid=84285 assigned=64-95 running_on=76
[DRM-pin] pid=84206 tid=84273 assigned=64-95 running_on=77
[DRM-pin] pid=84206 tid=84295 assigned=64-95 running_on=83
[DRM-pin] pid=84206 tid=84292 assigned=64-95 running_on=81
[DRM-pin] pid=84206 tid=84326 assigned=64-95 running_on=95
[DRM-pin] pid=84206 tid=84325 assigned=64-95 running_on=79
[DRM-pin] pid=84206 tid=84318 assigned=64-95 running_on=70
[DRM-pin] pid=84206 tid=84322 assigned=64-95 running_on=80
[DRM-pin] pid=84206 tid=84333 assigned=64-95 running_on=77
[DRM-pin] pid=84206 tid=84330 assigned=64-95 running_on=94
[DRM-pin] pid=84206 tid=84328 assigned=64-95 running_on=74
[DRM-pin] pid=84206 tid=84324 assigned=64-95 running_on=95
[DRM-pin] pid=84206 tid=84332 assigned=64-95 running_on=82
[DRM-pin] pid=84206 tid=84305 assigned=64-95 running_on=88
[DRM-pin] pid=84206 tid=84327 assigned=64-95 running_on=95
[DRM-pin] pid=84206 tid=84331 assigned=64-95 running_on=74
[DRM-pin] pid=84206 tid=84257 assigned=64-95 running_on=92
[DRM-pin] pid=84206 tid=84314 assigned=64-95 running_on=91
[DRM-pin] pid=84206 tid=84311 assigned=64-95 running_on=91
[DRM-pin] pid=84206 tid=84242 assigned=80-95 running_on=92
OMP: pid 84206 tid 84206 thread 0 bound to OS proc set {64-95}
OMP: pid 84206 tid 84242 thread 4 bound to OS proc set {64-95}
[DRM-pin] pid=84206 tid=84267 assigned=80-95 running_on=91
[DRM-pin] pid=84206 tid=84292 assigned=80-95 running_on=81
OMP: pid 84206 tid 84292 thread 15 bound to OS proc set {64-95}
[DRM-pin] pid=84206 tid=84273 assigned=80-95 running_on=82
OMP: pid 84206 tid 84273 thread 10 bound to OS proc set {64-95}
[DRM-pin] pid=84206 tid=84283 assigned=80-95 running_on=95
[DRM-pin] pid=84206 tid=84259 assigned=80-95 running_on=81
OMP: pid 84206 tid 84259 thread 7 bound to OS proc set {64-95}
[DRM-pin] pid=84206 tid=84250 assigned=80-95 running_on=89
OMP: pid 84206 tid 84250 thread 5 bound to OS proc set {64-95}
[DRM-pin] pid=84206 tid=84282 assigned=80-95 running_on=80
[DRM-pin] pid=84206 tid=84236 assigned=80-95 running_on=81
OMP: pid 84206 tid 84236 thread 3 bound to OS proc set {64-95}
[DRM-pin] pid=84206 tid=84260 assigned=80-95 running_on=80
OMP: pid 84206 tid 84260 thread 8 bound to OS proc set {64-95}
[DRM-pin] pid=84206 tid=84257 assigned=80-95 running_on=92
OMP: pid 84206 tid 84257 thread 6 bound to OS proc set {64-95}
OMP: pid 84206 tid 84283 thread 13 bound to OS proc set {64-95}
OMP: pid 84206 tid 84267 thread 9 bound to OS proc set {64-95}
[DRM-pin] pid=84206 tid=84285 assigned=80-95 running_on=80
OMP: pid 84206 tid 84282 thread 12 bound to OS proc set {64-95}
OMP: pid 84206 tid 84285 thread 14 bound to OS proc set {64-95}
[DRM-pin] pid=84206 tid=84220 assigned=80-95 running_on=81
OMP: pid 84206 tid 84220 thread 1 bound to OS proc set {64-95}
[DRM-pin] pid=84206 tid=84226 assigned=80-95 running_on=81
OMP: pid 84206 tid 84226 thread 2 bound to OS proc set {64-95}
[DRM-pin] pid=84206 tid=84280 assigned=80-95 running_on=84
OMP: pid 84206 tid 84280 thread 11 bound to OS proc set {64-95}


 NAS Parallel Benchmarks (NPB3.4-OMP) - FT Benchmark

 Size                :  512x 512x 512
 Iterations                  :     20
 Number of available threads :     32

 T =    1     Checksum =    5.195078707457D+02    5.149019699238D+02
 T =    2     Checksum =    5.155422171134D+02    5.127578201997D+02
 T =    3     Checksum =    5.144678022222D+02    5.122251847514D+02
 T =    4     Checksum =    5.140150594328D+02    5.121090289018D+02
 T =    5     Checksum =    5.137550426810D+02    5.121143685824D+02
 T =    6     Checksum =    5.135811056728D+02    5.121496764568D+02
 T =    7     Checksum =    5.134569343165D+02    5.121870921893D+02
 T =    8     Checksum =    5.133651975661D+02    5.122193250322D+02
 T =    9     Checksum =    5.132955192805D+02    5.122454735794D+02
 T =   10     Checksum =    5.132410471738D+02    5.122663649603D+02
 T =   11     Checksum =    5.131971141679D+02    5.122830879827D+02
 T =   12     Checksum =    5.131605205716D+02    5.122965869718D+02
 T =   13     Checksum =    5.131290734194D+02    5.123075927445D+02
 T =   14     Checksum =    5.131012720314D+02    5.123166486553D+02
 T =   15     Checksum =    5.130760908195D+02    5.123241541685D+02
 T =   16     Checksum =    5.130528295923D+02    5.123304037599D+02
 T =   17     Checksum =    5.130310107773D+02    5.123356167976D+02
 T =   18     Checksum =    5.130103090133D+02    5.123399592211D+02
 T =   19     Checksum =    5.129905029333D+02    5.123435588985D+02
 T =   20     Checksum =    5.129714421109D+02    5.123465164008D+02
 Result verification successful
 class = C


 FT Benchmark Completed.
 Class           =                        C
 Size            =            512x 512x 512
 Iterations      =                       20
 Time in seconds =                     7.96
 Total threads   =                       16
 Avail threads   =                       32
 Warning: Threads used differ from threads available
 Mop/s total     =                 49801.05
 Mop/s/thread    =                  3112.57
 Operation type  =           floating point
 Verification    =               SUCCESSFUL
 Version         =                    3.4.3
 Compile date    =              03 Sep 2026

 Compile options:
    FC           = gfortran
    FLINK        = $(FC)
    F_LIB        = -L$(LLVM_BUILD)/lib -lomp
    F_INC        = (none)
    FFLAGS       = -O3 -fopenmp
    FLINKFLAGS   = -O3 -fopenmp
    RAND         = randi8


 Please send all errors/feedbacks to:

 NPB Development Team
 npb@nas.nasa.gov


