OMP: pid 45743 tid 45743 thread 0 bound to OS proc set {56-87}
OMP: pid 45743 tid 45766 thread 3 bound to OS proc set {56-87}
OMP: pid 45743 tid 45800 thread 11 bound to OS proc set {56-87}
OMP: pid 45743 tid 45761 thread 1 bound to OS proc set {56-87}
OMP: pid 45743 tid 45804 thread 12 bound to OS proc set {56-87}
OMP: pid 45743 tid 45763 thread 2 bound to OS proc set {56-87}
OMP: pid 45743 tid 45770 thread 4 bound to OS proc set {56-87}
OMP: pid 45743 tid 45809 thread 14 bound to OS proc set {56-87}
OMP: pid 45743 tid 45814 thread 15 bound to OS proc set {56-87}
OMP: pid 45743 tid 45806 thread 13 bound to OS proc set {56-87}
OMP: pid 45743 tid 45791 thread 8 bound to OS proc set {56-87}
OMP: pid 45743 tid 45777 thread 6 bound to OS proc set {56-87}
OMP: pid 45743 tid 45798 thread 10 bound to OS proc set {56-87}
OMP: pid 45743 tid 45785 thread 7 bound to OS proc set {56-87}
OMP: pid 45743 tid 45773 thread 5 bound to OS proc set {56-87}
OMP: pid 45743 tid 45843 thread 24 bound to OS proc set {56-87}
OMP: pid 45743 tid 45850 thread 27 bound to OS proc set {56-87}
OMP: pid 45743 tid 45795 thread 9 bound to OS proc set {56-87}
OMP: pid 45743 tid 45820 thread 17 bound to OS proc set {56-87}
OMP: pid 45743 tid 45847 thread 26 bound to OS proc set {56-87}
OMP: pid 45743 tid 45845 thread 25 bound to OS proc set {56-87}
OMP: pid 45743 tid 45828 thread 19 bound to OS proc set {56-87}
OMP: pid 45743 tid 45817 thread 16 bound to OS proc set {56-87}
OMP: pid 45743 tid 45851 thread 28 bound to OS proc set {56-87}
OMP: pid 45743 tid 45840 thread 23 bound to OS proc set {56-87}
OMP: pid 45743 tid 45824 thread 18 bound to OS proc set {56-87}
OMP: pid 45743 tid 45857 thread 30 bound to OS proc set {56-87}
OMP: pid 45743 tid 45859 thread 31 bound to OS proc set {56-87}
OMP: pid 45743 tid 45854 thread 29 bound to OS proc set {56-87}
OMP: pid 45743 tid 45831 thread 20 bound to OS proc set {56-87}
OMP: pid 45743 tid 45836 thread 22 bound to OS proc set {56-87}
OMP: pid 45743 tid 45833 thread 21 bound to OS proc set {56-87}


 NAS Parallel Benchmarks (NPB3.4-OMP) - EP Benchmark

 Number of random numbers generated:      8589934592
 Number of available threads:                     32

EP Benchmark Results:

CPU Time =     3.734
N = 2^   32
No. Gaussian Pairs =    3373275903.
Sums =     2.691444083863086D+09    2.691519118724447D+09
Counts:
  0    1572172634.
  1    1501108549.
  2     281805648.
  3      17761221.
  4        424017.
  5          3821.
  6            13.
  7             0.
  8             0.
  9             0.


 EP Benchmark Completed.
 Class           =                        C
 Size            =               8589934592
 Iterations      =                        0
 Time in seconds =                     3.73
 Total threads   =                       32
 Avail threads   =                       32
 Mop/s total     =                  2300.31
 Mop/s/thread    =                    71.88
 Operation type  = Random numbers generated
 Verification    =               SUCCESSFUL
 Version         =                    3.4.3
 Compile date    =              18 Feb 2026

 Compile options:
    FC           = gfortran
    FLINK        = $(FC)
    F_LIB        = -L/dss/dsshome1/09/ga27qam2/llvm-project/bu...
    F_INC        = (none)
    FFLAGS       = -O3 -fopenmp
    FLINKFLAGS   = -O3 -fopenmp
    RAND         = randi8


 Please send all errors/feedbacks to:

 NPB Development Team
 npb@nas.nasa.gov


