OMP: pid 26656 tid 26656 thread 0 bound to OS proc set {1-32}
OMP: pid 26656 tid 26665 thread 3 bound to OS proc set {1-32}
OMP: pid 26656 tid 26663 thread 2 bound to OS proc set {1-32}
OMP: pid 26656 tid 26661 thread 1 bound to OS proc set {1-32}
OMP: pid 26656 tid 26677 thread 8 bound to OS proc set {1-32}
OMP: pid 26656 tid 26705 thread 15 bound to OS proc set {1-32}
OMP: pid 26656 tid 26696 thread 12 bound to OS proc set {1-32}
OMP: pid 26656 tid 26667 thread 4 bound to OS proc set {1-32}
OMP: pid 26656 tid 26687 thread 10 bound to OS proc set {1-32}
OMP: pid 26656 tid 26674 thread 7 bound to OS proc set {1-32}
OMP: pid 26656 tid 26716 thread 19 bound to OS proc set {1-32}
OMP: pid 26656 tid 26672 thread 6 bound to OS proc set {1-32}
OMP: pid 26656 tid 26690 thread 11 bound to OS proc set {1-32}
OMP: pid 26656 tid 26681 thread 9 bound to OS proc set {1-32}
OMP: pid 26656 tid 26699 thread 13 bound to OS proc set {1-32}
OMP: pid 26656 tid 26707 thread 16 bound to OS proc set {1-32}
OMP: pid 26656 tid 26703 thread 14 bound to OS proc set {1-32}
OMP: pid 26656 tid 26750 thread 28 bound to OS proc set {1-32}
OMP: pid 26656 tid 26730 thread 23 bound to OS proc set {1-32}
OMP: pid 26656 tid 26713 thread 18 bound to OS proc set {1-32}
OMP: pid 26656 tid 26746 thread 27 bound to OS proc set {1-32}
OMP: pid 26656 tid 26743 thread 26 bound to OS proc set {1-32}
OMP: pid 26656 tid 26758 thread 30 bound to OS proc set {1-32}
OMP: pid 26656 tid 26669 thread 5 bound to OS proc set {1-32}
OMP: pid 26656 tid 26720 thread 20 bound to OS proc set {1-32}
OMP: pid 26656 tid 26762 thread 31 bound to OS proc set {1-32}
OMP: pid 26656 tid 26709 thread 17 bound to OS proc set {1-32}
OMP: pid 26656 tid 26734 thread 24 bound to OS proc set {1-32}
OMP: pid 26656 tid 26754 thread 29 bound to OS proc set {1-32}
OMP: pid 26656 tid 26724 thread 21 bound to OS proc set {1-32}
OMP: pid 26656 tid 26739 thread 25 bound to OS proc set {1-32}
OMP: pid 26656 tid 26727 thread 22 bound to OS proc set {1-32}
[DRM-pin] pid=26656 tid=26663 assigned=1-32 running_on=19
[DRM-pin] pid=26656 tid=26677 assigned=1-32 running_on=30
[DRM-pin] pid=26656 tid=26705 assigned=1-32 running_on=14
[DRM-pin] pid=26656 tid=26750 assigned=1-32 running_on=29
[DRM-pin] pid=26656 tid=26690 assigned=1-32 running_on=7
[DRM-pin] pid=26656 tid=26720 assigned=1-32 running_on=25
[DRM-pin] pid=26656 tid=26667 assigned=1-32 running_on=23
[DRM-pin] pid=26656 tid=26699 assigned=1-32 running_on=10
[DRM-pin] pid=26656 tid=26665 assigned=1-32 running_on=21
[DRM-pin] pid=26656 tid=26730 assigned=1-32 running_on=31
[DRM-pin] pid=26656 tid=26727 assigned=1-32 running_on=24
[DRM-pin] pid=26656 tid=26672 assigned=1-32 running_on=16
[DRM-pin] pid=26656 tid=26709 assigned=1-32 running_on=6
[DRM-pin] pid=26656 tid=26739 assigned=1-32 running_on=9
[DRM-pin] pid=26656 tid=26687 assigned=1-32 running_on=11
[DRM-pin] pid=26656 tid=26734 assigned=1-32 running_on=3
[DRM-pin] pid=26656 tid=26724 assigned=1-32 running_on=27
[DRM-pin] pid=26656 tid=26743 assigned=1-32 running_on=8
[DRM-pin] pid=26656 tid=26703 assigned=1-32 running_on=13
[DRM-pin] pid=26656 tid=26758 assigned=1-32 running_on=20
[DRM-pin] pid=26656 tid=26762 assigned=1-32 running_on=15
[DRM-pin] pid=26656 tid=26713 assigned=1-32 running_on=2
[DRM-pin] pid=26656 tid=26746 assigned=1-32 running_on=12
[DRM-pin] pid=26656 tid=26754 assigned=1-32 running_on=24
[DRM-pin] pid=26656 tid=26681 assigned=1-32 running_on=5
[DRM-pin] pid=26656 tid=26707 assigned=1-32 running_on=17
[DRM-pin] pid=26656 tid=26716 assigned=1-32 running_on=22
[DRM-pin] pid=26656 tid=26661 assigned=1-32 running_on=1
[DRM-pin] pid=26656 tid=26696 assigned=1-32 running_on=18
[DRM-pin] pid=26656 tid=26669 assigned=1-32 running_on=26
[DRM-pin] pid=26656 tid=26674 assigned=1-32 running_on=28


 NAS Parallel Benchmarks (NPB3.4-OMP) - EP Benchmark

 Number of random numbers generated:      8589934592
 Number of available threads:                     32

EP Benchmark Results:

CPU Time =     6.319
N = 2^   32
No. Gaussian Pairs =    3373275903.
Sums =     2.691444083863085D+09    2.691519118724447D+09
Counts:
  0    1572172634.
  1    1501108549.
  2     281805648.
  3      17761221.
  4        424017.
  5          3821.
  6            13.
  7             0.
  8             0.
  9             0.


 EP Benchmark Completed.
 Class           =                        C
 Size            =               8589934592
 Iterations      =                        0
 Time in seconds =                     6.32
 Total threads   =                       32
 Avail threads   =                       32
 Mop/s total     =                  1359.32
 Mop/s/thread    =                    42.48
 Operation type  = Random numbers generated
 Verification    =               SUCCESSFUL
 Version         =                    3.4.3
 Compile date    =              03 Sep 2026

 Compile options:
    FC           = gfortran
    FLINK        = $(FC)
    F_LIB        = -L$(LLVM_BUILD)/lib -lomp
    F_INC        = (none)
    FFLAGS       = -O3 -fopenmp
    FLINKFLAGS   = -O3 -fopenmp
    RAND         = randi8


 Please send all errors/feedbacks to:

 NPB Development Team
 npb@nas.nasa.gov


