OMP: pid 26659 tid 26659 thread 0 bound to OS proc set {64-95}
OMP: pid 26659 tid 26678 thread 2 bound to OS proc set {64-95}
OMP: pid 26659 tid 26682 thread 3 bound to OS proc set {64-95}
OMP: pid 26659 tid 26675 thread 1 bound to OS proc set {64-95}
OMP: pid 26659 tid 26714 thread 11 bound to OS proc set {64-95}
OMP: pid 26659 tid 26721 thread 12 bound to OS proc set {64-95}
OMP: pid 26659 tid 26736 thread 14 bound to OS proc set {64-95}
OMP: pid 26659 tid 26697 thread 8 bound to OS proc set {64-95}
OMP: pid 26659 tid 26711 thread 10 bound to OS proc set {64-95}
OMP: pid 26659 tid 26685 thread 4 bound to OS proc set {64-95}
OMP: pid 26659 tid 26691 thread 6 bound to OS proc set {64-95}
OMP: pid 26659 tid 26701 thread 9 bound to OS proc set {64-95}
OMP: pid 26659 tid 26731 thread 13 bound to OS proc set {64-95}
OMP: pid 26659 tid 26688 thread 5 bound to OS proc set {64-95}
OMP: pid 26659 tid 26747 thread 16 bound to OS proc set {64-95}
OMP: pid 26659 tid 26763 thread 20 bound to OS proc set {64-95}
OMP: pid 26659 tid 26693 thread 7 bound to OS proc set {64-95}
OMP: pid 26659 tid 26742 thread 15 bound to OS proc set {64-95}
OMP: pid 26659 tid 26755 thread 18 bound to OS proc set {64-95}
OMP: pid 26659 tid 26751 thread 17 bound to OS proc set {64-95}
OMP: pid 26659 tid 26772 thread 24 bound to OS proc set {64-95}
OMP: pid 26659 tid 26776 thread 26 bound to OS proc set {64-95}
OMP: pid 26659 tid 26778 thread 27 bound to OS proc set {64-95}
OMP: pid 26659 tid 26766 thread 21 bound to OS proc set {64-95}
OMP: pid 26659 tid 26770 thread 23 bound to OS proc set {64-95}
OMP: pid 26659 tid 26768 thread 22 bound to OS proc set {64-95}
OMP: pid 26659 tid 26774 thread 25 bound to OS proc set {64-95}
OMP: pid 26659 tid 26759 thread 19 bound to OS proc set {64-95}
OMP: pid 26659 tid 26785 thread 31 bound to OS proc set {64-95}
OMP: pid 26659 tid 26780 thread 28 bound to OS proc set {64-95}
OMP: pid 26659 tid 26782 thread 29 bound to OS proc set {64-95}
OMP: pid 26659 tid 26784 thread 30 bound to OS proc set {64-95}


 NAS Parallel Benchmarks (NPB3.4-OMP) - EP Benchmark

 Number of random numbers generated:      8589934592
 Number of available threads:                     32

EP Benchmark Results:

CPU Time =     7.525
N = 2^   32
No. Gaussian Pairs =    3373275903.
Sums =     2.691444083863086D+09    2.691519118724447D+09
Counts:
  0    1572172634.
  1    1501108549.
  2     281805648.
  3      17761221.
  4        424017.
  5          3821.
  6            13.
  7             0.
  8             0.
  9             0.


 EP Benchmark Completed.
 Class           =                        C
 Size            =               8589934592
 Iterations      =                        0
 Time in seconds =                     7.52
 Total threads   =                       32
 Avail threads   =                       32
 Mop/s total     =                  1141.56
 Mop/s/thread    =                    35.67
 Operation type  = Random numbers generated
 Verification    =               SUCCESSFUL
 Version         =                    3.4.3
 Compile date    =              03 Sep 2026

 Compile options:
    FC           = gfortran
    FLINK        = $(FC)
    F_LIB        = -L$(LLVM_BUILD)/lib -lomp
    F_INC        = (none)
    FFLAGS       = -O3 -fopenmp
    FLINKFLAGS   = -O3 -fopenmp
    RAND         = randi8


 Please send all errors/feedbacks to:

 NPB Development Team
 npb@nas.nasa.gov


