OMP: pid 26657 tid 26668 thread 3 bound to OS proc set {1-32}
OMP: pid 26657 tid 26694 thread 11 bound to OS proc set {1-32}
OMP: pid 26657 tid 26679 thread 7 bound to OS proc set {1-32}
OMP: pid 26657 tid 26683 thread 8 bound to OS proc set {1-32}
OMP: pid 26657 tid 26692 thread 10 bound to OS proc set {1-32}
OMP: pid 26657 tid 26676 thread 6 bound to OS proc set {1-32}
OMP: pid 26657 tid 26671 thread 4 bound to OS proc set {1-32}
OMP: pid 26657 tid 26673 thread 5 bound to OS proc set {1-32}
OMP: pid 26657 tid 26686 thread 9 bound to OS proc set {1-32}
OMP: pid 26657 tid 26706 thread 15 bound to OS proc set {1-32}
OMP: pid 26657 tid 26657 thread 0 bound to OS proc set {1-32}
OMP: pid 26657 tid 26698 thread 12 bound to OS proc set {1-32}
OMP: pid 26657 tid 26704 thread 14 bound to OS proc set {1-32}
OMP: pid 26657 tid 26666 thread 2 bound to OS proc set {1-32}
OMP: pid 26657 tid 26664 thread 1 bound to OS proc set {1-32}
OMP: pid 26657 tid 26702 thread 13 bound to OS proc set {1-32}
OMP: pid 26657 tid 26710 thread 16 bound to OS proc set {1-32}
OMP: pid 26657 tid 26749 thread 27 bound to OS proc set {1-32}
OMP: pid 26657 tid 26715 thread 18 bound to OS proc set {1-32}
OMP: pid 26657 tid 26718 thread 19 bound to OS proc set {1-32}
OMP: pid 26657 tid 26712 thread 17 bound to OS proc set {1-32}
OMP: pid 26657 tid 26728 thread 22 bound to OS proc set {1-32}
OMP: pid 26657 tid 26744 thread 26 bound to OS proc set {1-32}
OMP: pid 26657 tid 26725 thread 21 bound to OS proc set {1-32}
OMP: pid 26657 tid 26722 thread 20 bound to OS proc set {1-32}
OMP: pid 26657 tid 26737 thread 24 bound to OS proc set {1-32}
OMP: pid 26657 tid 26733 thread 23 bound to OS proc set {1-32}
OMP: pid 26657 tid 26757 thread 29 bound to OS proc set {1-32}
OMP: pid 26657 tid 26753 thread 28 bound to OS proc set {1-32}
OMP: pid 26657 tid 26760 thread 30 bound to OS proc set {1-32}
OMP: pid 26657 tid 26740 thread 25 bound to OS proc set {1-32}
OMP: pid 26657 tid 26765 thread 31 bound to OS proc set {1-32}
OMP: pid 26657 tid 26657 thread 0 bound to OS proc set {1-32}
[DRM-pin] pid=26657 tid=26668 assigned=17-32 running_on=32
OMP: pid 26657 tid 26668 thread 3 bound to OS proc set {1-32}
[DRM-pin] pid=26657 tid=26664 assigned=17-32 running_on=20
OMP: pid 26657 tid 26664 thread 1 bound to OS proc set {1-32}
[DRM-pin] pid=26657 tid=26666 assigned=17-32 running_on=22
OMP: pid 26657 tid 26666 thread 2 bound to OS proc set {1-32}
[DRM-pin] pid=26657 tid=26702 assigned=17-32 running_on=17
OMP: pid 26657 tid 26702 thread 13 bound to OS proc set {1-32}
[DRM-pin] pid=26657 tid=26671 assigned=17-32 running_on=26
OMP: pid 26657 tid 26671 thread 4 bound to OS proc set {1-32}
[DRM-pin] pid=26657 tid=26706 assigned=17-32 running_on=32
OMP: pid 26657 tid 26706 thread 15 bound to OS proc set {1-32}
[DRM-pin] pid=26657 tid=26679 assigned=17-32 running_on=31
[DRM-pin] pid=26657 tid=26692 assigned=17-32 running_on=17
OMP: pid 26657 tid 26679 thread 7 bound to OS proc set {1-32}
OMP: pid 26657 tid 26692 thread 10 bound to OS proc set {1-32}
[DRM-pin] pid=26657 tid=26694 assigned=17-32 running_on=17
OMP: pid 26657 tid 26694 thread 11 bound to OS proc set {1-32}
[DRM-pin] pid=26657 tid=26704 assigned=17-32 running_on=17
[DRM-pin] pid=26657 tid=26673 assigned=17-32 running_on=27
OMP: pid 26657 tid 26704 thread 14 bound to OS proc set {1-32}
OMP: pid 26657 tid 26673 thread 5 bound to OS proc set {1-32}
[DRM-pin] pid=26657 tid=26686 assigned=17-32 running_on=17
OMP: pid 26657 tid 26686 thread 9 bound to OS proc set {1-32}
[DRM-pin] pid=26657 tid=26683 assigned=17-32 running_on=17
[DRM-pin] pid=26657 tid=26676 assigned=17-32 running_on=29
OMP: pid 26657 tid 26683 thread 8 bound to OS proc set {1-32}
OMP: pid 26657 tid 26676 thread 6 bound to OS proc set {1-32}
[DRM-pin] pid=26657 tid=26698 assigned=17-32 running_on=29
OMP: pid 26657 tid 26698 thread 12 bound to OS proc set {1-32}


 NAS Parallel Benchmarks (NPB3.4-OMP) - EP Benchmark

 Number of random numbers generated:      8589934592
 Number of available threads:                     32

EP Benchmark Results:

CPU Time =    10.110
N = 2^   32
No. Gaussian Pairs =    3373275903.
Sums =     2.691444083862575D+09    2.691519118725088D+09
Counts:
  0    1572172634.
  1    1501108549.
  2     281805648.
  3      17761221.
  4        424017.
  5          3821.
  6            13.
  7             0.
  8             0.
  9             0.


 EP Benchmark Completed.
 Class           =                        C
 Size            =               8589934592
 Iterations      =                        0
 Time in seconds =                    10.11
 Total threads   =                       16
 Avail threads   =                       32
 Warning: Threads used differ from threads available
 Mop/s total     =                   849.65
 Mop/s/thread    =                    53.10
 Operation type  = Random numbers generated
 Verification    =               SUCCESSFUL
 Version         =                    3.4.3
 Compile date    =              03 Sep 2026

 Compile options:
    FC           = gfortran
    FLINK        = $(FC)
    F_LIB        = -L$(LLVM_BUILD)/lib -lomp
    F_INC        = (none)
    FFLAGS       = -O3 -fopenmp
    FLINKFLAGS   = -O3 -fopenmp
    RAND         = randi8


 Please send all errors/feedbacks to:

 NPB Development Team
 npb@nas.nasa.gov


