OMP: pid 65225 tid 65225 thread 0 bound to OS proc set {1-8}
OMP: pid 65225 tid 65241 thread 1 bound to OS proc set {1-8}
OMP: pid 65225 tid 65245 thread 2 bound to OS proc set {1-8}
OMP: pid 65225 tid 65249 thread 3 bound to OS proc set {1-8}
OMP: pid 65225 tid 65255 thread 6 bound to OS proc set {1-8}
OMP: pid 65225 tid 65253 thread 4 bound to OS proc set {1-8}
OMP: pid 65225 tid 65254 thread 5 bound to OS proc set {1-8}
OMP: pid 65225 tid 65256 thread 7 bound to OS proc set {1-8}
OMP: pid 65225 tid 65225 thread 0 bound to OS proc set {1-8}
[DRM-pin] pid=65225 tid=65241 assigned=5-8 running_on=7
OMP: pid 65225 tid 65241 thread 1 bound to OS proc set {1-8}
[DRM-pin] pid=65225 tid=65245 assigned=5-8 running_on=6
OMP: pid 65225 tid 65245 thread 2 bound to OS proc set {1-8}
[DRM-pin] pid=65225 tid=65249 assigned=5-8 running_on=5
OMP: pid 65225 tid 65249 thread 3 bound to OS proc set {1-8}


 NAS Parallel Benchmarks (NPB3.4-OMP) - EP Benchmark

 Number of random numbers generated:      8589934592
 Number of available threads:                      8

EP Benchmark Results:

CPU Time =    36.768
N = 2^   32
No. Gaussian Pairs =    3373275903.
Sums =     2.691444083862026D+09    2.691519118723237D+09
Counts:
  0    1572172634.
  1    1501108549.
  2     281805648.
  3      17761221.
  4        424017.
  5          3821.
  6            13.
  7             0.
  8             0.
  9             0.


 EP Benchmark Completed.
 Class           =                        C
 Size            =               8589934592
 Iterations      =                        0
 Time in seconds =                    36.77
 Total threads   =                        4
 Avail threads   =                        8
 Warning: Threads used differ from threads available
 Mop/s total     =                   233.62
 Mop/s/thread    =                    58.41
 Operation type  = Random numbers generated
 Verification    =               SUCCESSFUL
 Version         =                    3.4.3
 Compile date    =              03 Sep 2026

 Compile options:
    FC           = gfortran
    FLINK        = $(FC)
    F_LIB        = -L$(LLVM_BUILD)/lib -lomp
    F_INC        = (none)
    FFLAGS       = -O3 -fopenmp
    FLINKFLAGS   = -O3 -fopenmp
    RAND         = randi8


 Please send all errors/feedbacks to:

 NPB Development Team
 npb@nas.nasa.gov


