OMP: pid 26658 tid 26658 thread 0 bound to OS proc set {64-95}
OMP: pid 26658 tid 26684 thread 3 bound to OS proc set {64-95}
OMP: pid 26658 tid 26680 thread 2 bound to OS proc set {64-95}
OMP: pid 26658 tid 26729 thread 12 bound to OS proc set {64-95}
OMP: pid 26658 tid 26689 thread 4 bound to OS proc set {64-95}
OMP: pid 26658 tid 26670 thread 1 bound to OS proc set {64-95}
OMP: pid 26658 tid 26726 thread 11 bound to OS proc set {64-95}
OMP: pid 26658 tid 26717 thread 8 bound to OS proc set {64-95}
OMP: pid 26658 tid 26723 thread 10 bound to OS proc set {64-95}
OMP: pid 26658 tid 26738 thread 15 bound to OS proc set {64-95}
OMP: pid 26658 tid 26708 thread 7 bound to OS proc set {64-95}
OMP: pid 26658 tid 26700 thread 6 bound to OS proc set {64-95}
OMP: pid 26658 tid 26732 thread 13 bound to OS proc set {64-95}
OMP: pid 26658 tid 26741 thread 16 bound to OS proc set {64-95}
OMP: pid 26658 tid 26752 thread 19 bound to OS proc set {64-95}
OMP: pid 26658 tid 26695 thread 5 bound to OS proc set {64-95}
OMP: pid 26658 tid 26719 thread 9 bound to OS proc set {64-95}
OMP: pid 26658 tid 26745 thread 17 bound to OS proc set {64-95}
OMP: pid 26658 tid 26767 thread 23 bound to OS proc set {64-95}
OMP: pid 26658 tid 26748 thread 18 bound to OS proc set {64-95}
OMP: pid 26658 tid 26735 thread 14 bound to OS proc set {64-95}
OMP: pid 26658 tid 26777 thread 28 bound to OS proc set {64-95}
OMP: pid 26658 tid 26781 thread 30 bound to OS proc set {64-95}
OMP: pid 26658 tid 26756 thread 20 bound to OS proc set {64-95}
OMP: pid 26658 tid 26783 thread 31 bound to OS proc set {64-95}
OMP: pid 26658 tid 26764 thread 22 bound to OS proc set {64-95}
OMP: pid 26658 tid 26769 thread 24 bound to OS proc set {64-95}
OMP: pid 26658 tid 26761 thread 21 bound to OS proc set {64-95}
OMP: pid 26658 tid 26779 thread 29 bound to OS proc set {64-95}
OMP: pid 26658 tid 26771 thread 25 bound to OS proc set {64-95}
OMP: pid 26658 tid 26775 thread 27 bound to OS proc set {64-95}
OMP: pid 26658 tid 26773 thread 26 bound to OS proc set {64-95}


 NAS Parallel Benchmarks (NPB3.4-OMP) - EP Benchmark

 Number of random numbers generated:      8589934592
 Number of available threads:                     32

EP Benchmark Results:

CPU Time =     7.606
N = 2^   32
No. Gaussian Pairs =    3373275903.
Sums =     2.691444083863086D+09    2.691519118724447D+09
Counts:
  0    1572172634.
  1    1501108549.
  2     281805648.
  3      17761221.
  4        424017.
  5          3821.
  6            13.
  7             0.
  8             0.
  9             0.


 EP Benchmark Completed.
 Class           =                        C
 Size            =               8589934592
 Iterations      =                        0
 Time in seconds =                     7.61
 Total threads   =                       32
 Avail threads   =                       32
 Mop/s total     =                  1129.36
 Mop/s/thread    =                    35.29
 Operation type  = Random numbers generated
 Verification    =               SUCCESSFUL
 Version         =                    3.4.3
 Compile date    =              03 Sep 2026

 Compile options:
    FC           = gfortran
    FLINK        = $(FC)
    F_LIB        = -L$(LLVM_BUILD)/lib -lomp
    F_INC        = (none)
    FFLAGS       = -O3 -fopenmp
    FLINKFLAGS   = -O3 -fopenmp
    RAND         = randi8


 Please send all errors/feedbacks to:

 NPB Development Team
 npb@nas.nasa.gov


