OMP: pid 45195 tid 45195 thread 0 bound to OS proc set {1-32}
OMP: pid 45195 tid 45230 thread 3 bound to OS proc set {1-32}
OMP: pid 45195 tid 45226 thread 2 bound to OS proc set {1-32}
OMP: pid 45195 tid 45222 thread 1 bound to OS proc set {1-32}
OMP: pid 45195 tid 45276 thread 12 bound to OS proc set {1-32}
OMP: pid 45195 tid 45285 thread 15 bound to OS proc set {1-32}
OMP: pid 45195 tid 45283 thread 14 bound to OS proc set {1-32}
OMP: pid 45195 tid 45233 thread 4 bound to OS proc set {1-32}
OMP: pid 45195 tid 45272 thread 11 bound to OS proc set {1-32}
OMP: pid 45195 tid 45268 thread 10 bound to OS proc set {1-32}
OMP: pid 45195 tid 45259 thread 8 bound to OS proc set {1-32}
OMP: pid 45195 tid 45279 thread 13 bound to OS proc set {1-32}
OMP: pid 45195 tid 45238 thread 5 bound to OS proc set {1-32}
OMP: pid 45195 tid 45241 thread 6 bound to OS proc set {1-32}
OMP: pid 45195 tid 45288 thread 16 bound to OS proc set {1-32}
OMP: pid 45195 tid 45292 thread 18 bound to OS proc set {1-32}
OMP: pid 45195 tid 45251 thread 7 bound to OS proc set {1-32}
OMP: pid 45195 tid 45312 thread 28 bound to OS proc set {1-32}
OMP: pid 45195 tid 45318 thread 31 bound to OS proc set {1-32}
OMP: pid 45195 tid 45263 thread 9 bound to OS proc set {1-32}
OMP: pid 45195 tid 45294 thread 19 bound to OS proc set {1-32}
OMP: pid 45195 tid 45290 thread 17 bound to OS proc set {1-32}
OMP: pid 45195 tid 45305 thread 24 bound to OS proc set {1-32}
OMP: pid 45195 tid 45311 thread 27 bound to OS proc set {1-32}
OMP: pid 45195 tid 45317 thread 30 bound to OS proc set {1-32}
OMP: pid 45195 tid 45300 thread 21 bound to OS proc set {1-32}
OMP: pid 45195 tid 45314 thread 29 bound to OS proc set {1-32}
OMP: pid 45195 tid 45309 thread 26 bound to OS proc set {1-32}
OMP: pid 45195 tid 45297 thread 20 bound to OS proc set {1-32}
OMP: pid 45195 tid 45303 thread 23 bound to OS proc set {1-32}
OMP: pid 45195 tid 45302 thread 22 bound to OS proc set {1-32}
OMP: pid 45195 tid 45307 thread 25 bound to OS proc set {1-32}


 NAS Parallel Benchmarks (NPB3.4-OMP) - EP Benchmark

 Number of random numbers generated:      8589934592
 Number of available threads:                     32

EP Benchmark Results:

CPU Time =     3.237
N = 2^   32
No. Gaussian Pairs =    3373275903.
Sums =     2.691444083863085D+09    2.691519118724447D+09
Counts:
  0    1572172634.
  1    1501108549.
  2     281805648.
  3      17761221.
  4        424017.
  5          3821.
  6            13.
  7             0.
  8             0.
  9             0.


 EP Benchmark Completed.
 Class           =                        C
 Size            =               8589934592
 Iterations      =                        0
 Time in seconds =                     3.24
 Total threads   =                       32
 Avail threads   =                       32
 Mop/s total     =                  2653.52
 Mop/s/thread    =                    82.92
 Operation type  = Random numbers generated
 Verification    =               SUCCESSFUL
 Version         =                    3.4.3
 Compile date    =              18 Feb 2026

 Compile options:
    FC           = gfortran
    FLINK        = $(FC)
    F_LIB        = -L/dss/dsshome1/09/ga27qam2/llvm-project/bu...
    F_INC        = (none)
    FFLAGS       = -O3 -fopenmp
    FLINKFLAGS   = -O3 -fopenmp
    RAND         = randi8


 Please send all errors/feedbacks to:

 NPB Development Team
 npb@nas.nasa.gov


