OMP: pid 181758 tid 181767 thread 3 bound to OS proc set {62}
OMP: pid 181758 tid 181758 thread 0 bound to OS proc set {56}
OMP: pid 181758 tid 181788 thread 14 bound to OS proc set {84}
OMP: pid 181758 tid 181763 thread 1 bound to OS proc set {58}
OMP: pid 181758 tid 181783 thread 11 bound to OS proc set {78}
OMP: pid 181758 tid 181776 thread 8 bound to OS proc set {72}
OMP: pid 181758 tid 181771 thread 6 bound to OS proc set {68}
OMP: pid 181758 tid 181780 thread 10 bound to OS proc set {76}
OMP: pid 181758 tid 181785 thread 12 bound to OS proc set {80}
OMP: pid 181758 tid 181789 thread 15 bound to OS proc set {86}
OMP: pid 181758 tid 181786 thread 13 bound to OS proc set {82}
OMP: pid 181758 tid 181768 thread 4 bound to OS proc set {64}
OMP: pid 181758 tid 181775 thread 7 bound to OS proc set {70}
OMP: pid 181758 tid 181765 thread 2 bound to OS proc set {60}
OMP: pid 181758 tid 181778 thread 9 bound to OS proc set {74}
OMP: pid 181758 tid 181770 thread 5 bound to OS proc set {66}


 NAS Parallel Benchmarks (NPB3.4-OMP) - CG Benchmark

 Size:      150000
 Iterations:                     75
 Number of available threads:    16

 Initialization time =           0.864 seconds

   iteration           ||r||                 zeta
        1       0.35319106839964E-12   109.9994423237398
        5       0.89282102980352E-15    28.6471670038897
       10       0.91163871366635E-15    28.9496695448999
       15       0.90590406727747E-15    28.9716336228373
       20       0.91517865144524E-15    28.9734210663751
       25       0.90948232029632E-15    28.9735863059385
       30       0.90857569546282E-15    28.9736033967630
       35       0.91019517443231E-15    28.9736053266249
       40       0.90661339670050E-15    28.9736055590700
       45       0.91000292694841E-15    28.9736055884129
       50       0.90832749612826E-15    28.9736055922482
       55       0.90419308014620E-15    28.9736055927636
       60       0.90851336844751E-15    28.9736055928341
       65       0.90835507322697E-15    28.9736055928438
       70       0.90135836685342E-15    28.9736055928452
       75       0.90248360867017E-15    28.9736055928455
 Benchmark completed 
 VERIFICATION SUCCESSFUL 
 Zeta is     0.2897360559285E+02
 Error is    0.1581784714701E-13


 CG Benchmark Completed.
 Class           =                        C
 Size            =                   150000
 Iterations      =                       75
 Time in seconds =                     6.31
 Total threads   =                       16
 Avail threads   =                       16
 Mop/s total     =                 22706.32
 Mop/s/thread    =                  1419.14
 Operation type  =           floating point
 Verification    =               SUCCESSFUL
 Version         =                    3.4.3
 Compile date    =              18 Feb 2026

 Compile options:
    FC           = gfortran
    FLINK        = $(FC)
    F_LIB        = -L/dss/dsshome1/09/ga27qam2/llvm-project/bu...
    F_INC        = (none)
    FFLAGS       = -O3 -fopenmp
    FLINKFLAGS   = -O3 -fopenmp
    RAND         = randi8


 Please send all errors/feedbacks to:

 NPB Development Team
 npb@nas.nasa.gov


