OMP: pid 176925 tid 176925 thread 0 bound to OS proc set {56}
OMP: pid 176925 tid 176927 thread 2 bound to OS proc set {72}
OMP: pid 176925 tid 176928 thread 3 bound to OS proc set {80}
OMP: pid 176925 tid 176926 thread 1 bound to OS proc set {64}


 NAS Parallel Benchmarks (NPB3.4-OMP) - CG Benchmark

 Size:      150000
 Iterations:                     75
 Number of available threads:     4

 Initialization time =           3.149 seconds

   iteration           ||r||                 zeta
        1       0.35323154871146E-12   109.9994423237398
        5       0.89201886240990E-15    28.6471670038893
       10       0.91282617587555E-15    28.9496695449003
       15       0.90866876137611E-15    28.9716336228371
       20       0.91445068671415E-15    28.9734210663747
       25       0.90960762679001E-15    28.9735863059382
       30       0.90991180168315E-15    28.9736033967627
       35       0.91095689256775E-15    28.9736053266246
       40       0.90772664895572E-15    28.9736055590700
       45       0.90931044848218E-15    28.9736055884132
       50       0.90994094394855E-15    28.9736055922485
       55       0.90385605344057E-15    28.9736055927632
       60       0.90797952674674E-15    28.9736055928339
       65       0.90553683214274E-15    28.9736055928440
       70       0.90364887068688E-15    28.9736055928455
       75       0.90073221152455E-15    28.9736055928458
 Benchmark completed 
 VERIFICATION SUCCESSFUL 
 Zeta is     0.2897360559285E+02
 Error is    0.2709879239913E-13


 CG Benchmark Completed.
 Class           =                        C
 Size            =                   150000
 Iterations      =                       75
 Time in seconds =                    25.55
 Total threads   =                        4
 Avail threads   =                        4
 Mop/s total     =                  5610.68
 Mop/s/thread    =                  1402.67
 Operation type  =           floating point
 Verification    =               SUCCESSFUL
 Version         =                    3.4.3
 Compile date    =              18 Feb 2026

 Compile options:
    FC           = gfortran
    FLINK        = $(FC)
    F_LIB        = -L/dss/dsshome1/09/ga27qam2/llvm-project/bu...
    F_INC        = (none)
    FFLAGS       = -O3 -fopenmp
    FLINKFLAGS   = -O3 -fopenmp
    RAND         = randi8


 Please send all errors/feedbacks to:

 NPB Development Team
 npb@nas.nasa.gov


