OMP: pid 184369 tid 184369 thread 0 bound to OS proc set {1}
OMP: pid 184369 tid 184379 thread 8 bound to OS proc set {9}
OMP: pid 184369 tid 184374 thread 3 bound to OS proc set {4}
OMP: pid 184369 tid 184371 thread 1 bound to OS proc set {2}
OMP: pid 184369 tid 184376 thread 5 bound to OS proc set {6}
OMP: pid 184369 tid 184386 thread 15 bound to OS proc set {16}
OMP: pid 184369 tid 184385 thread 14 bound to OS proc set {15}
OMP: pid 184369 tid 184409 thread 30 bound to OS proc set {31}
OMP: pid 184369 tid 184373 thread 2 bound to OS proc set {3}
OMP: pid 184369 tid 184375 thread 4 bound to OS proc set {5}
OMP: pid 184369 tid 184387 thread 16 bound to OS proc set {17}
OMP: pid 184369 tid 184378 thread 7 bound to OS proc set {8}
OMP: pid 184369 tid 184380 thread 9 bound to OS proc set {10}
OMP: pid 184369 tid 184408 thread 29 bound to OS proc set {30}
OMP: pid 184369 tid 184384 thread 13 bound to OS proc set {14}
OMP: pid 184369 tid 184382 thread 11 bound to OS proc set {12}
OMP: pid 184369 tid 184377 thread 6 bound to OS proc set {7}
OMP: pid 184369 tid 184383 thread 12 bound to OS proc set {13}
OMP: pid 184369 tid 184403 thread 26 bound to OS proc set {27}
OMP: pid 184369 tid 184390 thread 18 bound to OS proc set {19}
OMP: pid 184369 tid 184406 thread 28 bound to OS proc set {29}
OMP: pid 184369 tid 184392 thread 19 bound to OS proc set {20}
OMP: pid 184369 tid 184405 thread 27 bound to OS proc set {28}
OMP: pid 184369 tid 184411 thread 31 bound to OS proc set {32}
OMP: pid 184369 tid 184401 thread 25 bound to OS proc set {26}
OMP: pid 184369 tid 184389 thread 17 bound to OS proc set {18}
OMP: pid 184369 tid 184381 thread 10 bound to OS proc set {11}
OMP: pid 184369 tid 184397 thread 22 bound to OS proc set {23}
OMP: pid 184369 tid 184394 thread 20 bound to OS proc set {21}
OMP: pid 184369 tid 184400 thread 24 bound to OS proc set {25}
OMP: pid 184369 tid 184399 thread 23 bound to OS proc set {24}
OMP: pid 184369 tid 184395 thread 21 bound to OS proc set {22}


 NAS Parallel Benchmarks (NPB3.4-OMP) - CG Benchmark

 Size:      150000
 Iterations:                     75
 Number of available threads:    32

 Initialization time =           0.515 seconds

   iteration           ||r||                 zeta
        1       0.35319457571367E-12   109.9994423237398
        5       0.89240348877717E-15    28.6471670038895
       10       0.91197203325832E-15    28.9496695449000
       15       0.90619550144806E-15    28.9716336228371
       20       0.91542966010437E-15    28.9734210663749
       25       0.90981267861736E-15    28.9735863059384
       30       0.91014157542917E-15    28.9736033967631
       35       0.91061257507323E-15    28.9736053266249
       40       0.90669146309499E-15    28.9736055590700
       45       0.91141447152842E-15    28.9736055884128
       50       0.90866462574692E-15    28.9736055922484
       55       0.90355713062377E-15    28.9736055927634
       60       0.90914957804312E-15    28.9736055928340
       65       0.90803732633885E-15    28.9736055928439
       70       0.90078896116701E-15    28.9736055928453
       75       0.90090095165689E-15    28.9736055928455
 Benchmark completed 
 VERIFICATION SUCCESSFUL 
 Zeta is     0.2897360559285E+02
 Error is    0.1728927478859E-13


 CG Benchmark Completed.
 Class           =                        C
 Size            =                   150000
 Iterations      =                       75
 Time in seconds =                     3.50
 Total threads   =                       32
 Avail threads   =                       32
 Mop/s total     =                 40922.79
 Mop/s/thread    =                  1278.84
 Operation type  =           floating point
 Verification    =               SUCCESSFUL
 Version         =                    3.4.3
 Compile date    =              18 Feb 2026

 Compile options:
    FC           = gfortran
    FLINK        = $(FC)
    F_LIB        = -L/dss/dsshome1/09/ga27qam2/llvm-project/bu...
    F_INC        = (none)
    FFLAGS       = -O3 -fopenmp
    FLINKFLAGS   = -O3 -fopenmp
    RAND         = randi8


 Please send all errors/feedbacks to:

 NPB Development Team
 npb@nas.nasa.gov


