CPU pool (32 cores): 1–32
Listening on /tmp/omp-rm.sock (capacity=32, strategy=fair_share)
Accepted connection
Handling client
Request from pid 220569: max_threads=65535, hint_threads=32
[1782667120267] Granted 32 threads to pid 220569 (CPUs 1+32)
Request from pid 220569: max_threads=65535, hint_threads=32
[1782667120386] Granted 32 threads to pid 220569 (CPUs 1+32)
Request from pid 220569: max_threads=65535, hint_threads=32
[1782667120452] Granted 32 threads to pid 220569 (CPUs 1+32)
Request from pid 220569: max_threads=65535, hint_threads=32
[1782667120601] Granted 32 threads to pid 220569 (CPUs 1+32)
Request from pid 220569: max_threads=65535, hint_threads=32
[1782667120643] Granted 32 threads to pid 220569 (CPUs 1+32)
Request from pid 220569: max_threads=65535, hint_threads=32
[1782667120760] Granted 32 threads to pid 220569 (CPUs 1+32)
Request from pid 220569: max_threads=65535, hint_threads=32
[1782667120866] Granted 32 threads to pid 220569 (CPUs 1+32)
Request from pid 220569: max_threads=65535, hint_threads=32
[1782667120969] Granted 32 threads to pid 220569 (CPUs 1+32)
Request from pid 220569: max_threads=65535, hint_threads=32
[1782667121056] Granted 32 threads to pid 220569 (CPUs 1+32)
Request from pid 220569: max_threads=65535, hint_threads=32
[1782667121159] Granted 32 threads to pid 220569 (CPUs 1+32)
Request from pid 220569: max_threads=65535, hint_threads=32
[1782667121246] Granted 32 threads to pid 220569 (CPUs 1+32)
Request from pid 220569: max_threads=65535, hint_threads=32
[1782667121351] Granted 32 threads to pid 220569 (CPUs 1+32)
Request from pid 220569: max_threads=65535, hint_threads=32
[1782667121438] Granted 32 threads to pid 220569 (CPUs 1+32)
Request from pid 220569: max_threads=65535, hint_threads=32
[1782667121556] Granted 32 threads to pid 220569 (CPUs 1+32)
Request from pid 220569: max_threads=65535, hint_threads=32
[1782667121662] Granted 32 threads to pid 220569 (CPUs 1+32)
Request from pid 220569: max_threads=65535, hint_threads=32
[1782667121770] Granted 32 threads to pid 220569 (CPUs 1+32)
Request from pid 220569: max_threads=65535, hint_threads=32
[1782667121858] Granted 32 threads to pid 220569 (CPUs 1+32)
Request from pid 220569: max_threads=65535, hint_threads=32
[1782667121960] Granted 32 threads to pid 220569 (CPUs 1+32)
Request from pid 220569: max_threads=65535, hint_threads=32
[1782667122047] Granted 32 threads to pid 220569 (CPUs 1+32)
Request from pid 220569: max_threads=65535, hint_threads=32
[1782667122149] Granted 32 threads to pid 220569 (CPUs 1+32)
Request from pid 220569: max_threads=65535, hint_threads=32
[1782667122237] Granted 32 threads to pid 220569 (CPUs 1+32)
Accepted connection
Handling client
Request from pid 220643: max_threads=65535, hint_threads=32
[1782667122276] Granted 16 threads to pid 220643 (CPUs 0+0)
Request from pid 220569: max_threads=65535, hint_threads=32
[1782667122505] Granted 16 threads to pid 220569 (CPUs 1+16)
Request from pid 220643: max_threads=65535, hint_threads=32
[1782667122581] Granted 16 threads to pid 220643 (CPUs 17+16)
Request from pid 220569: max_threads=65535, hint_threads=32
[1782667122658] Granted 16 threads to pid 220569 (CPUs 1+16)
Request from pid 220643: max_threads=65535, hint_threads=32
[1782667122855] Granted 16 threads to pid 220643 (CPUs 17+16)
Request from pid 220569: max_threads=65535, hint_threads=32
[1782667122954] Granted 16 threads to pid 220569 (CPUs 1+16)
Request from pid 220569: max_threads=65535, hint_threads=32
[1782667123164] Granted 16 threads to pid 220569 (CPUs 1+16)
Request from pid 220643: max_threads=65535, hint_threads=32
[1782667123238] Granted 16 threads to pid 220643 (CPUs 17+16)
Request from pid 220643: max_threads=65535, hint_threads=32
[1782667123296] Granted 16 threads to pid 220643 (CPUs 17+16)
Request from pid 220569: max_threads=65535, hint_threads=32
[1782667123322] Granted 16 threads to pid 220569 (CPUs 1+16)
Request from pid 220643: max_threads=65535, hint_threads=32
[1782667123489] Granted 16 threads to pid 220643 (CPUs 17+16)
Request from pid 220569: max_threads=65535, hint_threads=32
[1782667123509] Granted 16 threads to pid 220569 (CPUs 1+16)
Request from pid 220569: max_threads=65535, hint_threads=32
[1782667123676] Granted 16 threads to pid 220569 (CPUs 1+16)
Request from pid 220643: max_threads=65535, hint_threads=32
[1782667123692] Granted 16 threads to pid 220643 (CPUs 17+16)
Request from pid 220569: max_threads=65535, hint_threads=32
[1782667123863] Granted 16 threads to pid 220569 (CPUs 1+16)
Request from pid 220643: max_threads=65535, hint_threads=32
[1782667123905] Granted 16 threads to pid 220643 (CPUs 17+16)
Request from pid 220569: max_threads=65535, hint_threads=32
[1782667124028] Granted 16 threads to pid 220569 (CPUs 1+16)
Request from pid 220643: max_threads=65535, hint_threads=32
[1782667124082] Granted 16 threads to pid 220643 (CPUs 17+16)
Request from pid 220569: max_threads=65535, hint_threads=32
[1782667124215] Granted 16 threads to pid 220569 (CPUs 1+16)
Request from pid 220569: max_threads=65535, hint_threads=32
[1782667124370] Granted 16 threads to pid 220569 (CPUs 1+16)
Request from pid 220643: max_threads=65535, hint_threads=32
[1782667124495] Granted 16 threads to pid 220643 (CPUs 17+16)
Request from pid 220569: max_threads=65535, hint_threads=32
[1782667124553] Granted 16 threads to pid 220569 (CPUs 1+16)
Request from pid 220569: max_threads=65535, hint_threads=32
[1782667124712] Granted 16 threads to pid 220569 (CPUs 1+16)
Request from pid 220643: max_threads=65535, hint_threads=32
[1782667124758] Granted 16 threads to pid 220643 (CPUs 17+16)
Request from pid 220569: max_threads=65535, hint_threads=32
[1782667124901] Granted 16 threads to pid 220569 (CPUs 1+16)
Request from pid 220643: max_threads=65535, hint_threads=32
[1782667124974] Granted 16 threads to pid 220643 (CPUs 17+16)
Request from pid 220569: max_threads=65535, hint_threads=32
[1782667125064] Granted 16 threads to pid 220569 (CPUs 1+16)
Request from pid 220643: max_threads=65535, hint_threads=32
[1782667125123] Granted 16 threads to pid 220643 (CPUs 17+16)
Request from pid 220569: max_threads=65535, hint_threads=32
[1782667125257] Granted 16 threads to pid 220569 (CPUs 1+16)
Request from pid 220643: max_threads=65535, hint_threads=32
[1782667125340] Granted 16 threads to pid 220643 (CPUs 17+16)
Request from pid 220569: max_threads=65535, hint_threads=32
[1782667125422] Granted 16 threads to pid 220569 (CPUs 1+16)
Request from pid 220643: max_threads=65535, hint_threads=32
[1782667125489] Granted 16 threads to pid 220643 (CPUs 17+16)
Request from pid 220569: max_threads=65535, hint_threads=32
[1782667125614] Granted 16 threads to pid 220569 (CPUs 1+16)
Request from pid 220569: max_threads=65535, hint_threads=32
[1782667125672] Granted 16 threads to pid 220569 (CPUs 1+16)
Request from pid 220643: max_threads=65535, hint_threads=32
[1782667125707] Granted 16 threads to pid 220643 (CPUs 17+16)
Request from pid 220643: max_threads=65535, hint_threads=32
[1782667125856] Granted 16 threads to pid 220643 (CPUs 17+16)
Request from pid 220569: max_threads=65535, hint_threads=32
[1782667125883] Granted 16 threads to pid 220569 (CPUs 1+16)
Request from pid 220569: max_threads=65535, hint_threads=32
[1782667126028] Granted 16 threads to pid 220569 (CPUs 1+16)
Request from pid 220643: max_threads=65535, hint_threads=32
[1782667126072] Granted 16 threads to pid 220643 (CPUs 17+16)
Request from pid 220643: max_threads=65535, hint_threads=32
[1782667126222] Granted 16 threads to pid 220643 (CPUs 17+16)
Request from pid 220569: max_threads=65535, hint_threads=32
[1782667126241] Granted 16 threads to pid 220569 (CPUs 1+16)
Request from pid 220569: max_threads=65535, hint_threads=32
[1782667126386] Granted 16 threads to pid 220569 (CPUs 1+16)
Request from pid 220643: max_threads=65535, hint_threads=32
[1782667126438] Granted 16 threads to pid 220643 (CPUs 17+16)
Request from pid 220643: max_threads=65535, hint_threads=32
[1782667126588] Granted 16 threads to pid 220643 (CPUs 17+16)
Request from pid 220569: max_threads=65535, hint_threads=32
[1782667126599] Granted 16 threads to pid 220569 (CPUs 1+16)
Request from pid 220569: max_threads=65535, hint_threads=32
[1782667126743] Granted 16 threads to pid 220569 (CPUs 1+16)
Request from pid 220643: max_threads=65535, hint_threads=32
[1782667126805] Granted 16 threads to pid 220643 (CPUs 17+16)
Request from pid 220643: max_threads=65535, hint_threads=32
[1782667127233] Granted 16 threads to pid 220643 (CPUs 17+16)
Request from pid 220569: max_threads=65535, hint_threads=32
Request from pid 220643: max_threads=65535, hint_threads=32
[1782667127300] Granted 16 threads to pid 220643 (CPUs 17+16)
Request from pid 220643: max_threads=65535, hint_threads=32
[1782667127503] Granted 16 threads to pid 220643 (CPUs 17+16)
Request from pid 220643: max_threads=65535, hint_threads=32
[1782667127643] Granted 16 threads to pid 220643 (CPUs 17+16)
Request from pid 220643: max_threads=65535, hint_threads=32
[1782667127846] Granted 16 threads to pid 220643 (CPUs 17+16)
Request from pid 220643: max_threads=65535, hint_threads=32
[1782667127985] Granted 16 threads to pid 220643 (CPUs 17+16)
Request from pid 220643: max_threads=65535, hint_threads=32
[1782667128188] Granted 16 threads to pid 220643 (CPUs 17+16)
Request from pid 220643: max_threads=65535, hint_threads=32
[1782667128328] Granted 16 threads to pid 220643 (CPUs 17+16)
Request from pid 220643: max_threads=65535, hint_threads=32
[1782667128539] Granted 16 threads to pid 220643 (CPUs 17+16)
Request from pid 220643: max_threads=65535, hint_threads=32
[1782667128670] Granted 16 threads to pid 220643 (CPUs 17+16)
Request from pid 220643: max_threads=65535, hint_threads=32
[1782667128873] Granted 16 threads to pid 220643 (CPUs 17+16)
Request from pid 220643: max_threads=65535, hint_threads=32
[1782667129012] Granted 16 threads to pid 220643 (CPUs 17+16)
Request from pid 220643: max_threads=65535, hint_threads=32
[1782667129215] Granted 16 threads to pid 220643 (CPUs 17+16)
Request from pid 220643: max_threads=65535, hint_threads=32
[1782667129355] Granted 16 threads to pid 220643 (CPUs 17+16)
Request from pid 220643: max_threads=65535, hint_threads=32
[1782667129559] Granted 16 threads to pid 220643 (CPUs 17+16)
Request from pid 220643: max_threads=65535, hint_threads=32
[1782667129697] Granted 16 threads to pid 220643 (CPUs 17+16)
Request from pid 220643: max_threads=65535, hint_threads=32
[1782667129900] Granted 16 threads to pid 220643 (CPUs 17+16)
Request from pid 220643: max_threads=65535, hint_threads=32
[1782667130040] Granted 16 threads to pid 220643 (CPUs 17+16)
Request from pid 220643: max_threads=65535, hint_threads=32
[1782667130242] Granted 16 threads to pid 220643 (CPUs 17+16)
Request from pid 220643: max_threads=65535, hint_threads=32
[1782667130382] Granted 16 threads to pid 220643 (CPUs 17+16)
Request from pid 220643: max_threads=65535, hint_threads=32
[1782667130595] Granted 16 threads to pid 220643 (CPUs 17+16)
Request from pid 220643: max_threads=65535, hint_threads=32
[1782667130724] Granted 16 threads to pid 220643 (CPUs 17+16)
Request from pid 220643: max_threads=65535, hint_threads=32
[1782667130927] Granted 16 threads to pid 220643 (CPUs 17+16)
Request from pid 220643: max_threads=65535, hint_threads=32
[1782667131030] Granted 16 threads to pid 220643 (CPUs 17+16)
Read error: Connection reset by peer (os error 104)
