OMP: pid 186653 tid 186653 thread 0 bound to OS proc set {56}
OMP: pid 186653 tid 186654 thread 1 bound to OS proc set {57}
OMP: pid 186653 tid 186656 thread 2 bound to OS proc set {58}
OMP: pid 186653 tid 186657 thread 3 bound to OS proc set {59}
OMP: pid 186653 tid 186664 thread 7 bound to OS proc set {63}
OMP: pid 186653 tid 186686 thread 16 bound to OS proc set {72}
OMP: pid 186653 tid 186684 thread 15 bound to OS proc set {71}
OMP: pid 186653 tid 186674 thread 11 bound to OS proc set {67}
OMP: pid 186653 tid 186681 thread 14 bound to OS proc set {70}
OMP: pid 186653 tid 186676 thread 12 bound to OS proc set {68}
OMP: pid 186653 tid 186678 thread 13 bound to OS proc set {69}
OMP: pid 186653 tid 186702 thread 24 bound to OS proc set {80}
OMP: pid 186653 tid 186659 thread 4 bound to OS proc set {60}
OMP: pid 186653 tid 186669 thread 9 bound to OS proc set {65}
OMP: pid 186653 tid 186692 thread 19 bound to OS proc set {75}
OMP: pid 186653 tid 186690 thread 18 bound to OS proc set {74}
OMP: pid 186653 tid 186688 thread 17 bound to OS proc set {73}
OMP: pid 186653 tid 186667 thread 8 bound to OS proc set {64}
OMP: pid 186653 tid 186708 thread 27 bound to OS proc set {83}
OMP: pid 186653 tid 186663 thread 6 bound to OS proc set {62}
OMP: pid 186653 tid 186697 thread 22 bound to OS proc set {78}
OMP: pid 186653 tid 186693 thread 20 bound to OS proc set {76}
OMP: pid 186653 tid 186704 thread 25 bound to OS proc set {81}
OMP: pid 186653 tid 186661 thread 5 bound to OS proc set {61}
OMP: pid 186653 tid 186672 thread 10 bound to OS proc set {66}
OMP: pid 186653 tid 186716 thread 30 bound to OS proc set {86}
OMP: pid 186653 tid 186700 thread 23 bound to OS proc set {79}
OMP: pid 186653 tid 186706 thread 26 bound to OS proc set {82}
OMP: pid 186653 tid 186695 thread 21 bound to OS proc set {77}
OMP: pid 186653 tid 186712 thread 28 bound to OS proc set {84}
OMP: pid 186653 tid 186717 thread 31 bound to OS proc set {87}
OMP: pid 186653 tid 186714 thread 29 bound to OS proc set {85}


 NAS Parallel Benchmarks (NPB3.4-OMP) - EP Benchmark

 Number of random numbers generated:      8589934592
 Number of available threads:                     32

EP Benchmark Results:

CPU Time =     1.761
N = 2^   32
No. Gaussian Pairs =    3373275903.
Sums =     2.691444083863086D+09    2.691519118724446D+09
Counts:
  0    1572172634.
  1    1501108549.
  2     281805648.
  3      17761221.
  4        424017.
  5          3821.
  6            13.
  7             0.
  8             0.
  9             0.


 EP Benchmark Completed.
 Class           =                        C
 Size            =               8589934592
 Iterations      =                        0
 Time in seconds =                     1.76
 Total threads   =                       32
 Avail threads   =                       32
 Mop/s total     =                  4877.88
 Mop/s/thread    =                   152.43
 Operation type  = Random numbers generated
 Verification    =               SUCCESSFUL
 Version         =                    3.4.3
 Compile date    =              18 Feb 2026

 Compile options:
    FC           = gfortran
    FLINK        = $(FC)
    F_LIB        = -L/dss/dsshome1/09/ga27qam2/llvm-project/bu...
    F_INC        = (none)
    FFLAGS       = -O3 -fopenmp
    FLINKFLAGS   = -O3 -fopenmp
    RAND         = randi8


 Please send all errors/feedbacks to:

 NPB Development Team
 npb@nas.nasa.gov


