CPU pool (32 cores): 1–32
Listening on /tmp/omp-rm.sock (capacity=32, strategy=fair_share)
Accepted connection
Handling client
Request from pid 8532: max_threads=65535, hint_threads=32
Granted 32 threads to pid 8532 (CPUs 1+32)
Request from pid 8532: max_threads=65535, hint_threads=32
Granted 32 threads to pid 8532 (CPUs 1+32)
Read error: Connection reset by peer (os error 104)
Accepted connection
Handling client
Request from pid 8603: max_threads=65535, hint_threads=32
Granted 16 threads to pid 8603 (CPUs 0+0)
Request from pid 8603: max_threads=65535, hint_threads=32
Granted 16 threads to pid 8603 (CPUs 0+0)
Read error: Connection reset by peer (os error 104)
Accepted connection
Handling client
Request from pid 8739: max_threads=65535, hint_threads=32
Granted 10 threads to pid 8739 (CPUs 0+0)
Accepted connection
Handling client
Request from pid 8897: max_threads=65535, hint_threads=32
Granted 10 threads to pid 8897 (CPUs 1+10)
Request from pid 8739: max_threads=65535, hint_threads=32
Granted 16 threads to pid 8739 (CPUs 11+16)
Read error: Connection reset by peer (os error 104)
Accepted connection
Handling client
Request from pid 8970: max_threads=65535, hint_threads=32
Granted 10 threads to pid 8970 (CPUs 0+0)
Request from pid 8897: max_threads=65535, hint_threads=32
Granted 10 threads to pid 8897 (CPUs 1+10)
Read error: Connection reset by peer (os error 104)
Accepted connection
Handling client
Request from pid 9090: max_threads=65535, hint_threads=32
Granted 8 threads to pid 9090 (CPUs 0+0)
Request from pid 8970: max_threads=65535, hint_threads=32
Granted 10 threads to pid 8970 (CPUs 11+10)
Read error: Connection reset by peer (os error 104)
Accepted connection
Handling client
Request from pid 9169: max_threads=65535, hint_threads=32
Granted 8 threads to pid 9169 (CPUs 21+8)
Request from pid 9090: max_threads=65535, hint_threads=32
Granted 32 threads to pid 9090 (CPUs 1+32)
Read error: Connection reset by peer (os error 104)
Accepted connection
Handling client
Request from pid 9334: max_threads=65535, hint_threads=32
Granted 16 threads to pid 9334 (CPUs 0+0)
Request from pid 9169: max_threads=65535, hint_threads=32
Granted 10 threads to pid 9169 (CPUs 0+0)
Read error: Connection reset by peer (os error 104)
Accepted connection
Handling client
Request from pid 9375: max_threads=65535, hint_threads=32
Granted 8 threads to pid 9375 (CPUs 0+0)
Request from pid 9334: max_threads=65535, hint_threads=32
Granted 8 threads to pid 9334 (CPUs 0+0)
Read error: Connection reset by peer (os error 104)
Accepted connection
Handling client
Request from pid 9494: max_threads=65535, hint_threads=32
Granted 6 threads to pid 9494 (CPUs 0+0)
Request from pid 9375: max_threads=65535, hint_threads=32
Granted 10 threads to pid 9375 (CPUs 1+10)
Read error: Connection reset by peer (os error 104)
Accepted connection
Handling client
Request from pid 9614: max_threads=65535, hint_threads=32
Granted 8 threads to pid 9614 (CPUs 11+8)
Request from pid 9494: max_threads=65535, hint_threads=32
Granted 16 threads to pid 9494 (CPUs 0+0)
Read error: Connection reset by peer (os error 104)
Accepted connection
Handling client
Request from pid 9771: max_threads=65535, hint_threads=32
Granted 16 threads to pid 9771 (CPUs 1+16)
Request from pid 9614: max_threads=65535, hint_threads=32
Granted 10 threads to pid 9614 (CPUs 17+10)
Read error: Connection reset by peer (os error 104)
Accepted connection
Handling client
Request from pid 9852: max_threads=65535, hint_threads=32
Granted 8 threads to pid 9852 (CPUs 0+0)
Request from pid 9771: max_threads=65535, hint_threads=32
Granted 8 threads to pid 9771 (CPUs 1+8)
Read error: Connection reset by peer (os error 104)
Accepted connection
Handling client
Request from pid 9931: max_threads=65535, hint_threads=32
Granted 6 threads to pid 9931 (CPUs 9+6)
Request from pid 9852: max_threads=65535, hint_threads=32
Granted 32 threads to pid 9852 (CPUs 1+32)
Read error: Connection reset by peer (os error 104)
Accepted connection
Handling client
Request from pid 10051: max_threads=65535, hint_threads=32
Granted 16 threads to pid 10051 (CPUs 0+0)
Request from pid 9931: max_threads=65535, hint_threads=32
Granted 10 threads to pid 9931 (CPUs 0+0)
Read error: Connection reset by peer (os error 104)
Request from pid 10051: max_threads=65535, hint_threads=32
Granted 10 threads to pid 10051 (CPUs 0+0)
Read error: Connection reset by peer (os error 104)
Accepted connection
Handling client
Request from pid 10178: max_threads=65535, hint_threads=32
Granted 8 threads to pid 10178 (CPUs 0+0)
Accepted connection
Handling client
Request from pid 10182: max_threads=65535, hint_threads=32
Granted 6 threads to pid 10182 (CPUs 0+0)
Request from pid 10178: max_threads=65535, hint_threads=32
Granted 32 threads to pid 10178 (CPUs 1+32)
Read error: Connection reset by peer (os error 104)
Accepted connection
Handling client
Request from pid 10429: max_threads=65535, hint_threads=32
Granted 16 threads to pid 10429 (CPUs 0+0)
Request from pid 10182: max_threads=65535, hint_threads=32
Granted 10 threads to pid 10182 (CPUs 0+0)
Read error: Connection reset by peer (os error 104)
Accepted connection
Handling client
Request from pid 10476: max_threads=65535, hint_threads=32
Granted 8 threads to pid 10476 (CPUs 0+0)
Request from pid 10429: max_threads=65535, hint_threads=32
Granted 8 threads to pid 10429 (CPUs 0+0)
Read error: Connection reset by peer (os error 104)
Accepted connection
Handling client
Request from pid 10516: max_threads=65535, hint_threads=32
Granted 6 threads to pid 10516 (CPUs 0+0)
Request from pid 10476: max_threads=65535, hint_threads=32
Granted 32 threads to pid 10476 (CPUs 1+32)
Read error: Connection reset by peer (os error 104)
Accepted connection
Handling client
Request from pid 10556: max_threads=65535, hint_threads=32
Granted 16 threads to pid 10556 (CPUs 0+0)
Request from pid 10516: max_threads=65535, hint_threads=32
Granted 10 threads to pid 10516 (CPUs 0+0)
Read error: Connection reset by peer (os error 104)
Request from pid 10556: max_threads=65535, hint_threads=32
Granted 10 threads to pid 10556 (CPUs 0+0)
Read error: Connection reset by peer (os error 104)
Accepted connection
Handling client
Request from pid 10596: max_threads=65535, hint_threads=32
Granted 8 threads to pid 10596 (CPUs 0+0)
Accepted connection
Handling client
Request from pid 10609: max_threads=65535, hint_threads=32
Granted 6 threads to pid 10609 (CPUs 0+0)
Request from pid 10596: max_threads=65535, hint_threads=32
Granted 32 threads to pid 10596 (CPUs 1+32)
Read error: Connection reset by peer (os error 104)
Accepted connection
Handling client
Request from pid 10678: max_threads=65535, hint_threads=32
Granted 16 threads to pid 10678 (CPUs 0+0)
Request from pid 10609: max_threads=65535, hint_threads=32
Granted 10 threads to pid 10609 (CPUs 0+0)
Read error: Connection reset by peer (os error 104)
Accepted connection
Handling client
Request from pid 10718: max_threads=65535, hint_threads=32
Granted 8 threads to pid 10718 (CPUs 0+0)
Request from pid 10678: max_threads=65535, hint_threads=32
Granted 8 threads to pid 10678 (CPUs 0+0)
Read error: Connection reset by peer (os error 104)
Accepted connection
Handling client
Request from pid 10758: max_threads=65535, hint_threads=32
Granted 6 threads to pid 10758 (CPUs 0+0)
Request from pid 10718: max_threads=65535, hint_threads=32
Granted 32 threads to pid 10718 (CPUs 1+32)
Read error: Connection reset by peer (os error 104)
Accepted connection
Handling client
Request from pid 10941: max_threads=65535, hint_threads=32
Granted 16 threads to pid 10941 (CPUs 0+0)
Request from pid 10758: max_threads=65535, hint_threads=32
Granted 10 threads to pid 10758 (CPUs 0+0)
Read error: Connection reset by peer (os error 104)
Request from pid 10941: max_threads=65535, hint_threads=32
Granted 10 threads to pid 10941 (CPUs 0+0)
Read error: Connection reset by peer (os error 104)
Accepted connection
Handling client
Request from pid 10983: max_threads=65535, hint_threads=32
Granted 8 threads to pid 10983 (CPUs 0+0)
Request from pid 10983: max_threads=65535, hint_threads=32
Granted 32 threads to pid 10983 (CPUs 1+32)
Read error: Connection reset by peer (os error 104)
Accepted connection
Handling client
Request from pid 11028: max_threads=65535, hint_threads=32
Granted 16 threads to pid 11028 (CPUs 0+0)
Request from pid 11028: max_threads=65535, hint_threads=32
Granted 16 threads to pid 11028 (CPUs 0+0)
Read error: Connection reset by peer (os error 104)
Accepted connection
Handling client
Request from pid 11068: max_threads=65535, hint_threads=32
Granted 10 threads to pid 11068 (CPUs 0+0)
Request from pid 11068: max_threads=65535, hint_threads=32
Granted 32 threads to pid 11068 (CPUs 1+32)
Read error: Connection reset by peer (os error 104)
CPU pool (32 cores): 1–32
Listening on /tmp/omp-rm.sock (capacity=32, strategy=fair_share)
Accepted connection
Handling client
Request from pid 117487: max_threads=65535, hint_threads=32
Granted 32 threads to pid 117487 (CPUs 1+32)
Request from pid 117487: max_threads=65535, hint_threads=32
Granted 32 threads to pid 117487 (CPUs 1+32)
Read error: Connection reset by peer (os error 104)
Accepted connection
Handling client
Request from pid 117560: max_threads=65535, hint_threads=32
Granted 16 threads to pid 117560 (CPUs 0+0)
Request from pid 117560: max_threads=65535, hint_threads=32
Granted 16 threads to pid 117560 (CPUs 0+0)
Read error: Connection reset by peer (os error 104)
Accepted connection
Handling client
Request from pid 117640: max_threads=65535, hint_threads=32
Granted 10 threads to pid 117640 (CPUs 0+0)
Accepted connection
Handling client
Request from pid 117726: max_threads=65535, hint_threads=32
Granted 10 threads to pid 117726 (CPUs 1+10)
Request from pid 117640: max_threads=65535, hint_threads=32
Granted 16 threads to pid 117640 (CPUs 11+16)
Read error: Connection reset by peer (os error 104)
Accepted connection
Handling client
Request from pid 117832: max_threads=65535, hint_threads=32
Granted 10 threads to pid 117832 (CPUs 0+0)
Request from pid 117726: max_threads=65535, hint_threads=32
Granted 10 threads to pid 117726 (CPUs 1+10)
Read error: Connection reset by peer (os error 104)
Accepted connection
Handling client
Request from pid 117952: max_threads=65535, hint_threads=32
Granted 8 threads to pid 117952 (CPUs 0+0)
Request from pid 117832: max_threads=65535, hint_threads=32
Granted 10 threads to pid 117832 (CPUs 11+10)
Read error: Connection reset by peer (os error 104)
Accepted connection
Handling client
Request from pid 117992: max_threads=65535, hint_threads=32
Granted 8 threads to pid 117992 (CPUs 21+8)
Request from pid 117952: max_threads=65535, hint_threads=32
Granted 32 threads to pid 117952 (CPUs 1+32)
Read error: Connection reset by peer (os error 104)
Accepted connection
Handling client
Request from pid 118256: max_threads=65535, hint_threads=32
Granted 16 threads to pid 118256 (CPUs 0+0)
Request from pid 117992: max_threads=65535, hint_threads=32
Granted 10 threads to pid 117992 (CPUs 0+0)
Read error: Connection reset by peer (os error 104)
Accepted connection
Handling client
Request from pid 118664: max_threads=65535, hint_threads=32
Granted 8 threads to pid 118664 (CPUs 0+0)
Request from pid 118256: max_threads=65535, hint_threads=32
Granted 32 threads to pid 118256 (CPUs 1+32)
Read error: Connection reset by peer (os error 104)
Accepted connection
Handling client
Request from pid 119685: max_threads=65535, hint_threads=32
Granted 16 threads to pid 119685 (CPUs 0+0)
Request from pid 118664: max_threads=65535, hint_threads=32
Granted 10 threads to pid 118664 (CPUs 0+0)
Read error: Connection reset by peer (os error 104)
Accepted connection
Handling client
Request from pid 119796: max_threads=65535, hint_threads=32
Granted 8 threads to pid 119796 (CPUs 0+0)
Request from pid 119685: max_threads=65535, hint_threads=32
Granted 32 threads to pid 119685 (CPUs 1+32)
Read error: Connection reset by peer (os error 104)
Accepted connection
Handling client
Request from pid 122333: max_threads=65535, hint_threads=32
Granted 16 threads to pid 122333 (CPUs 0+0)
Request from pid 119796: max_threads=65535, hint_threads=32
Granted 10 threads to pid 119796 (CPUs 0+0)
Read error: Connection reset by peer (os error 104)
Accepted connection
Handling client
Request from pid 123439: max_threads=65535, hint_threads=32
Granted 8 threads to pid 123439 (CPUs 0+0)
Request from pid 122333: max_threads=65535, hint_threads=32
Granted 10 threads to pid 122333 (CPUs 1+10)
Read error: Connection reset by peer (os error 104)
Accepted connection
Handling client
Request from pid 124752: max_threads=65535, hint_threads=32
Granted 8 threads to pid 124752 (CPUs 11+8)
Request from pid 123439: max_threads=65535, hint_threads=32
Granted 10 threads to pid 123439 (CPUs 19+10)
Read error: Connection reset by peer (os error 104)
Accepted connection
Handling client
Request from pid 124882: max_threads=65535, hint_threads=32
Granted 8 threads to pid 124882 (CPUs 0+0)
Request from pid 124752: max_threads=65535, hint_threads=32
Granted 10 threads to pid 124752 (CPUs 1+10)
Read error: Connection reset by peer (os error 104)
Accepted connection
Handling client
Request from pid 126209: max_threads=65535, hint_threads=32
Granted 8 threads to pid 126209 (CPUs 11+8)
Request from pid 124882: max_threads=65535, hint_threads=32
Granted 10 threads to pid 124882 (CPUs 19+10)
Read error: Connection reset by peer (os error 104)
Accepted connection
Handling client
Request from pid 126916: max_threads=65535, hint_threads=32
Granted 8 threads to pid 126916 (CPUs 0+0)
Request from pid 126209: max_threads=65535, hint_threads=32
Granted 10 threads to pid 126209 (CPUs 1+10)
Read error: Connection reset by peer (os error 104)
Accepted connection
Handling client
Request from pid 127056: max_threads=65535, hint_threads=32
Granted 8 threads to pid 127056 (CPUs 11+8)
Request from pid 126916: max_threads=65535, hint_threads=32
Granted 10 threads to pid 126916 (CPUs 19+10)
Read error: Connection reset by peer (os error 104)
Accepted connection
Handling client
Request from pid 127141: max_threads=65535, hint_threads=32
Granted 8 threads to pid 127141 (CPUs 0+0)
Request from pid 127056: max_threads=65535, hint_threads=32
Granted 10 threads to pid 127056 (CPUs 1+10)
Read error: Connection reset by peer (os error 104)
Accepted connection
Handling client
Request from pid 127221: max_threads=65535, hint_threads=32
Granted 8 threads to pid 127221 (CPUs 11+8)
Request from pid 127141: max_threads=65535, hint_threads=32
Granted 10 threads to pid 127141 (CPUs 19+10)
Read error: Connection reset by peer (os error 104)
Accepted connection
Handling client
Request from pid 127266: max_threads=65535, hint_threads=32
Granted 8 threads to pid 127266 (CPUs 0+0)
Request from pid 127221: max_threads=65535, hint_threads=32
Granted 10 threads to pid 127221 (CPUs 1+10)
Read error: Connection reset by peer (os error 104)
Accepted connection
Handling client
Request from pid 127308: max_threads=65535, hint_threads=32
Granted 8 threads to pid 127308 (CPUs 11+8)
Request from pid 127266: max_threads=65535, hint_threads=32
Granted 10 threads to pid 127266 (CPUs 19+10)
Read error: Connection reset by peer (os error 104)
Accepted connection
Handling client
Request from pid 127348: max_threads=65535, hint_threads=32
Granted 8 threads to pid 127348 (CPUs 0+0)
Request from pid 127308: max_threads=65535, hint_threads=32
Granted 10 threads to pid 127308 (CPUs 1+10)
Read error: Connection reset by peer (os error 104)
Accepted connection
Handling client
Request from pid 127400: max_threads=65535, hint_threads=32
Granted 8 threads to pid 127400 (CPUs 11+8)
Request from pid 127348: max_threads=65535, hint_threads=32
Granted 10 threads to pid 127348 (CPUs 19+10)
Read error: Connection reset by peer (os error 104)
Accepted connection
Handling client
Request from pid 127440: max_threads=65535, hint_threads=32
Granted 8 threads to pid 127440 (CPUs 0+0)
Request from pid 127400: max_threads=65535, hint_threads=32
Granted 10 threads to pid 127400 (CPUs 1+10)
Read error: Connection reset by peer (os error 104)
Accepted connection
Handling client
Request from pid 127482: max_threads=65535, hint_threads=32
Granted 8 threads to pid 127482 (CPUs 11+8)
Request from pid 127440: max_threads=65535, hint_threads=32
Granted 10 threads to pid 127440 (CPUs 19+10)
Read error: Connection reset by peer (os error 104)
Accepted connection
Handling client
Request from pid 127522: max_threads=65535, hint_threads=32
Granted 8 threads to pid 127522 (CPUs 0+0)
Request from pid 127482: max_threads=65535, hint_threads=32
Accepted connection
Handling client
Request from pid 127564: max_threads=65535, hint_threads=32
Granted 8 threads to pid 127564 (CPUs 11+8)
Request from pid 127522: max_threads=65535, hint_threads=32
Granted 10 threads to pid 127522 (CPUs 19+10)
Read error: Connection reset by peer (os error 104)
Request from pid 127564: max_threads=65535, hint_threads=32
Granted 16 threads to pid 127564 (CPUs 1+16)
Read error: Connection reset by peer (os error 104)
Accepted connection
Handling client
Request from pid 127611: max_threads=65535, hint_threads=32
Granted 10 threads to pid 127611 (CPUs 0+0)
Request from pid 127611: max_threads=65535, hint_threads=32
Granted 32 threads to pid 127611 (CPUs 1+32)
Read error: Connection reset by peer (os error 104)
Accepted connection
Handling client
Request from pid 127652: max_threads=65535, hint_threads=32
Granted 16 threads to pid 127652 (CPUs 0+0)
Request from pid 127652: max_threads=65535, hint_threads=32
Granted 32 threads to pid 127652 (CPUs 1+32)
Read error: Connection reset by peer (os error 104)
CPU pool (32 cores): 1–32
Listening on /tmp/omp-rm.sock (capacity=32, strategy=fair_share)
Accepted connection
Handling client
Request from pid 56787: max_threads=65535, hint_threads=32
Granted 32 threads to pid 56787 (CPUs 1+32)
Request from pid 56787: max_threads=65535, hint_threads=32
Granted 32 threads to pid 56787 (CPUs 1+32)
Read error: Connection reset by peer (os error 104)
Accepted connection
Handling client
Request from pid 56898: max_threads=65535, hint_threads=32
Granted 16 threads to pid 56898 (CPUs 0+0)
Request from pid 56898: max_threads=65535, hint_threads=32
Granted 16 threads to pid 56898 (CPUs 0+0)
Read error: Connection reset by peer (os error 104)
Accepted connection
Handling client
Request from pid 57016: max_threads=65535, hint_threads=32
Granted 10 threads to pid 57016 (CPUs 0+0)
Accepted connection
Handling client
Request from pid 57137: max_threads=65535, hint_threads=32
Granted 10 threads to pid 57137 (CPUs 1+10)
Request from pid 57137: max_threads=65535, hint_threads=32
Granted 10 threads to pid 57137 (CPUs 1+10)
Request from pid 57016: max_threads=65535, hint_threads=32
Granted 16 threads to pid 57016 (CPUs 11+16)
Read error: Connection reset by peer (os error 104)
Accepted connection
Handling client
Request from pid 57216: max_threads=65535, hint_threads=32
Granted 10 threads to pid 57216 (CPUs 0+0)
Client closed connection
Accepted connection
Handling client
Request from pid 57367: max_threads=65535, hint_threads=32
Granted 10 threads to pid 57367 (CPUs 1+10)
Request from pid 57216: max_threads=65535, hint_threads=32
Granted 16 threads to pid 57216 (CPUs 11+16)
Read error: Connection reset by peer (os error 104)
Accepted connection
Handling client
Request from pid 57407: max_threads=65535, hint_threads=32
Granted 10 threads to pid 57407 (CPUs 0+0)
Request from pid 57367: max_threads=65535, hint_threads=32
Granted 10 threads to pid 57367 (CPUs 1+10)
Read error: Connection reset by peer (os error 104)
Accepted connection
Handling client
Request from pid 57525: max_threads=65535, hint_threads=32
Granted 8 threads to pid 57525 (CPUs 0+0)
Request from pid 57407: max_threads=65535, hint_threads=32
Granted 10 threads to pid 57407 (CPUs 11+10)
Read error: Connection reset by peer (os error 104)
Accepted connection
Handling client
Request from pid 57604: max_threads=65535, hint_threads=32
Granted 8 threads to pid 57604 (CPUs 21+8)
Request from pid 57525: max_threads=65535, hint_threads=32
Granted 32 threads to pid 57525 (CPUs 1+32)
Read error: Connection reset by peer (os error 104)
Accepted connection
Handling client
Request from pid 57777: max_threads=65535, hint_threads=32
Granted 16 threads to pid 57777 (CPUs 0+0)
Request from pid 57604: max_threads=65535, hint_threads=32
Granted 10 threads to pid 57604 (CPUs 0+0)
Read error: Connection reset by peer (os error 104)
Accepted connection
Handling client
Request from pid 57856: max_threads=65535, hint_threads=32
Granted 8 threads to pid 57856 (CPUs 0+0)
Request from pid 57777: max_threads=65535, hint_threads=32
Granted 8 threads to pid 57777 (CPUs 0+0)
Read error: Connection reset by peer (os error 104)
Accepted connection
Handling client
Request from pid 57935: max_threads=65535, hint_threads=32
Granted 6 threads to pid 57935 (CPUs 0+0)
Request from pid 57856: max_threads=65535, hint_threads=32
Granted 10 threads to pid 57856 (CPUs 1+10)
Read error: Connection reset by peer (os error 104)
Accepted connection
Handling client
Request from pid 58054: max_threads=65535, hint_threads=32
Granted 8 threads to pid 58054 (CPUs 11+8)
Request from pid 57935: max_threads=65535, hint_threads=32
Granted 16 threads to pid 57935 (CPUs 0+0)
Read error: Connection reset by peer (os error 104)
Accepted connection
Handling client
Request from pid 58230: max_threads=65535, hint_threads=32
Granted 16 threads to pid 58230 (CPUs 1+16)
Request from pid 58054: max_threads=65535, hint_threads=32
Granted 10 threads to pid 58054 (CPUs 17+10)
Read error: Connection reset by peer (os error 104)
Accepted connection
Handling client
Request from pid 58351: max_threads=65535, hint_threads=32
Granted 8 threads to pid 58351 (CPUs 0+0)
Request from pid 58230: max_threads=65535, hint_threads=32
Granted 10 threads to pid 58230 (CPUs 1+10)
Read error: Connection reset by peer (os error 104)
Accepted connection
Handling client
Request from pid 58391: max_threads=65535, hint_threads=32
Granted 8 threads to pid 58391 (CPUs 0+0)
Request from pid 58351: max_threads=65535, hint_threads=32
Granted 32 threads to pid 58351 (CPUs 1+32)
Read error: Connection reset by peer (os error 104)
Accepted connection
Handling client
Request from pid 58593: max_threads=65535, hint_threads=32
Granted 16 threads to pid 58593 (CPUs 0+0)
Request from pid 58391: max_threads=65535, hint_threads=32
Granted 10 threads to pid 58391 (CPUs 0+0)
Read error: Connection reset by peer (os error 104)
Accepted connection
Handling client
Request from pid 58633: max_threads=65535, hint_threads=32
Granted 8 threads to pid 58633 (CPUs 0+0)
Request from pid 58593: max_threads=65535, hint_threads=32
Granted 8 threads to pid 58593 (CPUs 0+0)
Read error: Connection reset by peer (os error 104)
Accepted connection
Handling client
Request from pid 58788: max_threads=65535, hint_threads=32
Granted 6 threads to pid 58788 (CPUs 0+0)
Request from pid 58633: max_threads=65535, hint_threads=32
Granted 10 threads to pid 58633 (CPUs 1+10)
Read error: Connection reset by peer (os error 104)
Accepted connection
Handling client
Request from pid 58830: max_threads=65535, hint_threads=32
Granted 8 threads to pid 58830 (CPUs 11+8)
Request from pid 58788: max_threads=65535, hint_threads=32
Granted 10 threads to pid 58788 (CPUs 19+10)
Read error: Connection reset by peer (os error 104)
Accepted connection
Handling client
Request from pid 58870: max_threads=65535, hint_threads=32
Granted 10 threads to pid 58870 (CPUs 1+10)
Request from pid 58830: max_threads=65535, hint_threads=32
Granted 10 threads to pid 58830 (CPUs 0+0)
Read error: Connection reset by peer (os error 104)
Accepted connection
Handling client
Request from pid 58910: max_threads=65535, hint_threads=32
Granted 8 threads to pid 58910 (CPUs 11+8)
Request from pid 58870: max_threads=65535, hint_threads=32
Granted 10 threads to pid 58870 (CPUs 1+10)
Read error: Connection reset by peer (os error 104)
Accepted connection
Handling client
Request from pid 58952: max_threads=65535, hint_threads=32
Granted 8 threads to pid 58952 (CPUs 19+8)
Request from pid 58910: max_threads=65535, hint_threads=32
Granted 10 threads to pid 58910 (CPUs 0+0)
Read error: Connection reset by peer (os error 104)
Accepted connection
Handling client
Request from pid 58992: max_threads=65535, hint_threads=32
Granted 8 threads to pid 58992 (CPUs 11+8)
Request from pid 58952: max_threads=65535, hint_threads=32
Granted 10 threads to pid 58952 (CPUs 1+10)
Read error: Connection reset by peer (os error 104)
Accepted connection
Handling client
Request from pid 59164: max_threads=65535, hint_threads=32
Granted 8 threads to pid 59164 (CPUs 19+8)
Request from pid 58992: max_threads=65535, hint_threads=32
Granted 10 threads to pid 58992 (CPUs 0+0)
Read error: Connection reset by peer (os error 104)
Accepted connection
Handling client
Request from pid 59204: max_threads=65535, hint_threads=32
Granted 8 threads to pid 59204 (CPUs 11+8)
Request from pid 59164: max_threads=65535, hint_threads=32
Granted 10 threads to pid 59164 (CPUs 1+10)
Read error: Connection reset by peer (os error 104)
Accepted connection
Handling client
Request from pid 59252: max_threads=65535, hint_threads=32
Granted 8 threads to pid 59252 (CPUs 19+8)
Request from pid 59204: max_threads=65535, hint_threads=32
Granted 10 threads to pid 59204 (CPUs 0+0)
Read error: Connection reset by peer (os error 104)
Accepted connection
Handling client
Request from pid 59294: max_threads=65535, hint_threads=32
Granted 8 threads to pid 59294 (CPUs 11+8)
Request from pid 59252: max_threads=65535, hint_threads=32
Granted 10 threads to pid 59252 (CPUs 1+10)
Read error: Connection reset by peer (os error 104)
Request from pid 59294: max_threads=65535, hint_threads=32
Granted 16 threads to pid 59294 (CPUs 11+16)
Read error: Connection reset by peer (os error 104)
Accepted connection
Handling client
Request from pid 59340: max_threads=65535, hint_threads=32
Granted 10 threads to pid 59340 (CPUs 0+0)
Request from pid 59340: max_threads=65535, hint_threads=32
Granted 32 threads to pid 59340 (CPUs 1+32)
Read error: Connection reset by peer (os error 104)
Accepted connection
Handling client
Request from pid 59382: max_threads=65535, hint_threads=32
Granted 16 threads to pid 59382 (CPUs 0+0)
Request from pid 59382: max_threads=65535, hint_threads=32
Granted 16 threads to pid 59382 (CPUs 0+0)
Read error: Connection reset by peer (os error 104)
CPU pool (32 cores): 1–32
Listening on /tmp/omp-rm.sock (capacity=32, strategy=fair_share)
Accepted connection
Handling client
Request from pid 28266: max_threads=65535, hint_threads=32
Granted 32 threads to pid 28266 (CPUs 1+32)
Request from pid 28266: max_threads=65535, hint_threads=32
Granted 32 threads to pid 28266 (CPUs 1+32)
Read error: Connection reset by peer (os error 104)
Accepted connection
Handling client
Request from pid 28338: max_threads=65535, hint_threads=32
Granted 16 threads to pid 28338 (CPUs 0+0)
Request from pid 28338: max_threads=65535, hint_threads=32
Granted 16 threads to pid 28338 (CPUs 0+0)
Read error: Connection reset by peer (os error 104)
Accepted connection
Handling client
Request from pid 28475: max_threads=65535, hint_threads=32
Granted 10 threads to pid 28475 (CPUs 0+0)
Accepted connection
Handling client
Request from pid 28639: max_threads=65535, hint_threads=32
Granted 10 threads to pid 28639 (CPUs 1+10)
Request from pid 28475: max_threads=65535, hint_threads=32
Granted 16 threads to pid 28475 (CPUs 11+16)
Read error: Connection reset by peer (os error 104)
Accepted connection
Handling client
Request from pid 28710: max_threads=65535, hint_threads=32
Granted 10 threads to pid 28710 (CPUs 0+0)
Request from pid 28639: max_threads=65535, hint_threads=32
Granted 10 threads to pid 28639 (CPUs 1+10)
Read error: Connection reset by peer (os error 104)
Accepted connection
Handling client
Request from pid 28828: max_threads=65535, hint_threads=32
Granted 8 threads to pid 28828 (CPUs 0+0)
Request from pid 28710: max_threads=65535, hint_threads=32
Granted 10 threads to pid 28710 (CPUs 11+10)
Read error: Connection reset by peer (os error 104)
Accepted connection
Handling client
Request from pid 28876: max_threads=65535, hint_threads=32
Granted 8 threads to pid 28876 (CPUs 21+8)
Request from pid 28828: max_threads=65535, hint_threads=32
Granted 32 threads to pid 28828 (CPUs 1+32)
Read error: Connection reset by peer (os error 104)
Accepted connection
Handling client
Request from pid 29066: max_threads=65535, hint_threads=32
Granted 16 threads to pid 29066 (CPUs 0+0)
Request from pid 28876: max_threads=65535, hint_threads=32
Granted 10 threads to pid 28876 (CPUs 0+0)
Read error: Connection reset by peer (os error 104)
Accepted connection
Handling client
Request from pid 29184: max_threads=65535, hint_threads=32
Granted 8 threads to pid 29184 (CPUs 0+0)
Request from pid 29066: max_threads=65535, hint_threads=32
Granted 8 threads to pid 29066 (CPUs 0+0)
Read error: Connection reset by peer (os error 104)
Accepted connection
Handling client
Request from pid 29224: max_threads=65535, hint_threads=32
Granted 6 threads to pid 29224 (CPUs 0+0)
Request from pid 29184: max_threads=65535, hint_threads=32
Granted 32 threads to pid 29184 (CPUs 1+32)
Read error: Connection reset by peer (os error 104)
Accepted connection
Handling client
Request from pid 29437: max_threads=65535, hint_threads=32
Granted 16 threads to pid 29437 (CPUs 0+0)
Request from pid 29224: max_threads=65535, hint_threads=32
Granted 10 threads to pid 29224 (CPUs 0+0)
Read error: Connection reset by peer (os error 104)
Accepted connection
Handling client
Request from pid 29517: max_threads=65535, hint_threads=32
Granted 8 threads to pid 29517 (CPUs 0+0)
Request from pid 29437: max_threads=65535, hint_threads=32
Granted 8 threads to pid 29437 (CPUs 0+0)
Read error: Connection reset by peer (os error 104)
Accepted connection
Handling client
Request from pid 29559: max_threads=65535, hint_threads=32
Granted 6 threads to pid 29559 (CPUs 0+0)
Request from pid 29517: max_threads=65535, hint_threads=32
Granted 32 threads to pid 29517 (CPUs 1+32)
Read error: Connection reset by peer (os error 104)
Accepted connection
Handling client
Request from pid 29755: max_threads=65535, hint_threads=32
Granted 16 threads to pid 29755 (CPUs 0+0)
Request from pid 29559: max_threads=65535, hint_threads=32
Granted 10 threads to pid 29559 (CPUs 0+0)
Read error: Connection reset by peer (os error 104)
Accepted connection
Handling client
Request from pid 29839: max_threads=65535, hint_threads=32
Granted 8 threads to pid 29839 (CPUs 0+0)
Request from pid 29755: max_threads=65535, hint_threads=32
Granted 8 threads to pid 29755 (CPUs 0+0)
Read error: Connection reset by peer (os error 104)
Accepted connection
Handling client
Request from pid 29879: max_threads=65535, hint_threads=32
Granted 6 threads to pid 29879 (CPUs 0+0)
Request from pid 29839: max_threads=65535, hint_threads=32
Granted 32 threads to pid 29839 (CPUs 1+32)
Read error: Connection reset by peer (os error 104)
Accepted connection
Handling client
Request from pid 30077: max_threads=65535, hint_threads=32
Granted 16 threads to pid 30077 (CPUs 0+0)
Request from pid 29879: max_threads=65535, hint_threads=32
Granted 10 threads to pid 29879 (CPUs 0+0)
Read error: Connection reset by peer (os error 104)
Accepted connection
Handling client
Request from pid 30156: max_threads=65535, hint_threads=32
Granted 8 threads to pid 30156 (CPUs 0+0)
Request from pid 30077: max_threads=65535, hint_threads=32
Granted 8 threads to pid 30077 (CPUs 0+0)
Read error: Connection reset by peer (os error 104)
Accepted connection
Handling client
Request from pid 30196: max_threads=65535, hint_threads=32
Granted 6 threads to pid 30196 (CPUs 0+0)
Request from pid 30156: max_threads=65535, hint_threads=32
Granted 32 threads to pid 30156 (CPUs 1+32)
Read error: Connection reset by peer (os error 104)
Accepted connection
Handling client
Request from pid 30252: max_threads=65535, hint_threads=32
Granted 16 threads to pid 30252 (CPUs 0+0)
Request from pid 30196: max_threads=65535, hint_threads=32
Granted 10 threads to pid 30196 (CPUs 0+0)
Read error: Connection reset by peer (os error 104)
Accepted connection
Handling client
Request from pid 30294: max_threads=65535, hint_threads=32
Granted 8 threads to pid 30294 (CPUs 0+0)
Request from pid 30252: max_threads=65535, hint_threads=32
Granted 8 threads to pid 30252 (CPUs 0+0)
Read error: Connection reset by peer (os error 104)
Accepted connection
Handling client
Request from pid 30334: max_threads=65535, hint_threads=32
Granted 6 threads to pid 30334 (CPUs 0+0)
Request from pid 30294: max_threads=65535, hint_threads=32
Accepted connection
Handling client
Request from pid 30374: max_threads=65535, hint_threads=32
Granted 16 threads to pid 30374 (CPUs 0+0)
Request from pid 30334: max_threads=65535, hint_threads=32
Granted 10 threads to pid 30334 (CPUs 0+0)
Read error: Connection reset by peer (os error 104)
Accepted connection
Handling client
Request from pid 30414: max_threads=65535, hint_threads=32
Granted 8 threads to pid 30414 (CPUs 0+0)
Request from pid 30374: max_threads=65535, hint_threads=32
Granted 8 threads to pid 30374 (CPUs 0+0)
Read error: Connection reset by peer (os error 104)
Accepted connection
Handling client
Request from pid 30454: max_threads=65535, hint_threads=32
Granted 6 threads to pid 30454 (CPUs 0+0)
Request from pid 30414: max_threads=65535, hint_threads=32
Granted 32 threads to pid 30414 (CPUs 1+32)
Read error: Connection reset by peer (os error 104)
Accepted connection
Handling client
Request from pid 30496: max_threads=65535, hint_threads=32
Granted 16 threads to pid 30496 (CPUs 0+0)
Request from pid 30454: max_threads=65535, hint_threads=32
Granted 10 threads to pid 30454 (CPUs 0+0)
Read error: Connection reset by peer (os error 104)
Accepted connection
Handling client
Request from pid 30536: max_threads=65535, hint_threads=32
Granted 8 threads to pid 30536 (CPUs 0+0)
Request from pid 30496: max_threads=65535, hint_threads=32
Granted 8 threads to pid 30496 (CPUs 0+0)
Read error: Connection reset by peer (os error 104)
Accepted connection
Handling client
Request from pid 30576: max_threads=65535, hint_threads=32
Granted 6 threads to pid 30576 (CPUs 0+0)
Request from pid 30536: max_threads=65535, hint_threads=32
Granted 32 threads to pid 30536 (CPUs 1+32)
Read error: Connection reset by peer (os error 104)
Request from pid 30576: max_threads=65535, hint_threads=32
Granted 16 threads to pid 30576 (CPUs 0+0)
Read error: Connection reset by peer (os error 104)
Accepted connection
Handling client
Request from pid 30702: max_threads=65535, hint_threads=32
Granted 10 threads to pid 30702 (CPUs 0+0)
Request from pid 30702: max_threads=65535, hint_threads=32
Granted 32 threads to pid 30702 (CPUs 1+32)
Read error: Connection reset by peer (os error 104)
Accepted connection
Handling client
Request from pid 30742: max_threads=65535, hint_threads=32
Granted 16 threads to pid 30742 (CPUs 0+0)
Request from pid 30742: max_threads=65535, hint_threads=32
Granted 16 threads to pid 30742 (CPUs 0+0)
Read error: Connection reset by peer (os error 104)
CPU pool (32 cores): 1–32
Listening on /tmp/omp-rm.sock (capacity=32, strategy=fair_share)
Accepted connection
Handling client
Request from pid 42049: max_threads=65535, hint_threads=32
Granted 32 threads to pid 42049 (CPUs 1+32)
Request from pid 42049: max_threads=65535, hint_threads=32
Granted 32 threads to pid 42049 (CPUs 1+32)
Read error: Connection reset by peer (os error 104)
Accepted connection
Handling client
Request from pid 42131: max_threads=65535, hint_threads=32
Granted 16 threads to pid 42131 (CPUs 0+0)
Request from pid 42131: max_threads=65535, hint_threads=32
Granted 32 threads to pid 42131 (CPUs 1+32)
Read error: Connection reset by peer (os error 104)
Accepted connection
Handling client
Request from pid 42337: max_threads=65535, hint_threads=32
Granted 16 threads to pid 42337 (CPUs 0+0)
Accepted connection
Handling client
Request from pid 42433: max_threads=65535, hint_threads=32
Granted 10 threads to pid 42433 (CPUs 0+0)
Request from pid 42337: max_threads=65535, hint_threads=32
Granted 10 threads to pid 42337 (CPUs 0+0)
Read error: Connection reset by peer (os error 104)
Accepted connection
Handling client
Request from pid 42505: max_threads=65535, hint_threads=32
Granted 8 threads to pid 42505 (CPUs 0+0)
Request from pid 42433: max_threads=65535, hint_threads=32
Granted 10 threads to pid 42433 (CPUs 1+10)
Read error: Connection reset by peer (os error 104)
Accepted connection
Handling client
Request from pid 42623: max_threads=65535, hint_threads=32
Granted 8 threads to pid 42623 (CPUs 11+8)
Request from pid 42505: max_threads=65535, hint_threads=32
Granted 10 threads to pid 42505 (CPUs 19+10)
Read error: Connection reset by peer (os error 104)
Accepted connection
Handling client
Request from pid 42744: max_threads=65535, hint_threads=32
Granted 8 threads to pid 42744 (CPUs 0+0)
Request from pid 42623: max_threads=65535, hint_threads=32
Granted 32 threads to pid 42623 (CPUs 1+32)
Read error: Connection reset by peer (os error 104)
Accepted connection
Handling client
Request from pid 42862: max_threads=65535, hint_threads=32
Granted 16 threads to pid 42862 (CPUs 0+0)
Request from pid 42744: max_threads=65535, hint_threads=32
Granted 10 threads to pid 42744 (CPUs 0+0)
Read error: Connection reset by peer (os error 104)
Accepted connection
Handling client
Request from pid 42980: max_threads=65535, hint_threads=32
Granted 8 threads to pid 42980 (CPUs 0+0)
Request from pid 42862: max_threads=65535, hint_threads=32
Granted 8 threads to pid 42862 (CPUs 0+0)
Read error: Connection reset by peer (os error 104)
Accepted connection
Handling client
Request from pid 43021: max_threads=65535, hint_threads=32
Granted 6 threads to pid 43021 (CPUs 0+0)
Request from pid 42980: max_threads=65535, hint_threads=32
Granted 32 threads to pid 42980 (CPUs 1+32)
Read error: Connection reset by peer (os error 104)
Accepted connection
Handling client
Request from pid 43312: max_threads=65535, hint_threads=32
Granted 16 threads to pid 43312 (CPUs 0+0)
Request from pid 43021: max_threads=65535, hint_threads=32
Granted 10 threads to pid 43021 (CPUs 0+0)
Read error: Connection reset by peer (os error 104)
Accepted connection
Handling client
Request from pid 43469: max_threads=65535, hint_threads=32
Granted 8 threads to pid 43469 (CPUs 0+0)
Request from pid 43312: max_threads=65535, hint_threads=32
Granted 10 threads to pid 43312 (CPUs 1+10)
Read error: Connection reset by peer (os error 104)
Accepted connection
Handling client
Request from pid 43556: max_threads=65535, hint_threads=32
Granted 8 threads to pid 43556 (CPUs 11+8)
Request from pid 43469: max_threads=65535, hint_threads=32
Granted 10 threads to pid 43469 (CPUs 19+10)
Read error: Connection reset by peer (os error 104)
Accepted connection
Handling client
Request from pid 43674: max_threads=65535, hint_threads=32
Granted 8 threads to pid 43674 (CPUs 0+0)
Request from pid 43556: max_threads=65535, hint_threads=32
Granted 10 threads to pid 43556 (CPUs 1+10)
Read error: Connection reset by peer (os error 104)
Accepted connection
Handling client
Request from pid 43755: max_threads=65535, hint_threads=32
Granted 8 threads to pid 43755 (CPUs 11+8)
Request from pid 43674: max_threads=65535, hint_threads=32
Granted 10 threads to pid 43674 (CPUs 19+10)
Read error: Connection reset by peer (os error 104)
Accepted connection
Handling client
Request from pid 43917: max_threads=65535, hint_threads=32
Granted 10 threads to pid 43917 (CPUs 1+10)
Request from pid 43755: max_threads=65535, hint_threads=32
Granted 10 threads to pid 43755 (CPUs 0+0)
Read error: Connection reset by peer (os error 104)
Accepted connection
Handling client
Request from pid 43996: max_threads=65535, hint_threads=32
Granted 8 threads to pid 43996 (CPUs 11+8)
Request from pid 43917: max_threads=65535, hint_threads=32
Granted 10 threads to pid 43917 (CPUs 1+10)
Read error: Connection reset by peer (os error 104)
Accepted connection
Handling client
Request from pid 44080: max_threads=65535, hint_threads=32
Granted 8 threads to pid 44080 (CPUs 19+8)
Request from pid 43996: max_threads=65535, hint_threads=32
Granted 10 threads to pid 43996 (CPUs 0+0)
Read error: Connection reset by peer (os error 104)
Accepted connection
Handling client
Request from pid 44120: max_threads=65535, hint_threads=32
Granted 8 threads to pid 44120 (CPUs 11+8)
Request from pid 44080: max_threads=65535, hint_threads=32
Granted 10 threads to pid 44080 (CPUs 1+10)
Read error: Connection reset by peer (os error 104)
Accepted connection
Handling client
Request from pid 44163: max_threads=65535, hint_threads=32
Granted 8 threads to pid 44163 (CPUs 19+8)
Request from pid 44120: max_threads=65535, hint_threads=32
Accepted connection
Handling client
Request from pid 44203: max_threads=65535, hint_threads=32
Granted 8 threads to pid 44203 (CPUs 11+8)
Request from pid 44163: max_threads=65535, hint_threads=32
Granted 10 threads to pid 44163 (CPUs 1+10)
Read error: Connection reset by peer (os error 104)
Accepted connection
Handling client
Request from pid 44264: max_threads=65535, hint_threads=32
Granted 8 threads to pid 44264 (CPUs 19+8)
Request from pid 44203: max_threads=65535, hint_threads=32
Granted 10 threads to pid 44203 (CPUs 0+0)
Read error: Connection reset by peer (os error 104)
Accepted connection
Handling client
Request from pid 44304: max_threads=65535, hint_threads=32
Granted 8 threads to pid 44304 (CPUs 11+8)
Request from pid 44264: max_threads=65535, hint_threads=32
Granted 10 threads to pid 44264 (CPUs 1+10)
Read error: Connection reset by peer (os error 104)
Accepted connection
Handling client
Request from pid 44346: max_threads=65535, hint_threads=32
Granted 8 threads to pid 44346 (CPUs 19+8)
Request from pid 44304: max_threads=65535, hint_threads=32
Granted 10 threads to pid 44304 (CPUs 0+0)
Read error: Connection reset by peer (os error 104)
Accepted connection
Handling client
Request from pid 44386: max_threads=65535, hint_threads=32
Granted 8 threads to pid 44386 (CPUs 11+8)
Request from pid 44346: max_threads=65535, hint_threads=32
Granted 10 threads to pid 44346 (CPUs 1+10)
Read error: Connection reset by peer (os error 104)
Accepted connection
Handling client
Request from pid 44426: max_threads=65535, hint_threads=32
Granted 8 threads to pid 44426 (CPUs 19+8)
Request from pid 44386: max_threads=65535, hint_threads=32
Granted 10 threads to pid 44386 (CPUs 0+0)
Read error: Connection reset by peer (os error 104)
Accepted connection
Handling client
Request from pid 44466: max_threads=65535, hint_threads=32
Granted 8 threads to pid 44466 (CPUs 11+8)
Request from pid 44426: max_threads=65535, hint_threads=32
Granted 10 threads to pid 44426 (CPUs 1+10)
Read error: Connection reset by peer (os error 104)
Accepted connection
Handling client
Request from pid 44508: max_threads=65535, hint_threads=32
Granted 8 threads to pid 44508 (CPUs 19+8)
Request from pid 44466: max_threads=65535, hint_threads=32
Granted 10 threads to pid 44466 (CPUs 0+0)
Read error: Connection reset by peer (os error 104)
Request from pid 44508: max_threads=65535, hint_threads=32
Granted 16 threads to pid 44508 (CPUs 1+16)
Read error: Connection reset by peer (os error 104)
Accepted connection
Handling client
Request from pid 44563: max_threads=65535, hint_threads=32
Granted 10 threads to pid 44563 (CPUs 17+10)
Request from pid 44563: max_threads=65535, hint_threads=32
Granted 32 threads to pid 44563 (CPUs 1+32)
Read error: Connection reset by peer (os error 104)
Accepted connection
Handling client
Request from pid 44605: max_threads=65535, hint_threads=32
Granted 16 threads to pid 44605 (CPUs 0+0)
Request from pid 44605: max_threads=65535, hint_threads=32
Granted 16 threads to pid 44605 (CPUs 0+0)
Read error: Connection reset by peer (os error 104)
CPU pool (32 cores): 1–32
Listening on /tmp/omp-rm.sock (capacity=32, strategy=fair_share)
Accepted connection
Handling client
Request from pid 42389: max_threads=65535, hint_threads=32
Granted 32 threads to pid 42389 (CPUs 1+32)
Request from pid 42389: max_threads=65535, hint_threads=32
Accepted connection
Handling client
Request from pid 42500: max_threads=65535, hint_threads=32
Granted 16 threads to pid 42500 (CPUs 0+0)
Request from pid 42500: max_threads=65535, hint_threads=32
Granted 16 threads to pid 42500 (CPUs 0+0)
Read error: Connection reset by peer (os error 104)
Accepted connection
Handling client
Request from pid 42579: max_threads=65535, hint_threads=32
Granted 10 threads to pid 42579 (CPUs 0+0)
Accepted connection
Handling client
Request from pid 42701: max_threads=65535, hint_threads=32
Granted 10 threads to pid 42701 (CPUs 1+10)
Request from pid 42579: max_threads=65535, hint_threads=32
Granted 16 threads to pid 42579 (CPUs 11+16)
Read error: Connection reset by peer (os error 104)
Accepted connection
Handling client
Request from pid 42811: max_threads=65535, hint_threads=32
Granted 10 threads to pid 42811 (CPUs 0+0)
Request from pid 42701: max_threads=65535, hint_threads=32
Granted 32 threads to pid 42701 (CPUs 1+32)
Read error: Connection reset by peer (os error 104)
Accepted connection
Handling client
Request from pid 43002: max_threads=65535, hint_threads=32
Granted 16 threads to pid 43002 (CPUs 0+0)
Request from pid 42811: max_threads=65535, hint_threads=32
Granted 10 threads to pid 42811 (CPUs 0+0)
Read error: Connection reset by peer (os error 104)
Accepted connection
Handling client
Request from pid 43042: max_threads=65535, hint_threads=32
Granted 8 threads to pid 43042 (CPUs 0+0)
Request from pid 43002: max_threads=65535, hint_threads=32
Granted 8 threads to pid 43002 (CPUs 0+0)
Read error: Connection reset by peer (os error 104)
Accepted connection
Handling client
Request from pid 43160: max_threads=65535, hint_threads=32
Granted 6 threads to pid 43160 (CPUs 0+0)
Request from pid 43042: max_threads=65535, hint_threads=32
Granted 10 threads to pid 43042 (CPUs 1+10)
Read error: Connection reset by peer (os error 104)
Accepted connection
Handling client
Request from pid 43278: max_threads=65535, hint_threads=32
Granted 8 threads to pid 43278 (CPUs 11+8)
Request from pid 43160: max_threads=65535, hint_threads=32
Granted 32 threads to pid 43160 (CPUs 1+32)
Read error: Connection reset by peer (os error 104)
Accepted connection
Handling client
Request from pid 43399: max_threads=65535, hint_threads=32
Granted 16 threads to pid 43399 (CPUs 0+0)
Request from pid 43399: max_threads=65535, hint_threads=32
Granted 16 threads to pid 43399 (CPUs 0+0)
Read error: Connection reset by peer (os error 104)
Accepted connection
Handling client
Request from pid 43517: max_threads=65535, hint_threads=32
Granted 10 threads to pid 43517 (CPUs 0+0)
Request from pid 43278: max_threads=65535, hint_threads=32
Granted 8 threads to pid 43278 (CPUs 0+0)
Read error: Connection reset by peer (os error 104)
Accepted connection
Handling client
Request from pid 43557: max_threads=65535, hint_threads=32
Granted 6 threads to pid 43557 (CPUs 0+0)
Request from pid 43517: max_threads=65535, hint_threads=32
Granted 32 threads to pid 43517 (CPUs 1+32)
Read error: Connection reset by peer (os error 104)
Accepted connection
Handling client
Request from pid 43714: max_threads=65535, hint_threads=32
Granted 16 threads to pid 43714 (CPUs 0+0)
Request from pid 43714: max_threads=65535, hint_threads=32
Granted 16 threads to pid 43714 (CPUs 0+0)
Read error: Connection reset by peer (os error 104)
Accepted connection
Handling client
Request from pid 43835: max_threads=65535, hint_threads=32
Granted 10 threads to pid 43835 (CPUs 0+0)
Request from pid 43557: max_threads=65535, hint_threads=32
Granted 8 threads to pid 43557 (CPUs 0+0)
Read error: Connection reset by peer (os error 104)
Accepted connection
Handling client
Request from pid 43883: max_threads=65535, hint_threads=32
Granted 6 threads to pid 43883 (CPUs 0+0)
Request from pid 43835: max_threads=65535, hint_threads=32
Granted 32 threads to pid 43835 (CPUs 1+32)
Read error: Connection reset by peer (os error 104)
Accepted connection
Handling client
Request from pid 44045: max_threads=65535, hint_threads=32
Granted 16 threads to pid 44045 (CPUs 0+0)
Request from pid 43883: max_threads=65535, hint_threads=32
Granted 10 threads to pid 43883 (CPUs 0+0)
Read error: Connection reset by peer (os error 104)
Accepted connection
Handling client
Request from pid 44164: max_threads=65535, hint_threads=32
Granted 8 threads to pid 44164 (CPUs 0+0)
Request from pid 44045: max_threads=65535, hint_threads=32
Granted 10 threads to pid 44045 (CPUs 1+10)
Read error: Connection reset by peer (os error 104)
Accepted connection
Handling client
Request from pid 44282: max_threads=65535, hint_threads=32
Granted 8 threads to pid 44282 (CPUs 11+8)
Request from pid 44164: max_threads=65535, hint_threads=32
Granted 10 threads to pid 44164 (CPUs 19+10)
Read error: Connection reset by peer (os error 104)
Accepted connection
Handling client
Request from pid 44369: max_threads=65535, hint_threads=32
Granted 8 threads to pid 44369 (CPUs 0+0)
Client closed connection
Accepted connection
Handling client
Request from pid 44409: max_threads=65535, hint_threads=32
Granted 10 threads to pid 44409 (CPUs 1+10)
Request from pid 44282: max_threads=65535, hint_threads=32
Granted 8 threads to pid 44282 (CPUs 11+8)
Read error: Connection reset by peer (os error 104)
Accepted connection
Handling client
Request from pid 44449: max_threads=65535, hint_threads=32
Granted 6 threads to pid 44449 (CPUs 0+0)
Request from pid 44409: max_threads=65535, hint_threads=32
Granted 10 threads to pid 44409 (CPUs 1+10)
Read error: Connection reset by peer (os error 104)
Accepted connection
Handling client
Request from pid 44489: max_threads=65535, hint_threads=32
Granted 8 threads to pid 44489 (CPUs 19+8)
Request from pid 44449: max_threads=65535, hint_threads=32
Granted 10 threads to pid 44449 (CPUs 0+0)
Read error: Connection reset by peer (os error 104)
Accepted connection
Handling client
Request from pid 44549: max_threads=65535, hint_threads=32
Granted 8 threads to pid 44549 (CPUs 11+8)
Request from pid 44489: max_threads=65535, hint_threads=32
Granted 10 threads to pid 44489 (CPUs 1+10)
Read error: Connection reset by peer (os error 104)
Accepted connection
Handling client
Request from pid 44590: max_threads=65535, hint_threads=32
Granted 8 threads to pid 44590 (CPUs 19+8)
Request from pid 44549: max_threads=65535, hint_threads=32
Granted 10 threads to pid 44549 (CPUs 0+0)
Read error: Connection reset by peer (os error 104)
Accepted connection
Handling client
Request from pid 44632: max_threads=65535, hint_threads=32
Granted 8 threads to pid 44632 (CPUs 11+8)
Request from pid 44590: max_threads=65535, hint_threads=32
Granted 10 threads to pid 44590 (CPUs 1+10)
Read error: Connection reset by peer (os error 104)
Accepted connection
Handling client
Request from pid 44672: max_threads=65535, hint_threads=32
Granted 8 threads to pid 44672 (CPUs 19+8)
Request from pid 44632: max_threads=65535, hint_threads=32
Granted 10 threads to pid 44632 (CPUs 0+0)
Read error: Connection reset by peer (os error 104)
Accepted connection
Handling client
Request from pid 44714: max_threads=65535, hint_threads=32
Granted 8 threads to pid 44714 (CPUs 11+8)
Request from pid 44672: max_threads=65535, hint_threads=32
Granted 10 threads to pid 44672 (CPUs 1+10)
Read error: Connection reset by peer (os error 104)
Accepted connection
Handling client
Request from pid 44754: max_threads=65535, hint_threads=32
Granted 8 threads to pid 44754 (CPUs 19+8)
Request from pid 44714: max_threads=65535, hint_threads=32
Granted 10 threads to pid 44714 (CPUs 0+0)
Read error: Connection reset by peer (os error 104)
Accepted connection
Handling client
Request from pid 44925: max_threads=65535, hint_threads=32
Granted 8 threads to pid 44925 (CPUs 11+8)
Request from pid 44754: max_threads=65535, hint_threads=32
Granted 10 threads to pid 44754 (CPUs 1+10)
Read error: Connection reset by peer (os error 104)
Request from pid 44925: max_threads=65535, hint_threads=32
Granted 16 threads to pid 44925 (CPUs 11+16)
Read error: Connection reset by peer (os error 104)
Accepted connection
Handling client
Request from pid 44973: max_threads=65535, hint_threads=32
Granted 10 threads to pid 44973 (CPUs 0+0)
Request from pid 44973: max_threads=65535, hint_threads=32
Granted 32 threads to pid 44973 (CPUs 1+32)
Read error: Connection reset by peer (os error 104)
