OMP: pid 48826 tid 48826 thread 0 bound to OS proc set {56-87}
OMP: pid 48826 tid 48888 thread 12 bound to OS proc set {56-87}
OMP: pid 48826 tid 48902 thread 15 bound to OS proc set {56-87}
OMP: pid 48826 tid 48846 thread 2 bound to OS proc set {56-87}
OMP: pid 48826 tid 48849 thread 3 bound to OS proc set {56-87}
OMP: pid 48826 tid 48842 thread 1 bound to OS proc set {56-87}
OMP: pid 48826 tid 48896 thread 14 bound to OS proc set {56-87}
OMP: pid 48826 tid 48892 thread 13 bound to OS proc set {56-87}
OMP: pid 48826 tid 48884 thread 11 bound to OS proc set {56-87}
OMP: pid 48826 tid 48868 thread 8 bound to OS proc set {56-87}
OMP: pid 48826 tid 48852 thread 4 bound to OS proc set {56-87}
OMP: pid 48826 tid 48865 thread 7 bound to OS proc set {56-87}
OMP: pid 48826 tid 48878 thread 10 bound to OS proc set {56-87}
OMP: pid 48826 tid 48907 thread 16 bound to OS proc set {56-87}
OMP: pid 48826 tid 48855 thread 5 bound to OS proc set {56-87}
OMP: pid 48826 tid 48874 thread 9 bound to OS proc set {56-87}
OMP: pid 48826 tid 48857 thread 6 bound to OS proc set {56-87}
OMP: pid 48826 tid 48950 thread 28 bound to OS proc set {56-87}
OMP: pid 48826 tid 48953 thread 31 bound to OS proc set {56-87}
OMP: pid 48826 tid 48952 thread 30 bound to OS proc set {56-87}
OMP: pid 48826 tid 48917 thread 18 bound to OS proc set {56-87}
OMP: pid 48826 tid 48922 thread 19 bound to OS proc set {56-87}
OMP: pid 48826 tid 48911 thread 17 bound to OS proc set {56-87}
OMP: pid 48826 tid 48941 thread 24 bound to OS proc set {56-87}
OMP: pid 48826 tid 48946 thread 26 bound to OS proc set {56-87}
OMP: pid 48826 tid 48943 thread 25 bound to OS proc set {56-87}
OMP: pid 48826 tid 48948 thread 27 bound to OS proc set {56-87}
OMP: pid 48826 tid 48931 thread 21 bound to OS proc set {56-87}
OMP: pid 48826 tid 48938 thread 23 bound to OS proc set {56-87}
OMP: pid 48826 tid 48927 thread 20 bound to OS proc set {56-87}
OMP: pid 48826 tid 48934 thread 22 bound to OS proc set {56-87}
OMP: pid 48826 tid 48951 thread 29 bound to OS proc set {56-87}


 NAS Parallel Benchmarks (NPB3.4-OMP) - EP Benchmark

 Number of random numbers generated:      8589934592
 Number of available threads:                     32

EP Benchmark Results:

CPU Time =     3.665
N = 2^   32
No. Gaussian Pairs =    3373275903.
Sums =     2.691444083863086D+09    2.691519118724447D+09
Counts:
  0    1572172634.
  1    1501108549.
  2     281805648.
  3      17761221.
  4        424017.
  5          3821.
  6            13.
  7             0.
  8             0.
  9             0.


 EP Benchmark Completed.
 Class           =                        C
 Size            =               8589934592
 Iterations      =                        0
 Time in seconds =                     3.66
 Total threads   =                       32
 Avail threads   =                       32
 Mop/s total     =                  2343.81
 Mop/s/thread    =                    73.24
 Operation type  = Random numbers generated
 Verification    =               SUCCESSFUL
 Version         =                    3.4.3
 Compile date    =              18 Feb 2026

 Compile options:
    FC           = gfortran
    FLINK        = $(FC)
    F_LIB        = -L/dss/dsshome1/09/ga27qam2/llvm-project/bu...
    F_INC        = (none)
    FFLAGS       = -O3 -fopenmp
    FLINKFLAGS   = -O3 -fopenmp
    RAND         = randi8


 Please send all errors/feedbacks to:

 NPB Development Team
 npb@nas.nasa.gov


