OMP: pid 48824 tid 48824 thread 0 bound to OS proc set {1-32}
OMP: pid 48824 tid 48832 thread 3 bound to OS proc set {1-32}
OMP: pid 48824 tid 48830 thread 2 bound to OS proc set {1-32}
OMP: pid 48824 tid 48862 thread 12 bound to OS proc set {1-32}
OMP: pid 48824 tid 48829 thread 1 bound to OS proc set {1-32}
OMP: pid 48824 tid 48847 thread 8 bound to OS proc set {1-32}
OMP: pid 48824 tid 48871 thread 15 bound to OS proc set {1-32}
OMP: pid 48824 tid 48869 thread 14 bound to OS proc set {1-32}
OMP: pid 48824 tid 48859 thread 11 bound to OS proc set {1-32}
OMP: pid 48824 tid 48841 thread 7 bound to OS proc set {1-32}
OMP: pid 48824 tid 48833 thread 4 bound to OS proc set {1-32}
OMP: pid 48824 tid 48850 thread 9 bound to OS proc set {1-32}
OMP: pid 48824 tid 48856 thread 10 bound to OS proc set {1-32}
OMP: pid 48824 tid 48866 thread 13 bound to OS proc set {1-32}
OMP: pid 48824 tid 48838 thread 6 bound to OS proc set {1-32}
OMP: pid 48824 tid 48880 thread 18 bound to OS proc set {1-32}
OMP: pid 48824 tid 48872 thread 16 bound to OS proc set {1-32}
OMP: pid 48824 tid 48835 thread 5 bound to OS proc set {1-32}
OMP: pid 48824 tid 48895 thread 23 bound to OS proc set {1-32}
OMP: pid 48824 tid 48882 thread 19 bound to OS proc set {1-32}
OMP: pid 48824 tid 48924 thread 31 bound to OS proc set {1-32}
OMP: pid 48824 tid 48912 thread 28 bound to OS proc set {1-32}
OMP: pid 48824 tid 48899 thread 24 bound to OS proc set {1-32}
OMP: pid 48824 tid 48908 thread 27 bound to OS proc set {1-32}
OMP: pid 48824 tid 48886 thread 20 bound to OS proc set {1-32}
OMP: pid 48824 tid 48877 thread 17 bound to OS proc set {1-32}
OMP: pid 48824 tid 48904 thread 26 bound to OS proc set {1-32}
OMP: pid 48824 tid 48893 thread 22 bound to OS proc set {1-32}
OMP: pid 48824 tid 48901 thread 25 bound to OS proc set {1-32}
OMP: pid 48824 tid 48889 thread 21 bound to OS proc set {1-32}
OMP: pid 48824 tid 48918 thread 30 bound to OS proc set {1-32}
OMP: pid 48824 tid 48915 thread 29 bound to OS proc set {1-32}


 NAS Parallel Benchmarks (NPB3.4-OMP) - EP Benchmark

 Number of random numbers generated:      8589934592
 Number of available threads:                     32

EP Benchmark Results:

CPU Time =     3.265
N = 2^   32
No. Gaussian Pairs =    3373275903.
Sums =     2.691444083863086D+09    2.691519118724447D+09
Counts:
  0    1572172634.
  1    1501108549.
  2     281805648.
  3      17761221.
  4        424017.
  5          3821.
  6            13.
  7             0.
  8             0.
  9             0.


 EP Benchmark Completed.
 Class           =                        C
 Size            =               8589934592
 Iterations      =                        0
 Time in seconds =                     3.27
 Total threads   =                       32
 Avail threads   =                       32
 Mop/s total     =                  2630.67
 Mop/s/thread    =                    82.21
 Operation type  = Random numbers generated
 Verification    =               SUCCESSFUL
 Version         =                    3.4.3
 Compile date    =              18 Feb 2026

 Compile options:
    FC           = gfortran
    FLINK        = $(FC)
    F_LIB        = -L/dss/dsshome1/09/ga27qam2/llvm-project/bu...
    F_INC        = (none)
    FFLAGS       = -O3 -fopenmp
    FLINKFLAGS   = -O3 -fopenmp
    RAND         = randi8


 Please send all errors/feedbacks to:

 NPB Development Team
 npb@nas.nasa.gov


