# arm=nodrm repeat=2 job=J04_cg alg=cg threads=32 start_offset=13.773 window=47.096
=== iteration 1 start_epoch_ms=1788485360802 ===


 NAS Parallel Benchmarks (NPB3.4-OMP) - CG Benchmark

 Size:      150000
 Iterations:                     75
 Number of available threads:    32

 Initialization time =           4.418 seconds

   iteration           ||r||                 zeta
        1       0.35317328700307E-12   109.9994423237398
        5       0.89228981178296E-15    28.6471670038895
       10       0.91238408312723E-15    28.9496695449000
       15       0.90647163487277E-15    28.9716336228371
       20       0.91588324532642E-15    28.9734210663749
       25       0.90965601723429E-15    28.9735863059384
       30       0.91041402125887E-15    28.9736033967631
       35       0.90941068298185E-15    28.9736053266249
       40       0.90693163801241E-15    28.9736055590699
       45       0.91045455727588E-15    28.9736055884128
       50       0.90933542775337E-15    28.9736055922484
       55       0.90318397845872E-15    28.9736055927634
       60       0.90825531919612E-15    28.9736055928340
       65       0.90620362943048E-15    28.9736055928439
       70       0.90321405888686E-15    28.9736055928453
       75       0.90248997873796E-15    28.9736055928455
 Benchmark completed 
 VERIFICATION SUCCESSFUL 
 Zeta is     0.2897360559285E+02
 Error is    0.1728927478859E-13


 CG Benchmark Completed.
 Class           =                        C
 Size            =                   150000
 Iterations      =                       75
 Time in seconds =                    79.81
 Total threads   =                       32
 Avail threads   =                       32
 Mop/s total     =                  1796.21
 Mop/s/thread    =                    56.13
 Operation type  =           floating point
 Verification    =               SUCCESSFUL
 Version         =                    3.4.3
 Compile date    =              03 Sep 2026

 Compile options:
    FC           = gfortran
    FLINK        = $(FC)
    F_LIB        = -L$(LLVM_BUILD)/lib -lomp
    F_INC        = (none)
    FFLAGS       = -O3 -fopenmp
    FLINKFLAGS   = -O3 -fopenmp
    RAND         = randi8


 Please send all errors/feedbacks to:

 NPB Development Team
 npb@nas.nasa.gov


