OMP: pid 46430 tid 46430 thread 0 bound to OS proc set {1-32}
OMP: pid 46430 tid 46453 thread 3 bound to OS proc set {1-32}
OMP: pid 46430 tid 46513 thread 15 bound to OS proc set {1-32}
OMP: pid 46430 tid 46445 thread 1 bound to OS proc set {1-32}
OMP: pid 46430 tid 46449 thread 2 bound to OS proc set {1-32}
OMP: pid 46430 tid 46467 thread 8 bound to OS proc set {1-32}
OMP: pid 46430 tid 46455 thread 4 bound to OS proc set {1-32}
OMP: pid 46430 tid 46484 thread 11 bound to OS proc set {1-32}
OMP: pid 46430 tid 46516 thread 16 bound to OS proc set {1-32}
OMP: pid 46430 tid 46493 thread 12 bound to OS proc set {1-32}
OMP: pid 46430 tid 46465 thread 7 bound to OS proc set {1-32}
OMP: pid 46430 tid 46529 thread 19 bound to OS proc set {1-32}
OMP: pid 46430 tid 46472 thread 9 bound to OS proc set {1-32}
OMP: pid 46430 tid 46509 thread 14 bound to OS proc set {1-32}
OMP: pid 46430 tid 46461 thread 6 bound to OS proc set {1-32}
OMP: pid 46430 tid 46459 thread 5 bound to OS proc set {1-32}
OMP: pid 46430 tid 46501 thread 13 bound to OS proc set {1-32}
OMP: pid 46430 tid 46526 thread 18 bound to OS proc set {1-32}
OMP: pid 46430 tid 46521 thread 17 bound to OS proc set {1-32}
OMP: pid 46430 tid 46539 thread 23 bound to OS proc set {1-32}
OMP: pid 46430 tid 46550 thread 28 bound to OS proc set {1-32}
OMP: pid 46430 tid 46480 thread 10 bound to OS proc set {1-32}
OMP: pid 46430 tid 46532 thread 20 bound to OS proc set {1-32}
OMP: pid 46430 tid 46548 thread 27 bound to OS proc set {1-32}
OMP: pid 46430 tid 46553 thread 30 bound to OS proc set {1-32}
OMP: pid 46430 tid 46555 thread 31 bound to OS proc set {1-32}
OMP: pid 46430 tid 46546 thread 26 bound to OS proc set {1-32}
OMP: pid 46430 tid 46541 thread 24 bound to OS proc set {1-32}
OMP: pid 46430 tid 46536 thread 22 bound to OS proc set {1-32}
OMP: pid 46430 tid 46535 thread 21 bound to OS proc set {1-32}
OMP: pid 46430 tid 46551 thread 29 bound to OS proc set {1-32}
OMP: pid 46430 tid 46543 thread 25 bound to OS proc set {1-32}


 NAS Parallel Benchmarks (NPB3.4-OMP) - EP Benchmark

 Number of random numbers generated:      8589934592
 Number of available threads:                     32

EP Benchmark Results:

CPU Time =     3.179
N = 2^   32
No. Gaussian Pairs =    3373275903.
Sums =     2.691444083863085D+09    2.691519118724447D+09
Counts:
  0    1572172634.
  1    1501108549.
  2     281805648.
  3      17761221.
  4        424017.
  5          3821.
  6            13.
  7             0.
  8             0.
  9             0.


 EP Benchmark Completed.
 Class           =                        C
 Size            =               8589934592
 Iterations      =                        0
 Time in seconds =                     3.18
 Total threads   =                       32
 Avail threads   =                       32
 Mop/s total     =                  2702.44
 Mop/s/thread    =                    84.45
 Operation type  = Random numbers generated
 Verification    =               SUCCESSFUL
 Version         =                    3.4.3
 Compile date    =              18 Feb 2026

 Compile options:
    FC           = gfortran
    FLINK        = $(FC)
    F_LIB        = -L/dss/dsshome1/09/ga27qam2/llvm-project/bu...
    F_INC        = (none)
    FFLAGS       = -O3 -fopenmp
    FLINKFLAGS   = -O3 -fopenmp
    RAND         = randi8


 Please send all errors/feedbacks to:

 NPB Development Team
 npb@nas.nasa.gov


