OMP: pid 46431 tid 46431 thread 0 bound to OS proc set {1-32}
OMP: pid 46431 tid 46454 thread 2 bound to OS proc set {1-32}
OMP: pid 46431 tid 46458 thread 3 bound to OS proc set {1-32}
OMP: pid 46431 tid 46452 thread 1 bound to OS proc set {1-32}
OMP: pid 46431 tid 46490 thread 11 bound to OS proc set {1-32}
OMP: pid 46431 tid 46496 thread 12 bound to OS proc set {1-32}
OMP: pid 46431 tid 46470 thread 7 bound to OS proc set {1-32}
OMP: pid 46431 tid 46475 thread 8 bound to OS proc set {1-32}
OMP: pid 46431 tid 46460 thread 4 bound to OS proc set {1-32}
OMP: pid 46431 tid 46466 thread 6 bound to OS proc set {1-32}
OMP: pid 46431 tid 46510 thread 14 bound to OS proc set {1-32}
OMP: pid 46431 tid 46515 thread 15 bound to OS proc set {1-32}
OMP: pid 46431 tid 46478 thread 9 bound to OS proc set {1-32}
OMP: pid 46431 tid 46464 thread 5 bound to OS proc set {1-32}
OMP: pid 46431 tid 46504 thread 13 bound to OS proc set {1-32}
OMP: pid 46431 tid 46487 thread 10 bound to OS proc set {1-32}
OMP: pid 46431 tid 46552 thread 28 bound to OS proc set {1-32}
OMP: pid 46431 tid 46519 thread 16 bound to OS proc set {1-32}
OMP: pid 46431 tid 46528 thread 19 bound to OS proc set {1-32}
OMP: pid 46431 tid 46554 thread 29 bound to OS proc set {1-32}
OMP: pid 46431 tid 46522 thread 17 bound to OS proc set {1-32}
OMP: pid 46431 tid 46538 thread 22 bound to OS proc set {1-32}
OMP: pid 46431 tid 46531 thread 20 bound to OS proc set {1-32}
OMP: pid 46431 tid 46544 thread 24 bound to OS proc set {1-32}
OMP: pid 46431 tid 46547 thread 26 bound to OS proc set {1-32}
OMP: pid 46431 tid 46549 thread 27 bound to OS proc set {1-32}
OMP: pid 46431 tid 46542 thread 23 bound to OS proc set {1-32}
OMP: pid 46431 tid 46524 thread 18 bound to OS proc set {1-32}
OMP: pid 46431 tid 46534 thread 21 bound to OS proc set {1-32}
OMP: pid 46431 tid 46545 thread 25 bound to OS proc set {1-32}
OMP: pid 46431 tid 46557 thread 31 bound to OS proc set {1-32}
OMP: pid 46431 tid 46556 thread 30 bound to OS proc set {1-32}
OMP: pid 46431 tid 46431 thread 0 bound to OS proc set {1-32}
OMP: pid 46431 tid 46454 thread 2 bound to OS proc set {1-32}
OMP: pid 46431 tid 46496 thread 12 bound to OS proc set {1-32}
OMP: pid 46431 tid 46452 thread 1 bound to OS proc set {1-32}
OMP: pid 46431 tid 46460 thread 4 bound to OS proc set {1-32}
OMP: pid 46431 tid 46458 thread 3 bound to OS proc set {1-32}
OMP: pid 46431 tid 46470 thread 7 bound to OS proc set {1-32}
OMP: pid 46431 tid 46510 thread 14 bound to OS proc set {1-32}
OMP: pid 46431 tid 46466 thread 6 bound to OS proc set {1-32}
OMP: pid 46431 tid 46515 thread 15 bound to OS proc set {1-32}
OMP: pid 46431 tid 46475 thread 8 bound to OS proc set {1-32}
OMP: pid 46431 tid 46478 thread 9 bound to OS proc set {1-32}
OMP: pid 46431 tid 46490 thread 11 bound to OS proc set {1-32}
OMP: pid 46431 tid 46464 thread 5 bound to OS proc set {1-32}
OMP: pid 46431 tid 46504 thread 13 bound to OS proc set {1-32}
OMP: pid 46431 tid 46487 thread 10 bound to OS proc set {1-32}


 NAS Parallel Benchmarks (NPB3.4-OMP) - EP Benchmark

 Number of random numbers generated:      8589934592
 Number of available threads:                     32

EP Benchmark Results:

CPU Time =     4.872
N = 2^   32
No. Gaussian Pairs =    3373275903.
Sums =     2.691444083862575D+09    2.691519118725088D+09
Counts:
  0    1572172634.
  1    1501108549.
  2     281805648.
  3      17761221.
  4        424017.
  5          3821.
  6            13.
  7             0.
  8             0.
  9             0.


 EP Benchmark Completed.
 Class           =                        C
 Size            =               8589934592
 Iterations      =                        0
 Time in seconds =                     4.87
 Total threads   =                       16
 Avail threads   =                       32
 Warning: Threads used differ from threads available
 Mop/s total     =                  1763.06
 Mop/s/thread    =                   110.19
 Operation type  = Random numbers generated
 Verification    =               SUCCESSFUL
 Version         =                    3.4.3
 Compile date    =              18 Feb 2026

 Compile options:
    FC           = gfortran
    FLINK        = $(FC)
    F_LIB        = -L/dss/dsshome1/09/ga27qam2/llvm-project/bu...
    F_INC        = (none)
    FFLAGS       = -O3 -fopenmp
    FLINKFLAGS   = -O3 -fopenmp
    RAND         = randi8


 Please send all errors/feedbacks to:

 NPB Development Team
 npb@nas.nasa.gov


