OMP: pid 23968 tid 23968 thread 0 bound to OS proc set {56-59}
OMP: pid 23968 tid 23977 thread 3 bound to OS proc set {56-59}
OMP: pid 23968 tid 23974 thread 1 bound to OS proc set {56-59}
OMP: pid 23968 tid 23976 thread 2 bound to OS proc set {56-59}


 NAS Parallel Benchmarks (NPB3.4-OMP) - CG Benchmark

 Size:      150000
 Iterations:                     75
 Number of available threads:     4

 Initialization time =           6.299 seconds

   iteration           ||r||                 zeta
        1       0.35328997525708E-12   109.9994423237398
        5       0.89186282890797E-15    28.6471670038893
       10       0.91275650740685E-15    28.9496695449003
       15       0.90761210173314E-15    28.9716336228371
       20       0.91525474066253E-15    28.9734210663747
       25       0.90830265697504E-15    28.9735863059382
       30       0.91178081027479E-15    28.9736033967627
       35       0.90996690624957E-15    28.9736053266246
       40       0.90774477171536E-15    28.9736055590700
       45       0.91009251696021E-15    28.9736055884132
       50       0.90995822975940E-15    28.9736055922486
       55       0.90359011471770E-15    28.9736055927632
       60       0.90816849746689E-15    28.9736055928339
       65       0.90550119727026E-15    28.9736055928440
       70       0.90341549384999E-15    28.9736055928455
       75       0.90196826491210E-15    28.9736055928458
 Benchmark completed 
 VERIFICATION SUCCESSFUL 
 Zeta is     0.2897360559285E+02
 Error is    0.2758926827966E-13


 CG Benchmark Completed.
 Class           =                        C
 Size            =                   150000
 Iterations      =                       75
 Time in seconds =                    52.12
 Total threads   =                        4
 Avail threads   =                        4
 Mop/s total     =                  2750.38
 Mop/s/thread    =                   687.60
 Operation type  =           floating point
 Verification    =               SUCCESSFUL
 Version         =                    3.4.3
 Compile date    =              18 Feb 2026

 Compile options:
    FC           = gfortran
    FLINK        = $(FC)
    F_LIB        = -L/dss/dsshome1/09/ga27qam2/llvm-project/bu...
    F_INC        = (none)
    FFLAGS       = -O3 -fopenmp
    FLINKFLAGS   = -O3 -fopenmp
    RAND         = randi8


 Please send all errors/feedbacks to:

 NPB Development Team
 npb@nas.nasa.gov


