OMP: pid 40737 tid 40761 thread 2 bound to OS proc set {1-16}
OMP: pid 40737 tid 40767 thread 3 bound to OS proc set {1-16}
OMP: pid 40737 tid 40737 thread 0 bound to OS proc set {1-16}
OMP: pid 40737 tid 40773 thread 4 bound to OS proc set {1-16}
OMP: pid 40737 tid 40755 thread 1 bound to OS proc set {1-16}
OMP: pid 40737 tid 40783 thread 6 bound to OS proc set {1-16}
OMP: pid 40737 tid 40779 thread 5 bound to OS proc set {1-16}
OMP: pid 40737 tid 40788 thread 7 bound to OS proc set {1-16}
OMP: pid 40737 tid 40797 thread 12 bound to OS proc set {1-16}
OMP: pid 40737 tid 40801 thread 15 bound to OS proc set {1-16}
OMP: pid 40737 tid 40791 thread 8 bound to OS proc set {1-16}
OMP: pid 40737 tid 40794 thread 10 bound to OS proc set {1-16}
OMP: pid 40737 tid 40793 thread 9 bound to OS proc set {1-16}
OMP: pid 40737 tid 40798 thread 13 bound to OS proc set {1-16}
OMP: pid 40737 tid 40796 thread 11 bound to OS proc set {1-16}
OMP: pid 40737 tid 40800 thread 14 bound to OS proc set {1-16}
OMP: pid 40737 tid 40755 thread 1 bound to OS proc set {1-16}
OMP: pid 40737 tid 40761 thread 2 bound to OS proc set {1-16}
OMP: pid 40737 tid 40737 thread 0 bound to OS proc set {1-16}
OMP: pid 40737 tid 40783 thread 6 bound to OS proc set {1-16}
OMP: pid 40737 tid 40767 thread 3 bound to OS proc set {1-16}
OMP: pid 40737 tid 40773 thread 4 bound to OS proc set {1-16}
OMP: pid 40737 tid 40788 thread 7 bound to OS proc set {1-16}
OMP: pid 40737 tid 40779 thread 5 bound to OS proc set {1-16}


 NAS Parallel Benchmarks (NPB3.4-OMP) - CG Benchmark

 Size:      150000
 Iterations:                     75
 Number of available threads:    16

 Initialization time =           2.070 seconds

   iteration           ||r||                 zeta
        1       0.35328568387786E-12   109.9994423237398
        5       0.89204256915340E-15    28.6471670038896
       10       0.91213899130585E-15    28.9496695449000
       15       0.90712046216456E-15    28.9716336228371
       20       0.91524629732033E-15    28.9734210663752
       25       0.90827433977871E-15    28.9735863059386
       30       0.90980642280623E-15    28.9736033967633
       35       0.91014792499510E-15    28.9736053266247
       40       0.90744334046806E-15    28.9736055590700
       45       0.90882760380387E-15    28.9736055884130
       50       0.91028310833459E-15    28.9736055922483
       55       0.90350005679622E-15    28.9736055927634
       60       0.90806041666631E-15    28.9736055928340
       65       0.90629231865080E-15    28.9736055928440
       70       0.90256313889753E-15    28.9736055928452
       75       0.90284325946520E-15    28.9736055928456
 Benchmark completed 
 VERIFICATION SUCCESSFUL 
 Zeta is     0.2897360559285E+02
 Error is    0.1974165419122E-13


 CG Benchmark Completed.
 Class           =                        C
 Size            =                   150000
 Iterations      =                       75
 Time in seconds =                    11.90
 Total threads   =                        8
 Avail threads   =                       16
 Warning: Threads used differ from threads available
 Mop/s total     =                 12041.38
 Mop/s/thread    =                  1505.17
 Operation type  =           floating point
 Verification    =               SUCCESSFUL
 Version         =                    3.4.3
 Compile date    =              18 Feb 2026

 Compile options:
    FC           = gfortran
    FLINK        = $(FC)
    F_LIB        = -L/dss/dsshome1/09/ga27qam2/llvm-project/bu...
    F_INC        = (none)
    FFLAGS       = -O3 -fopenmp
    FLINKFLAGS   = -O3 -fopenmp
    RAND         = randi8


 Please send all errors/feedbacks to:

 NPB Development Team
 npb@nas.nasa.gov


