OMP: pid 28772 tid 28772 thread 0 bound to OS proc set {56-63}
OMP: pid 28772 tid 28791 thread 4 bound to OS proc set {56-63}
OMP: pid 28772 tid 28794 thread 7 bound to OS proc set {56-63}
OMP: pid 28772 tid 28793 thread 6 bound to OS proc set {56-63}
OMP: pid 28772 tid 28792 thread 5 bound to OS proc set {56-63}
OMP: pid 28772 tid 28790 thread 3 bound to OS proc set {56-63}
OMP: pid 28772 tid 28789 thread 2 bound to OS proc set {56-63}
OMP: pid 28772 tid 28788 thread 1 bound to OS proc set {56-63}


 NAS Parallel Benchmarks (NPB3.4-OMP) - CG Benchmark

 Size:      150000
 Iterations:                     75
 Number of available threads:     8

 Initialization time =           3.639 seconds

   iteration           ||r||                 zeta
        1       0.35328315438194E-12   109.9994423237398
        5       0.89200470263416E-15    28.6471670038896
       10       0.91232241289454E-15    28.9496695449001
       15       0.90643512775242E-15    28.9716336228371
       20       0.91400133722628E-15    28.9734210663752
       25       0.90878756232567E-15    28.9735863059386
       30       0.90860095489500E-15    28.9736033967633
       35       0.91027292396289E-15    28.9736053266247
       40       0.90636568944934E-15    28.9736055590700
       45       0.90851860778011E-15    28.9736055884130
       50       0.90926142273851E-15    28.9736055922483
       55       0.90355543530484E-15    28.9736055927634
       60       0.90784547000963E-15    28.9736055928341
       65       0.90430264114253E-15    28.9736055928440
       70       0.90171588936277E-15    28.9736055928452
       75       0.90212035086959E-15    28.9736055928456
 Benchmark completed 
 VERIFICATION SUCCESSFUL 
 Zeta is     0.2897360559285E+02
 Error is    0.2023213007175E-13


 CG Benchmark Completed.
 Class           =                        C
 Size            =                   150000
 Iterations      =                       75
 Time in seconds =                    30.84
 Total threads   =                        8
 Avail threads   =                        8
 Mop/s total     =                  4648.26
 Mop/s/thread    =                   581.03
 Operation type  =           floating point
 Verification    =               SUCCESSFUL
 Version         =                    3.4.3
 Compile date    =              18 Feb 2026

 Compile options:
    FC           = gfortran
    FLINK        = $(FC)
    F_LIB        = -L/dss/dsshome1/09/ga27qam2/llvm-project/bu...
    F_INC        = (none)
    FFLAGS       = -O3 -fopenmp
    FLINKFLAGS   = -O3 -fopenmp
    RAND         = randi8


 Please send all errors/feedbacks to:

 NPB Development Team
 npb@nas.nasa.gov


