OMP: pid 40733 tid 40746 thread 3 bound to OS proc set {56-71}
OMP: pid 40733 tid 40733 thread 0 bound to OS proc set {56-71}
OMP: pid 40733 tid 40748 thread 4 bound to OS proc set {56-71}
OMP: pid 40733 tid 40742 thread 1 bound to OS proc set {56-71}
OMP: pid 40733 tid 40744 thread 2 bound to OS proc set {56-71}
OMP: pid 40733 tid 40750 thread 5 bound to OS proc set {56-71}
OMP: pid 40733 tid 40754 thread 6 bound to OS proc set {56-71}
OMP: pid 40733 tid 40757 thread 7 bound to OS proc set {56-71}
OMP: pid 40733 tid 40762 thread 8 bound to OS proc set {56-71}
OMP: pid 40733 tid 40768 thread 9 bound to OS proc set {56-71}
OMP: pid 40733 tid 40776 thread 12 bound to OS proc set {56-71}
OMP: pid 40733 tid 40787 thread 15 bound to OS proc set {56-71}
OMP: pid 40733 tid 40781 thread 13 bound to OS proc set {56-71}
OMP: pid 40733 tid 40775 thread 11 bound to OS proc set {56-71}
OMP: pid 40733 tid 40770 thread 10 bound to OS proc set {56-71}
OMP: pid 40733 tid 40785 thread 14 bound to OS proc set {56-71}


 NAS Parallel Benchmarks (NPB3.4-OMP) - CG Benchmark

 Size:      150000
 Iterations:                     75
 Number of available threads:    16

 Initialization time =           1.842 seconds

   iteration           ||r||                 zeta
        1       0.35305137569527E-12   109.9994423237398
        5       0.89201239862206E-15    28.6471670038896
       10       0.91167460746870E-15    28.9496695448999
       15       0.90676105551143E-15    28.9716336228373
       20       0.91504929051418E-15    28.9734210663750
       25       0.90826926202708E-15    28.9735863059385
       30       0.90858970655555E-15    28.9736033967630
       35       0.91060594636457E-15    28.9736053266248
       40       0.90688102504821E-15    28.9736055590700
       45       0.90949545187251E-15    28.9736055884129
       50       0.90986608422867E-15    28.9736055922482
       55       0.90492395690493E-15    28.9736055927636
       60       0.90872257620252E-15    28.9736055928341
       65       0.90736218015905E-15    28.9736055928438
       70       0.90145554179221E-15    28.9736055928452
       75       0.90190461985403E-15    28.9736055928455
 Benchmark completed 
 VERIFICATION SUCCESSFUL 
 Zeta is     0.2897360559285E+02
 Error is    0.1581784714701E-13


 CG Benchmark Completed.
 Class           =                        C
 Size            =                   150000
 Iterations      =                       75
 Time in seconds =                    16.45
 Total threads   =                       16
 Avail threads   =                       16
 Mop/s total     =                  8711.91
 Mop/s/thread    =                   544.49
 Operation type  =           floating point
 Verification    =               SUCCESSFUL
 Version         =                    3.4.3
 Compile date    =              18 Feb 2026

 Compile options:
    FC           = gfortran
    FLINK        = $(FC)
    F_LIB        = -L/dss/dsshome1/09/ga27qam2/llvm-project/bu...
    F_INC        = (none)
    FFLAGS       = -O3 -fopenmp
    FLINKFLAGS   = -O3 -fopenmp
    RAND         = randi8


 Please send all errors/feedbacks to:

 NPB Development Team
 npb@nas.nasa.gov


