OMP: pid 28770 tid 28770 thread 0 bound to OS proc set {1-8}
OMP: pid 28770 tid 28775 thread 2 bound to OS proc set {1-8}
OMP: pid 28770 tid 28780 thread 7 bound to OS proc set {1-8}
OMP: pid 28770 tid 28773 thread 1 bound to OS proc set {1-8}
OMP: pid 28770 tid 28779 thread 6 bound to OS proc set {1-8}
OMP: pid 28770 tid 28776 thread 3 bound to OS proc set {1-8}
OMP: pid 28770 tid 28777 thread 4 bound to OS proc set {1-8}
OMP: pid 28770 tid 28778 thread 5 bound to OS proc set {1-8}
OMP: pid 28770 tid 28773 thread 1 bound to OS proc set {1-8}
OMP: pid 28770 tid 28770 thread 0 bound to OS proc set {1-8}
OMP: pid 28770 tid 28776 thread 3 bound to OS proc set {1-8}
OMP: pid 28770 tid 28775 thread 2 bound to OS proc set {1-8}


 NAS Parallel Benchmarks (NPB3.4-OMP) - CG Benchmark

 Size:      150000
 Iterations:                     75
 Number of available threads:     8

 Initialization time =           3.180 seconds

   iteration           ||r||                 zeta
        1       0.35328997525708E-12   109.9994423237398
        5       0.89258005821720E-15    28.6471670038893
       10       0.91215053496764E-15    28.9496695449003
       15       0.90759979164802E-15    28.9716336228371
       20       0.91450434526939E-15    28.9734210663747
       25       0.90911588570061E-15    28.9735863059382
       30       0.91094611205902E-15    28.9736033967628
       35       0.91118070064561E-15    28.9736053266246
       40       0.90781319367782E-15    28.9736055590700
       45       0.90946438403081E-15    28.9736055884132
       50       0.90963402061199E-15    28.9736055922485
       55       0.90340884689567E-15    28.9736055927632
       60       0.90789873077191E-15    28.9736055928340
       65       0.90578563353696E-15    28.9736055928440
       70       0.90321059375068E-15    28.9736055928455
       75       0.90051738641705E-15    28.9736055928458
 Benchmark completed 
 VERIFICATION SUCCESSFUL 
 Zeta is     0.2897360559285E+02
 Error is    0.2709879239913E-13


 CG Benchmark Completed.
 Class           =                        C
 Size            =                   150000
 Iterations      =                       75
 Time in seconds =                    24.25
 Total threads   =                        4
 Avail threads   =                        8
 Warning: Threads used differ from threads available
 Mop/s total     =                  5912.33
 Mop/s/thread    =                  1478.08
 Operation type  =           floating point
 Verification    =               SUCCESSFUL
 Version         =                    3.4.3
 Compile date    =              18 Feb 2026

 Compile options:
    FC           = gfortran
    FLINK        = $(FC)
    F_LIB        = -L/dss/dsshome1/09/ga27qam2/llvm-project/bu...
    F_INC        = (none)
    FFLAGS       = -O3 -fopenmp
    FLINKFLAGS   = -O3 -fopenmp
    RAND         = randi8


 Please send all errors/feedbacks to:

 NPB Development Team
 npb@nas.nasa.gov


