

 NAS Parallel Benchmarks (NPB3.4-OMP) - CG Benchmark

 Size:      150000
 Iterations:                     75
 Number of available threads:     4

 Initialization time =           2.750 seconds

   iteration           ||r||                 zeta
        1       0.35342969571864E-12   109.9994423237398
        5       0.89307397341065E-15    28.6471670038893
       10       0.91292679210507E-15    28.9496695449003
       15       0.90689739138354E-15    28.9716336228371
       20       0.91467503188781E-15    28.9734210663747
       25       0.90909220111732E-15    28.9735863059382
       30       0.91059923853991E-15    28.9736033967627
       35       0.91083226856779E-15    28.9736053266246
       40       0.90816328523765E-15    28.9736055590700
       45       0.90982091277226E-15    28.9736055884132
       50       0.90890873591492E-15    28.9736055922485
       55       0.90375779163485E-15    28.9736055927632
       60       0.90824890058478E-15    28.9736055928340
       65       0.90636729764316E-15    28.9736055928440
       70       0.90256372904539E-15    28.9736055928455
       75       0.90158341804736E-15    28.9736055928458
 Benchmark completed 
 VERIFICATION SUCCESSFUL 
 Zeta is     0.2897360559285E+02
 Error is    0.2807974416019E-13


 CG Benchmark Completed.
 Class           =                        C
 Size            =                   150000
 Iterations      =                       75
 Time in seconds =                    22.49
 Total threads   =                        4
 Avail threads   =                        4
 Mop/s total     =                  6373.37
 Mop/s/thread    =                  1593.34
 Operation type  =           floating point
 Verification    =               SUCCESSFUL
 Version         =                    3.4.3
 Compile date    =              03 Sep 2026

 Compile options:
    FC           = gfortran
    FLINK        = $(FC)
    F_LIB        = -L$(LLVM_BUILD)/lib -lomp
    F_INC        = (none)
    FFLAGS       = -O3 -fopenmp
    FLINKFLAGS   = -O3 -fopenmp
    RAND         = randi8


 Please send all errors/feedbacks to:

 NPB Development Team
 npb@nas.nasa.gov


