[DRM-pin] pid=105245 tid=105247 assigned=3-4 running_on=3
[DRM-pin] pid=105245 tid=105247 assigned=1-4 running_on=3
[DRM-pin] pid=105245 tid=105249 assigned=1-4 running_on=1
[DRM-pin] pid=105245 tid=105250 assigned=1-4 running_on=2


 NAS Parallel Benchmarks (NPB3.4-OMP) - CG Benchmark

 Size:      150000
 Iterations:                     75
 Number of available threads:     4

 Initialization time =           2.929 seconds

   iteration           ||r||                 zeta
        1       0.35328997525708E-12   109.9994423237398
        5       0.89277422978378E-15    28.6471670038893
       10       0.91207013707847E-15    28.9496695449003
       15       0.90682889951190E-15    28.9716336228371
       20       0.91532744883557E-15    28.9734210663747
       25       0.90841752230634E-15    28.9735863059382
       30       0.90986986597774E-15    28.9736033967627
       35       0.91066489467438E-15    28.9736053266246
       40       0.90664802842912E-15    28.9736055590700
       45       0.91002148433216E-15    28.9736055884132
       50       0.90952211955247E-15    28.9736055922485
       55       0.90324342985586E-15    28.9736055927632
       60       0.90877984226583E-15    28.9736055928339
       65       0.90590642159386E-15    28.9736055928440
       70       0.90246324328213E-15    28.9736055928455
       75       0.90170218862589E-15    28.9736055928458
 Benchmark completed 
 VERIFICATION SUCCESSFUL 
 Zeta is     0.2897360559285E+02
 Error is    0.2758926827966E-13


 CG Benchmark Completed.
 Class           =                        C
 Size            =                   150000
 Iterations      =                       75
 Time in seconds =                    21.97
 Total threads   =                        4
 Avail threads   =                        4
 Mop/s total     =                  6525.52
 Mop/s/thread    =                  1631.38
 Operation type  =           floating point
 Verification    =               SUCCESSFUL
 Version         =                    3.4.3
 Compile date    =              03 Sep 2026

 Compile options:
    FC           = gfortran
    FLINK        = $(FC)
    F_LIB        = -L$(LLVM_BUILD)/lib -lomp
    F_INC        = (none)
    FFLAGS       = -O3 -fopenmp
    FLINKFLAGS   = -O3 -fopenmp
    RAND         = randi8


 Please send all errors/feedbacks to:

 NPB Development Team
 npb@nas.nasa.gov


