[DRM-pin] pid=109355 tid=109362 assigned=9-16 running_on=12
[DRM-pin] pid=109355 tid=109368 assigned=9-16 running_on=15
[DRM-pin] pid=109355 tid=109360 assigned=9-16 running_on=11
[DRM-pin] pid=109355 tid=109366 assigned=9-16 running_on=10
[DRM-pin] pid=109355 tid=109358 assigned=9-16 running_on=9
[DRM-pin] pid=109355 tid=109364 assigned=9-16 running_on=13
[DRM-pin] pid=109355 tid=109370 assigned=9-16 running_on=9
[DRM-pin] pid=109355 tid=109370 assigned=1-16 running_on=9
[DRM-pin] pid=109355 tid=109379 assigned=1-16 running_on=6
[DRM-pin] pid=109355 tid=109380 assigned=1-16 running_on=1
[DRM-pin] pid=109355 tid=109364 assigned=1-16 running_on=10
[DRM-pin] pid=109355 tid=109362 assigned=1-16 running_on=12
[DRM-pin] pid=109355 tid=109368 assigned=1-16 running_on=15
[DRM-pin] pid=109355 tid=109358 assigned=1-16 running_on=14
[DRM-pin] pid=109355 tid=109372 assigned=1-16 running_on=4
[DRM-pin] pid=109355 tid=109366 assigned=1-16 running_on=13
[DRM-pin] pid=109355 tid=109375 assigned=1-16 running_on=7
[DRM-pin] pid=109355 tid=109376 assigned=1-16 running_on=5
[DRM-pin] pid=109355 tid=109386 assigned=1-16 running_on=2
[DRM-pin] pid=109355 tid=109360 assigned=1-16 running_on=11
[DRM-pin] pid=109355 tid=109382 assigned=1-16 running_on=14
[DRM-pin] pid=109355 tid=109384 assigned=1-16 running_on=3


 NAS Parallel Benchmarks (NPB3.4-OMP) - CG Benchmark

 Size:      150000
 Iterations:                     75
 Number of available threads:    16

 Initialization time =           0.944 seconds

   iteration           ||r||                 zeta
        1       0.35332390322917E-12   109.9994423237398
        5       0.89189778215224E-15    28.6471670038896
       10       0.91133858326551E-15    28.9496695449000
       15       0.90627425764084E-15    28.9716336228373
       20       0.91533064015074E-15    28.9734210663750
       25       0.90959342016194E-15    28.9735863059385
       30       0.90846353545793E-15    28.9736033967630
       35       0.90902985051678E-15    28.9736053266248
       40       0.90614978257017E-15    28.9736055590700
       45       0.91134500349464E-15    28.9736055884130
       50       0.91046435833996E-15    28.9736055922482
       55       0.90321788638275E-15    28.9736055927635
       60       0.90779830707430E-15    28.9736055928341
       65       0.90743133899166E-15    28.9736055928438
       70       0.90094313521759E-15    28.9736055928453
       75       0.90168384216135E-15    28.9736055928455
 Benchmark completed 
 VERIFICATION SUCCESSFUL 
 Zeta is     0.2897360559285E+02
 Error is    0.1581784714701E-13


 CG Benchmark Completed.
 Class           =                        C
 Size            =                   150000
 Iterations      =                       75
 Time in seconds =                     7.26
 Total threads   =                       16
 Avail threads   =                       16
 Mop/s total     =                 19743.96
 Mop/s/thread    =                  1234.00
 Operation type  =           floating point
 Verification    =               SUCCESSFUL
 Version         =                    3.4.3
 Compile date    =              03 Sep 2026

 Compile options:
    FC           = gfortran
    FLINK        = $(FC)
    F_LIB        = -L$(LLVM_BUILD)/lib -lomp
    F_INC        = (none)
    FFLAGS       = -O3 -fopenmp
    FLINKFLAGS   = -O3 -fopenmp
    RAND         = randi8


 Please send all errors/feedbacks to:

 NPB Development Team
 npb@nas.nasa.gov


