

 NAS Parallel Benchmarks (NPB3.4-OMP) - CG Benchmark

 Size:      150000
 Iterations:                     75
 Number of available threads:    16

 Initialization time =           0.784 seconds

   iteration           ||r||                 zeta
        1       0.35334535728324E-12   109.9994423237398
        5       0.89318987345836E-15    28.6471670038896
       10       0.91161118875465E-15    28.9496695448999
       15       0.90774311578209E-15    28.9716336228373
       20       0.91472605130995E-15    28.9734210663751
       25       0.90935178950295E-15    28.9735863059385
       30       0.90888538341350E-15    28.9736033967630
       35       0.91107957185142E-15    28.9736053266248
       40       0.90602580977124E-15    28.9736055590700
       45       0.91252376185561E-15    28.9736055884129
       50       0.90947775699689E-15    28.9736055922483
       55       0.90422057899209E-15    28.9736055927635
       60       0.90796432972738E-15    28.9736055928341
       65       0.90816559567541E-15    28.9736055928438
       70       0.90310071194286E-15    28.9736055928452
       75       0.90040148143414E-15    28.9736055928455
 Benchmark completed 
 VERIFICATION SUCCESSFUL 
 Zeta is     0.2897360559285E+02
 Error is    0.1679879890806E-13


 CG Benchmark Completed.
 Class           =                        C
 Size            =                   150000
 Iterations      =                       75
 Time in seconds =                     6.92
 Total threads   =                       16
 Avail threads   =                       16
 Mop/s total     =                 20702.89
 Mop/s/thread    =                  1293.93
 Operation type  =           floating point
 Verification    =               SUCCESSFUL
 Version         =                    3.4.3
 Compile date    =              03 Sep 2026

 Compile options:
    FC           = gfortran
    FLINK        = $(FC)
    F_LIB        = -L$(LLVM_BUILD)/lib -lomp
    F_INC        = (none)
    FFLAGS       = -O3 -fopenmp
    FLINKFLAGS   = -O3 -fopenmp
    RAND         = randi8


 Please send all errors/feedbacks to:

 NPB Development Team
 npb@nas.nasa.gov


