

 NAS Parallel Benchmarks (NPB3.4-OMP) - CG Benchmark

 Size:      150000
 Iterations:                     75
 Number of available threads:    32

 Initialization time =           0.471 seconds

   iteration           ||r||                 zeta
        1       0.35320248012954E-12   109.9994423237398
        5       0.89238897944849E-15    28.6471670038895
       10       0.91150137257360E-15    28.9496695448999
       15       0.90634152891181E-15    28.9716336228371
       20       0.91539577072883E-15    28.9734210663749
       25       0.90968840545447E-15    28.9735863059384
       30       0.90966541015896E-15    28.9736033967630
       35       0.91026796268749E-15    28.9736053266249
       40       0.90568744236606E-15    28.9736055590699
       45       0.91099329872627E-15    28.9736055884127
       50       0.91031659727401E-15    28.9736055922484
       55       0.90374260207250E-15    28.9736055927634
       60       0.90938826395910E-15    28.9736055928341
       65       0.90787761288449E-15    28.9736055928439
       70       0.90233717100461E-15    28.9736055928453
       75       0.90062017354016E-15    28.9736055928455
 Benchmark completed 
 VERIFICATION SUCCESSFUL 
 Zeta is     0.2897360559285E+02
 Error is    0.1777975066912E-13


 CG Benchmark Completed.
 Class           =                        C
 Size            =                   150000
 Iterations      =                       75
 Time in seconds =                     3.84
 Total threads   =                       32
 Avail threads   =                       32
 Mop/s total     =                 37377.12
 Mop/s/thread    =                  1168.03
 Operation type  =           floating point
 Verification    =               SUCCESSFUL
 Version         =                    3.4.3
 Compile date    =              03 Sep 2026

 Compile options:
    FC           = gfortran
    FLINK        = $(FC)
    F_LIB        = -L$(LLVM_BUILD)/lib -lomp
    F_INC        = (none)
    FFLAGS       = -O3 -fopenmp
    FLINKFLAGS   = -O3 -fopenmp
    RAND         = randi8


 Please send all errors/feedbacks to:

 NPB Development Team
 npb@nas.nasa.gov


