/dss/lrzsys/sys/spack/release/24.4.0/opt/x86_64/ninja/1.12.1-gcc-ggmzzs5/bin/ninja
/dss/lrzsys/sys/spack/release/24.4.0/opt/x86_64/cmake/3.30.0-gcc-jo2m272/bin/cmake
/dss/lrzsys/sys/spack/release/24.4.0/opt/x86_64/gcc/13.2.0-gcc-j6fttbw/bin/gcc
/lrz/sys/spack/release/24.4.0/views/python/3.10.12-base/bin/python3
Cpus_allowed_list: 0-63,112-175
Running on cm4r15c03s08
[13:52:24] output dir : /dss/dsshome1/09/ga27qam2/pactomp-benchmarks/data/tracing/209228
[13:52:24] allowed CPUs: 128 (0,1,2,3,4,5,6,7,8,9,10,11,12,13,14,15,16,17,18,19,20,21,22,23,24,25,26,27,28,29,30,31,32,33,34,35,36,37,38,39,40,41,42,43,44,45,46,47,48,49,50,51,52,53,54,55,56,57,58,59,60,61,62,63,112,113,114,115,116,117,118,119,120,121,122,123,124,125,126,127,128,129,130,131,132,133,134,135,136,137,138,139,140,141,142,143,144,145,146,147,148,149,150,151,152,153,154,155,156,157,158,159,160,161,162,163,164,165,166,167,168,169,170,171,172,173,174,175)
[13:52:24] threads    : [2, 4, 8, 16, 32, 64]
[13:52:24] modes      : ['true', 'false']
[13:52:24] runs       : 3   procs/cell: 2   pin: threads
[13:52:24] DRM        : on — /dss/dsshome1/09/ga27qam2/pactomp-coordinator/target/release/pactomp-coordinator
[13:52:24] compiling: /dss/dsshome1/09/ga27qam2/llvm-project/build/bin/clang -O2 -fopenmp --gcc-toolchain=/dss/lrzsys/sys/spack/release/24.4.0/opt/x86_64/gcc/13.2.0-gcc-j6fttbw -I /dss/dsshome1/09/ga27qam2/llvm-project/build/projects/openmp/runtime/src -Wl,-rpath,/dss/dsshome1/09/ga27qam2/llvm-project/build/lib /dss/dsshome1/09/ga27qam2/pactomp-benchmarks/src/harness/tracing/omp_dyn.c -o /dss/dsshome1/09/ga27qam2/pactomp-benchmarks/data/tracing/209228/omp
[13:52:24] DRM up: capacity=2 cpu_pool=0,1
[13:52:24] run_1 t=2 dyn=true procs=2 cpus=0,1
[13:52:28]   proc 1: 4039ms  tis=4.02  threads=2/2  rc=0
[13:52:28]   proc 2: 4035ms  tis=4.01  threads=2/2  rc=0
[13:52:33] run_1 t=2 dyn=false procs=2 cpus=0,1
[13:52:37]   proc 1: 4040ms  tis=4.01  threads=2/2  rc=0
[13:52:37]   proc 2: 4055ms  tis=4.04  threads=2/2  rc=0
[13:52:42] run_2 t=2 dyn=true procs=2 cpus=0,1
[13:52:46]   proc 1: 4039ms  tis=4.02  threads=2/2  rc=0
[13:52:46]   proc 2: 4035ms  tis=4.02  threads=2/2  rc=0
[13:52:51] run_2 t=2 dyn=false procs=2 cpus=0,1
[13:52:55]   proc 1: 4061ms  tis=4.03  threads=2/2  rc=0
[13:52:55]   proc 2: 4075ms  tis=4.05  threads=2/2  rc=0
[13:53:00] run_3 t=2 dyn=true procs=2 cpus=0,1
[13:53:05]   proc 1: 4039ms  tis=4.02  threads=2/2  rc=0
[13:53:05]   proc 2: 4075ms  tis=4.05  threads=2/2  rc=0
[13:53:10] run_3 t=2 dyn=false procs=2 cpus=0,1
[13:53:14]   proc 1: 4020ms  tis=4.01  threads=2/2  rc=0
[13:53:14]   proc 2: 4075ms  tis=4.05  threads=2/2  rc=0
[13:53:19] DRM up: capacity=4 cpu_pool=0,1,2,3
[13:53:19] run_1 t=4 dyn=true procs=2 cpus=0,1,2,3
[13:53:23]   proc 1: 4035ms  tis=4.01  threads=4/4  rc=0
[13:53:23]   proc 2: 4054ms  tis=4.04  threads=4/4  rc=0
[13:53:28] run_1 t=4 dyn=false procs=2 cpus=0,1,2,3
[13:53:32]   proc 1: 4060ms  tis=4.04  threads=4/4  rc=0
[13:53:32]   proc 2: 4115ms  tis=4.09  threads=4/4  rc=0
[13:53:37] run_2 t=4 dyn=true procs=2 cpus=0,1,2,3
[13:53:41]   proc 1: 4040ms  tis=4.03  threads=4/4  rc=0
[13:53:41]   proc 2: 4095ms  tis=4.06  threads=4/4  rc=0
[13:53:46] run_2 t=4 dyn=false procs=2 cpus=0,1,2,3
[13:53:50]   proc 1: 4040ms  tis=4.01  threads=4/4  rc=0
[13:53:50]   proc 2: 4095ms  tis=4.07  threads=4/4  rc=0
[13:53:55] run_3 t=4 dyn=true procs=2 cpus=0,1,2,3
[13:53:59]   proc 1: 4040ms  tis=4.02  threads=4/4  rc=0
[13:53:59]   proc 2: 4095ms  tis=4.06  threads=4/4  rc=0
[13:54:04] run_3 t=4 dyn=false procs=2 cpus=0,1,2,3
[13:54:08]   proc 1: 4040ms  tis=4.02  threads=4/4  rc=0
[13:54:08]   proc 2: 4075ms  tis=4.04  threads=4/4  rc=0
[13:54:13] DRM up: capacity=8 cpu_pool=0,1,2,3,4,5,6,7
[13:54:13] run_1 t=8 dyn=true procs=2 cpus=0,1,2,3,4,5,6,7
[13:54:18]   proc 1: 4059ms  tis=4.04  threads=8/8  rc=0
[13:54:18]   proc 2: 4075ms  tis=4.05  threads=8/8  rc=0
[13:54:23] run_1 t=8 dyn=false procs=2 cpus=0,1,2,3,4,5,6,7
[13:54:27]   proc 1: 4060ms  tis=4.04  threads=8/8  rc=0
[13:54:27]   proc 2: 4135ms  tis=4.1  threads=8/8  rc=0
[13:54:32] run_2 t=8 dyn=true procs=2 cpus=0,1,2,3,4,5,6,7
[13:54:36]   proc 1: 4060ms  tis=4.04  threads=8/8  rc=0
[13:54:36]   proc 2: 4155ms  tis=4.12  threads=8/8  rc=0
[13:54:41] run_2 t=8 dyn=false procs=2 cpus=0,1,2,3,4,5,6,7
[13:54:45]   proc 1: 4061ms  tis=4.04  threads=8/8  rc=0
[13:54:45]   proc 2: 4155ms  tis=4.12  threads=8/8  rc=0
[13:54:50] run_3 t=8 dyn=true procs=2 cpus=0,1,2,3,4,5,6,7
[13:54:54]   proc 1: 4059ms  tis=4.04  threads=8/8  rc=0
[13:54:54]   proc 2: 4075ms  tis=4.06  threads=8/8  rc=0
[13:54:59] run_3 t=8 dyn=false procs=2 cpus=0,1,2,3,4,5,6,7
[13:55:03]   proc 1: 4060ms  tis=4.05  threads=8/8  rc=0
[13:55:03]   proc 2: 4175ms  tis=4.14  threads=8/8  rc=0
[13:55:08] DRM up: capacity=16 cpu_pool=0,1,2,3,4,5,6,7,8,9,10,11,12,13,14,15
[13:55:08] run_1 t=16 dyn=true procs=2 cpus=0,1,2,3,4,5,6,7,8,9,10,11,12,13,14,15
[13:55:13]   proc 1: 4100ms  tis=4.09  threads=16/16  rc=0
[13:55:13]   proc 2: 4075ms  tis=4.06  threads=16/16  rc=0
[13:55:18] run_1 t=16 dyn=false procs=2 cpus=0,1,2,3,4,5,6,7,8,9,10,11,12,13,14,15
[13:55:22]   proc 1: 4080ms  tis=4.06  threads=16/16  rc=0
[13:55:22]   proc 2: 4216ms  tis=4.19  threads=16/16  rc=0
[13:55:27] run_2 t=16 dyn=true procs=2 cpus=0,1,2,3,4,5,6,7,8,9,10,11,12,13,14,15
[13:55:31]   proc 1: 4100ms  tis=4.07  threads=16/16  rc=0
[13:55:31]   proc 2: 4155ms  tis=4.13  threads=16/16  rc=0
[13:55:36] run_2 t=16 dyn=false procs=2 cpus=0,1,2,3,4,5,6,7,8,9,10,11,12,13,14,15
[13:55:40]   proc 1: 4099ms  tis=4.07  threads=16/16  rc=0
[13:55:40]   proc 2: 4075ms  tis=4.05  threads=16/16  rc=0
[13:55:45] run_3 t=16 dyn=true procs=2 cpus=0,1,2,3,4,5,6,7,8,9,10,11,12,13,14,15
[13:55:49]   proc 1: 4069ms  tis=4.05  threads=16/16  rc=0
[13:55:49]   proc 2: 4175ms  tis=4.16  threads=16/16  rc=0
[13:55:54] run_3 t=16 dyn=false procs=2 cpus=0,1,2,3,4,5,6,7,8,9,10,11,12,13,14,15
[13:55:58]   proc 1: 4079ms  tis=4.05  threads=16/16  rc=0
[13:55:58]   proc 2: 4095ms  tis=4.07  threads=16/16  rc=0
[13:56:03] DRM up: capacity=32 cpu_pool=0,1,2,3,4,5,6,7,8,9,10,11,12,13,14,15,16,17,18,19,20,21,22,23,24,25,26,27,28,29,30,31
[13:56:03] run_1 t=32 dyn=true procs=2 cpus=0,1,2,3,4,5,6,7,8,9,10,11,12,13,14,15,16,17,18,19,20,21,22,23,24,25,26,27,28,29,30,31
[13:56:08]   proc 1: 4120ms  tis=4.1  threads=32/32  rc=0
[13:56:08]   proc 2: 4176ms  tis=4.15  threads=32/32  rc=0
[13:56:13] run_1 t=32 dyn=false procs=2 cpus=0,1,2,3,4,5,6,7,8,9,10,11,12,13,14,15,16,17,18,19,20,21,22,23,24,25,26,27,28,29,30,31
[13:56:17]   proc 1: 4080ms  tis=4.05  threads=32/32  rc=0
[13:56:17]   proc 2: 4136ms  tis=4.11  threads=32/32  rc=0
[13:56:22] run_2 t=32 dyn=true procs=2 cpus=0,1,2,3,4,5,6,7,8,9,10,11,12,13,14,15,16,17,18,19,20,21,22,23,24,25,26,27,28,29,30,31
[13:56:26]   proc 1: 4101ms  tis=4.08  threads=32/32  rc=0
[13:56:26]   proc 2: 4136ms  tis=4.11  threads=32/32  rc=0
[13:56:31] run_2 t=32 dyn=false procs=2 cpus=0,1,2,3,4,5,6,7,8,9,10,11,12,13,14,15,16,17,18,19,20,21,22,23,24,25,26,27,28,29,30,31
[13:56:35]   proc 1: 4081ms  tis=4.04  threads=32/32  rc=0
[13:56:35]   proc 2: 4236ms  tis=4.2  threads=32/32  rc=0
[13:56:40] run_3 t=32 dyn=true procs=2 cpus=0,1,2,3,4,5,6,7,8,9,10,11,12,13,14,15,16,17,18,19,20,21,22,23,24,25,26,27,28,29,30,31
[13:56:44]   proc 1: 4081ms  tis=4.05  threads=32/32  rc=0
[13:56:44]   proc 2: 4176ms  tis=4.16  threads=32/32  rc=0
[13:56:49] run_3 t=32 dyn=false procs=2 cpus=0,1,2,3,4,5,6,7,8,9,10,11,12,13,14,15,16,17,18,19,20,21,22,23,24,25,26,27,28,29,30,31
[13:56:54]   proc 1: 4081ms  tis=4.05  threads=32/32  rc=0
[13:56:54]   proc 2: 4116ms  tis=4.09  threads=32/32  rc=0
[13:56:59] DRM up: capacity=64 cpu_pool=0,1,2,3,4,5,6,7,8,9,10,11,12,13,14,15,16,17,18,19,20,21,22,23,24,25,26,27,28,29,30,31,32,33,34,35,36,37,38,39,40,41,42,43,44,45,46,47,48,49,50,51,52,53,54,55,56,57,58,59,60,61,62,63
[13:56:59] run_1 t=64 dyn=true procs=2 cpus=0,1,2,3,4,5,6,7,8,9,10,11,12,13,14,15,16,17,18,19,20,21,22,23,24,25,26,27,28,29,30,31,32,33,34,35,36,37,38,39,40,41,42,43,44,45,46,47,48,49,50,51,52,53,54,55,56,57,58,59,60,61,62,63
[13:57:03]   proc 1: 4258ms  tis=4.23  threads=64/64  rc=0
[13:57:03]   proc 2: 4193ms  tis=4.17  threads=64/64  rc=0
[13:57:08] run_1 t=64 dyn=false procs=2 cpus=0,1,2,3,4,5,6,7,8,9,10,11,12,13,14,15,16,17,18,19,20,21,22,23,24,25,26,27,28,29,30,31,32,33,34,35,36,37,38,39,40,41,42,43,44,45,46,47,48,49,50,51,52,53,54,55,56,57,58,59,60,61,62,63
[13:57:12]   proc 1: 4178ms  tis=4.15  threads=64/64  rc=0
[13:57:12]   proc 2: 4213ms  tis=4.19  threads=64/64  rc=0
[13:57:17] run_2 t=64 dyn=true procs=2 cpus=0,1,2,3,4,5,6,7,8,9,10,11,12,13,14,15,16,17,18,19,20,21,22,23,24,25,26,27,28,29,30,31,32,33,34,35,36,37,38,39,40,41,42,43,44,45,46,47,48,49,50,51,52,53,54,55,56,57,58,59,60,61,62,63
[13:57:21]   proc 1: 4117ms  tis=4.09  threads=64/64  rc=0
[13:57:21]   proc 2: 4213ms  tis=4.18  threads=64/64  rc=0
[13:57:26] run_2 t=64 dyn=false procs=2 cpus=0,1,2,3,4,5,6,7,8,9,10,11,12,13,14,15,16,17,18,19,20,21,22,23,24,25,26,27,28,29,30,31,32,33,34,35,36,37,38,39,40,41,42,43,44,45,46,47,48,49,50,51,52,53,54,55,56,57,58,59,60,61,62,63
[13:57:31]   proc 1: 4279ms  tis=4.26  threads=64/64  rc=0
[13:57:31]   proc 2: 4173ms  tis=4.15  threads=64/64  rc=0
[13:57:36] run_3 t=64 dyn=true procs=2 cpus=0,1,2,3,4,5,6,7,8,9,10,11,12,13,14,15,16,17,18,19,20,21,22,23,24,25,26,27,28,29,30,31,32,33,34,35,36,37,38,39,40,41,42,43,44,45,46,47,48,49,50,51,52,53,54,55,56,57,58,59,60,61,62,63
[13:57:40]   proc 1: 4318ms  tis=4.3  threads=64/64  rc=0
[13:57:40]   proc 2: 4153ms  tis=4.12  threads=64/64  rc=0
[13:57:45] run_3 t=64 dyn=false procs=2 cpus=0,1,2,3,4,5,6,7,8,9,10,11,12,13,14,15,16,17,18,19,20,21,22,23,24,25,26,27,28,29,30,31,32,33,34,35,36,37,38,39,40,41,42,43,44,45,46,47,48,49,50,51,52,53,54,55,56,57,58,59,60,61,62,63
[13:57:49]   proc 1: 4137ms  tis=4.1  threads=64/64  rc=0
[13:57:49]   proc 2: 4173ms  tis=4.15  threads=64/64  rc=0
[13:57:54] done — results in /dss/dsshome1/09/ga27qam2/pactomp-benchmarks/data/tracing/209228
[13:57:54] timings: /dss/dsshome1/09/ga27qam2/pactomp-benchmarks/data/tracing/209228/timings.csv
[13:57:54] DRM log: /dss/dsshome1/09/ga27qam2/pactomp-benchmarks/data/tracing/209228/rm.log
Results in /dss/dsshome1/09/ga27qam2/pactomp-benchmarks/data/tracing/209228/
