/dss/lrzsys/sys/spack/release/24.4.0/opt/x86_64/ninja/1.12.1-gcc-ggmzzs5/bin/ninja
/dss/lrzsys/sys/spack/release/24.4.0/opt/x86_64/cmake/3.30.0-gcc-jo2m272/bin/cmake
/dss/lrzsys/sys/spack/release/24.4.0/opt/x86_64/gcc/13.2.0-gcc-j6fttbw/bin/gcc
/lrz/sys/spack/release/24.4.0/views/python/3.10.12-base/bin/python3
Cpus_allowed_list: 0-49,64-102,112-161,176-214
Running on cm4r13c02s05
Generated thread counts: 2 4 8 16 32
Cpus_allowed_list (raw): 0-49,64-102,112-161,176-214
Requested total cpus=89 => domain_cpus=32 (per worker)
RM_CPU=0
WorkerA: NUMA node 0 CPUs=1,2,3,4,5,6,7,8,9,10,11,12,13,14,15,16,17,18,19,20,21,22,23,24,25,26,27,28,29,30,31,32
WorkerB: NUMA node 1 CPUs=64,65,66,67,68,69,70,71,72,73,74,75,76,77,78,79,80,81,82,83,84,85,86,87,88,89,90,91,92,93,94,95
t=2 | A_pool: [1,2] | B_pool: [64,65]
t=4 | A_pool: [1,2,3,4] | B_pool: [64,65,66,67]
t=8 | A_pool: [1,2,3,4,5,6,7,8] | B_pool: [64,65,66,67,68,69,70,71]
t=16 | A_pool: [1,2,3,4,5,6,7,8,9,10,11,12,13,14,15,16] | B_pool: [64,65,66,67,68,69,70,71,72,73,74,75,76,77,78,79]
t=32 | A_pool: [1,2,3,4,5,6,7,8,9,10,11,12,13,14,15,16,17,18,19,20,21,22,23,24,25,26,27,28,29,30,31,32] | B_pool: [64,65,66,67,68,69,70,71,72,73,74,75,76,77,78,79,80,81,82,83,84,85,86,87,88,89,90,91,92,93,94,95]
All done.
CPU utilisation log : /dss/dsshome1/09/ga27qam2/pactomp-benchmarks/data/dual/209861/cpu_util.log
Per-process CPU log : /dss/dsshome1/09/ga27qam2/pactomp-benchmarks/data/dual/209861/pidstat.log
