[DRM-pin] pid=111322 tid=111326 assigned=1-32 running_on=2
[DRM-pin] pid=111322 tid=111333 assigned=1-32 running_on=12
[DRM-pin] pid=111322 tid=111336 assigned=1-32 running_on=13
[DRM-pin] pid=111322 tid=111341 assigned=1-32 running_on=15
[DRM-pin] pid=111322 tid=111382 assigned=1-32 running_on=3
[DRM-pin] pid=111322 tid=111363 assigned=1-32 running_on=27
[DRM-pin] pid=111322 tid=111350 assigned=1-32 running_on=21
[DRM-pin] pid=111322 tid=111371 assigned=1-32 running_on=6
[DRM-pin] pid=111322 tid=111357 assigned=1-32 running_on=24
[DRM-pin] pid=111322 tid=111365 assigned=1-32 running_on=28
[DRM-pin] pid=111322 tid=111324 assigned=1-32 running_on=1
[DRM-pin] pid=111322 tid=111353 assigned=1-32 running_on=10
[DRM-pin] pid=111322 tid=111374 assigned=1-32 running_on=7
[DRM-pin] pid=111322 tid=111345 assigned=1-32 running_on=17
[DRM-pin] pid=111322 tid=111330 assigned=1-32 running_on=11
[DRM-pin] pid=111322 tid=111349 assigned=1-32 running_on=20
[DRM-pin] pid=111322 tid=111359 assigned=1-32 running_on=25
[DRM-pin] pid=111322 tid=111367 assigned=1-32 running_on=29
[DRM-pin] pid=111322 tid=111343 assigned=1-32 running_on=16
[DRM-pin] pid=111322 tid=111369 assigned=1-32 running_on=31
[DRM-pin] pid=111322 tid=111346 assigned=1-32 running_on=18
[DRM-pin] pid=111322 tid=111378 assigned=1-32 running_on=9
[DRM-pin] pid=111322 tid=111361 assigned=1-32 running_on=26
[DRM-pin] pid=111322 tid=111351 assigned=1-32 running_on=22
[DRM-pin] pid=111322 tid=111328 assigned=1-32 running_on=8
[DRM-pin] pid=111322 tid=111372 assigned=1-32 running_on=30
[DRM-pin] pid=111322 tid=111380 assigned=1-32 running_on=5
[DRM-pin] pid=111322 tid=111355 assigned=1-32 running_on=23
[DRM-pin] pid=111322 tid=111347 assigned=1-32 running_on=19
[DRM-pin] pid=111322 tid=111339 assigned=1-32 running_on=14
[DRM-pin] pid=111322 tid=111376 assigned=1-32 running_on=4


 NAS Parallel Benchmarks (NPB3.4-OMP) - EP Benchmark

 Number of random numbers generated:      8589934592
 Number of available threads:                     32

EP Benchmark Results:

CPU Time =     3.618
N = 2^   32
No. Gaussian Pairs =    3373275903.
Sums =     2.691444083863085D+09    2.691519118724448D+09
Counts:
  0    1572172634.
  1    1501108549.
  2     281805648.
  3      17761221.
  4        424017.
  5          3821.
  6            13.
  7             0.
  8             0.
  9             0.


 EP Benchmark Completed.
 Class           =                        C
 Size            =               8589934592
 Iterations      =                        0
 Time in seconds =                     3.62
 Total threads   =                       32
 Avail threads   =                       32
 Mop/s total     =                  2374.16
 Mop/s/thread    =                    74.19
 Operation type  = Random numbers generated
 Verification    =               SUCCESSFUL
 Version         =                    3.4.3
 Compile date    =              03 Sep 2026

 Compile options:
    FC           = gfortran
    FLINK        = $(FC)
    F_LIB        = -L$(LLVM_BUILD)/lib -lomp
    F_INC        = (none)
    FFLAGS       = -O3 -fopenmp
    FLINKFLAGS   = -O3 -fopenmp
    RAND         = randi8


 Please send all errors/feedbacks to:

 NPB Development Team
 npb@nas.nasa.gov


