[DRM-pin] pid=108986 tid=108989 assigned=1-16 running_on=9
[DRM-pin] pid=108986 tid=109011 assigned=1-16 running_on=7
[DRM-pin] pid=108986 tid=108993 assigned=1-16 running_on=11
[DRM-pin] pid=108986 tid=109009 assigned=1-16 running_on=4
[DRM-pin] pid=108986 tid=109013 assigned=1-16 running_on=5
[DRM-pin] pid=108986 tid=109017 assigned=1-16 running_on=1
[DRM-pin] pid=108986 tid=108996 assigned=1-16 running_on=12
[DRM-pin] pid=108986 tid=108999 assigned=1-16 running_on=13
[DRM-pin] pid=108986 tid=109003 assigned=1-16 running_on=15
[DRM-pin] pid=108986 tid=109015 assigned=1-16 running_on=3
[DRM-pin] pid=108986 tid=109001 assigned=1-16 running_on=14
[DRM-pin] pid=108986 tid=108991 assigned=1-16 running_on=10
[DRM-pin] pid=108986 tid=109005 assigned=1-16 running_on=2
[DRM-pin] pid=108986 tid=109007 assigned=1-16 running_on=6
[DRM-pin] pid=108986 tid=109016 assigned=1-16 running_on=8


 NAS Parallel Benchmarks (NPB3.4-OMP) - EP Benchmark

 Number of random numbers generated:      8589934592
 Number of available threads:                     16

EP Benchmark Results:

CPU Time =     7.221
N = 2^   32
No. Gaussian Pairs =    3373275903.
Sums =     2.691444083862575D+09    2.691519118725088D+09
Counts:
  0    1572172634.
  1    1501108549.
  2     281805648.
  3      17761221.
  4        424017.
  5          3821.
  6            13.
  7             0.
  8             0.
  9             0.


 EP Benchmark Completed.
 Class           =                        C
 Size            =               8589934592
 Iterations      =                        0
 Time in seconds =                     7.22
 Total threads   =                       16
 Avail threads   =                       16
 Mop/s total     =                  1189.56
 Mop/s/thread    =                    74.35
 Operation type  = Random numbers generated
 Verification    =               SUCCESSFUL
 Version         =                    3.4.3
 Compile date    =              03 Sep 2026

 Compile options:
    FC           = gfortran
    FLINK        = $(FC)
    F_LIB        = -L$(LLVM_BUILD)/lib -lomp
    F_INC        = (none)
    FFLAGS       = -O3 -fopenmp
    FLINKFLAGS   = -O3 -fopenmp
    RAND         = randi8


 Please send all errors/feedbacks to:

 NPB Development Team
 npb@nas.nasa.gov


