OMP: pid 28137 tid 28137 thread 0 bound to OS proc set {64-95}
OMP: pid 28137 tid 28161 thread 3 bound to OS proc set {64-95}
OMP: pid 28137 tid 28147 thread 2 bound to OS proc set {64-95}
OMP: pid 28137 tid 28143 thread 1 bound to OS proc set {64-95}
OMP: pid 28137 tid 28194 thread 11 bound to OS proc set {64-95}
OMP: pid 28137 tid 28178 thread 7 bound to OS proc set {64-95}
OMP: pid 28137 tid 28180 thread 8 bound to OS proc set {64-95}
OMP: pid 28137 tid 28188 thread 10 bound to OS proc set {64-95}
OMP: pid 28137 tid 28197 thread 12 bound to OS proc set {64-95}
OMP: pid 28137 tid 28163 thread 4 bound to OS proc set {64-95}
OMP: pid 28137 tid 28170 thread 6 bound to OS proc set {64-95}
OMP: pid 28137 tid 28201 thread 15 bound to OS proc set {64-95}
OMP: pid 28137 tid 28183 thread 9 bound to OS proc set {64-95}
OMP: pid 28137 tid 28199 thread 14 bound to OS proc set {64-95}
OMP: pid 28137 tid 28198 thread 13 bound to OS proc set {64-95}
OMP: pid 28137 tid 28165 thread 5 bound to OS proc set {64-95}
OMP: pid 28137 tid 28207 thread 16 bound to OS proc set {64-95}
OMP: pid 28137 tid 28254 thread 28 bound to OS proc set {64-95}
OMP: pid 28137 tid 28257 thread 31 bound to OS proc set {64-95}
OMP: pid 28137 tid 28222 thread 19 bound to OS proc set {64-95}
OMP: pid 28137 tid 28256 thread 30 bound to OS proc set {64-95}
OMP: pid 28137 tid 28255 thread 29 bound to OS proc set {64-95}
OMP: pid 28137 tid 28248 thread 24 bound to OS proc set {64-95}
OMP: pid 28137 tid 28252 thread 26 bound to OS proc set {64-95}
OMP: pid 28137 tid 28253 thread 27 bound to OS proc set {64-95}
OMP: pid 28137 tid 28212 thread 17 bound to OS proc set {64-95}
OMP: pid 28137 tid 28245 thread 23 bound to OS proc set {64-95}
OMP: pid 28137 tid 28240 thread 22 bound to OS proc set {64-95}
OMP: pid 28137 tid 28228 thread 20 bound to OS proc set {64-95}
OMP: pid 28137 tid 28232 thread 21 bound to OS proc set {64-95}
OMP: pid 28137 tid 28251 thread 25 bound to OS proc set {64-95}
OMP: pid 28137 tid 28215 thread 18 bound to OS proc set {64-95}
[DRM-pin] pid=28137 tid=28143 assigned=64-95 running_on=64
[DRM-pin] pid=28137 tid=28188 assigned=64-95 running_on=79
[DRM-pin] pid=28137 tid=28207 assigned=64-95 running_on=65
[DRM-pin] pid=28137 tid=28232 assigned=64-95 running_on=69
[DRM-pin] pid=28137 tid=28201 assigned=64-95 running_on=77
[DRM-pin] pid=28137 tid=28161 assigned=64-95 running_on=85
[DRM-pin] pid=28137 tid=28198 assigned=64-95 running_on=83
[DRM-pin] pid=28137 tid=28215 assigned=64-95 running_on=72
[DRM-pin] pid=28137 tid=28222 assigned=64-95 running_on=90
[DRM-pin] pid=28137 tid=28199 assigned=64-95 running_on=74
[DRM-pin] pid=28137 tid=28194 assigned=64-95 running_on=73
[DRM-pin] pid=28137 tid=28180 assigned=64-95 running_on=67
[DRM-pin] pid=28137 tid=28183 assigned=64-95 running_on=93
[DRM-pin] pid=28137 tid=28251 assigned=64-95 running_on=89
[DRM-pin] pid=28137 tid=28163 assigned=64-95 running_on=87
[DRM-pin] pid=28137 tid=28165 assigned=64-95 running_on=88
[DRM-pin] pid=28137 tid=28254 assigned=64-95 running_on=84
[DRM-pin] pid=28137 tid=28255 assigned=64-95 running_on=68
[DRM-pin] pid=28137 tid=28257 assigned=64-95 running_on=75
[DRM-pin] pid=28137 tid=28256 assigned=64-95 running_on=74
[DRM-pin] pid=28137 tid=28178 assigned=64-95 running_on=67
[DRM-pin] pid=28137 tid=28228 assigned=64-95 running_on=72
[DRM-pin] pid=28137 tid=28240 assigned=64-95 running_on=78
[DRM-pin] pid=28137 tid=28197 assigned=64-95 running_on=68
[DRM-pin] pid=28137 tid=28253 assigned=64-95 running_on=95
[DRM-pin] pid=28137 tid=28212 assigned=64-95 running_on=84
[DRM-pin] pid=28137 tid=28248 assigned=64-95 running_on=82
[DRM-pin] pid=28137 tid=28147 assigned=64-95 running_on=92
[DRM-pin] pid=28137 tid=28252 assigned=64-95 running_on=86
[DRM-pin] pid=28137 tid=28170 assigned=64-95 running_on=70
[DRM-pin] pid=28137 tid=28245 assigned=64-95 running_on=71
[DRM-pin] pid=28137 tid=28161 assigned=64-79 running_on=68
OMP: pid 28137 tid 28137 thread 0 bound to OS proc set {64-95}
[DRM-pin] pid=28137 tid=28188 assigned=64-79 running_on=79
OMP: pid 28137 tid 28161 thread 3 bound to OS proc set {64-95}
[DRM-pin] pid=28137 tid=28180 assigned=64-79 running_on=77
OMP: pid 28137 tid 28180 thread 8 bound to OS proc set {64-95}
[DRM-pin] pid=28137 tid=28170 assigned=64-79 running_on=70
[DRM-pin] pid=28137 tid=28194 assigned=64-79 running_on=77
OMP: pid 28137 tid 28170 thread 6 bound to OS proc set {64-95}
OMP: pid 28137 tid 28194 thread 11 bound to OS proc set {64-95}
OMP: pid 28137 tid 28188 thread 10 bound to OS proc set {64-95}
[DRM-pin] pid=28137 tid=28143 assigned=64-79 running_on=77
OMP: pid 28137 tid 28143 thread 1 bound to OS proc set {64-95}
[DRM-pin] pid=28137 tid=28178 assigned=64-79 running_on=67
OMP: pid 28137 tid 28178 thread 7 bound to OS proc set {64-95}
[DRM-pin] pid=28137 tid=28197 assigned=64-79 running_on=68
[DRM-pin] pid=28137 tid=28199 assigned=64-79 running_on=75
OMP: pid 28137 tid 28197 thread 12 bound to OS proc set {64-95}
OMP: pid 28137 tid 28199 thread 14 bound to OS proc set {64-95}
[DRM-pin] pid=28137 tid=28201 assigned=64-79 running_on=70
[DRM-pin] pid=28137 tid=28198 assigned=64-79 running_on=72
OMP: pid 28137 tid 28201 thread 15 bound to OS proc set {64-95}
OMP: pid 28137 tid 28198 thread 13 bound to OS proc set {64-95}
[DRM-pin] pid=28137 tid=28163 assigned=64-79 running_on=77
[DRM-pin] pid=28137 tid=28147 assigned=64-79 running_on=64
OMP: pid 28137 tid 28163 thread 4 bound to OS proc set {64-95}
OMP: pid 28137 tid 28147 thread 2 bound to OS proc set {64-95}
[DRM-pin] pid=28137 tid=28165 assigned=64-79 running_on=64
OMP: pid 28137 tid 28165 thread 5 bound to OS proc set {64-95}
[DRM-pin] pid=28137 tid=28183 assigned=64-79 running_on=70
OMP: pid 28137 tid 28183 thread 9 bound to OS proc set {64-95}


 NAS Parallel Benchmarks (NPB3.4-OMP) - FT Benchmark

 Size                :  512x 512x 512
 Iterations                  :     20
 Number of available threads :     32

 T =    1     Checksum =    5.195078707457D+02    5.149019699238D+02
 T =    2     Checksum =    5.155422171134D+02    5.127578201997D+02
 T =    3     Checksum =    5.144678022222D+02    5.122251847514D+02
 T =    4     Checksum =    5.140150594328D+02    5.121090289018D+02
 T =    5     Checksum =    5.137550426810D+02    5.121143685824D+02
 T =    6     Checksum =    5.135811056728D+02    5.121496764568D+02
 T =    7     Checksum =    5.134569343165D+02    5.121870921893D+02
 T =    8     Checksum =    5.133651975661D+02    5.122193250322D+02
 T =    9     Checksum =    5.132955192805D+02    5.122454735794D+02
 T =   10     Checksum =    5.132410471738D+02    5.122663649603D+02
 T =   11     Checksum =    5.131971141679D+02    5.122830879827D+02
 T =   12     Checksum =    5.131605205716D+02    5.122965869718D+02
 T =   13     Checksum =    5.131290734194D+02    5.123075927445D+02
 T =   14     Checksum =    5.131012720314D+02    5.123166486553D+02
 T =   15     Checksum =    5.130760908195D+02    5.123241541685D+02
 T =   16     Checksum =    5.130528295923D+02    5.123304037599D+02
 T =   17     Checksum =    5.130310107773D+02    5.123356167976D+02
 T =   18     Checksum =    5.130103090133D+02    5.123399592211D+02
 T =   19     Checksum =    5.129905029333D+02    5.123435588985D+02
 T =   20     Checksum =    5.129714421109D+02    5.123465164008D+02
 Result verification successful
 class = C


 FT Benchmark Completed.
 Class           =                        C
 Size            =            512x 512x 512
 Iterations      =                       20
 Time in seconds =                     9.98
 Total threads   =                       16
 Avail threads   =                       32
 Warning: Threads used differ from threads available
 Mop/s total     =                 39720.55
 Mop/s/thread    =                  2482.53
 Operation type  =           floating point
 Verification    =               SUCCESSFUL
 Version         =                    3.4.3
 Compile date    =              03 Sep 2026

 Compile options:
    FC           = gfortran
    FLINK        = $(FC)
    F_LIB        = -L$(LLVM_BUILD)/lib -lomp
    F_INC        = (none)
    FFLAGS       = -O3 -fopenmp
    FLINKFLAGS   = -O3 -fopenmp
    RAND         = randi8


 Please send all errors/feedbacks to:

 NPB Development Team
 npb@nas.nasa.gov


