OMP: pid 28138 tid 28138 thread 0 bound to OS proc set {64-95}
OMP: pid 28138 tid 28162 thread 3 bound to OS proc set {64-95}
OMP: pid 28138 tid 28204 thread 13 bound to OS proc set {64-95}
OMP: pid 28138 tid 28156 thread 2 bound to OS proc set {64-95}
OMP: pid 28138 tid 28184 thread 8 bound to OS proc set {64-95}
OMP: pid 28138 tid 28200 thread 12 bound to OS proc set {64-95}
OMP: pid 28138 tid 28169 thread 4 bound to OS proc set {64-95}
OMP: pid 28138 tid 28192 thread 11 bound to OS proc set {64-95}
OMP: pid 28138 tid 28189 thread 10 bound to OS proc set {64-95}
OMP: pid 28138 tid 28209 thread 15 bound to OS proc set {64-95}
OMP: pid 28138 tid 28186 thread 9 bound to OS proc set {64-95}
OMP: pid 28138 tid 28179 thread 7 bound to OS proc set {64-95}
OMP: pid 28138 tid 28206 thread 14 bound to OS proc set {64-95}
OMP: pid 28138 tid 28173 thread 6 bound to OS proc set {64-95}
OMP: pid 28138 tid 28171 thread 5 bound to OS proc set {64-95}
OMP: pid 28138 tid 28249 thread 31 bound to OS proc set {64-95}
OMP: pid 28138 tid 28211 thread 16 bound to OS proc set {64-95}
OMP: pid 28138 tid 28151 thread 1 bound to OS proc set {64-95}
OMP: pid 28138 tid 28218 thread 19 bound to OS proc set {64-95}
OMP: pid 28138 tid 28239 thread 27 bound to OS proc set {64-95}
OMP: pid 28138 tid 28241 thread 28 bound to OS proc set {64-95}
OMP: pid 28138 tid 28217 thread 18 bound to OS proc set {64-95}
OMP: pid 28138 tid 28244 thread 29 bound to OS proc set {64-95}
OMP: pid 28138 tid 28229 thread 24 bound to OS proc set {64-95}
OMP: pid 28138 tid 28216 thread 17 bound to OS proc set {64-95}
OMP: pid 28138 tid 28224 thread 21 bound to OS proc set {64-95}
OMP: pid 28138 tid 28246 thread 30 bound to OS proc set {64-95}
OMP: pid 28138 tid 28238 thread 26 bound to OS proc set {64-95}
OMP: pid 28138 tid 28221 thread 20 bound to OS proc set {64-95}
OMP: pid 28138 tid 28233 thread 25 bound to OS proc set {64-95}
OMP: pid 28138 tid 28227 thread 23 bound to OS proc set {64-95}
OMP: pid 28138 tid 28226 thread 22 bound to OS proc set {64-95}
OMP: pid 28138 tid 28138 thread 0 bound to OS proc set {64-95}
[DRM-pin] pid=28138 tid=28179 assigned=80-95 running_on=94
OMP: pid 28138 tid 28179 thread 7 bound to OS proc set {64-95}
[DRM-pin] pid=28138 tid=28151 assigned=80-95 running_on=85
OMP: pid 28138 tid 28151 thread 1 bound to OS proc set {64-95}
[DRM-pin] pid=28138 tid=28173 assigned=80-95 running_on=92
OMP: pid 28138 tid 28173 thread 6 bound to OS proc set {64-95}
[DRM-pin] pid=28138 tid=28171 assigned=80-95 running_on=91
OMP: pid 28138 tid 28171 thread 5 bound to OS proc set {64-95}
[DRM-pin] pid=28138 tid=28169 assigned=80-95 running_on=89
OMP: pid 28138 tid 28169 thread 4 bound to OS proc set {64-95}
[DRM-pin] pid=28138 tid=28162 assigned=80-95 running_on=86
OMP: pid 28138 tid 28162 thread 3 bound to OS proc set {64-95}
[DRM-pin] pid=28138 tid=28156 assigned=80-95 running_on=84
[DRM-pin] pid=28138 tid=28189 assigned=80-95 running_on=82
OMP: pid 28138 tid 28156 thread 2 bound to OS proc set {64-95}
OMP: pid 28138 tid 28189 thread 10 bound to OS proc set {64-95}
[DRM-pin] pid=28138 tid=28204 assigned=80-95 running_on=81
OMP: pid 28138 tid 28204 thread 13 bound to OS proc set {64-95}
[DRM-pin] pid=28138 tid=28186 assigned=80-95 running_on=80
OMP: pid 28138 tid 28186 thread 9 bound to OS proc set {64-95}
[DRM-pin] pid=28138 tid=28206 assigned=80-95 running_on=80
OMP: pid 28138 tid 28206 thread 14 bound to OS proc set {64-95}
[DRM-pin] pid=28138 tid=28184 assigned=80-95 running_on=94
OMP: pid 28138 tid 28184 thread 8 bound to OS proc set {64-95}
[DRM-pin] pid=28138 tid=28200 assigned=80-95 running_on=82
OMP: pid 28138 tid 28200 thread 12 bound to OS proc set {64-95}
[DRM-pin] pid=28138 tid=28192 assigned=80-95 running_on=80
OMP: pid 28138 tid 28192 thread 11 bound to OS proc set {64-95}
[DRM-pin] pid=28138 tid=28209 assigned=80-95 running_on=92
OMP: pid 28138 tid 28209 thread 15 bound to OS proc set {64-95}


 NAS Parallel Benchmarks (NPB3.4-OMP) - FT Benchmark

 Size                :  512x 512x 512
 Iterations                  :     20
 Number of available threads :     32

 T =    1     Checksum =    5.195078707457D+02    5.149019699238D+02
 T =    2     Checksum =    5.155422171134D+02    5.127578201997D+02
 T =    3     Checksum =    5.144678022222D+02    5.122251847514D+02
 T =    4     Checksum =    5.140150594328D+02    5.121090289018D+02
 T =    5     Checksum =    5.137550426810D+02    5.121143685824D+02
 T =    6     Checksum =    5.135811056728D+02    5.121496764568D+02
 T =    7     Checksum =    5.134569343165D+02    5.121870921893D+02
 T =    8     Checksum =    5.133651975661D+02    5.122193250322D+02
 T =    9     Checksum =    5.132955192805D+02    5.122454735794D+02
 T =   10     Checksum =    5.132410471738D+02    5.122663649603D+02
 T =   11     Checksum =    5.131971141679D+02    5.122830879827D+02
 T =   12     Checksum =    5.131605205716D+02    5.122965869718D+02
 T =   13     Checksum =    5.131290734194D+02    5.123075927445D+02
 T =   14     Checksum =    5.131012720314D+02    5.123166486553D+02
 T =   15     Checksum =    5.130760908195D+02    5.123241541685D+02
 T =   16     Checksum =    5.130528295923D+02    5.123304037599D+02
 T =   17     Checksum =    5.130310107773D+02    5.123356167976D+02
 T =   18     Checksum =    5.130103090133D+02    5.123399592211D+02
 T =   19     Checksum =    5.129905029333D+02    5.123435588985D+02
 T =   20     Checksum =    5.129714421109D+02    5.123465164008D+02
 Result verification successful
 class = C


 FT Benchmark Completed.
 Class           =                        C
 Size            =            512x 512x 512
 Iterations      =                       20
 Time in seconds =                     9.30
 Total threads   =                       16
 Avail threads   =                       32
 Warning: Threads used differ from threads available
 Mop/s total     =                 42636.25
 Mop/s/thread    =                  2664.77
 Operation type  =           floating point
 Verification    =               SUCCESSFUL
 Version         =                    3.4.3
 Compile date    =              03 Sep 2026

 Compile options:
    FC           = gfortran
    FLINK        = $(FC)
    F_LIB        = -L$(LLVM_BUILD)/lib -lomp
    F_INC        = (none)
    FFLAGS       = -O3 -fopenmp
    FLINKFLAGS   = -O3 -fopenmp
    RAND         = randi8


 Please send all errors/feedbacks to:

 NPB Development Team
 npb@nas.nasa.gov


