OMP: pid 28140 tid 28149 thread 2 bound to OS proc set {1-32}
OMP: pid 28140 tid 28157 thread 4 bound to OS proc set {1-32}
OMP: pid 28140 tid 28153 thread 3 bound to OS proc set {1-32}
OMP: pid 28140 tid 28237 thread 19 bound to OS proc set {1-32}
OMP: pid 28140 tid 28220 thread 16 bound to OS proc set {1-32}
OMP: pid 28140 tid 28168 thread 7 bound to OS proc set {1-32}
OMP: pid 28140 tid 28159 thread 5 bound to OS proc set {1-32}
OMP: pid 28140 tid 28160 thread 6 bound to OS proc set {1-32}
OMP: pid 28140 tid 28190 thread 11 bound to OS proc set {1-32}
OMP: pid 28140 tid 28175 thread 8 bound to OS proc set {1-32}
OMP: pid 28140 tid 28176 thread 9 bound to OS proc set {1-32}
OMP: pid 28140 tid 28263 thread 28 bound to OS proc set {1-32}
OMP: pid 28140 tid 28140 thread 0 bound to OS proc set {1-32}
OMP: pid 28140 tid 28146 thread 1 bound to OS proc set {1-32}
OMP: pid 28140 tid 28182 thread 10 bound to OS proc set {1-32}
OMP: pid 28140 tid 28259 thread 24 bound to OS proc set {1-32}
OMP: pid 28140 tid 28243 thread 20 bound to OS proc set {1-32}
OMP: pid 28140 tid 28265 thread 30 bound to OS proc set {1-32}
OMP: pid 28140 tid 28264 thread 29 bound to OS proc set {1-32}
OMP: pid 28140 tid 28262 thread 27 bound to OS proc set {1-32}
OMP: pid 28140 tid 28261 thread 26 bound to OS proc set {1-32}
OMP: pid 28140 tid 28260 thread 25 bound to OS proc set {1-32}
OMP: pid 28140 tid 28258 thread 23 bound to OS proc set {1-32}
OMP: pid 28140 tid 28250 thread 22 bound to OS proc set {1-32}
OMP: pid 28140 tid 28247 thread 21 bound to OS proc set {1-32}
OMP: pid 28140 tid 28225 thread 17 bound to OS proc set {1-32}
OMP: pid 28140 tid 28213 thread 15 bound to OS proc set {1-32}
OMP: pid 28140 tid 28208 thread 14 bound to OS proc set {1-32}
OMP: pid 28140 tid 28195 thread 12 bound to OS proc set {1-32}
OMP: pid 28140 tid 28202 thread 13 bound to OS proc set {1-32}
OMP: pid 28140 tid 28231 thread 18 bound to OS proc set {1-32}
OMP: pid 28140 tid 28266 thread 31 bound to OS proc set {1-32}


 NAS Parallel Benchmarks (NPB3.4-OMP) - FT Benchmark

 Size                :  512x 512x 512
 Iterations                  :     20
 Number of available threads :     32

 T =    1     Checksum =    5.195078707457D+02    5.149019699238D+02
 T =    2     Checksum =    5.155422171134D+02    5.127578201997D+02
 T =    3     Checksum =    5.144678022222D+02    5.122251847514D+02
 T =    4     Checksum =    5.140150594328D+02    5.121090289018D+02
 T =    5     Checksum =    5.137550426810D+02    5.121143685824D+02
 T =    6     Checksum =    5.135811056728D+02    5.121496764568D+02
 T =    7     Checksum =    5.134569343165D+02    5.121870921893D+02
 T =    8     Checksum =    5.133651975661D+02    5.122193250322D+02
 T =    9     Checksum =    5.132955192805D+02    5.122454735794D+02
 T =   10     Checksum =    5.132410471738D+02    5.122663649603D+02
 T =   11     Checksum =    5.131971141679D+02    5.122830879827D+02
 T =   12     Checksum =    5.131605205716D+02    5.122965869718D+02
 T =   13     Checksum =    5.131290734194D+02    5.123075927445D+02
 T =   14     Checksum =    5.131012720314D+02    5.123166486553D+02
 T =   15     Checksum =    5.130760908195D+02    5.123241541685D+02
 T =   16     Checksum =    5.130528295923D+02    5.123304037599D+02
 T =   17     Checksum =    5.130310107773D+02    5.123356167976D+02
 T =   18     Checksum =    5.130103090133D+02    5.123399592211D+02
 T =   19     Checksum =    5.129905029333D+02    5.123435588985D+02
 T =   20     Checksum =    5.129714421109D+02    5.123465164008D+02
 Result verification successful
 class = C


 FT Benchmark Completed.
 Class           =                        C
 Size            =            512x 512x 512
 Iterations      =                       20
 Time in seconds =                    10.61
 Total threads   =                       32
 Avail threads   =                       32
 Mop/s total     =                 37373.56
 Mop/s/thread    =                  1167.92
 Operation type  =           floating point
 Verification    =               SUCCESSFUL
 Version         =                    3.4.3
 Compile date    =              03 Sep 2026

 Compile options:
    FC           = gfortran
    FLINK        = $(FC)
    F_LIB        = -L$(LLVM_BUILD)/lib -lomp
    F_INC        = (none)
    FFLAGS       = -O3 -fopenmp
    FLINKFLAGS   = -O3 -fopenmp
    RAND         = randi8


 Please send all errors/feedbacks to:

 NPB Development Team
 npb@nas.nasa.gov


