OMP: pid 178394 tid 178394 thread 0 bound to OS proc set {56}
OMP: pid 178394 tid 178398 thread 2 bound to OS proc set {72}
OMP: pid 178394 tid 178400 thread 3 bound to OS proc set {80}
OMP: pid 178394 tid 178395 thread 1 bound to OS proc set {64}


 NAS Parallel Benchmarks (NPB3.4-OMP) - CG Benchmark

 Size:      150000
 Iterations:                     75
 Number of available threads:     4

 Initialization time =           3.112 seconds

   iteration           ||r||                 zeta
        1       0.35323186276470E-12   109.9994423237398
        5       0.89286984167096E-15    28.6471670038893
       10       0.91326363492464E-15    28.9496695449003
       15       0.90731995211516E-15    28.9716336228371
       20       0.91471249162831E-15    28.9734210663748
       25       0.90882573764171E-15    28.9735863059382
       30       0.91071964873848E-15    28.9736033967628
       35       0.91011665985663E-15    28.9736053266246
       40       0.90751144635662E-15    28.9736055590700
       45       0.91035319407676E-15    28.9736055884132
       50       0.90906189534560E-15    28.9736055922485
       55       0.90331180238061E-15    28.9736055927632
       60       0.90770360436677E-15    28.9736055928339
       65       0.90492732698643E-15    28.9736055928440
       70       0.90175799773136E-15    28.9736055928455
       75       0.90063081579614E-15    28.9736055928458
 Benchmark completed 
 VERIFICATION SUCCESSFUL 
 Zeta is     0.2897360559285E+02
 Error is    0.2807974416019E-13


 CG Benchmark Completed.
 Class           =                        C
 Size            =                   150000
 Iterations      =                       75
 Time in seconds =                    23.02
 Total threads   =                        4
 Avail threads   =                        4
 Mop/s total     =                  6228.42
 Mop/s/thread    =                  1557.11
 Operation type  =           floating point
 Verification    =               SUCCESSFUL
 Version         =                    3.4.3
 Compile date    =              18 Feb 2026

 Compile options:
    FC           = gfortran
    FLINK        = $(FC)
    F_LIB        = -L/dss/dsshome1/09/ga27qam2/llvm-project/bu...
    F_INC        = (none)
    FFLAGS       = -O3 -fopenmp
    FLINKFLAGS   = -O3 -fopenmp
    RAND         = randi8


 Please send all errors/feedbacks to:

 NPB Development Team
 npb@nas.nasa.gov


