OMP: pid 180590 tid 180590 thread 0 bound to OS proc set {1}
OMP: pid 180590 tid 180606 thread 7 bound to OS proc set {29}
OMP: pid 180590 tid 180602 thread 3 bound to OS proc set {13}
OMP: pid 180590 tid 180601 thread 2 bound to OS proc set {9}
OMP: pid 180590 tid 180600 thread 1 bound to OS proc set {5}
OMP: pid 180590 tid 180603 thread 4 bound to OS proc set {17}
OMP: pid 180590 tid 180605 thread 6 bound to OS proc set {25}
OMP: pid 180590 tid 180604 thread 5 bound to OS proc set {21}


 NAS Parallel Benchmarks (NPB3.4-OMP) - CG Benchmark

 Size:      150000
 Iterations:                     75
 Number of available threads:     8

 Initialization time =           1.584 seconds

   iteration           ||r||                 zeta
        1       0.35334692704093E-12   109.9994423237398
        5       0.89280490122300E-15    28.6471670038896
       10       0.91121994438226E-15    28.9496695449000
       15       0.90749374801213E-15    28.9716336228371
       20       0.91314474973434E-15    28.9734210663752
       25       0.90888393447166E-15    28.9735863059386
       30       0.90968638074497E-15    28.9736033967633
       35       0.91005039663751E-15    28.9736053266247
       40       0.90650000432959E-15    28.9736055590699
       45       0.90765271957997E-15    28.9736055884130
       50       0.91116779654712E-15    28.9736055922483
       55       0.90220446762704E-15    28.9736055927634
       60       0.90864589390041E-15    28.9736055928340
       65       0.90630318005167E-15    28.9736055928439
       70       0.90137653614462E-15    28.9736055928451
       75       0.90282647907861E-15    28.9736055928456
 Benchmark completed 
 VERIFICATION SUCCESSFUL 
 Zeta is     0.2897360559285E+02
 Error is    0.2023213007175E-13


 CG Benchmark Completed.
 Class           =                        C
 Size            =                   150000
 Iterations      =                       75
 Time in seconds =                    11.56
 Total threads   =                        8
 Avail threads   =                        8
 Mop/s total     =                 12397.08
 Mop/s/thread    =                  1549.63
 Operation type  =           floating point
 Verification    =               SUCCESSFUL
 Version         =                    3.4.3
 Compile date    =              18 Feb 2026

 Compile options:
    FC           = gfortran
    FLINK        = $(FC)
    F_LIB        = -L/dss/dsshome1/09/ga27qam2/llvm-project/bu...
    F_INC        = (none)
    FFLAGS       = -O3 -fopenmp
    FLINKFLAGS   = -O3 -fopenmp
    RAND         = randi8


 Please send all errors/feedbacks to:

 NPB Development Team
 npb@nas.nasa.gov


