OMP: pid 178393 tid 178393 thread 0 bound to OS proc set {1}
OMP: pid 178393 tid 178399 thread 2 bound to OS proc set {17}
OMP: pid 178393 tid 178397 thread 1 bound to OS proc set {9}
OMP: pid 178393 tid 178401 thread 3 bound to OS proc set {25}


 NAS Parallel Benchmarks (NPB3.4-OMP) - CG Benchmark

 Size:      150000
 Iterations:                     75
 Number of available threads:     4

 Initialization time =           3.017 seconds

   iteration           ||r||                 zeta
        1       0.35339527216309E-12   109.9994423237398
        5       0.89249598596478E-15    28.6471670038893
       10       0.91216434013187E-15    28.9496695449003
       15       0.90687726040500E-15    28.9716336228371
       20       0.91544312529730E-15    28.9734210663747
       25       0.90905382201403E-15    28.9735863059382
       30       0.91125046943464E-15    28.9736033967628
       35       0.91061388572199E-15    28.9736053266246
       40       0.90745899959161E-15    28.9736055590700
       45       0.90963967791784E-15    28.9736055884132
       50       0.91024458411913E-15    28.9736055922485
       55       0.90314255481678E-15    28.9736055927632
       60       0.90949420019655E-15    28.9736055928339
       65       0.90524811411667E-15    28.9736055928440
       70       0.90299027937315E-15    28.9736055928455
       75       0.90088985060618E-15    28.9736055928458
 Benchmark completed 
 VERIFICATION SUCCESSFUL 
 Zeta is     0.2897360559285E+02
 Error is    0.2807974416019E-13


 CG Benchmark Completed.
 Class           =                        C
 Size            =                   150000
 Iterations      =                       75
 Time in seconds =                    21.03
 Total threads   =                        4
 Avail threads   =                        4
 Mop/s total     =                  6816.92
 Mop/s/thread    =                  1704.23
 Operation type  =           floating point
 Verification    =               SUCCESSFUL
 Version         =                    3.4.3
 Compile date    =              18 Feb 2026

 Compile options:
    FC           = gfortran
    FLINK        = $(FC)
    F_LIB        = -L/dss/dsshome1/09/ga27qam2/llvm-project/bu...
    F_INC        = (none)
    FFLAGS       = -O3 -fopenmp
    FLINKFLAGS   = -O3 -fopenmp
    RAND         = randi8


 Please send all errors/feedbacks to:

 NPB Development Team
 npb@nas.nasa.gov


