OMP: pid 14176 tid 14176 thread 0 bound to OS proc set {64-95}
OMP: pid 14176 tid 14227 thread 1 bound to OS proc set {64-95}
OMP: pid 14176 tid 14230 thread 2 bound to OS proc set {64-95}
OMP: pid 14176 tid 14251 thread 8 bound to OS proc set {64-95}
OMP: pid 14176 tid 14234 thread 3 bound to OS proc set {64-95}
OMP: pid 14176 tid 14279 thread 15 bound to OS proc set {64-95}
OMP: pid 14176 tid 14237 thread 4 bound to OS proc set {64-95}
OMP: pid 14176 tid 14270 thread 12 bound to OS proc set {64-95}
OMP: pid 14176 tid 14261 thread 10 bound to OS proc set {64-95}
OMP: pid 14176 tid 14263 thread 11 bound to OS proc set {64-95}
OMP: pid 14176 tid 14249 thread 7 bound to OS proc set {64-95}
OMP: pid 14176 tid 14277 thread 14 bound to OS proc set {64-95}
OMP: pid 14176 tid 14274 thread 13 bound to OS proc set {64-95}
OMP: pid 14176 tid 14257 thread 9 bound to OS proc set {64-95}
OMP: pid 14176 tid 14246 thread 6 bound to OS proc set {64-95}
OMP: pid 14176 tid 14242 thread 5 bound to OS proc set {64-95}
OMP: pid 14176 tid 14281 thread 16 bound to OS proc set {64-95}
OMP: pid 14176 tid 14311 thread 31 bound to OS proc set {64-95}
OMP: pid 14176 tid 14305 thread 28 bound to OS proc set {64-95}
OMP: pid 14176 tid 14309 thread 30 bound to OS proc set {64-95}
OMP: pid 14176 tid 14283 thread 17 bound to OS proc set {64-95}
OMP: pid 14176 tid 14293 thread 22 bound to OS proc set {64-95}
OMP: pid 14176 tid 14288 thread 19 bound to OS proc set {64-95}
OMP: pid 14176 tid 14289 thread 20 bound to OS proc set {64-95}
OMP: pid 14176 tid 14286 thread 18 bound to OS proc set {64-95}
OMP: pid 14176 tid 14303 thread 27 bound to OS proc set {64-95}
OMP: pid 14176 tid 14307 thread 29 bound to OS proc set {64-95}
OMP: pid 14176 tid 14295 thread 23 bound to OS proc set {64-95}
OMP: pid 14176 tid 14301 thread 26 bound to OS proc set {64-95}
OMP: pid 14176 tid 14298 thread 24 bound to OS proc set {64-95}
OMP: pid 14176 tid 14291 thread 21 bound to OS proc set {64-95}
OMP: pid 14176 tid 14299 thread 25 bound to OS proc set {64-95}
[DRM-pin] pid=14176 tid=14227 assigned=64-95 running_on=95
[DRM-pin] pid=14176 tid=14261 assigned=64-95 running_on=74
[DRM-pin] pid=14176 tid=14288 assigned=64-95 running_on=67
[DRM-pin] pid=14176 tid=14286 assigned=64-95 running_on=89
[DRM-pin] pid=14176 tid=14279 assigned=64-95 running_on=78
[DRM-pin] pid=14176 tid=14289 assigned=64-95 running_on=92
[DRM-pin] pid=14176 tid=14277 assigned=64-95 running_on=83
[DRM-pin] pid=14176 tid=14257 assigned=64-95 running_on=70
[DRM-pin] pid=14176 tid=14305 assigned=64-95 running_on=79
[DRM-pin] pid=14176 tid=14283 assigned=64-95 running_on=84
[DRM-pin] pid=14176 tid=14293 assigned=64-95 running_on=69
[DRM-pin] pid=14176 tid=14295 assigned=64-95 running_on=71
[DRM-pin] pid=14176 tid=14307 assigned=64-95 running_on=85
[DRM-pin] pid=14176 tid=14291 assigned=64-95 running_on=87
[DRM-pin] pid=14176 tid=14299 assigned=64-95 running_on=76
[DRM-pin] pid=14176 tid=14230 assigned=64-95 running_on=82
[DRM-pin] pid=14176 tid=14309 assigned=64-95 running_on=81
[DRM-pin] pid=14176 tid=14303 assigned=64-95 running_on=77
[DRM-pin] pid=14176 tid=14281 assigned=64-95 running_on=65
[DRM-pin] pid=14176 tid=14246 assigned=64-95 running_on=91
[DRM-pin] pid=14176 tid=14249 assigned=64-95 running_on=93
[DRM-pin] pid=14176 tid=14237 assigned=64-95 running_on=88
[DRM-pin] pid=14176 tid=14274 assigned=64-95 running_on=80
[DRM-pin] pid=14176 tid=14242 assigned=64-95 running_on=90
[DRM-pin] pid=14176 tid=14234 assigned=64-95 running_on=86
[DRM-pin] pid=14176 tid=14263 assigned=64-95 running_on=76
[DRM-pin] pid=14176 tid=14251 assigned=64-95 running_on=94
[DRM-pin] pid=14176 tid=14298 assigned=64-95 running_on=75
[DRM-pin] pid=14176 tid=14301 assigned=64-95 running_on=72
[DRM-pin] pid=14176 tid=14311 assigned=64-95 running_on=66
[DRM-pin] pid=14176 tid=14270 assigned=64-95 running_on=73


 NAS Parallel Benchmarks (NPB3.4-OMP) - EP Benchmark

 Number of random numbers generated:      8589934592
 Number of available threads:                     32

EP Benchmark Results:

CPU Time =     6.510
N = 2^   32
No. Gaussian Pairs =    3373275903.
Sums =     2.691444083863086D+09    2.691519118724447D+09
Counts:
  0    1572172634.
  1    1501108549.
  2     281805648.
  3      17761221.
  4        424017.
  5          3821.
  6            13.
  7             0.
  8             0.
  9             0.


 EP Benchmark Completed.
 Class           =                        C
 Size            =               8589934592
 Iterations      =                        0
 Time in seconds =                     6.51
 Total threads   =                       32
 Avail threads   =                       32
 Mop/s total     =                  1319.48
 Mop/s/thread    =                    41.23
 Operation type  = Random numbers generated
 Verification    =               SUCCESSFUL
 Version         =                    3.4.3
 Compile date    =              03 Sep 2026

 Compile options:
    FC           = gfortran
    FLINK        = $(FC)
    F_LIB        = -L$(LLVM_BUILD)/lib -lomp
    F_INC        = (none)
    FFLAGS       = -O3 -fopenmp
    FLINKFLAGS   = -O3 -fopenmp
    RAND         = randi8


 Please send all errors/feedbacks to:

 NPB Development Team
 npb@nas.nasa.gov


