OMP: pid 14177 tid 14177 thread 0 bound to OS proc set {64-95}
OMP: pid 14177 tid 14241 thread 4 bound to OS proc set {64-95}
OMP: pid 14177 tid 14239 thread 3 bound to OS proc set {64-95}
OMP: pid 14177 tid 14255 thread 7 bound to OS proc set {64-95}
OMP: pid 14177 tid 14267 thread 10 bound to OS proc set {64-95}
OMP: pid 14177 tid 14259 thread 8 bound to OS proc set {64-95}
OMP: pid 14177 tid 14253 thread 6 bound to OS proc set {64-95}
OMP: pid 14177 tid 14232 thread 1 bound to OS proc set {64-95}
OMP: pid 14177 tid 14247 thread 5 bound to OS proc set {64-95}
OMP: pid 14177 tid 14276 thread 14 bound to OS proc set {64-95}
OMP: pid 14177 tid 14235 thread 2 bound to OS proc set {64-95}
OMP: pid 14177 tid 14265 thread 9 bound to OS proc set {64-95}
OMP: pid 14177 tid 14271 thread 12 bound to OS proc set {64-95}
OMP: pid 14177 tid 14268 thread 11 bound to OS proc set {64-95}
OMP: pid 14177 tid 14280 thread 15 bound to OS proc set {64-95}
OMP: pid 14177 tid 14273 thread 13 bound to OS proc set {64-95}
OMP: pid 14177 tid 14282 thread 16 bound to OS proc set {64-95}
OMP: pid 14177 tid 14284 thread 17 bound to OS proc set {64-95}
OMP: pid 14177 tid 14290 thread 20 bound to OS proc set {64-95}
OMP: pid 14177 tid 14287 thread 19 bound to OS proc set {64-95}
OMP: pid 14177 tid 14292 thread 21 bound to OS proc set {64-95}
OMP: pid 14177 tid 14306 thread 28 bound to OS proc set {64-95}
OMP: pid 14177 tid 14296 thread 23 bound to OS proc set {64-95}
OMP: pid 14177 tid 14285 thread 18 bound to OS proc set {64-95}
OMP: pid 14177 tid 14308 thread 29 bound to OS proc set {64-95}
OMP: pid 14177 tid 14294 thread 22 bound to OS proc set {64-95}
OMP: pid 14177 tid 14297 thread 24 bound to OS proc set {64-95}
OMP: pid 14177 tid 14304 thread 27 bound to OS proc set {64-95}
OMP: pid 14177 tid 14310 thread 30 bound to OS proc set {64-95}
OMP: pid 14177 tid 14302 thread 26 bound to OS proc set {64-95}
OMP: pid 14177 tid 14312 thread 31 bound to OS proc set {64-95}
OMP: pid 14177 tid 14300 thread 25 bound to OS proc set {64-95}
OMP: pid 14177 tid 14177 thread 0 bound to OS proc set {64-95}
[DRM-pin] pid=14177 tid=14232 assigned=80-95 running_on=84
[DRM-pin] pid=14177 tid=14239 assigned=80-95 running_on=89
OMP: pid 14177 tid 14232 thread 1 bound to OS proc set {64-95}
OMP: pid 14177 tid 14239 thread 3 bound to OS proc set {64-95}
[DRM-pin] pid=14177 tid=14235 assigned=80-95 running_on=87
[DRM-pin] pid=14177 tid=14273 assigned=80-95 running_on=80
OMP: pid 14177 tid 14235 thread 2 bound to OS proc set {64-95}
[DRM-pin] pid=14177 tid=14276 assigned=80-95 running_on=81
OMP: pid 14177 tid 14273 thread 13 bound to OS proc set {64-95}
[DRM-pin] pid=14177 tid=14247 assigned=80-95 running_on=92
OMP: pid 14177 tid 14276 thread 14 bound to OS proc set {64-95}
OMP: pid 14177 tid 14247 thread 5 bound to OS proc set {64-95}
[DRM-pin] pid=14177 tid=14267 assigned=80-95 running_on=80
[DRM-pin] pid=14177 tid=14280 assigned=80-95 running_on=80
OMP: pid 14177 tid 14267 thread 10 bound to OS proc set {64-95}
OMP: pid 14177 tid 14280 thread 15 bound to OS proc set {64-95}
[DRM-pin] pid=14177 tid=14255 assigned=80-95 running_on=80
[DRM-pin] pid=14177 tid=14253 assigned=80-95 running_on=80
OMP: pid 14177 tid 14255 thread 7 bound to OS proc set {64-95}
OMP: pid 14177 tid 14253 thread 6 bound to OS proc set {64-95}
[DRM-pin] pid=14177 tid=14271 assigned=80-95 running_on=80
OMP: pid 14177 tid 14271 thread 12 bound to OS proc set {64-95}
[DRM-pin] pid=14177 tid=14268 assigned=80-95 running_on=80
OMP: pid 14177 tid 14268 thread 11 bound to OS proc set {64-95}
[DRM-pin] pid=14177 tid=14265 assigned=80-95 running_on=80
OMP: pid 14177 tid 14265 thread 9 bound to OS proc set {64-95}
[DRM-pin] pid=14177 tid=14259 assigned=80-95 running_on=80
[DRM-pin] pid=14177 tid=14241 assigned=80-95 running_on=85
OMP: pid 14177 tid 14259 thread 8 bound to OS proc set {64-95}
OMP: pid 14177 tid 14241 thread 4 bound to OS proc set {64-95}


 NAS Parallel Benchmarks (NPB3.4-OMP) - EP Benchmark

 Number of random numbers generated:      8589934592
 Number of available threads:                     32

EP Benchmark Results:

CPU Time =    11.180
N = 2^   32
No. Gaussian Pairs =    3373275903.
Sums =     2.691444083862575D+09    2.691519118725088D+09
Counts:
  0    1572172634.
  1    1501108549.
  2     281805648.
  3      17761221.
  4        424017.
  5          3821.
  6            13.
  7             0.
  8             0.
  9             0.


 EP Benchmark Completed.
 Class           =                        C
 Size            =               8589934592
 Iterations      =                        0
 Time in seconds =                    11.18
 Total threads   =                       16
 Avail threads   =                       32
 Warning: Threads used differ from threads available
 Mop/s total     =                   768.30
 Mop/s/thread    =                    48.02
 Operation type  = Random numbers generated
 Verification    =               SUCCESSFUL
 Version         =                    3.4.3
 Compile date    =              03 Sep 2026

 Compile options:
    FC           = gfortran
    FLINK        = $(FC)
    F_LIB        = -L$(LLVM_BUILD)/lib -lomp
    F_INC        = (none)
    FFLAGS       = -O3 -fopenmp
    FLINKFLAGS   = -O3 -fopenmp
    RAND         = randi8


 Please send all errors/feedbacks to:

 NPB Development Team
 npb@nas.nasa.gov


