OMP: pid 92310 tid 92310 thread 0 bound to OS proc set {1-16}
OMP: pid 92310 tid 92355 thread 2 bound to OS proc set {1-16}
OMP: pid 92310 tid 92368 thread 8 bound to OS proc set {1-16}
OMP: pid 92310 tid 92369 thread 9 bound to OS proc set {1-16}
OMP: pid 92310 tid 92370 thread 10 bound to OS proc set {1-16}
OMP: pid 92310 tid 92371 thread 11 bound to OS proc set {1-16}
OMP: pid 92310 tid 92372 thread 12 bound to OS proc set {1-16}
OMP: pid 92310 tid 92373 thread 13 bound to OS proc set {1-16}
OMP: pid 92310 tid 92374 thread 14 bound to OS proc set {1-16}
OMP: pid 92310 tid 92375 thread 15 bound to OS proc set {1-16}
OMP: pid 92310 tid 92360 thread 4 bound to OS proc set {1-16}
OMP: pid 92310 tid 92366 thread 7 bound to OS proc set {1-16}
OMP: pid 92310 tid 92364 thread 6 bound to OS proc set {1-16}
OMP: pid 92310 tid 92352 thread 1 bound to OS proc set {1-16}
OMP: pid 92310 tid 92362 thread 5 bound to OS proc set {1-16}
OMP: pid 92310 tid 92358 thread 3 bound to OS proc set {1-16}


 NAS Parallel Benchmarks (NPB3.4-OMP) - EP Benchmark

 Number of random numbers generated:      8589934592
 Number of available threads:                     16

EP Benchmark Results:

CPU Time =    15.149
N = 2^   32
No. Gaussian Pairs =    3373275903.
Sums =     2.691444083862576D+09    2.691519118725089D+09
Counts:
  0    1572172634.
  1    1501108549.
  2     281805648.
  3      17761221.
  4        424017.
  5          3821.
  6            13.
  7             0.
  8             0.
  9             0.


 EP Benchmark Completed.
 Class           =                        C
 Size            =               8589934592
 Iterations      =                        0
 Time in seconds =                    15.15
 Total threads   =                       16
 Avail threads   =                       16
 Mop/s total     =                   567.03
 Mop/s/thread    =                    35.44
 Operation type  = Random numbers generated
 Verification    =               SUCCESSFUL
 Version         =                    3.4.3
 Compile date    =              03 Sep 2026

 Compile options:
    FC           = gfortran
    FLINK        = $(FC)
    F_LIB        = -L$(LLVM_BUILD)/lib -lomp
    F_INC        = (none)
    FFLAGS       = -O3 -fopenmp
    FLINKFLAGS   = -O3 -fopenmp
    RAND         = randi8


 Please send all errors/feedbacks to:

 NPB Development Team
 npb@nas.nasa.gov


