OMP: pid 14174 tid 14210 thread 24 bound to OS proc set {1-32}
OMP: pid 14174 tid 14194 thread 8 bound to OS proc set {1-32}
OMP: pid 14174 tid 14187 thread 1 bound to OS proc set {1-32}
OMP: pid 14174 tid 14188 thread 2 bound to OS proc set {1-32}
OMP: pid 14174 tid 14189 thread 3 bound to OS proc set {1-32}
OMP: pid 14174 tid 14174 thread 0 bound to OS proc set {1-32}
OMP: pid 14174 tid 14201 thread 15 bound to OS proc set {1-32}
OMP: pid 14174 tid 14217 thread 31 bound to OS proc set {1-32}
OMP: pid 14174 tid 14190 thread 4 bound to OS proc set {1-32}
OMP: pid 14174 tid 14202 thread 16 bound to OS proc set {1-32}
OMP: pid 14174 tid 14200 thread 14 bound to OS proc set {1-32}
OMP: pid 14174 tid 14197 thread 11 bound to OS proc set {1-32}
OMP: pid 14174 tid 14198 thread 12 bound to OS proc set {1-32}
OMP: pid 14174 tid 14193 thread 7 bound to OS proc set {1-32}
OMP: pid 14174 tid 14196 thread 10 bound to OS proc set {1-32}
OMP: pid 14174 tid 14205 thread 19 bound to OS proc set {1-32}
OMP: pid 14174 tid 14199 thread 13 bound to OS proc set {1-32}
OMP: pid 14174 tid 14192 thread 6 bound to OS proc set {1-32}
OMP: pid 14174 tid 14213 thread 27 bound to OS proc set {1-32}
OMP: pid 14174 tid 14214 thread 28 bound to OS proc set {1-32}
OMP: pid 14174 tid 14204 thread 18 bound to OS proc set {1-32}
OMP: pid 14174 tid 14211 thread 25 bound to OS proc set {1-32}
OMP: pid 14174 tid 14195 thread 9 bound to OS proc set {1-32}
OMP: pid 14174 tid 14203 thread 17 bound to OS proc set {1-32}
OMP: pid 14174 tid 14191 thread 5 bound to OS proc set {1-32}
OMP: pid 14174 tid 14216 thread 30 bound to OS proc set {1-32}
OMP: pid 14174 tid 14209 thread 23 bound to OS proc set {1-32}
OMP: pid 14174 tid 14215 thread 29 bound to OS proc set {1-32}
OMP: pid 14174 tid 14212 thread 26 bound to OS proc set {1-32}
OMP: pid 14174 tid 14208 thread 22 bound to OS proc set {1-32}
OMP: pid 14174 tid 14206 thread 20 bound to OS proc set {1-32}
OMP: pid 14174 tid 14207 thread 21 bound to OS proc set {1-32}


 NAS Parallel Benchmarks (NPB3.4-OMP) - EP Benchmark

 Number of random numbers generated:      8589934592
 Number of available threads:                     32

EP Benchmark Results:

CPU Time =     7.433
N = 2^   32
No. Gaussian Pairs =    3373275903.
Sums =     2.691444083863085D+09    2.691519118724447D+09
Counts:
  0    1572172634.
  1    1501108549.
  2     281805648.
  3      17761221.
  4        424017.
  5          3821.
  6            13.
  7             0.
  8             0.
  9             0.


 EP Benchmark Completed.
 Class           =                        C
 Size            =               8589934592
 Iterations      =                        0
 Time in seconds =                     7.43
 Total threads   =                       32
 Avail threads   =                       32
 Mop/s total     =                  1155.60
 Mop/s/thread    =                    36.11
 Operation type  = Random numbers generated
 Verification    =               SUCCESSFUL
 Version         =                    3.4.3
 Compile date    =              03 Sep 2026

 Compile options:
    FC           = gfortran
    FLINK        = $(FC)
    F_LIB        = -L$(LLVM_BUILD)/lib -lomp
    F_INC        = (none)
    FFLAGS       = -O3 -fopenmp
    FLINKFLAGS   = -O3 -fopenmp
    RAND         = randi8


 Please send all errors/feedbacks to:

 NPB Development Team
 npb@nas.nasa.gov


