OMP: pid 34593 tid 34593 thread 0 bound to OS proc set {64-71}
OMP: pid 34593 tid 34609 thread 4 bound to OS proc set {64-71}
OMP: pid 34593 tid 34608 thread 3 bound to OS proc set {64-71}
OMP: pid 34593 tid 34606 thread 2 bound to OS proc set {64-71}
OMP: pid 34593 tid 34604 thread 1 bound to OS proc set {64-71}
OMP: pid 34593 tid 34613 thread 6 bound to OS proc set {64-71}
OMP: pid 34593 tid 34614 thread 7 bound to OS proc set {64-71}
OMP: pid 34593 tid 34611 thread 5 bound to OS proc set {64-71}
[DRM-pin] pid=34593 tid=34609 assigned=64-71 running_on=70
[DRM-pin] pid=34593 tid=34613 assigned=64-71 running_on=64
[DRM-pin] pid=34593 tid=34608 assigned=64-71 running_on=68
[DRM-pin] pid=34593 tid=34614 assigned=64-71 running_on=65
[DRM-pin] pid=34593 tid=34611 assigned=64-71 running_on=64
[DRM-pin] pid=34593 tid=34604 assigned=64-71 running_on=69
[DRM-pin] pid=34593 tid=34606 assigned=64-71 running_on=67


 NAS Parallel Benchmarks (NPB3.4-OMP) - EP Benchmark

 Number of random numbers generated:      8589934592
 Number of available threads:                      8

EP Benchmark Results:

CPU Time =    23.220
N = 2^   32
No. Gaussian Pairs =    3373275903.
Sums =     2.691444083862811D+09    2.691519118724567D+09
Counts:
  0    1572172634.
  1    1501108549.
  2     281805648.
  3      17761221.
  4        424017.
  5          3821.
  6            13.
  7             0.
  8             0.
  9             0.


 EP Benchmark Completed.
 Class           =                        C
 Size            =               8589934592
 Iterations      =                        0
 Time in seconds =                    23.22
 Total threads   =                        8
 Avail threads   =                        8
 Mop/s total     =                   369.94
 Mop/s/thread    =                    46.24
 Operation type  = Random numbers generated
 Verification    =               SUCCESSFUL
 Version         =                    3.4.3
 Compile date    =              03 Sep 2026

 Compile options:
    FC           = gfortran
    FLINK        = $(FC)
    F_LIB        = -L$(LLVM_BUILD)/lib -lomp
    F_INC        = (none)
    FFLAGS       = -O3 -fopenmp
    FLINKFLAGS   = -O3 -fopenmp
    RAND         = randi8


 Please send all errors/feedbacks to:

 NPB Development Team
 npb@nas.nasa.gov


