OMP: pid 177721 tid 177721 thread 0 bound to OS proc set {56}
OMP: pid 177721 tid 177726 thread 2 bound to OS proc set {72}
OMP: pid 177721 tid 177728 thread 3 bound to OS proc set {80}
OMP: pid 177721 tid 177724 thread 1 bound to OS proc set {64}


 NAS Parallel Benchmarks (NPB3.4-OMP) - CG Benchmark

 Size:      150000
 Iterations:                     75
 Number of available threads:     4

 Initialization time =           3.113 seconds

   iteration           ||r||                 zeta
        1       0.35323186276470E-12   109.9994423237398
        5       0.89198936317255E-15    28.6471670038893
       10       0.91301550256611E-15    28.9496695449003
       15       0.90725602736663E-15    28.9716336228371
       20       0.91527450155958E-15    28.9734210663747
       25       0.90922848843289E-15    28.9735863059382
       30       0.91103365695674E-15    28.9736033967627
       35       0.91108998387853E-15    28.9736053266246
       40       0.90675710361159E-15    28.9736055590699
       45       0.91140048411165E-15    28.9736055884132
       50       0.90965854477244E-15    28.9736055922485
       55       0.90327347576989E-15    28.9736055927632
       60       0.90748762113020E-15    28.9736055928339
       65       0.90581621032591E-15    28.9736055928440
       70       0.90424349256862E-15    28.9736055928455
       75       0.90077223589912E-15    28.9736055928458
 Benchmark completed 
 VERIFICATION SUCCESSFUL 
 Zeta is     0.2897360559285E+02
 Error is    0.2758926827966E-13


 CG Benchmark Completed.
 Class           =                        C
 Size            =                   150000
 Iterations      =                       75
 Time in seconds =                    22.98
 Total threads   =                        4
 Avail threads   =                        4
 Mop/s total     =                  6238.21
 Mop/s/thread    =                  1559.55
 Operation type  =           floating point
 Verification    =               SUCCESSFUL
 Version         =                    3.4.3
 Compile date    =              18 Feb 2026

 Compile options:
    FC           = gfortran
    FLINK        = $(FC)
    F_LIB        = -L/dss/dsshome1/09/ga27qam2/llvm-project/bu...
    F_INC        = (none)
    FFLAGS       = -O3 -fopenmp
    FLINKFLAGS   = -O3 -fopenmp
    RAND         = randi8


 Please send all errors/feedbacks to:

 NPB Development Team
 npb@nas.nasa.gov


