OMP: pid 180090 tid 180090 thread 0 bound to OS proc set {56}
OMP: pid 180090 tid 180093 thread 3 bound to OS proc set {68}
OMP: pid 180090 tid 180092 thread 2 bound to OS proc set {64}
OMP: pid 180090 tid 180091 thread 1 bound to OS proc set {60}
OMP: pid 180090 tid 180097 thread 7 bound to OS proc set {84}
OMP: pid 180090 tid 180094 thread 4 bound to OS proc set {72}
OMP: pid 180090 tid 180096 thread 6 bound to OS proc set {80}
OMP: pid 180090 tid 180095 thread 5 bound to OS proc set {76}


 NAS Parallel Benchmarks (NPB3.4-OMP) - CG Benchmark

 Size:      150000
 Iterations:                     75
 Number of available threads:     8

 Initialization time =           1.600 seconds

   iteration           ||r||                 zeta
        1       0.35329245237095E-12   109.9994423237398
        5       0.89231669273645E-15    28.6471670038896
       10       0.91145577515274E-15    28.9496695449000
       15       0.90704395666413E-15    28.9716336228371
       20       0.91417514635154E-15    28.9734210663752
       25       0.90813436948252E-15    28.9735863059386
       30       0.90883686988693E-15    28.9736033967633
       35       0.91118393913927E-15    28.9736053266247
       40       0.90617037886944E-15    28.9736055590700
       45       0.90815747190431E-15    28.9736055884130
       50       0.91091622203415E-15    28.9736055922483
       55       0.90313623897411E-15    28.9736055927634
       60       0.90848785467356E-15    28.9736055928341
       65       0.90590673828666E-15    28.9736055928440
       70       0.90229776443650E-15    28.9736055928451
       75       0.90249789546882E-15    28.9736055928456
 Benchmark completed 
 VERIFICATION SUCCESSFUL 
 Zeta is     0.2897360559285E+02
 Error is    0.2072260595228E-13


 CG Benchmark Completed.
 Class           =                        C
 Size            =                   150000
 Iterations      =                       75
 Time in seconds =                    11.54
 Total threads   =                        8
 Avail threads   =                        8
 Mop/s total     =                 12420.24
 Mop/s/thread    =                  1552.53
 Operation type  =           floating point
 Verification    =               SUCCESSFUL
 Version         =                    3.4.3
 Compile date    =              18 Feb 2026

 Compile options:
    FC           = gfortran
    FLINK        = $(FC)
    F_LIB        = -L/dss/dsshome1/09/ga27qam2/llvm-project/bu...
    F_INC        = (none)
    FFLAGS       = -O3 -fopenmp
    FLINKFLAGS   = -O3 -fopenmp
    RAND         = randi8


 Please send all errors/feedbacks to:

 NPB Development Team
 npb@nas.nasa.gov


